[0.004s][info][gc] Using Parallel
[0.013s][info][gc,init] Version: 16.0.2+7 (release)
[0.013s][info][gc,init] CPUs: 8 total, 8 available
[0.013s][info][gc,init] Memory: 32117M
[0.013s][info][gc,init] Large Page Support: Disabled
[0.013s][info][gc,init] NUMA Support: Disabled
[0.013s][info][gc,init] Compressed Oops: Enabled (Zero based)
[0.013s][info][gc,init] Alignments: Space 512K, Generation 512K, Heap 2M
[0.013s][info][gc,init] Heap Min Capacity: 2054M
[0.013s][info][gc,init] Heap Initial Capacity: 2054M
[0.013s][info][gc,init] Heap Max Capacity: 3G
[0.013s][info][gc,init] Pre-touch: Disabled
[0.013s][info][gc,init] Parallel Workers: 4
[0.013s][info][gc,metaspace] CDS disabled.
[0.013s][info][gc,metaspace] Compressed class space mapped at: 0x0000000800000000-0x0000000840000000, reserved size: 1073741824
[0.013s][info][gc,metaspace] Narrow klass base: 0x0000000800000000, Narrow klass shift: 0, Narrow klass range: 0x40000000
[0.630s][info][safepoint   ] Safepoint "ICBufferFull", Time since last: 588988209 ns, Reaching safepoint: 164103 ns, At safepoint: 10600 ns, Total: 174703 ns
[0.967s][info][gc,start    ] GC(0) Pause Young (Metadata GC Threshold)
[0.975s][debug][gc,phases   ] GC(0) Scavenge 7.480ms
[0.975s][debug][gc,ref      ] GC(0) Skipped phase 1 of Reference Processing: no references
[0.975s][debug][gc,ref      ] GC(0) Skipped phase 3 of Reference Processing: no references
[0.975s][debug][gc,phases   ] GC(0) Reference Processing 0.150ms
[0.976s][debug][gc,phases   ] GC(0) Weak Processing 0.434ms
[0.976s][debug][gc,age      ] GC(0) Desired survivor size 536870912 bytes, new threshold 7 (max threshold 15)
[0.976s][info ][gc,heap     ] GC(0) PSYoungGen: 178012K(1572864K)->18068K(1572864K) Eden: 178012K(1048576K)->0K(1048576K) From: 0K(524288K)->18068K(524288K)
[0.976s][info ][gc,heap     ] GC(0) ParOldGen: 0K(6144K)->88K(6144K)
[0.976s][info ][gc,metaspace] GC(0) Metaspace: 21010K(21248K)->21010K(21248K) NonClass: 18642K(18752K)->18642K(18752K) Class: 2367K(2496K)->2367K(2496K)
[0.976s][info ][gc          ] GC(0) Pause Young (Metadata GC Threshold) 173M->17M(1542M) 8.517ms
[0.976s][info ][gc,cpu      ] GC(0) User=0.03s Sys=0.00s Real=0.01s
[0.976s][debug][gc,phases   ] GC(1) Pre Compact 0.020ms
[0.976s][info ][gc,start    ] GC(1) Pause Full (Metadata GC Threshold)
[0.976s][info ][gc,phases,start] GC(1) Marking Phase
[0.980s][debug][gc,phases      ] GC(1) Par Mark 3.949ms
[0.980s][debug][gc,ref         ] GC(1) Skipped phase 1 of Reference Processing: no references
[0.980s][debug][gc,ref         ] GC(1) Skipped phase 3 of Reference Processing: no references
[0.980s][debug][gc,phases      ] GC(1) Reference Processing 0.048ms
[0.980s][debug][gc,phases      ] GC(1) Weak Processing 0.132ms
[0.980s][debug][gc,phases      ] GC(1) ClassLoaderData 0.018ms
[0.980s][debug][gc,phases      ] GC(1) Trigger cleanups 0.000ms
[0.982s][debug][gc,phases      ] GC(1) Class Unloading 2.218ms
[0.982s][info ][gc,phases      ] GC(1) Marking Phase 6.444ms
[0.982s][info ][gc,phases,start] GC(1) Summary Phase
[0.982s][info ][gc,phases      ] GC(1) Summary Phase 0.005ms
[0.982s][info ][gc,phases,start] GC(1) Adjust Roots
[0.985s][info ][gc,phases      ] GC(1) Adjust Roots 2.815ms
[0.985s][info ][gc,phases,start] GC(1) Compaction Phase
[0.991s][info ][gc,phases      ] GC(1) Compaction Phase 6.342ms
[0.991s][info ][gc,phases,start] GC(1) Post Compact
[0.992s][info ][gc,phases      ] GC(1) Post Compact 0.337ms
[0.992s][info ][gc,heap        ] GC(1) PSYoungGen: 18068K(1572864K)->12344K(1572864K) Eden: 0K(1048576K)->0K(1048576K) From: 18068K(524288K)->12344K(524288K)
[0.992s][info ][gc,heap        ] GC(1) ParOldGen: 88K(6144K)->5715K(6144K)
[0.992s][info ][gc,metaspace   ] GC(1) Metaspace: 21010K(21248K)->21010K(21248K) NonClass: 18642K(18752K)->18642K(18752K) Class: 2367K(2496K)->2367K(2496K)
[0.992s][info ][gc             ] GC(1) Pause Full (Metadata GC Threshold) 17M->17M(1542M) 16.054ms
[0.992s][info ][gc,cpu         ] GC(1) User=0.06s Sys=0.00s Real=0.01s
[0.992s][info ][safepoint      ] Safepoint "CollectForMetadataAllocation", Time since last: 337176990 ns, Reaching safepoint: 226004 ns, At safepoint: 24713813 ns, Total: 24939817 ns
[1.181s][info ][safepoint      ] Safepoint "ICBufferFull", Time since last: 188761812 ns, Reaching safepoint: 89801 ns, At safepoint: 5201 ns, Total: 95002 ns
[1.192s][info ][safepoint      ] Safepoint "ICBufferFull", Time since last: 11310234 ns, Reaching safepoint: 62301 ns, At safepoint: 6200 ns, Total: 68501 ns
[1.201s][info ][safepoint      ] Safepoint "ICBufferFull", Time since last: 8532577 ns, Reaching safepoint: 119903 ns, At safepoint: 4200 ns, Total: 124103 ns
[1.219s][info ][safepoint      ] Safepoint "ICBufferFull", Time since last: 18319879 ns, Reaching safepoint: 278406 ns, At safepoint: 2300 ns, Total: 280706 ns
[1.224s][info ][safepoint      ] Safepoint "ICBufferFull", Time since last: 5109606 ns, Reaching safepoint: 113303 ns, At safepoint: 8700 ns, Total: 122003 ns
[1.230s][info ][safepoint      ] Safepoint "ICBufferFull", Time since last: 5378611 ns, Reaching safepoint: 49901 ns, At safepoint: 6700 ns, Total: 56601 ns
[1.234s][info ][safepoint      ] Safepoint "ICBufferFull", Time since last: 4311690 ns, Reaching safepoint: 52601 ns, At safepoint: 5700 ns, Total: 58301 ns
[1.239s][info ][safepoint      ] Safepoint "ICBufferFull", Time since last: 4663497 ns, Reaching safepoint: 121502 ns, At safepoint: 8700 ns, Total: 130202 ns
[1.242s][info ][safepoint      ] Safepoint "ICBufferFull", Time since last: 3028163 ns, Reaching safepoint: 94002 ns, At safepoint: 4600 ns, Total: 98602 ns
[1.248s][info ][safepoint      ] Safepoint "ICBufferFull", Time since last: 5807120 ns, Reaching safepoint: 61102 ns, At safepoint: 2000 ns, Total: 63102 ns
[1.250s][info ][safepoint      ] Safepoint "ICBufferFull", Time since last: 1524931 ns, Reaching safepoint: 31401 ns, At safepoint: 1200 ns, Total: 32601 ns
[1.250s][info ][safepoint      ] Safepoint "ICBufferFull", Time since last: 583212 ns, Reaching safepoint: 36701 ns, At safepoint: 1500 ns, Total: 38201 ns
[1.337s][info ][safepoint      ] Safepoint "ICBufferFull", Time since last: 87122406 ns, Reaching safepoint: 117402 ns, At safepoint: 10700 ns, Total: 128102 ns
[1.339s][info ][safepoint      ] Safepoint "ICBufferFull", Time since last: 1294327 ns, Reaching safepoint: 44401 ns, At safepoint: 900 ns, Total: 45301 ns
[1.340s][info ][safepoint      ] Safepoint "ICBufferFull", Time since last: 1313727 ns, Reaching safepoint: 29201 ns, At safepoint: 900 ns, Total: 30101 ns
[1.341s][info ][safepoint      ] Safepoint "ICBufferFull", Time since last: 904419 ns, Reaching safepoint: 18200 ns, At safepoint: 1200 ns, Total: 19400 ns
[1.343s][info ][safepoint      ] Safepoint "ICBufferFull", Time since last: 1618833 ns, Reaching safepoint: 16501 ns, At safepoint: 1100 ns, Total: 17601 ns
[1.344s][info ][safepoint      ] Safepoint "ICBufferFull", Time since last: 1006021 ns, Reaching safepoint: 23300 ns, At safepoint: 5100 ns, Total: 28400 ns
[1.345s][info ][safepoint      ] Safepoint "ICBufferFull", Time since last: 1257126 ns, Reaching safepoint: 25601 ns, At safepoint: 4900 ns, Total: 30501 ns
[1.346s][info ][safepoint      ] Safepoint "ICBufferFull", Time since last: 878318 ns, Reaching safepoint: 26301 ns, At safepoint: 1100 ns, Total: 27401 ns
[1.347s][info ][safepoint      ] Safepoint "ICBufferFull", Time since last: 1156124 ns, Reaching safepoint: 17400 ns, At safepoint: 5000 ns, Total: 22400 ns
[1.348s][info ][safepoint      ] Safepoint "ICBufferFull", Time since last: 1089323 ns, Reaching safepoint: 33700 ns, At safepoint: 1900 ns, Total: 35600 ns
[1.349s][info ][safepoint      ] Safepoint "ICBufferFull", Time since last: 1130824 ns, Reaching safepoint: 28801 ns, At safepoint: 1300 ns, Total: 30101 ns
[1.351s][info ][safepoint      ] Safepoint "ICBufferFull", Time since last: 1220225 ns, Reaching safepoint: 25400 ns, At safepoint: 1100 ns, Total: 26500 ns
[1.352s][info ][safepoint      ] Safepoint "ICBufferFull", Time since last: 778417 ns, Reaching safepoint: 84901 ns, At safepoint: 3500 ns, Total: 88401 ns
[1.353s][info ][safepoint      ] Safepoint "ICBufferFull", Time since last: 1519732 ns, Reaching safepoint: 24200 ns, At safepoint: 800 ns, Total: 25000 ns
[1.355s][info ][safepoint      ] Safepoint "ICBufferFull", Time since last: 1919240 ns, Reaching safepoint: 23901 ns, At safepoint: 1300 ns, Total: 25201 ns
[1.357s][info ][safepoint      ] Safepoint "ICBufferFull", Time since last: 1944940 ns, Reaching safepoint: 42301 ns, At safepoint: 5400 ns, Total: 47701 ns
[1.366s][info ][safepoint      ] Safepoint "ICBufferFull", Time since last: 8438775 ns, Reaching safepoint: 69501 ns, At safepoint: 3900 ns, Total: 73401 ns
[1.390s][info ][safepoint      ] Safepoint "ICBufferFull", Time since last: 24724813 ns, Reaching safepoint: 57401 ns, At safepoint: 2100 ns, Total: 59501 ns
[1.394s][info ][safepoint      ] Safepoint "ICBufferFull", Time since last: 3898381 ns, Reaching safepoint: 35201 ns, At safepoint: 1000 ns, Total: 36201 ns
[1.434s][info ][safepoint      ] Safepoint "ICBufferFull", Time since last: 39304614 ns, Reaching safepoint: 164604 ns, At safepoint: 9400 ns, Total: 174004 ns
[1.435s][info ][safepoint      ] Safepoint "ICBufferFull", Time since last: 804316 ns, Reaching safepoint: 147003 ns, At safepoint: 6401 ns, Total: 153404 ns
[1.439s][info ][safepoint      ] Safepoint "ICBufferFull", Time since last: 4322989 ns, Reaching safepoint: 40801 ns, At safepoint: 1700 ns, Total: 42501 ns
[1.442s][info ][safepoint      ] Safepoint "ICBufferFull", Time since last: 2490552 ns, Reaching safepoint: 41201 ns, At safepoint: 2200 ns, Total: 43401 ns
[1.495s][info ][safepoint      ] Safepoint "ICBufferFull", Time since last: 52862195 ns, Reaching safepoint: 60201 ns, At safepoint: 14901 ns, Total: 75102 ns
[1.497s][info ][safepoint      ] Safepoint "ICBufferFull", Time since last: 2864259 ns, Reaching safepoint: 18900 ns, At safepoint: 1101 ns, Total: 20001 ns
[1.499s][info ][safepoint      ] Safepoint "ICBufferFull", Time since last: 1937840 ns, Reaching safepoint: 15400 ns, At safepoint: 900 ns, Total: 16300 ns
[1.500s][info ][safepoint      ] Safepoint "ICBufferFull", Time since last: 1098623 ns, Reaching safepoint: 23200 ns, At safepoint: 2800 ns, Total: 26000 ns
[1.502s][info ][safepoint      ] Safepoint "ICBufferFull", Time since last: 1787337 ns, Reaching safepoint: 18801 ns, At safepoint: 800 ns, Total: 19601 ns
[1.504s][info ][safepoint      ] Safepoint "ICBufferFull", Time since last: 1759336 ns, Reaching safepoint: 13901 ns, At safepoint: 1100 ns, Total: 15001 ns
[1.505s][info ][safepoint      ] Safepoint "ICBufferFull", Time since last: 804716 ns, Reaching safepoint: 13701 ns, At safepoint: 1200 ns, Total: 14901 ns
[1.505s][info ][safepoint      ] Safepoint "ICBufferFull", Time since last: 522510 ns, Reaching safepoint: 13401 ns, At safepoint: 1200 ns, Total: 14601 ns
[1.506s][info ][safepoint      ] Safepoint "ICBufferFull", Time since last: 904318 ns, Reaching safepoint: 10501 ns, At safepoint: 1100 ns, Total: 11601 ns
[1.508s][info ][safepoint      ] Safepoint "ICBufferFull", Time since last: 1935040 ns, Reaching safepoint: 31800 ns, At safepoint: 1700 ns, Total: 33500 ns
[1.509s][info ][safepoint      ] Safepoint "ICBufferFull", Time since last: 894119 ns, Reaching safepoint: 15500 ns, At safepoint: 1100 ns, Total: 16600 ns
[1.510s][info ][safepoint      ] Safepoint "ICBufferFull", Time since last: 844918 ns, Reaching safepoint: 14000 ns, At safepoint: 800 ns, Total: 14800 ns
[1.511s][info ][safepoint      ] Safepoint "ICBufferFull", Time since last: 1045522 ns, Reaching safepoint: 19100 ns, At safepoint: 1000 ns, Total: 20100 ns
[1.513s][info ][safepoint      ] Safepoint "ICBufferFull", Time since last: 1857939 ns, Reaching safepoint: 17300 ns, At safepoint: 2800 ns, Total: 20100 ns
[1.515s][info ][safepoint      ] Safepoint "ICBufferFull", Time since last: 2235046 ns, Reaching safepoint: 24201 ns, At safepoint: 1200 ns, Total: 25401 ns
[1.517s][info ][safepoint      ] Safepoint "ICBufferFull", Time since last: 1200925 ns, Reaching safepoint: 42301 ns, At safepoint: 1500 ns, Total: 43801 ns
[1.519s][info ][safepoint      ] Safepoint "ICBufferFull", Time since last: 2029142 ns, Reaching safepoint: 26900 ns, At safepoint: 1500 ns, Total: 28400 ns
[1.521s][info ][safepoint      ] Safepoint "ICBufferFull", Time since last: 2684856 ns, Reaching safepoint: 41201 ns, At safepoint: 1400 ns, Total: 42601 ns
[1.524s][info ][safepoint      ] Safepoint "ICBufferFull", Time since last: 2742757 ns, Reaching safepoint: 39501 ns, At safepoint: 1700 ns, Total: 41201 ns
[1.533s][info ][safepoint      ] Safepoint "ICBufferFull", Time since last: 9149689 ns, Reaching safepoint: 63802 ns, At safepoint: 1600 ns, Total: 65402 ns
[1.539s][info ][safepoint      ] Safepoint "ICBufferFull", Time since last: 5753619 ns, Reaching safepoint: 117002 ns, At safepoint: 4800 ns, Total: 121802 ns
[1.543s][info ][safepoint      ] Safepoint "ICBufferFull", Time since last: 4098485 ns, Reaching safepoint: 31401 ns, At safepoint: 1300 ns, Total: 32701 ns
[1.544s][info ][safepoint      ] Safepoint "ICBufferFull", Time since last: 699715 ns, Reaching safepoint: 27400 ns, At safepoint: 1200 ns, Total: 28600 ns
[1.546s][info ][safepoint      ] Safepoint "ICBufferFull", Time since last: 2212446 ns, Reaching safepoint: 90202 ns, At safepoint: 5900 ns, Total: 96102 ns
[1.549s][info ][safepoint      ] Safepoint "ICBufferFull", Time since last: 2192945 ns, Reaching safepoint: 99902 ns, At safepoint: 5201 ns, Total: 105103 ns
[1.551s][info ][safepoint      ] Safepoint "ICBufferFull", Time since last: 2206945 ns, Reaching safepoint: 15201 ns, At safepoint: 1300 ns, Total: 16501 ns
[1.553s][info ][safepoint      ] Safepoint "ICBufferFull", Time since last: 2091543 ns, Reaching safepoint: 29601 ns, At safepoint: 1600 ns, Total: 31201 ns
[1.555s][info ][safepoint      ] Safepoint "ICBufferFull", Time since last: 2166745 ns, Reaching safepoint: 23000 ns, At safepoint: 1400 ns, Total: 24400 ns
[1.559s][info ][safepoint      ] Safepoint "ICBufferFull", Time since last: 3321669 ns, Reaching safepoint: 37401 ns, At safepoint: 4300 ns, Total: 41701 ns
[1.561s][info ][safepoint      ] Safepoint "ICBufferFull", Time since last: 2060342 ns, Reaching safepoint: 19101 ns, At safepoint: 5700 ns, Total: 24801 ns
[1.562s][info ][safepoint      ] Safepoint "ICBufferFull", Time since last: 1368028 ns, Reaching safepoint: 22101 ns, At safepoint: 5700 ns, Total: 27801 ns
[1.564s][info ][safepoint      ] Safepoint "ICBufferFull", Time since last: 1451530 ns, Reaching safepoint: 19400 ns, At safepoint: 13901 ns, Total: 33301 ns
[1.565s][info ][safepoint      ] Safepoint "ICBufferFull", Time since last: 1687235 ns, Reaching safepoint: 44001 ns, At safepoint: 7700 ns, Total: 51701 ns
[1.569s][info ][safepoint      ] Safepoint "ICBufferFull", Time since last: 3446471 ns, Reaching safepoint: 41201 ns, At safepoint: 6700 ns, Total: 47901 ns
[1.572s][info ][safepoint      ] Safepoint "ICBufferFull", Time since last: 2939561 ns, Reaching safepoint: 38501 ns, At safepoint: 1200 ns, Total: 39701 ns
[1.576s][info ][safepoint      ] Safepoint "ICBufferFull", Time since last: 4046184 ns, Reaching safepoint: 33200 ns, At safepoint: 1700 ns, Total: 34900 ns
[1.591s][info ][safepoint      ] Safepoint "ICBufferFull", Time since last: 14825308 ns, Reaching safepoint: 47701 ns, At safepoint: 2600 ns, Total: 50301 ns
[1.592s][info ][safepoint      ] Safepoint "ICBufferFull", Time since last: 1407129 ns, Reaching safepoint: 19300 ns, At safepoint: 1000 ns, Total: 20300 ns
[1.594s][info ][safepoint      ] Safepoint "ICBufferFull", Time since last: 2077043 ns, Reaching safepoint: 23301 ns, At safepoint: 1300 ns, Total: 24601 ns
[1.595s][info ][safepoint      ] Safepoint "ICBufferFull", Time since last: 656014 ns, Reaching safepoint: 16500 ns, At safepoint: 1000 ns, Total: 17500 ns
[1.597s][info ][safepoint      ] Safepoint "ICBufferFull", Time since last: 2439450 ns, Reaching safepoint: 18701 ns, At safepoint: 4900 ns, Total: 23601 ns
[1.604s][info ][safepoint      ] Safepoint "ICBufferFull", Time since last: 7026246 ns, Reaching safepoint: 15700 ns, At safepoint: 1200 ns, Total: 16900 ns
[1.608s][info ][safepoint      ] Safepoint "ICBufferFull", Time since last: 3839479 ns, Reaching safepoint: 15601 ns, At safepoint: 1100 ns, Total: 16701 ns
[1.615s][info ][safepoint      ] Safepoint "ICBufferFull", Time since last: 6531035 ns, Reaching safepoint: 74002 ns, At safepoint: 1700 ns, Total: 75702 ns
[1.617s][info ][safepoint      ] Safepoint "ICBufferFull", Time since last: 2245846 ns, Reaching safepoint: 23701 ns, At safepoint: 1200 ns, Total: 24901 ns
[1.618s][info ][safepoint      ] Safepoint "ICBufferFull", Time since last: 574112 ns, Reaching safepoint: 16600 ns, At safepoint: 900 ns, Total: 17500 ns
[1.621s][info ][safepoint      ] Safepoint "ICBufferFull", Time since last: 3408571 ns, Reaching safepoint: 35200 ns, At safepoint: 5601 ns, Total: 40801 ns
[1.622s][info ][safepoint      ] Safepoint "ICBufferFull", Time since last: 1099522 ns, Reaching safepoint: 31001 ns, At safepoint: 1400 ns, Total: 32401 ns
[1.625s][info ][safepoint      ] Safepoint "ICBufferFull", Time since last: 3017863 ns, Reaching safepoint: 58801 ns, At safepoint: 5300 ns, Total: 64101 ns
[1.626s][info ][safepoint      ] Safepoint "ICBufferFull", Time since last: 762416 ns, Reaching safepoint: 27000 ns, At safepoint: 1500 ns, Total: 28500 ns
[1.629s][info ][safepoint      ] Safepoint "ICBufferFull", Time since last: 2311148 ns, Reaching safepoint: 25901 ns, At safepoint: 1200 ns, Total: 27101 ns
[1.631s][info ][safepoint      ] Safepoint "ICBufferFull", Time since last: 2153544 ns, Reaching safepoint: 19301 ns, At safepoint: 1500 ns, Total: 20801 ns
[1.631s][info ][safepoint      ] Safepoint "ICBufferFull", Time since last: 692114 ns, Reaching safepoint: 18201 ns, At safepoint: 900 ns, Total: 19101 ns
[1.636s][info ][safepoint      ] Safepoint "ICBufferFull", Time since last: 4602095 ns, Reaching safepoint: 32601 ns, At safepoint: 1400 ns, Total: 34001 ns
[1.660s][info ][safepoint      ] Safepoint "ICBufferFull", Time since last: 24064298 ns, Reaching safepoint: 112203 ns, At safepoint: 5700 ns, Total: 117903 ns
[1.661s][info ][safepoint      ] Safepoint "ICBufferFull", Time since last: 553711 ns, Reaching safepoint: 36201 ns, At safepoint: 1000 ns, Total: 37201 ns
[1.684s][info ][safepoint      ] Safepoint "ICBufferFull", Time since last: 23028877 ns, Reaching safepoint: 61502 ns, At safepoint: 2100 ns, Total: 63602 ns
[1.685s][info ][safepoint      ] Safepoint "ICBufferFull", Time since last: 1008521 ns, Reaching safepoint: 43100 ns, At safepoint: 1200 ns, Total: 44300 ns
[1.686s][info ][safepoint      ] Safepoint "ICBufferFull", Time since last: 1027922 ns, Reaching safepoint: 32000 ns, At safepoint: 2600 ns, Total: 34600 ns
[1.687s][info ][safepoint      ] Safepoint "ICBufferFull", Time since last: 836818 ns, Reaching safepoint: 36201 ns, At safepoint: 1200 ns, Total: 37401 ns
[1.688s][info ][safepoint      ] Safepoint "ICBufferFull", Time since last: 778816 ns, Reaching safepoint: 39401 ns, At safepoint: 1100 ns, Total: 40501 ns
[1.690s][info ][safepoint      ] Safepoint "ICBufferFull", Time since last: 2578153 ns, Reaching safepoint: 20300 ns, At safepoint: 1300 ns, Total: 21600 ns
[1.692s][info ][safepoint      ] Safepoint "ICBufferFull", Time since last: 1197825 ns, Reaching safepoint: 29701 ns, At safepoint: 1900 ns, Total: 31601 ns
[1.692s][info ][safepoint      ] Safepoint "ICBufferFull", Time since last: 903219 ns, Reaching safepoint: 32400 ns, At safepoint: 5600 ns, Total: 38000 ns
[1.693s][info ][safepoint      ] Safepoint "ICBufferFull", Time since last: 887419 ns, Reaching safepoint: 87602 ns, At safepoint: 7300 ns, Total: 94902 ns
[1.696s][info ][safepoint      ] Safepoint "ICBufferFull", Time since last: 2136044 ns, Reaching safepoint: 34901 ns, At safepoint: 1200 ns, Total: 36101 ns
[1.697s][info ][safepoint      ] Safepoint "ICBufferFull", Time since last: 1620733 ns, Reaching safepoint: 20701 ns, At safepoint: 6500 ns, Total: 27201 ns
[1.698s][info ][safepoint      ] Safepoint "ICBufferFull", Time since last: 1173824 ns, Reaching safepoint: 19001 ns, At safepoint: 1900 ns, Total: 20901 ns
[1.703s][info ][safepoint      ] Safepoint "ICBufferFull", Time since last: 4094285 ns, Reaching safepoint: 37000 ns, At safepoint: 1800 ns, Total: 38800 ns
[1.703s][info ][safepoint      ] Safepoint "ICBufferFull", Time since last: 853818 ns, Reaching safepoint: 28301 ns, At safepoint: 1000 ns, Total: 29301 ns
[1.705s][info ][safepoint      ] Safepoint "ICBufferFull", Time since last: 1320427 ns, Reaching safepoint: 33301 ns, At safepoint: 1200 ns, Total: 34501 ns
[1.705s][info ][safepoint      ] Safepoint "ICBufferFull", Time since last: 508310 ns, Reaching safepoint: 26301 ns, At safepoint: 1400 ns, Total: 27701 ns
[1.706s][info ][safepoint      ] Safepoint "ICBufferFull", Time since last: 956020 ns, Reaching safepoint: 25100 ns, At safepoint: 1000 ns, Total: 26100 ns
[1.708s][info ][safepoint      ] Safepoint "ICBufferFull", Time since last: 1750937 ns, Reaching safepoint: 29200 ns, At safepoint: 1600 ns, Total: 30800 ns
[1.709s][info ][safepoint      ] Safepoint "ICBufferFull", Time since last: 1325428 ns, Reaching safepoint: 30900 ns, At safepoint: 1400 ns, Total: 32300 ns
[1.711s][info ][safepoint      ] Safepoint "ICBufferFull", Time since last: 1558133 ns, Reaching safepoint: 27000 ns, At safepoint: 4600 ns, Total: 31600 ns
[1.712s][info ][safepoint      ] Safepoint "ICBufferFull", Time since last: 1215925 ns, Reaching safepoint: 19301 ns, At safepoint: 1200 ns, Total: 20501 ns
[1.714s][info ][safepoint      ] Safepoint "ICBufferFull", Time since last: 1217525 ns, Reaching safepoint: 17700 ns, At safepoint: 1301 ns, Total: 19001 ns
[1.715s][info ][safepoint      ] Safepoint "ICBufferFull", Time since last: 1497231 ns, Reaching safepoint: 18200 ns, At safepoint: 1300 ns, Total: 19500 ns
[1.717s][info ][safepoint      ] Safepoint "ICBufferFull", Time since last: 1460430 ns, Reaching safepoint: 17601 ns, At safepoint: 1100 ns, Total: 18701 ns
[1.718s][info ][safepoint      ] Safepoint "ICBufferFull", Time since last: 1600933 ns, Reaching safepoint: 108402 ns, At safepoint: 4500 ns, Total: 112902 ns
[1.720s][info ][safepoint      ] Safepoint "ICBufferFull", Time since last: 1577033 ns, Reaching safepoint: 36401 ns, At safepoint: 2200 ns, Total: 38601 ns
[1.721s][info ][safepoint      ] Safepoint "ICBufferFull", Time since last: 1282726 ns, Reaching safepoint: 27901 ns, At safepoint: 1500 ns, Total: 29401 ns
[1.722s][info ][safepoint      ] Safepoint "ICBufferFull", Time since last: 1226725 ns, Reaching safepoint: 25601 ns, At safepoint: 1700 ns, Total: 27301 ns
[1.724s][info ][safepoint      ] Safepoint "ICBufferFull", Time since last: 1322627 ns, Reaching safepoint: 32501 ns, At safepoint: 1800 ns, Total: 34301 ns
[1.725s][info ][safepoint      ] Safepoint "ICBufferFull", Time since last: 1497831 ns, Reaching safepoint: 19800 ns, At safepoint: 4700 ns, Total: 24500 ns
[1.727s][info ][safepoint      ] Safepoint "ICBufferFull", Time since last: 1874539 ns, Reaching safepoint: 40301 ns, At safepoint: 5500 ns, Total: 45801 ns
[1.940s][info ][safepoint      ] Safepoint "ICBufferFull", Time since last: 212492904 ns, Reaching safepoint: 162704 ns, At safepoint: 2600 ns, Total: 165304 ns
[2.307s][info ][safepoint      ] Safepoint "ICBufferFull", Time since last: 366524195 ns, Reaching safepoint: 191104 ns, At safepoint: 9100 ns, Total: 200204 ns
[2.595s][info ][gc,start       ] GC(2) Pause Young (Metadata GC Threshold)
[2.636s][debug][gc,phases      ] GC(2) Scavenge 41.498ms
[2.636s][debug][gc,ref         ] GC(2) Skipped phase 1 of Reference Processing: no references
[2.636s][debug][gc,ref         ] GC(2) Skipped phase 3 of Reference Processing: no references
[2.637s][debug][gc,phases      ] GC(2) Reference Processing 0.316ms
[2.638s][debug][gc,phases      ] GC(2) Weak Processing 1.260ms
[2.638s][debug][gc,age         ] GC(2) Desired survivor size 536870912 bytes, new threshold 7 (max threshold 15)
[2.638s][info ][gc,heap        ] GC(2) PSYoungGen: 480935K(1572864K)->64125K(1572864K) Eden: 468590K(1048576K)->0K(1048576K) From: 12344K(524288K)->64125K(524288K)
[2.638s][info ][gc,heap        ] GC(2) ParOldGen: 5715K(6144K)->5723K(6144K)
[2.638s][info ][gc,metaspace   ] GC(2) Metaspace: 35157K(35456K)->35157K(35456K) NonClass: 30742K(30912K)->30742K(30912K) Class: 4414K(4544K)->4414K(4544K)
[2.638s][info ][gc             ] GC(2) Pause Young (Metadata GC Threshold) 475M->68M(1542M) 43.247ms
[2.638s][info ][gc,cpu         ] GC(2) User=0.12s Sys=0.09s Real=0.05s
[2.638s][debug][gc,phases      ] GC(3) Pre Compact 0.010ms
[2.638s][info ][gc,start       ] GC(3) Pause Full (Metadata GC Threshold)
[2.638s][info ][gc,phases,start] GC(3) Marking Phase
[2.671s][debug][gc,phases      ] GC(3) Par Mark 33.003ms
[2.671s][debug][gc,ref         ] GC(3) Skipped phase 1 of Reference Processing: no references
[2.671s][debug][gc,ref         ] GC(3) Skipped phase 3 of Reference Processing: no references
[2.671s][debug][gc,phases      ] GC(3) Reference Processing 0.238ms
[2.672s][debug][gc,phases      ] GC(3) Weak Processing 0.462ms
[2.672s][debug][gc,phases      ] GC(3) ClassLoaderData 0.208ms
[2.672s][debug][gc,phases      ] GC(3) Trigger cleanups 0.001ms
[2.683s][debug][gc,phases      ] GC(3) Class Unloading 11.474ms
[2.683s][info ][gc,phases      ] GC(3) Marking Phase 45.338ms
[2.683s][info ][gc,phases,start] GC(3) Summary Phase
[2.683s][info ][gc,phases      ] GC(3) Summary Phase 0.014ms
[2.683s][info ][gc,phases,start] GC(3) Adjust Roots
[2.695s][info ][gc,phases      ] GC(3) Adjust Roots 11.890ms
[2.695s][info ][gc,phases,start] GC(3) Compaction Phase
[3.008s][info ][gc,phases      ] GC(3) Compaction Phase 312.242ms
[3.008s][info ][gc,phases,start] GC(3) Post Compact
[3.008s][info ][gc,phases      ] GC(3) Post Compact 0.652ms
[3.008s][info ][gc,heap        ] GC(3) PSYoungGen: 64125K(1572864K)->63948K(1572864K) Eden: 0K(1048576K)->0K(1048576K) From: 64125K(524288K)->63948K(524288K)
[3.008s][info ][gc,heap        ] GC(3) ParOldGen: 5723K(6144K)->5621K(6144K)
[3.008s][info ][gc,metaspace   ] GC(3) Metaspace: 35157K(35456K)->35143K(35456K) NonClass: 30742K(30912K)->30732K(30912K) Class: 4414K(4544K)->4410K(4544K)
[3.008s][info ][gc             ] GC(3) Pause Full (Metadata GC Threshold) 68M->67M(1542M) 370.278ms
[3.008s][info ][gc,cpu         ] GC(3) User=0.84s Sys=0.02s Real=0.37s
[3.008s][info ][safepoint      ] Safepoint "CollectForMetadataAllocation", Time since last: 287800363 ns, Reaching safepoint: 189904 ns, At safepoint: 413661772 ns, Total: 413851676 ns
[3.119s][info ][safepoint      ] Safepoint "ICBufferFull", Time since last: 110417688 ns, Reaching safepoint: 155503 ns, At safepoint: 11000 ns, Total: 166503 ns
[3.235s][info ][safepoint      ] Safepoint "ICBufferFull", Time since last: 115817400 ns, Reaching safepoint: 291806 ns, At safepoint: 20800 ns, Total: 312606 ns
[3.237s][info ][safepoint      ] Safepoint "ICBufferFull", Time since last: 1461830 ns, Reaching safepoint: 113903 ns, At safepoint: 19800 ns, Total: 133703 ns
[3.356s][info ][safepoint      ] Safepoint "ICBufferFull", Time since last: 119604878 ns, Reaching safepoint: 226205 ns, At safepoint: 26600 ns, Total: 252805 ns
[3.497s][info ][safepoint      ] Safepoint "ICBufferFull", Time since last: 140044902 ns, Reaching safepoint: 226804 ns, At safepoint: 9201 ns, Total: 236005 ns
[3.497s][info ][safepoint      ] Safepoint "ICBufferFull", Time since last: 81901 ns, Reaching safepoint: 100402 ns, At safepoint: 20701 ns, Total: 121103 ns
[3.497s][info ][safepoint      ] Safepoint "ICBufferFull", Time since last: 84602 ns, Reaching safepoint: 95702 ns, At safepoint: 11700 ns, Total: 107402 ns
[3.497s][info ][safepoint      ] Safepoint "ICBufferFull", Time since last: 56601 ns, Reaching safepoint: 82002 ns, At safepoint: 16900 ns, Total: 98902 ns
[3.497s][info ][safepoint      ] Safepoint "ICBufferFull", Time since last: 26301 ns, Reaching safepoint: 82601 ns, At safepoint: 18501 ns, Total: 101102 ns
[3.616s][info ][safepoint      ] Safepoint "ICBufferFull", Time since last: 116033504 ns, Reaching safepoint: 2315648 ns, At safepoint: 26400 ns, Total: 2342048 ns
[3.619s][info ][safepoint      ] Safepoint "ICBufferFull", Time since last: 2653755 ns, Reaching safepoint: 176504 ns, At safepoint: 21200 ns, Total: 197704 ns
[3.640s][info ][safepoint      ] Safepoint "ICBufferFull", Time since last: 21174339 ns, Reaching safepoint: 163603 ns, At safepoint: 20901 ns, Total: 184504 ns
[3.640s][info ][safepoint      ] Safepoint "ICBufferFull", Time since last: 113102 ns, Reaching safepoint: 97102 ns, At safepoint: 22601 ns, Total: 119703 ns
[3.717s][info ][safepoint      ] Safepoint "ICBufferFull", Time since last: 77000195 ns, Reaching safepoint: 201204 ns, At safepoint: 21301 ns, Total: 222505 ns
[3.728s][info ][safepoint      ] Safepoint "ICBufferFull", Time since last: 9953306 ns, Reaching safepoint: 122402 ns, At safepoint: 18401 ns, Total: 140803 ns
[3.733s][info ][safepoint      ] Safepoint "ICBufferFull", Time since last: 5011704 ns, Reaching safepoint: 112502 ns, At safepoint: 19700 ns, Total: 132202 ns
[3.741s][info ][safepoint      ] Safepoint "ICBufferFull", Time since last: 7923064 ns, Reaching safepoint: 127903 ns, At safepoint: 28101 ns, Total: 156004 ns
[3.754s][info ][safepoint      ] Safepoint "ICBufferFull", Time since last: 12723263 ns, Reaching safepoint: 118303 ns, At safepoint: 19700 ns, Total: 138003 ns
[3.759s][info ][safepoint      ] Safepoint "ICBufferFull", Time since last: 5061605 ns, Reaching safepoint: 106602 ns, At safepoint: 33801 ns, Total: 140403 ns
[3.761s][info ][safepoint      ] Safepoint "ICBufferFull", Time since last: 1878739 ns, Reaching safepoint: 97402 ns, At safepoint: 9500 ns, Total: 106902 ns
[3.763s][info ][safepoint      ] Safepoint "ICBufferFull", Time since last: 1793937 ns, Reaching safepoint: 95302 ns, At safepoint: 16401 ns, Total: 111703 ns
[3.765s][info ][safepoint      ] Safepoint "ICBufferFull", Time since last: 2229546 ns, Reaching safepoint: 111802 ns, At safepoint: 22200 ns, Total: 134002 ns
[3.768s][info ][safepoint      ] Safepoint "ICBufferFull", Time since last: 2756458 ns, Reaching safepoint: 108202 ns, At safepoint: 16500 ns, Total: 124702 ns
[3.774s][info ][safepoint      ] Safepoint "ICBufferFull", Time since last: 5743919 ns, Reaching safepoint: 129803 ns, At safepoint: 28000 ns, Total: 157803 ns
[3.777s][info ][safepoint      ] Safepoint "ICBufferFull", Time since last: 2182246 ns, Reaching safepoint: 709514 ns, At safepoint: 26601 ns, Total: 736115 ns
[3.797s][info ][safepoint      ] Safepoint "ICBufferFull", Time since last: 20077416 ns, Reaching safepoint: 138103 ns, At safepoint: 29800 ns, Total: 167903 ns
[3.804s][info ][safepoint      ] Safepoint "ICBufferFull", Time since last: 1656735 ns, Reaching safepoint: 5349311 ns, At safepoint: 21900 ns, Total: 5371211 ns
[3.806s][info ][safepoint      ] Safepoint "ICBufferFull", Time since last: 1633834 ns, Reaching safepoint: 97902 ns, At safepoint: 21200 ns, Total: 119102 ns
[3.808s][info ][safepoint      ] Safepoint "ICBufferFull", Time since last: 1771337 ns, Reaching safepoint: 100302 ns, At safepoint: 20900 ns, Total: 121202 ns
[3.809s][info ][safepoint      ] Safepoint "ICBufferFull", Time since last: 1629834 ns, Reaching safepoint: 111603 ns, At safepoint: 25600 ns, Total: 137203 ns
[3.820s][info ][safepoint      ] Safepoint "ICBufferFull", Time since last: 7184549 ns, Reaching safepoint: 3204766 ns, At safepoint: 47201 ns, Total: 3251967 ns
[3.824s][info ][safepoint      ] Safepoint "ICBufferFull", Time since last: 4407992 ns, Reaching safepoint: 115002 ns, At safepoint: 20100 ns, Total: 135102 ns
[3.827s][info ][safepoint      ] Safepoint "ICBufferFull", Time since last: 1796438 ns, Reaching safepoint: 750915 ns, At safepoint: 23601 ns, Total: 774516 ns
[3.830s][info ][safepoint      ] Safepoint "ICBufferFull", Time since last: 3027462 ns, Reaching safepoint: 111203 ns, At safepoint: 26800 ns, Total: 138003 ns
[3.835s][info ][safepoint      ] Safepoint "ICBufferFull", Time since last: 4359591 ns, Reaching safepoint: 524710 ns, At safepoint: 24501 ns, Total: 549211 ns
[3.848s][info ][safepoint      ] Safepoint "ICBufferFull", Time since last: 13013170 ns, Reaching safepoint: 131402 ns, At safepoint: 18101 ns, Total: 149503 ns
[3.849s][info ][safepoint      ] Safepoint "ICBufferFull", Time since last: 170103 ns, Reaching safepoint: 85702 ns, At safepoint: 21800 ns, Total: 107502 ns
[3.850s][info ][safepoint      ] Safepoint "ICBufferFull", Time since last: 1615734 ns, Reaching safepoint: 100502 ns, At safepoint: 24901 ns, Total: 125403 ns
[3.855s][info ][safepoint      ] Safepoint "ICBufferFull", Time since last: 5090005 ns, Reaching safepoint: 65901 ns, At safepoint: 24101 ns, Total: 90002 ns
[3.857s][info ][safepoint      ] Safepoint "ICBufferFull", Time since last: 1916540 ns, Reaching safepoint: 60401 ns, At safepoint: 25900 ns, Total: 86301 ns
[3.860s][info ][safepoint      ] Safepoint "ICBufferFull", Time since last: 1958141 ns, Reaching safepoint: 104302 ns, At safepoint: 26001 ns, Total: 130303 ns
[3.861s][info ][safepoint      ] Safepoint "ICBufferFull", Time since last: 1592133 ns, Reaching safepoint: 109002 ns, At safepoint: 23000 ns, Total: 132002 ns
[3.872s][info ][safepoint      ] Safepoint "ICBufferFull", Time since last: 10577819 ns, Reaching safepoint: 113603 ns, At safepoint: 30900 ns, Total: 144503 ns
[3.876s][info ][safepoint      ] Safepoint "ICBufferFull", Time since last: 1882839 ns, Reaching safepoint: 2130445 ns, At safepoint: 20100 ns, Total: 2150545 ns
[3.893s][info ][safepoint      ] Safepoint "ICBufferFull", Time since last: 16687846 ns, Reaching safepoint: 466209 ns, At safepoint: 20401 ns, Total: 486610 ns
[3.895s][info ][safepoint      ] Safepoint "ICBufferFull", Time since last: 1837538 ns, Reaching safepoint: 89302 ns, At safepoint: 19400 ns, Total: 108702 ns
[3.897s][info ][safepoint      ] Safepoint "ICBufferFull", Time since last: 1492031 ns, Reaching safepoint: 99702 ns, At safepoint: 16901 ns, Total: 116603 ns
[3.898s][info ][safepoint      ] Safepoint "ICBufferFull", Time since last: 1580132 ns, Reaching safepoint: 98602 ns, At safepoint: 16601 ns, Total: 115203 ns
[3.901s][info ][safepoint      ] Safepoint "ICBufferFull", Time since last: 1949540 ns, Reaching safepoint: 95702 ns, At safepoint: 15400 ns, Total: 111102 ns
[3.902s][info ][safepoint      ] Safepoint "ICBufferFull", Time since last: 1677235 ns, Reaching safepoint: 113502 ns, At safepoint: 20801 ns, Total: 134303 ns
[3.904s][info ][safepoint      ] Safepoint "ICBufferFull", Time since last: 1927540 ns, Reaching safepoint: 119802 ns, At safepoint: 24001 ns, Total: 143803 ns
[3.908s][info ][safepoint      ] Safepoint "ICBufferFull", Time since last: 3018362 ns, Reaching safepoint: 105302 ns, At safepoint: 22101 ns, Total: 127403 ns
[3.909s][info ][safepoint      ] Safepoint "ICBufferFull", Time since last: 1826138 ns, Reaching safepoint: 90602 ns, At safepoint: 19800 ns, Total: 110402 ns
[3.912s][info ][safepoint      ] Safepoint "ICBufferFull", Time since last: 2473651 ns, Reaching safepoint: 370708 ns, At safepoint: 24100 ns, Total: 394808 ns
[3.914s][info ][safepoint      ] Safepoint "ICBufferFull", Time since last: 1820538 ns, Reaching safepoint: 239605 ns, At safepoint: 22001 ns, Total: 261606 ns
[3.916s][info ][safepoint      ] Safepoint "ICBufferFull", Time since last: 1581432 ns, Reaching safepoint: 91302 ns, At safepoint: 24001 ns, Total: 115303 ns
[3.920s][info ][safepoint      ] Safepoint "ICBufferFull", Time since last: 3398870 ns, Reaching safepoint: 107802 ns, At safepoint: 20301 ns, Total: 128103 ns
[3.922s][info ][safepoint      ] Safepoint "ICBufferFull", Time since last: 2276547 ns, Reaching safepoint: 107102 ns, At safepoint: 22501 ns, Total: 129603 ns
[3.927s][info ][safepoint      ] Safepoint "ICBufferFull", Time since last: 2096443 ns, Reaching safepoint: 3166666 ns, At safepoint: 21700 ns, Total: 3188366 ns
[3.930s][info ][safepoint      ] Safepoint "ICBufferFull", Time since last: 2701656 ns, Reaching safepoint: 110902 ns, At safepoint: 18301 ns, Total: 129203 ns
[3.934s][info ][safepoint      ] Safepoint "ICBufferFull", Time since last: 3974582 ns, Reaching safepoint: 177904 ns, At safepoint: 23500 ns, Total: 201404 ns
[3.936s][info ][safepoint      ] Safepoint "ICBufferFull", Time since last: 2021742 ns, Reaching safepoint: 96102 ns, At safepoint: 21201 ns, Total: 117303 ns
[3.940s][info ][safepoint      ] Safepoint "ICBufferFull", Time since last: 3672376 ns, Reaching safepoint: 110002 ns, At safepoint: 29001 ns, Total: 139003 ns
[3.942s][info ][safepoint      ] Safepoint "ICBufferFull", Time since last: 1500531 ns, Reaching safepoint: 169803 ns, At safepoint: 23601 ns, Total: 193404 ns
[3.943s][info ][safepoint      ] Safepoint "ICBufferFull", Time since last: 1356128 ns, Reaching safepoint: 101602 ns, At safepoint: 21500 ns, Total: 123102 ns
[3.945s][info ][safepoint      ] Safepoint "ICBufferFull", Time since last: 1350328 ns, Reaching safepoint: 418309 ns, At safepoint: 19300 ns, Total: 437609 ns
[3.947s][info ][safepoint      ] Safepoint "ICBufferFull", Time since last: 1481531 ns, Reaching safepoint: 94002 ns, At safepoint: 19300 ns, Total: 113302 ns
[3.963s][info ][safepoint      ] Safepoint "ICBufferFull", Time since last: 15700526 ns, Reaching safepoint: 115402 ns, At safepoint: 17901 ns, Total: 133303 ns
[3.965s][info ][safepoint      ] Safepoint "ICBufferFull", Time since last: 1978441 ns, Reaching safepoint: 67501 ns, At safepoint: 22400 ns, Total: 89901 ns
[3.968s][info ][safepoint      ] Safepoint "ICBufferFull", Time since last: 2664756 ns, Reaching safepoint: 101402 ns, At safepoint: 19800 ns, Total: 121202 ns
[3.971s][info ][safepoint      ] Safepoint "ICBufferFull", Time since last: 3328269 ns, Reaching safepoint: 110702 ns, At safepoint: 18501 ns, Total: 129203 ns
[3.974s][info ][safepoint      ] Safepoint "ICBufferFull", Time since last: 3267167 ns, Reaching safepoint: 111403 ns, At safepoint: 16600 ns, Total: 128003 ns
[3.977s][info ][safepoint      ] Safepoint "ICBufferFull", Time since last: 2376449 ns, Reaching safepoint: 113503 ns, At safepoint: 17700 ns, Total: 131203 ns
[3.977s][info ][safepoint      ] Safepoint "ICBufferFull", Time since last: 411409 ns, Reaching safepoint: 95701 ns, At safepoint: 14501 ns, Total: 110202 ns
[3.980s][info ][safepoint      ] Safepoint "ICBufferFull", Time since last: 2921860 ns, Reaching safepoint: 106503 ns, At safepoint: 16400 ns, Total: 122903 ns
[3.986s][info ][safepoint      ] Safepoint "ICBufferFull", Time since last: 4930602 ns, Reaching safepoint: 119602 ns, At safepoint: 17801 ns, Total: 137403 ns
[3.994s][info ][safepoint      ] Safepoint "ICBufferFull", Time since last: 6534435 ns, Reaching safepoint: 2154945 ns, At safepoint: 26700 ns, Total: 2181645 ns
[4.001s][info ][safepoint      ] Safepoint "ICBufferFull", Time since last: 7089947 ns, Reaching safepoint: 69602 ns, At safepoint: 27100 ns, Total: 96702 ns
[4.058s][info ][safepoint      ] Safepoint "ICBufferFull", Time since last: 55939659 ns, Reaching safepoint: 188804 ns, At safepoint: 26901 ns, Total: 215705 ns
[4.143s][info ][safepoint      ] Safepoint "ICBufferFull", Time since last: 84864357 ns, Reaching safepoint: 188904 ns, At safepoint: 25701 ns, Total: 214605 ns
[4.150s][info ][safepoint      ] Safepoint "ICBufferFull", Time since last: 7362552 ns, Reaching safepoint: 123803 ns, At safepoint: 30801 ns, Total: 154604 ns
[4.162s][info ][safepoint      ] Safepoint "ICBufferFull", Time since last: 11331434 ns, Reaching safepoint: 309107 ns, At safepoint: 24600 ns, Total: 333707 ns
[4.169s][info ][safepoint      ] Safepoint "ICBufferFull", Time since last: 6541336 ns, Reaching safepoint: 193904 ns, At safepoint: 22400 ns, Total: 216304 ns
[4.176s][info ][safepoint      ] Safepoint "ICBufferFull", Time since last: 6869243 ns, Reaching safepoint: 116802 ns, At safepoint: 19600 ns, Total: 136402 ns
[4.188s][info ][safepoint      ] Safepoint "ICBufferFull", Time since last: 12064350 ns, Reaching safepoint: 129903 ns, At safepoint: 19300 ns, Total: 149203 ns
[4.188s][info ][safepoint      ] Safepoint "ICBufferFull", Time since last: 44001 ns, Reaching safepoint: 98302 ns, At safepoint: 15801 ns, Total: 114103 ns
[4.197s][info ][safepoint      ] Safepoint "ICBufferFull", Time since last: 8506976 ns, Reaching safepoint: 120902 ns, At safepoint: 22801 ns, Total: 143703 ns
[4.207s][info ][safepoint      ] Safepoint "ICBufferFull", Time since last: 10163010 ns, Reaching safepoint: 144203 ns, At safepoint: 26001 ns, Total: 170204 ns
[4.227s][info ][safepoint      ] Safepoint "ICBufferFull", Time since last: 20261720 ns, Reaching safepoint: 135002 ns, At safepoint: 24401 ns, Total: 159403 ns
[4.240s][info ][safepoint      ] Safepoint "ICBufferFull", Time since last: 12728564 ns, Reaching safepoint: 140402 ns, At safepoint: 23401 ns, Total: 163803 ns
[4.247s][info ][safepoint      ] Safepoint "ICBufferFull", Time since last: 6397332 ns, Reaching safepoint: 122703 ns, At safepoint: 26801 ns, Total: 149504 ns
[4.250s][info ][safepoint      ] Safepoint "ICBufferFull", Time since last: 3212566 ns, Reaching safepoint: 121003 ns, At safepoint: 25200 ns, Total: 146203 ns
[4.258s][info ][safepoint      ] Safepoint "ICBufferFull", Time since last: 8010866 ns, Reaching safepoint: 123803 ns, At safepoint: 29400 ns, Total: 153203 ns
[4.268s][info ][safepoint      ] Safepoint "ICBufferFull", Time since last: 9377495 ns, Reaching safepoint: 126302 ns, At safepoint: 21501 ns, Total: 147803 ns
[4.287s][info ][safepoint      ] Safepoint "ICBufferFull", Time since last: 18766688 ns, Reaching safepoint: 136503 ns, At safepoint: 18901 ns, Total: 155404 ns
[4.292s][info ][safepoint      ] Safepoint "ICBufferFull", Time since last: 5217708 ns, Reaching safepoint: 199704 ns, At safepoint: 21900 ns, Total: 221604 ns
[4.296s][info ][safepoint      ] Safepoint "ICBufferFull", Time since last: 3554974 ns, Reaching safepoint: 119802 ns, At safepoint: 22701 ns, Total: 142503 ns
[4.304s][info ][safepoint      ] Safepoint "ICBufferFull", Time since last: 7786461 ns, Reaching safepoint: 118803 ns, At safepoint: 24900 ns, Total: 143703 ns
[4.306s][info ][safepoint      ] Safepoint "ICBufferFull", Time since last: 1289827 ns, Reaching safepoint: 589912 ns, At safepoint: 25901 ns, Total: 615813 ns
[4.325s][info ][safepoint      ] Safepoint "ICBufferFull", Time since last: 18907891 ns, Reaching safepoint: 169104 ns, At safepoint: 24800 ns, Total: 193904 ns
[4.340s][info ][safepoint      ] Safepoint "ICBufferFull", Time since last: 15297417 ns, Reaching safepoint: 131803 ns, At safepoint: 17300 ns, Total: 149103 ns
[4.359s][info ][safepoint      ] Safepoint "ICBufferFull", Time since last: 18597485 ns, Reaching safepoint: 429809 ns, At safepoint: 25101 ns, Total: 454910 ns
[4.383s][info ][safepoint      ] Safepoint "ICBufferFull", Time since last: 18077474 ns, Reaching safepoint: 5321011 ns, At safepoint: 28900 ns, Total: 5349911 ns
[4.388s][info ][safepoint      ] Safepoint "ICBufferFull", Time since last: 5501614 ns, Reaching safepoint: 112202 ns, At safepoint: 24201 ns, Total: 136403 ns
[4.394s][info ][safepoint      ] Safepoint "ICBufferFull", Time since last: 4887101 ns, Reaching safepoint: 401508 ns, At safepoint: 24401 ns, Total: 425909 ns
[4.415s][info ][safepoint      ] Safepoint "ICBufferFull", Time since last: 16824249 ns, Reaching safepoint: 4305789 ns, At safepoint: 25000 ns, Total: 4330789 ns
[4.435s][info ][safepoint      ] Safepoint "ICBufferFull", Time since last: 19891312 ns, Reaching safepoint: 151103 ns, At safepoint: 26901 ns, Total: 178004 ns
[4.438s][info ][gc,start       ] GC(4) Pause Young (Allocation Failure)
[4.556s][debug][gc,phases      ] GC(4) Scavenge 117.320ms
[4.556s][debug][gc,ref         ] GC(4) Skipped phase 1 of Reference Processing: no references
[4.556s][debug][gc,ref         ] GC(4) Skipped phase 3 of Reference Processing: no references
[4.556s][debug][gc,phases      ] GC(4) Reference Processing 0.462ms
[4.558s][debug][gc,phases      ] GC(4) Weak Processing 1.614ms
[4.558s][debug][gc,age         ] GC(4) Desired survivor size 536870912 bytes, new threshold 7 (max threshold 15)
[4.558s][info ][gc,heap        ] GC(4) PSYoungGen: 1112524K(1572864K)->150784K(1572864K) Eden: 1048576K(1048576K)->0K(1048576K) From: 63948K(524288K)->150784K(524288K)
[4.558s][info ][gc,heap        ] GC(4) ParOldGen: 5621K(6144K)->5629K(6144K)
[4.558s][info ][gc,metaspace   ] GC(4) Metaspace: 47463K(47872K)->47463K(47872K) NonClass: 40579K(40768K)->40579K(40768K) Class: 6884K(7104K)->6884K(7104K)
[4.558s][info ][gc             ] GC(4) Pause Young (Allocation Failure) 1091M->152M(1542M) 119.548ms
[4.558s][info ][gc,cpu         ] GC(4) User=0.44s Sys=0.04s Real=0.12s
[4.558s][info ][safepoint      ] Safepoint "ParallelGCFailedAllocation", Time since last: 3022663 ns, Reaching safepoint: 123402 ns, At safepoint: 119669179 ns, Total: 119792581 ns
[4.585s][info ][safepoint      ] Safepoint "ICBufferFull", Time since last: 26780755 ns, Reaching safepoint: 363207 ns, At safepoint: 26101 ns, Total: 389308 ns
[4.591s][info ][safepoint      ] Safepoint "ICBufferFull", Time since last: 5482213 ns, Reaching safepoint: 99602 ns, At safepoint: 22801 ns, Total: 122403 ns
[4.599s][info ][safepoint      ] Safepoint "ICBufferFull", Time since last: 8479576 ns, Reaching safepoint: 119002 ns, At safepoint: 30401 ns, Total: 149403 ns
[4.605s][info ][safepoint      ] Safepoint "ICBufferFull", Time since last: 5947723 ns, Reaching safepoint: 109002 ns, At safepoint: 28901 ns, Total: 137903 ns
[4.615s][info ][safepoint      ] Safepoint "ICBufferFull", Time since last: 6520535 ns, Reaching safepoint: 3195066 ns, At safepoint: 23200 ns, Total: 3218266 ns
[4.631s][info ][safepoint      ] Safepoint "ICBufferFull", Time since last: 15298917 ns, Reaching safepoint: 693415 ns, At safepoint: 25200 ns, Total: 718615 ns
[4.635s][info ][safepoint      ] Safepoint "ICBufferFull", Time since last: 4078885 ns, Reaching safepoint: 107702 ns, At safepoint: 25101 ns, Total: 132803 ns
[4.647s][info ][safepoint      ] Safepoint "ICBufferFull", Time since last: 11975748 ns, Reaching safepoint: 173703 ns, At safepoint: 24401 ns, Total: 198104 ns
[4.651s][info ][safepoint      ] Safepoint "ICBufferFull", Time since last: 3648875 ns, Reaching safepoint: 91502 ns, At safepoint: 22101 ns, Total: 113603 ns
[4.675s][info ][safepoint      ] Safepoint "ICBufferFull", Time since last: 23456686 ns, Reaching safepoint: 359907 ns, At safepoint: 24300 ns, Total: 384207 ns
[4.681s][info ][safepoint      ] Safepoint "ICBufferFull", Time since last: 4769999 ns, Reaching safepoint: 837318 ns, At safepoint: 21500 ns, Total: 858818 ns
[4.691s][info ][safepoint      ] Safepoint "ICBufferFull", Time since last: 8187970 ns, Reaching safepoint: 2122244 ns, At safepoint: 26000 ns, Total: 2148244 ns
[4.697s][info ][safepoint      ] Safepoint "ICBufferFull", Time since last: 5372511 ns, Reaching safepoint: 191804 ns, At safepoint: 29401 ns, Total: 221205 ns
[4.722s][info ][safepoint      ] Safepoint "ICBufferFull", Time since last: 22971776 ns, Reaching safepoint: 2112244 ns, At safepoint: 29300 ns, Total: 2141544 ns
[4.735s][info ][safepoint      ] Safepoint "ICBufferFull", Time since last: 12555560 ns, Reaching safepoint: 729715 ns, At safepoint: 26901 ns, Total: 756616 ns
[4.745s][info ][safepoint      ] Safepoint "ICBufferFull", Time since last: 9593799 ns, Reaching safepoint: 93802 ns, At safepoint: 26100 ns, Total: 119902 ns
[4.748s][info ][safepoint      ] Safepoint "ICBufferFull", Time since last: 3422871 ns, Reaching safepoint: 132503 ns, At safepoint: 25600 ns, Total: 158103 ns
[4.751s][info ][safepoint      ] Safepoint "ICBufferFull", Time since last: 2454251 ns, Reaching safepoint: 106902 ns, At safepoint: 34001 ns, Total: 140903 ns
[4.754s][info ][safepoint      ] Safepoint "ICBufferFull", Time since last: 2747057 ns, Reaching safepoint: 174004 ns, At safepoint: 31500 ns, Total: 205504 ns
[4.759s][info ][safepoint      ] Safepoint "ICBufferFull", Time since last: 4780099 ns, Reaching safepoint: 120403 ns, At safepoint: 22800 ns, Total: 143203 ns
[4.759s][info ][safepoint      ] Safepoint "ICBufferFull", Time since last: 134703 ns, Reaching safepoint: 87402 ns, At safepoint: 26801 ns, Total: 114203 ns
[4.768s][info ][safepoint      ] Safepoint "ICBufferFull", Time since last: 6741239 ns, Reaching safepoint: 2105344 ns, At safepoint: 28900 ns, Total: 2134244 ns
[4.790s][info ][safepoint      ] Safepoint "ICBufferFull", Time since last: 22033257 ns, Reaching safepoint: 128002 ns, At safepoint: 22301 ns, Total: 150303 ns
[4.804s][info ][gc,start       ] GC(5) Pause Young (Allocation Failure)
[4.891s][debug][gc,phases      ] GC(5) Scavenge 86.399ms
[4.891s][debug][gc,ref         ] GC(5) Skipped phase 1 of Reference Processing: no references
[4.891s][debug][gc,ref         ] GC(5) Skipped phase 3 of Reference Processing: no references
[4.891s][debug][gc,phases      ] GC(5) Reference Processing 0.320ms
[4.892s][debug][gc,phases      ] GC(5) Weak Processing 1.401ms
[4.893s][debug][gc,age         ] GC(5) Desired survivor size 536870912 bytes, new threshold 7 (max threshold 15)
[4.893s][info ][gc,heap        ] GC(5) PSYoungGen: 1199360K(1572864K)->154912K(1572864K) Eden: 1048576K(1048576K)->0K(1048576K) From: 150784K(524288K)->154912K(524288K)
[4.893s][info ][gc,heap        ] GC(5) ParOldGen: 5629K(6144K)->5637K(6144K)
[4.893s][info ][gc,metaspace   ] GC(5) Metaspace: 47603K(48064K)->47603K(48064K) NonClass: 40699K(40960K)->40699K(40960K) Class: 6903K(7104K)->6903K(7104K)
[4.893s][info ][gc             ] GC(5) Pause Young (Allocation Failure) 1176M->156M(1542M) 88.269ms
[4.893s][info ][gc,cpu         ] GC(5) User=0.32s Sys=0.03s Real=0.09s
[4.893s][info ][safepoint      ] Safepoint "ParallelGCFailedAllocation", Time since last: 13990590 ns, Reaching safepoint: 151103 ns, At safepoint: 88373930 ns, Total: 88525033 ns
[5.195s][info ][gc,start       ] GC(6) Pause Young (Allocation Failure)
[5.267s][debug][gc,phases      ] GC(6) Scavenge 71.442ms
[5.267s][debug][gc,ref         ] GC(6) Skipped phase 1 of Reference Processing: no references
[5.267s][debug][gc,ref         ] GC(6) Skipped phase 3 of Reference Processing: no references
[5.267s][debug][gc,phases      ] GC(6) Reference Processing 0.508ms
[5.270s][debug][gc,phases      ] GC(6) Weak Processing 2.466ms
[5.270s][debug][gc,age         ] GC(6) Desired survivor size 240648192 bytes, new threshold 6 (max threshold 15)
[5.270s][info ][gc,heap        ] GC(6) PSYoungGen: 1203488K(1572864K)->163534K(1572864K) Eden: 1048576K(1048576K)->0K(1048576K) From: 154912K(524288K)->163534K(524288K)
[5.270s][info ][gc,heap        ] GC(6) ParOldGen: 5637K(6144K)->5649K(6144K)
[5.270s][info ][gc,metaspace   ] GC(6) Metaspace: 49038K(49472K)->49038K(49472K) NonClass: 41943K(42176K)->41943K(42176K) Class: 7094K(7296K)->7094K(7296K)
[5.270s][info ][gc             ] GC(6) Pause Young (Allocation Failure) 1180M->165M(1542M) 74.622ms
[5.270s][info ][gc,cpu         ] GC(6) User=0.27s Sys=0.02s Real=0.07s
[5.270s][info ][safepoint      ] Safepoint "ParallelGCFailedAllocation", Time since last: 302147359 ns, Reaching safepoint: 214804 ns, At safepoint: 74754548 ns, Total: 74969352 ns
[5.545s][info ][gc,start       ] GC(7) Pause Young (Allocation Failure)
[5.632s][debug][gc,phases      ] GC(7) Scavenge 86.816ms
[5.632s][debug][gc,ref         ] GC(7) Skipped phase 1 of Reference Processing: no references
[5.633s][debug][gc,ref         ] GC(7) Skipped phase 3 of Reference Processing: no references
[5.633s][debug][gc,phases      ] GC(7) Reference Processing 0.335ms
[5.634s][debug][gc,phases      ] GC(7) Weak Processing 1.665ms
[5.634s][debug][gc,age         ] GC(7) Desired survivor size 252706816 bytes, new threshold 5 (max threshold 15)
[5.634s][info ][gc,heap        ] GC(7) PSYoungGen: 1212110K(1572864K)->166238K(1838592K) Eden: 1048576K(1048576K)->0K(1603584K) From: 163534K(524288K)->166238K(235008K)
[5.634s][info ][gc,heap        ] GC(7) ParOldGen: 5649K(6144K)->5657K(6144K)
[5.634s][info ][gc,metaspace   ] GC(7) Metaspace: 50805K(51264K)->50805K(51264K) NonClass: 43359K(43584K)->43359K(43584K) Class: 7446K(7680K)->7446K(7680K)
[5.634s][info ][gc             ] GC(7) Pause Young (Allocation Failure) 1189M->167M(1801M) 88.963ms
[5.634s][info ][gc,cpu         ] GC(7) User=0.29s Sys=0.06s Real=0.09s
[5.635s][info ][safepoint      ] Safepoint "ParallelGCFailedAllocation", Time since last: 272489344 ns, Reaching safepoint: 3238867 ns, At safepoint: 89071945 ns, Total: 92310812 ns
[5.854s][info ][safepoint      ] Safepoint "ICBufferFull", Time since last: 201151266 ns, Reaching safepoint: 17845069 ns, At safepoint: 32201 ns, Total: 17877270 ns
[6.331s][info ][safepoint      ] Safepoint "ICBufferFull", Time since last: 476866675 ns, Reaching safepoint: 275606 ns, At safepoint: 35801 ns, Total: 311407 ns
[6.406s][info ][gc,start       ] GC(8) Pause Young (Allocation Failure)
[6.502s][debug][gc,phases      ] GC(8) Scavenge 95.443ms
[6.502s][debug][gc,ref         ] GC(8) Skipped phase 1 of Reference Processing: no references
[6.502s][debug][gc,ref         ] GC(8) Skipped phase 3 of Reference Processing: no references
[6.502s][debug][gc,phases      ] GC(8) Reference Processing 0.259ms
[6.504s][debug][gc,phases      ] GC(8) Weak Processing 1.774ms
[6.504s][debug][gc,age         ] GC(8) Desired survivor size 237502464 bytes, new threshold 4 (max threshold 15)
[6.504s][info ][gc,heap        ] GC(8) PSYoungGen: 1769822K(1838592K)->125496K(1850368K) Eden: 1603584K(1603584K)->0K(1603584K) From: 166238K(235008K)->125496K(246784K)
[6.504s][info ][gc,heap        ] GC(8) ParOldGen: 5657K(6144K)->69588K(69632K)
[6.504s][info ][gc,metaspace   ] GC(8) Metaspace: 52649K(53120K)->52649K(53120K) NonClass: 44929K(45184K)->44929K(45184K) Class: 7720K(7936K)->7720K(7936K)
[6.504s][info ][gc             ] GC(8) Pause Young (Allocation Failure) 1733M->190M(1875M) 97.630ms
[6.504s][info ][gc,cpu         ] GC(8) User=0.35s Sys=0.03s Real=0.10s
[6.504s][debug][gc,phases      ] GC(9) Pre Compact 0.011ms
[6.504s][info ][gc,start       ] GC(9) Pause Full (Ergonomics)
[6.504s][info ][gc,phases,start] GC(9) Marking Phase
[6.596s][debug][gc,phases      ] GC(9) Par Mark 91.536ms
[6.596s][debug][gc,ref         ] GC(9) Skipped phase 1 of Reference Processing: no references
[6.596s][debug][gc,ref         ] GC(9) Skipped phase 3 of Reference Processing: no references
[6.596s][debug][gc,phases      ] GC(9) Reference Processing 0.386ms
[6.597s][debug][gc,phases      ] GC(9) Weak Processing 0.767ms
[6.597s][debug][gc,phases      ] GC(9) ClassLoaderData 0.157ms
[6.597s][debug][gc,phases      ] GC(9) Trigger cleanups 0.001ms
[6.609s][debug][gc,phases      ] GC(9) Class Unloading 12.260ms
[6.609s][info ][gc,phases      ] GC(9) Marking Phase 105.094ms
[6.609s][info ][gc,phases,start] GC(9) Summary Phase
[6.609s][info ][gc,phases      ] GC(9) Summary Phase 0.018ms
[6.609s][info ][gc,phases,start] GC(9) Adjust Roots
[6.628s][info ][gc,phases      ] GC(9) Adjust Roots 18.557ms
[6.628s][info ][gc,phases,start] GC(9) Compaction Phase
[7.413s][info ][gc,phases      ] GC(9) Compaction Phase 785.197ms
[7.413s][info ][gc,phases,start] GC(9) Post Compact
[7.414s][info ][gc,phases      ] GC(9) Post Compact 0.883ms
[7.414s][info ][gc,heap        ] GC(9) PSYoungGen: 125496K(1850368K)->125215K(1850368K) Eden: 0K(1603584K)->0K(1603584K) From: 125496K(246784K)->125215K(246784K)
[7.414s][info ][gc,heap        ] GC(9) ParOldGen: 69588K(69632K)->69256K(111616K)
[7.414s][info ][gc,metaspace   ] GC(9) Metaspace: 52649K(53120K)->52646K(53120K) NonClass: 44929K(45184K)->44926K(45184K) Class: 7720K(7936K)->7719K(7936K)
[7.414s][info ][gc             ] GC(9) Pause Full (Ergonomics) 190M->189M(1916M) 909.994ms
[7.414s][info ][gc,cpu         ] GC(9) User=2.16s Sys=0.01s Real=0.91s
[7.414s][info ][safepoint      ] Safepoint "ParallelGCFailedAllocation", Time since last: 75483863 ns, Reaching safepoint: 130203 ns, At safepoint: 1007800467 ns, Total: 1007930670 ns
[7.537s][info ][safepoint      ] Safepoint "ICBufferFull", Time since last: 122682340 ns, Reaching safepoint: 303107 ns, At safepoint: 29200 ns, Total: 332307 ns
[7.915s][info ][gc,start       ] GC(10) Pause Young (Allocation Failure)
[8.011s][debug][gc,phases      ] GC(10) Scavenge 96.165ms
[8.011s][debug][gc,ref         ] GC(10) Skipped phase 1 of Reference Processing: no references
[8.011s][debug][gc,ref         ] GC(10) Skipped phase 3 of Reference Processing: no references
[8.011s][debug][gc,phases      ] GC(10) Reference Processing 0.074ms
[8.012s][debug][gc,phases      ] GC(10) Weak Processing 0.986ms
[8.012s][debug][gc,age         ] GC(10) Desired survivor size 236978176 bytes, new threshold 5 (max threshold 15)
[8.012s][info ][gc,heap        ] GC(10) PSYoungGen: 1728799K(1850368K)->55518K(1865728K) Eden: 1603584K(1603584K)->0K(1633792K) From: 125215K(246784K)->55518K(231936K)
[8.012s][info ][gc,heap        ] GC(10) ParOldGen: 69256K(111616K)->160366K(160768K)
[8.012s][info ][gc,metaspace   ] GC(10) Metaspace: 52993K(53376K)->52993K(53376K) NonClass: 45235K(45440K)->45235K(45440K) Class: 7758K(7936K)->7758K(7936K)
[8.012s][info ][gc             ] GC(10) Pause Young (Allocation Failure) 1755M->210M(1979M) 97.383ms
[8.012s][info ][gc,cpu         ] GC(10) User=0.35s Sys=0.03s Real=0.10s
[8.012s][debug][gc,phases      ] GC(11) Pre Compact 0.010ms
[8.012s][info ][gc,start       ] GC(11) Pause Full (Ergonomics)
[8.012s][info ][gc,phases,start] GC(11) Marking Phase
[8.100s][debug][gc,phases      ] GC(11) Par Mark 87.784ms
[8.100s][debug][gc,ref         ] GC(11) Skipped phase 1 of Reference Processing: no references
[8.100s][debug][gc,ref         ] GC(11) Skipped phase 3 of Reference Processing: no references
[8.100s][debug][gc,phases      ] GC(11) Reference Processing 0.414ms
[8.101s][debug][gc,phases      ] GC(11) Weak Processing 0.606ms
[8.101s][debug][gc,phases      ] GC(11) ClassLoaderData 0.049ms
[8.101s][debug][gc,phases      ] GC(11) Trigger cleanups 0.000ms
[8.108s][debug][gc,phases      ] GC(11) Class Unloading 7.327ms
[8.108s][info ][gc,phases      ] GC(11) Marking Phase 96.244ms
[8.108s][info ][gc,phases,start] GC(11) Summary Phase
[8.108s][info ][gc,phases      ] GC(11) Summary Phase 0.015ms
[8.108s][info ][gc,phases,start] GC(11) Adjust Roots
[8.119s][info ][gc,phases      ] GC(11) Adjust Roots 10.488ms
[8.119s][info ][gc,phases,start] GC(11) Compaction Phase
[8.497s][info ][gc,phases      ] GC(11) Compaction Phase 378.406ms
[8.497s][info ][gc,phases,start] GC(11) Post Compact
[8.498s][info ][gc,phases      ] GC(11) Post Compact 0.503ms
[8.498s][info ][gc,heap        ] GC(11) PSYoungGen: 55518K(1865728K)->54903K(1865728K) Eden: 0K(1633792K)->0K(1633792K) From: 55518K(231936K)->54903K(231936K)
[8.498s][info ][gc,heap        ] GC(11) ParOldGen: 160366K(160768K)->160558K(243712K)
[8.498s][info ][gc,metaspace   ] GC(11) Metaspace: 52993K(53376K)->52993K(53376K) NonClass: 45235K(45440K)->45235K(45440K) Class: 7758K(7936K)->7758K(7936K)
[8.498s][info ][gc             ] GC(11) Pause Full (Ergonomics) 210M->210M(2060M) 485.924ms
[8.498s][info ][gc,cpu         ] GC(11) User=1.45s Sys=0.00s Real=0.49s
[8.498s][info ][safepoint      ] Safepoint "ParallelGCFailedAllocation", Time since last: 376996906 ns, Reaching safepoint: 304906 ns, At safepoint: 583463379 ns, Total: 583768285 ns
[8.987s][info ][gc,start       ] GC(12) Pause Young (Allocation Failure)
[9.020s][debug][gc,phases      ] GC(12) Scavenge 33.293ms
[9.020s][debug][gc,ref         ] GC(12) Skipped phase 1 of Reference Processing: no references
[9.020s][debug][gc,ref         ] GC(12) Skipped phase 3 of Reference Processing: no references
[9.020s][debug][gc,phases      ] GC(12) Reference Processing 0.070ms
[9.021s][debug][gc,phases      ] GC(12) Weak Processing 0.635ms
[9.021s][debug][gc,age         ] GC(12) Desired survivor size 233832448 bytes, new threshold 6 (max threshold 15)
[9.021s][info ][gc,heap        ] GC(12) PSYoungGen: 1688695K(1865728K)->56242K(1865216K) Eden: 1633792K(1633792K)->0K(1633792K) From: 54903K(231936K)->56242K(231424K)
[9.021s][info ][gc,heap        ] GC(12) ParOldGen: 160558K(243712K)->160566K(243712K)
[9.021s][info ][gc,metaspace   ] GC(12) Metaspace: 53379K(53824K)->53379K(53824K) NonClass: 45614K(45888K)->45614K(45888K) Class: 7765K(7936K)->7765K(7936K)
[9.021s][info ][gc             ] GC(12) Pause Young (Allocation Failure) 1805M->211M(2059M) 34.192ms
[9.021s][info ][gc,cpu         ] GC(12) User=0.13s Sys=0.00s Real=0.04s
[9.021s][info ][safepoint      ] Safepoint "ParallelGCFailedAllocation", Time since last: 488492812 ns, Reaching safepoint: 419008 ns, At safepoint: 34407413 ns, Total: 34826421 ns
[9.387s][info ][gc,start       ] GC(13) Pause Young (Allocation Failure)
[9.409s][debug][gc,phases      ] GC(13) Scavenge 22.134ms
[9.409s][debug][gc,ref         ] GC(13) Skipped phase 1 of Reference Processing: no references
[9.409s][debug][gc,ref         ] GC(13) Skipped phase 3 of Reference Processing: no references
[9.409s][debug][gc,phases      ] GC(13) Reference Processing 0.092ms
[9.410s][debug][gc,phases      ] GC(13) Weak Processing 0.692ms
[9.410s][debug][gc,age         ] GC(13) Desired survivor size 230162432 bytes, new threshold 7 (max threshold 15)
[9.410s][info ][gc,heap        ] GC(13) PSYoungGen: 1690034K(1865216K)->55582K(1872384K) Eden: 1633792K(1633792K)->0K(1644032K) From: 56242K(231424K)->55582K(228352K)
[9.410s][info ][gc,heap        ] GC(13) ParOldGen: 160566K(243712K)->160574K(243712K)
[9.410s][info ][gc,metaspace   ] GC(13) Metaspace: 54488K(54912K)->54488K(54912K) NonClass: 46569K(46784K)->46569K(46784K) Class: 7918K(8128K)->7918K(8128K)
[9.410s][info ][gc             ] GC(13) Pause Young (Allocation Failure) 1807M->211M(2066M) 23.090ms
[9.410s][info ][gc,cpu         ] GC(13) User=0.10s Sys=0.00s Real=0.03s
[9.410s][info ][safepoint      ] Safepoint "ParallelGCFailedAllocation", Time since last: 365074356 ns, Reaching safepoint: 416508 ns, At safepoint: 23201781 ns, Total: 23618289 ns
[9.775s][info ][gc,start       ] GC(14) Pause Young (Allocation Failure)
[9.794s][debug][gc,phases      ] GC(14) Scavenge 19.060ms
[9.794s][debug][gc,ref         ] GC(14) Skipped phase 1 of Reference Processing: no references
[9.794s][debug][gc,ref         ] GC(14) Skipped phase 3 of Reference Processing: no references
[9.794s][debug][gc,phases      ] GC(14) Reference Processing 0.080ms
[9.795s][debug][gc,phases      ] GC(14) Weak Processing 0.682ms
[9.795s][debug][gc,age         ] GC(14) Desired survivor size 226492416 bytes, new threshold 8 (max threshold 15)
[9.795s][info ][gc,heap        ] GC(14) PSYoungGen: 1699614K(1872384K)->50950K(1868800K) Eden: 1644032K(1644032K)->0K(1644032K) From: 55582K(228352K)->50950K(224768K)
[9.795s][info ][gc,heap        ] GC(14) ParOldGen: 160574K(243712K)->160582K(243712K)
[9.795s][info ][gc,metaspace   ] GC(14) Metaspace: 54943K(55424K)->54943K(55424K) NonClass: 46977K(47232K)->46977K(47232K) Class: 7966K(8192K)->7966K(8192K)
[9.795s][info ][gc             ] GC(14) Pause Young (Allocation Failure) 1816M->206M(2063M) 19.982ms
[9.795s][info ][gc,cpu         ] GC(14) User=0.07s Sys=0.00s Real=0.02s
[9.795s][info ][safepoint      ] Safepoint "ParallelGCFailedAllocation", Time since last: 364649047 ns, Reaching safepoint: 237505 ns, At safepoint: 20111816 ns, Total: 20349321 ns
[10.003s][info ][safepoint      ] Safepoint "ICBufferFull", Time since last: 205451152 ns, Reaching safepoint: 2292448 ns, At safepoint: 29100 ns, Total: 2321548 ns
[10.204s][info ][gc,start       ] GC(15) Pause Young (Allocation Failure)
[10.226s][debug][gc,phases      ] GC(15) Scavenge 21.641ms
[10.226s][debug][gc,ref         ] GC(15) Skipped phase 1 of Reference Processing: no references
[10.226s][debug][gc,ref         ] GC(15) Skipped phase 3 of Reference Processing: no references
[10.226s][debug][gc,phases      ] GC(15) Reference Processing 0.107ms
[10.227s][debug][gc,phases      ] GC(15) Weak Processing 0.704ms
[10.227s][debug][gc,age         ] GC(15) Desired survivor size 221249536 bytes, new threshold 9 (max threshold 15)
[10.227s][info ][gc,heap        ] GC(15) PSYoungGen: 1694982K(1868800K)->51590K(1881088K) Eden: 1644032K(1644032K)->0K(1659904K) From: 50950K(224768K)->51590K(221184K)
[10.227s][info ][gc,heap        ] GC(15) ParOldGen: 160582K(243712K)->160590K(243712K)
[10.227s][info ][gc,metaspace   ] GC(15) Metaspace: 55291K(55744K)->55291K(55744K) NonClass: 47289K(47552K)->47289K(47552K) Class: 8002K(8192K)->8002K(8192K)
[10.227s][info ][gc             ] GC(15) Pause Young (Allocation Failure) 1812M->207M(2075M) 22.601ms
[10.227s][info ][gc,cpu         ] GC(15) User=0.08s Sys=0.00s Real=0.03s
[10.227s][info ][safepoint      ] Safepoint "ParallelGCFailedAllocation", Time since last: 200896158 ns, Reaching safepoint: 771416 ns, At safepoint: 22705970 ns, Total: 23477386 ns
[10.435s][info ][safepoint      ] Safepoint "ICBufferFull", Time since last: 208073205 ns, Reaching safepoint: 290606 ns, At safepoint: 28701 ns, Total: 319307 ns
[10.603s][info ][gc,start       ] GC(16) Pause Young (Allocation Failure)
[10.625s][debug][gc,phases      ] GC(16) Scavenge 22.184ms
[10.626s][debug][gc,ref         ] GC(16) Skipped phase 1 of Reference Processing: no references
[10.626s][debug][gc,ref         ] GC(16) Skipped phase 3 of Reference Processing: no references
[10.626s][debug][gc,phases      ] GC(16) Reference Processing 0.105ms
[10.626s][debug][gc,phases      ] GC(16) Weak Processing 0.683ms
[10.626s][debug][gc,age         ] GC(16) Desired survivor size 214958080 bytes, new threshold 10 (max threshold 15)
[10.626s][info ][gc,heap        ] GC(16) PSYoungGen: 1711494K(1881088K)->54982K(1875968K) Eden: 1659904K(1659904K)->0K(1659904K) From: 51590K(221184K)->54982K(216064K)
[10.626s][info ][gc,heap        ] GC(16) ParOldGen: 160590K(243712K)->160590K(243712K)
[10.626s][info ][gc,metaspace   ] GC(16) Metaspace: 55337K(55744K)->55337K(55744K) NonClass: 47332K(47552K)->47332K(47552K) Class: 8004K(8192K)->8004K(8192K)
[10.626s][info ][gc             ] GC(16) Pause Young (Allocation Failure) 1828M->210M(2070M) 23.119ms
[10.626s][info ][gc,cpu         ] GC(16) User=0.09s Sys=0.00s Real=0.02s
[10.626s][info ][safepoint      ] Safepoint "ParallelGCFailedAllocation", Time since last: 167504166 ns, Reaching safepoint: 208905 ns, At safepoint: 23225280 ns, Total: 23434185 ns
[10.987s][info ][gc,start       ] GC(17) Pause Young (Allocation Failure)
[11.014s][debug][gc,phases      ] GC(17) Scavenge 27.073ms
[11.014s][debug][gc,ref         ] GC(17) Skipped phase 1 of Reference Processing: no references
[11.014s][debug][gc,ref         ] GC(17) Skipped phase 3 of Reference Processing: no references
[11.014s][debug][gc,phases      ] GC(17) Reference Processing 0.107ms
[11.015s][debug][gc,phases      ] GC(17) Weak Processing 0.754ms
[11.015s][debug][gc,age         ] GC(17) Desired survivor size 207618048 bytes, new threshold 11 (max threshold 15)
[11.015s][info ][gc,heap        ] GC(17) PSYoungGen: 1714886K(1875968K)->58822K(1894400K) Eden: 1659904K(1659904K)->0K(1684480K) From: 54982K(216064K)->58822K(209920K)
[11.015s][info ][gc,heap        ] GC(17) ParOldGen: 160590K(243712K)->160590K(243712K)
[11.015s][info ][gc,metaspace   ] GC(17) Metaspace: 55356K(55872K)->55356K(55872K) NonClass: 47349K(47680K)->47349K(47680K) Class: 8006K(8192K)->8006K(8192K)
[11.015s][info ][gc             ] GC(17) Pause Young (Allocation Failure) 1831M->214M(2088M) 28.083ms
[11.015s][info ][gc,cpu         ] GC(17) User=0.14s Sys=0.00s Real=0.03s
[11.015s][info ][safepoint      ] Safepoint "ParallelGCFailedAllocation", Time since last: 360399058 ns, Reaching safepoint: 271906 ns, At safepoint: 28184683 ns, Total: 28456589 ns
[11.434s][info ][gc,start       ] GC(18) Pause Young (Allocation Failure)
[11.460s][debug][gc,phases      ] GC(18) Scavenge 25.925ms
[11.460s][debug][gc,ref         ] GC(18) Skipped phase 1 of Reference Processing: no references
[11.460s][debug][gc,ref         ] GC(18) Skipped phase 3 of Reference Processing: no references
[11.460s][debug][gc,phases      ] GC(18) Reference Processing 0.099ms
[11.461s][debug][gc,phases      ] GC(18) Weak Processing 0.709ms
[11.461s][debug][gc,age         ] GC(18) Desired survivor size 199753728 bytes, new threshold 12 (max threshold 15)
[11.461s][info ][gc,heap        ] GC(18) PSYoungGen: 1743302K(1894400K)->60646K(1887232K) Eden: 1684480K(1684480K)->0K(1684480K) From: 58822K(209920K)->60646K(202752K)
[11.461s][info ][gc,heap        ] GC(18) ParOldGen: 160590K(243712K)->160598K(243712K)
[11.461s][info ][gc,metaspace   ] GC(18) Metaspace: 55487K(56000K)->55487K(56000K) NonClass: 47459K(47744K)->47459K(47744K) Class: 8028K(8256K)->8028K(8256K)
[11.461s][info ][gc             ] GC(18) Pause Young (Allocation Failure) 1859M->216M(2081M) 26.880ms
[11.461s][info ][gc,cpu         ] GC(18) User=0.10s Sys=0.02s Real=0.03s
[11.461s][info ][safepoint      ] Safepoint "ParallelGCFailedAllocation", Time since last: 413552657 ns, Reaching safepoint: 5495714 ns, At safepoint: 26991258 ns, Total: 32486972 ns
[11.806s][info ][gc,start       ] GC(19) Pause Young (Allocation Failure)
[11.833s][debug][gc,phases      ] GC(19) Scavenge 27.589ms
[11.833s][debug][gc,ref         ] GC(19) Skipped phase 1 of Reference Processing: no references
[11.833s][debug][gc,ref         ] GC(19) Skipped phase 3 of Reference Processing: no references
[11.833s][debug][gc,phases      ] GC(19) Reference Processing 0.130ms
[11.834s][debug][gc,phases      ] GC(19) Weak Processing 0.733ms
[11.834s][debug][gc,age         ] GC(19) Desired survivor size 191889408 bytes, new threshold 13 (max threshold 15)
[11.834s][info ][gc,heap        ] GC(19) PSYoungGen: 1745126K(1887232K)->61410K(1909760K) Eden: 1684480K(1684480K)->0K(1714688K) From: 60646K(202752K)->61410K(195072K)
[11.834s][info ][gc,heap        ] GC(19) ParOldGen: 160598K(243712K)->160606K(243712K)
[11.834s][info ][gc,metaspace   ] GC(19) Metaspace: 56739K(57280K)->56739K(57280K) NonClass: 48520K(48768K)->48520K(48768K) Class: 8219K(8512K)->8219K(8512K)
[11.834s][info ][gc             ] GC(19) Pause Young (Allocation Failure) 1861M->216M(2103M) 28.595ms
[11.834s][info ][gc,cpu         ] GC(19) User=0.11s Sys=0.00s Real=0.03s
[11.834s][info ][safepoint      ] Safepoint "ParallelGCFailedAllocation", Time since last: 343880215 ns, Reaching safepoint: 281506 ns, At safepoint: 28701594 ns, Total: 28983100 ns
[12.221s][info ][gc,start       ] GC(20) Pause Young (Allocation Failure)
[12.248s][debug][gc,phases      ] GC(20) Scavenge 26.560ms
[12.248s][debug][gc,ref         ] GC(20) Skipped phase 1 of Reference Processing: no references
[12.248s][debug][gc,ref         ] GC(20) Skipped phase 3 of Reference Processing: no references
[12.248s][debug][gc,phases      ] GC(20) Reference Processing 0.114ms
[12.249s][debug][gc,phases      ] GC(20) Weak Processing 0.762ms
[12.249s][debug][gc,age         ] GC(20) Desired survivor size 184025088 bytes, new threshold 14 (max threshold 15)
[12.249s][info ][gc,heap        ] GC(20) PSYoungGen: 1776098K(1909760K)->61522K(1902080K) Eden: 1714688K(1714688K)->0K(1714688K) From: 61410K(195072K)->61522K(187392K)
[12.249s][info ][gc,heap        ] GC(20) ParOldGen: 160606K(243712K)->160614K(243712K)
[12.249s][info ][gc,metaspace   ] GC(20) Metaspace: 57140K(57664K)->57140K(57664K) NonClass: 48865K(49152K)->48865K(49152K) Class: 8275K(8512K)->8275K(8512K)
[12.249s][info ][gc             ] GC(20) Pause Young (Allocation Failure) 1891M->216M(2095M) 27.602ms
[12.249s][info ][gc,cpu         ] GC(20) User=0.11s Sys=0.00s Real=0.03s
[12.249s][info ][safepoint      ] Safepoint "ParallelGCFailedAllocation", Time since last: 386699900 ns, Reaching safepoint: 212305 ns, At safepoint: 27722073 ns, Total: 27934378 ns
[12.660s][info ][gc,start       ] GC(21) Pause Young (Allocation Failure)
[12.682s][debug][gc,phases      ] GC(21) Scavenge 22.227ms
[12.682s][debug][gc,ref         ] GC(21) Skipped phase 1 of Reference Processing: no references
[12.683s][debug][gc,ref         ] GC(21) Skipped phase 3 of Reference Processing: no references
[12.683s][debug][gc,phases      ] GC(21) Reference Processing 0.165ms
[12.684s][debug][gc,phases      ] GC(21) Weak Processing 0.980ms
[12.684s][debug][gc,age         ] GC(21) Desired survivor size 176685056 bytes, new threshold 15 (max threshold 15)
[12.684s][info ][gc,heap        ] GC(21) PSYoungGen: 1776210K(1902080K)->62963K(1924608K) Eden: 1714688K(1714688K)->0K(1744896K) From: 61522K(187392K)->62963K(179712K)
[12.684s][info ][gc,heap        ] GC(21) ParOldGen: 160614K(243712K)->160622K(243712K)
[12.684s][info ][gc,metaspace   ] GC(21) Metaspace: 59913K(60416K)->59913K(60416K) NonClass: 51304K(51584K)->51304K(51584K) Class: 8609K(8832K)->8609K(8832K)
[12.684s][info ][gc             ] GC(21) Pause Young (Allocation Failure) 1891M->218M(2117M) 23.545ms
[12.684s][info ][gc,cpu         ] GC(21) User=0.09s Sys=0.00s Real=0.02s
[12.684s][info ][safepoint      ] Safepoint "ParallelGCFailedAllocation", Time since last: 411035503 ns, Reaching safepoint: 258506 ns, At safepoint: 23674389 ns, Total: 23932895 ns
[13.046s][info ][gc,start       ] GC(22) Pause Young (Allocation Failure)
[13.099s][debug][gc,phases      ] GC(22) Scavenge 52.947ms
[13.099s][debug][gc,ref         ] GC(22) Skipped phase 1 of Reference Processing: no references
[13.099s][debug][gc,ref         ] GC(22) Skipped phase 3 of Reference Processing: no references
[13.099s][debug][gc,phases      ] GC(22) Reference Processing 0.146ms
[13.100s][debug][gc,phases      ] GC(22) Weak Processing 0.783ms
[13.100s][debug][gc,age         ] GC(22) Desired survivor size 171966464 bytes, new threshold 15 (max threshold 15)
[13.100s][info ][gc,heap        ] GC(22) PSYoungGen: 1807859K(1924608K)->90634K(1917440K) Eden: 1744896K(1744896K)->0K(1744896K) From: 62963K(179712K)->90634K(172544K)
[13.100s][info ][gc,heap        ] GC(22) ParOldGen: 160622K(243712K)->160630K(243712K)
[13.100s][info ][gc,metaspace   ] GC(22) Metaspace: 61278K(61824K)->61278K(61824K) NonClass: 52493K(52800K)->52493K(52800K) Class: 8784K(9024K)->8784K(9024K)
[13.100s][info ][gc             ] GC(22) Pause Young (Allocation Failure) 1922M->245M(2110M) 54.024ms
[13.100s][info ][gc,cpu         ] GC(22) User=0.21s Sys=0.03s Real=0.06s
[13.100s][info ][safepoint      ] Safepoint "ParallelGCFailedAllocation", Time since last: 361676382 ns, Reaching safepoint: 193004 ns, At safepoint: 54136120 ns, Total: 54329124 ns
[13.505s][info ][gc,start       ] GC(23) Pause Young (Allocation Failure)
[13.571s][debug][gc,phases      ] GC(23) Scavenge 65.335ms
[13.571s][debug][gc,ref         ] GC(23) Skipped phase 1 of Reference Processing: no references
[13.571s][debug][gc,ref         ] GC(23) Skipped phase 3 of Reference Processing: no references
[13.571s][debug][gc,phases      ] GC(23) Reference Processing 0.183ms
[13.572s][debug][gc,phases      ] GC(23) Weak Processing 0.894ms
[13.572s][debug][gc,age         ] GC(23) Desired survivor size 177733632 bytes, new threshold 15 (max threshold 15)
[13.572s][info ][gc,heap        ] GC(23) PSYoungGen: 1835530K(1917440K)->117620K(1917952K) Eden: 1744896K(1744896K)->0K(1750016K) From: 90634K(172544K)->117620K(167936K)
[13.572s][info ][gc,heap        ] GC(23) ParOldGen: 160630K(243712K)->169294K(243712K)
[13.572s][info ][gc,metaspace   ] GC(23) Metaspace: 62035K(62592K)->62035K(62592K) NonClass: 53158K(53504K)->53158K(53504K) Class: 8877K(9088K)->8877K(9088K)
[13.572s][info ][gc             ] GC(23) Pause Young (Allocation Failure) 1949M->280M(2111M) 66.580ms
[13.572s][info ][gc,cpu         ] GC(23) User=0.31s Sys=0.00s Real=0.07s
[13.572s][info ][safepoint      ] Safepoint "ParallelGCFailedAllocation", Time since last: 405426186 ns, Reaching safepoint: 174603 ns, At safepoint: 66702080 ns, Total: 66876683 ns
[13.984s][info ][gc,start       ] GC(24) Pause Young (Allocation Failure)
[14.042s][debug][gc,phases      ] GC(24) Scavenge 57.391ms
[14.042s][debug][gc,ref         ] GC(24) Skipped phase 1 of Reference Processing: no references
[14.042s][debug][gc,ref         ] GC(24) Skipped phase 3 of Reference Processing: no references
[14.042s][debug][gc,phases      ] GC(24) Reference Processing 0.136ms
[14.043s][debug][gc,phases      ] GC(24) Weak Processing 0.746ms
[14.043s][debug][gc,age         ] GC(24) Desired survivor size 182976512 bytes, new threshold 15 (max threshold 15)
[14.043s][info ][gc,heap        ] GC(24) PSYoungGen: 1867636K(1917952K)->120368K(1870848K) Eden: 1750016K(1750016K)->0K(1750016K) From: 117620K(167936K)->120368K(120832K)
[14.043s][info ][gc,heap        ] GC(24) ParOldGen: 169294K(243712K)->171918K(243712K)
[14.043s][info ][gc,metaspace   ] GC(24) Metaspace: 62392K(62976K)->62392K(62976K) NonClass: 53488K(53824K)->53488K(53824K) Class: 8903K(9152K)->8903K(9152K)
[14.043s][info ][gc             ] GC(24) Pause Young (Allocation Failure) 1989M->285M(2065M) 58.441ms
[14.043s][info ][gc,cpu         ] GC(24) User=0.22s Sys=0.01s Real=0.06s
[14.043s][info ][safepoint      ] Safepoint "ParallelGCFailedAllocation", Time since last: 412060523 ns, Reaching safepoint: 292206 ns, At safepoint: 58551011 ns, Total: 58843217 ns
[14.354s][info ][safepoint      ] Safepoint "ICBufferFull", Time since last: 310365219 ns, Reaching safepoint: 413808 ns, At safepoint: 32401 ns, Total: 446209 ns
[14.460s][info ][gc,start       ] GC(25) Pause Young (Allocation Failure)
[14.524s][debug][gc,phases      ] GC(25) Scavenge 64.006ms
[14.524s][debug][gc,ref         ] GC(25) Skipped phase 1 of Reference Processing: no references
[14.525s][debug][gc,ref         ] GC(25) Skipped phase 3 of Reference Processing: no references
[14.525s][debug][gc,phases      ] GC(25) Reference Processing 0.202ms
[14.526s][debug][gc,phases      ] GC(25) Weak Processing 0.926ms
[14.526s][debug][gc,age         ] GC(25) Desired survivor size 179830784 bytes, new threshold 15 (max threshold 15)
[14.526s][info ][gc,heap        ] GC(25) PSYoungGen: 1870384K(1870848K)->102624K(1921536K) Eden: 1750016K(1750016K)->0K(1742848K) From: 120368K(120832K)->102624K(178688K)
[14.526s][info ][gc,heap        ] GC(25) ParOldGen: 171918K(243712K)->192546K(243712K)
[14.526s][info ][gc,metaspace   ] GC(25) Metaspace: 62686K(63168K)->62686K(63168K) NonClass: 53760K(54016K)->53760K(54016K) Class: 8925K(9152K)->8925K(9152K)
[14.526s][info ][gc             ] GC(25) Pause Young (Allocation Failure) 1994M->288M(2114M) 65.308ms
[14.526s][info ][gc,cpu         ] GC(25) User=0.25s Sys=0.00s Real=0.06s
[14.526s][info ][safepoint      ] Safepoint "ParallelGCFailedAllocation", Time since last: 106246297 ns, Reaching safepoint: 181104 ns, At safepoint: 65446753 ns, Total: 65627857 ns
[14.913s][info ][gc,start       ] GC(26) Pause Young (Allocation Failure)
[14.983s][debug][gc,phases      ] GC(26) Scavenge 70.487ms
[14.983s][debug][gc,ref         ] GC(26) Skipped phase 1 of Reference Processing: no references
[14.983s][debug][gc,ref         ] GC(26) Skipped phase 3 of Reference Processing: no references
[14.984s][debug][gc,phases      ] GC(26) Reference Processing 0.116ms
[14.984s][debug][gc,phases      ] GC(26) Weak Processing 0.844ms
[14.984s][debug][gc,age         ] GC(26) Desired survivor size 171442176 bytes, new threshold 15 (max threshold 15)
[14.984s][info ][gc,heap        ] GC(26) PSYoungGen: 1845472K(1921536K)->84576K(1918464K) Eden: 1742848K(1742848K)->0K(1742848K) From: 102624K(178688K)->84576K(175616K)
[14.984s][info ][gc,heap        ] GC(26) ParOldGen: 192546K(243712K)->208362K(243712K)
[14.984s][info ][gc,metaspace   ] GC(26) Metaspace: 62790K(63360K)->62790K(63360K) NonClass: 53850K(54208K)->53850K(54208K) Class: 8939K(9152K)->8939K(9152K)
[14.984s][info ][gc             ] GC(26) Pause Young (Allocation Failure) 1990M->286M(2111M) 71.583ms
[14.984s][info ][gc,cpu         ] GC(26) User=0.19s Sys=0.01s Real=0.07s
[14.984s][debug][gc,phases      ] GC(27) Pre Compact 0.017ms
[14.984s][info ][gc,start       ] GC(27) Pause Full (Ergonomics)
[14.984s][info ][gc,phases,start] GC(27) Marking Phase
[15.151s][debug][gc,phases      ] GC(27) Par Mark 166.843ms
[15.151s][debug][gc,ref         ] GC(27) Skipped phase 1 of Reference Processing: no references
[15.151s][debug][gc,ref         ] GC(27) Skipped phase 3 of Reference Processing: no references
[15.151s][debug][gc,phases      ] GC(27) Reference Processing 0.055ms
[15.152s][debug][gc,phases      ] GC(27) Weak Processing 0.737ms
[15.152s][debug][gc,phases      ] GC(27) ClassLoaderData 0.059ms
[15.152s][debug][gc,phases      ] GC(27) Trigger cleanups 0.000ms
[15.167s][debug][gc,phases      ] GC(27) Class Unloading 14.959ms
[15.167s][info ][gc,phases      ] GC(27) Marking Phase 182.754ms
[15.167s][info ][gc,phases,start] GC(27) Summary Phase
[15.167s][info ][gc,phases      ] GC(27) Summary Phase 0.035ms
[15.167s][info ][gc,phases,start] GC(27) Adjust Roots
[15.186s][info ][gc,phases      ] GC(27) Adjust Roots 18.369ms
[15.186s][info ][gc,phases,start] GC(27) Compaction Phase
[15.532s][info ][gc,phases      ] GC(27) Compaction Phase 346.766ms
[15.533s][info ][gc,phases,start] GC(27) Post Compact
[15.534s][info ][gc,phases      ] GC(27) Post Compact 1.663ms
[15.534s][info ][gc,heap        ] GC(27) PSYoungGen: 84576K(1918464K)->48475K(1918464K) Eden: 0K(1742848K)->0K(1742848K) From: 84576K(175616K)->48475K(175616K)
[15.534s][info ][gc,heap        ] GC(27) ParOldGen: 208362K(243712K)->243263K(307712K)
[15.534s][info ][gc,metaspace   ] GC(27) Metaspace: 62790K(63360K)->62790K(63360K) NonClass: 53850K(54208K)->53850K(54208K) Class: 8939K(9152K)->8939K(9152K)
[15.534s][info ][gc             ] GC(27) Pause Full (Ergonomics) 286M->284M(2174M) 549.905ms
[15.534s][info ][gc,cpu         ] GC(27) User=1.82s Sys=0.01s Real=0.55s
[15.536s][info ][safepoint      ] Safepoint "ParallelGCFailedAllocation", Time since last: 381247785 ns, Reaching safepoint: 5857721 ns, At safepoint: 623143685 ns, Total: 629001406 ns
[16.104s][info ][gc,start       ] GC(28) Pause Young (Allocation Failure)
[16.170s][debug][gc,phases      ] GC(28) Scavenge 66.134ms
[16.170s][debug][gc,ref         ] GC(28) Skipped phase 1 of Reference Processing: no references
[16.170s][debug][gc,ref         ] GC(28) Skipped phase 3 of Reference Processing: no references
[16.170s][debug][gc,ref         ] GC(28) Skipped phase 4 of Reference Processing: no references
[16.170s][debug][gc,phases      ] GC(28) Reference Processing 0.043ms
[16.170s][debug][gc,phases      ] GC(28) Weak Processing 0.658ms
[16.170s][debug][gc,age         ] GC(28) Desired survivor size 169345024 bytes, new threshold 15 (max threshold 15)
[16.170s][info ][gc,heap        ] GC(28) PSYoungGen: 1791323K(1918464K)->51792K(1931776K) Eden: 1742848K(1742848K)->0K(1764352K) From: 48475K(175616K)->51792K(167424K)
[16.170s][info ][gc,heap        ] GC(28) ParOldGen: 243263K(307712K)->243551K(307712K)
[16.170s][info ][gc,metaspace   ] GC(28) Metaspace: 62794K(63360K)->62794K(63360K) NonClass: 53854K(54208K)->53854K(54208K) Class: 8939K(9152K)->8939K(9152K)
[16.171s][info ][gc             ] GC(28) Pause Young (Allocation Failure) 1986M->288M(2187M) 66.977ms
[16.171s][info ][gc,cpu         ] GC(28) User=0.21s Sys=0.00s Real=0.07s
[16.171s][info ][safepoint      ] Safepoint "ParallelGCFailedAllocation", Time since last: 562111122 ns, Reaching safepoint: 5438713 ns, At safepoint: 67098087 ns, Total: 72536800 ns
[16.782s][info ][gc,start       ] GC(29) Pause Young (Allocation Failure)
[16.830s][debug][gc,phases      ] GC(29) Scavenge 47.742ms
[16.830s][debug][gc,ref         ] GC(29) Skipped phase 1 of Reference Processing: no references
[16.830s][debug][gc,ref         ] GC(29) Skipped phase 3 of Reference Processing: no references
[16.830s][debug][gc,ref         ] GC(29) Skipped phase 4 of Reference Processing: no references
[16.830s][debug][gc,phases      ] GC(29) Reference Processing 0.043ms
[16.831s][debug][gc,phases      ] GC(29) Weak Processing 0.676ms
[16.831s][debug][gc,age         ] GC(29) Desired survivor size 164102144 bytes, new threshold 15 (max threshold 15)
[16.831s][info ][gc,heap        ] GC(29) PSYoungGen: 1816144K(1931776K)->66304K(1929728K) Eden: 1764352K(1764352K)->0K(1764352K) From: 51792K(167424K)->66304K(165376K)
[16.831s][info ][gc,heap        ] GC(29) ParOldGen: 243551K(307712K)->244387K(307712K)
[16.831s][info ][gc,metaspace   ] GC(29) Metaspace: 62821K(63360K)->62821K(63360K) NonClass: 53881K(54208K)->53881K(54208K) Class: 8939K(9152K)->8939K(9152K)
[16.831s][info ][gc             ] GC(29) Pause Young (Allocation Failure) 2011M->303M(2185M) 48.625ms
[16.831s][info ][gc,cpu         ] GC(29) User=0.12s Sys=0.00s Real=0.05s
[16.831s][info ][safepoint      ] Safepoint "ParallelGCFailedAllocation", Time since last: 596159025 ns, Reaching safepoint: 15388018 ns, At safepoint: 48757608 ns, Total: 64145626 ns
[17.311s][info ][safepoint      ] Safepoint "ICBufferFull", Time since last: 479893120 ns, Reaching safepoint: 293606 ns, At safepoint: 17001 ns, Total: 310607 ns
[17.327s][info ][safepoint      ] Safepoint "ICBufferFull", Time since last: 978720 ns, Reaching safepoint: 14898808 ns, At safepoint: 27400 ns, Total: 14926208 ns
[17.448s][info ][gc,start       ] GC(30) Pause Young (Allocation Failure)
[17.522s][debug][gc,phases      ] GC(30) Scavenge 73.718ms
[17.522s][debug][gc,ref         ] GC(30) Skipped phase 1 of Reference Processing: no references
[17.522s][debug][gc,ref         ] GC(30) Skipped phase 3 of Reference Processing: no references
[17.522s][debug][gc,phases      ] GC(30) Reference Processing 0.104ms
[17.523s][debug][gc,phases      ] GC(30) Weak Processing 0.661ms
[17.523s][debug][gc,age         ] GC(30) Desired survivor size 157810688 bytes, new threshold 15 (max threshold 15)
[17.523s][info ][gc,heap        ] GC(30) PSYoungGen: 1830656K(1929728K)->71920K(1943040K) Eden: 1764352K(1764352K)->0K(1782784K) From: 66304K(165376K)->71920K(160256K)
[17.523s][info ][gc,heap        ] GC(30) ParOldGen: 244387K(307712K)->245187K(307712K)
[17.523s][info ][gc,metaspace   ] GC(30) Metaspace: 63519K(64064K)->63519K(64064K) NonClass: 54447K(54720K)->54447K(54720K) Class: 9071K(9344K)->9071K(9344K)
[17.523s][info ][gc             ] GC(30) Pause Young (Allocation Failure) 2026M->309M(2198M) 74.668ms
[17.523s][info ][gc,cpu         ] GC(30) User=0.13s Sys=0.00s Real=0.07s
[17.523s][info ][safepoint      ] Safepoint "ParallelGCFailedAllocation", Time since last: 115157981 ns, Reaching safepoint: 5914622 ns, At safepoint: 74805646 ns, Total: 80720268 ns
[18.140s][info ][gc,start       ] GC(31) Pause Young (Allocation Failure)
[18.184s][debug][gc,phases      ] GC(31) Scavenge 43.585ms
[18.184s][debug][gc,ref         ] GC(31) Skipped phase 1 of Reference Processing: no references
[18.184s][debug][gc,ref         ] GC(31) Skipped phase 3 of Reference Processing: no references
[18.184s][debug][gc,phases      ] GC(31) Reference Processing 0.074ms
[18.184s][debug][gc,phases      ] GC(31) Weak Processing 0.726ms
[18.184s][debug][gc,age         ] GC(31) Desired survivor size 152043520 bytes, new threshold 15 (max threshold 15)
[18.184s][info ][gc,heap        ] GC(31) PSYoungGen: 1854704K(1943040K)->71904K(1936896K) Eden: 1782784K(1782784K)->0K(1782784K) From: 71920K(160256K)->71904K(154112K)
[18.184s][info ][gc,heap        ] GC(31) ParOldGen: 245187K(307712K)->245395K(307712K)
[18.184s][info ][gc,metaspace   ] GC(31) Metaspace: 63587K(64128K)->63587K(64128K) NonClass: 54514K(54784K)->54514K(54784K) Class: 9073K(9344K)->9073K(9344K)
[18.184s][info ][gc             ] GC(31) Pause Young (Allocation Failure) 2050M->309M(2192M) 44.556ms
[18.184s][info ][gc,cpu         ] GC(31) User=0.15s Sys=0.00s Real=0.04s
[18.185s][info ][safepoint      ] Safepoint "ParallelGCFailedAllocation", Time since last: 610533420 ns, Reaching safepoint: 6454733 ns, At safepoint: 44689724 ns, Total: 51144457 ns
[18.823s][info ][gc,start       ] GC(32) Pause Young (Allocation Failure)
[18.878s][debug][gc,phases      ] GC(32) Scavenge 55.250ms
[18.878s][debug][gc,ref         ] GC(32) Skipped phase 1 of Reference Processing: no references
[18.879s][debug][gc,ref         ] GC(32) Skipped phase 3 of Reference Processing: no references
[18.879s][debug][gc,phases      ] GC(32) Reference Processing 0.075ms
[18.879s][debug][gc,phases      ] GC(32) Weak Processing 0.739ms
[18.879s][debug][gc,age         ] GC(32) Desired survivor size 146800640 bytes, new threshold 15 (max threshold 15)
[18.879s][info ][gc,heap        ] GC(32) PSYoungGen: 1854688K(1936896K)->71136K(1953792K) Eden: 1782784K(1782784K)->0K(1805312K) From: 71904K(154112K)->71136K(148480K)
[18.879s][info ][gc,heap        ] GC(32) ParOldGen: 245395K(307712K)->246267K(307712K)
[18.879s][info ][gc,metaspace   ] GC(32) Metaspace: 63633K(64192K)->63633K(64192K) NonClass: 54559K(54848K)->54559K(54848K) Class: 9074K(9344K)->9074K(9344K)
[18.879s][info ][gc             ] GC(32) Pause Young (Allocation Failure) 2050M->309M(2208M) 56.232ms
[18.879s][info ][gc,cpu         ] GC(32) User=0.13s Sys=0.00s Real=0.06s
[18.879s][info ][safepoint      ] Safepoint "ParallelGCFailedAllocation", Time since last: 637855982 ns, Reaching safepoint: 701115 ns, At safepoint: 56349865 ns, Total: 57050980 ns
[19.496s][info ][gc,start       ] GC(33) Pause Young (Allocation Failure)
[19.531s][debug][gc,phases      ] GC(33) Scavenge 34.851ms
[19.531s][debug][gc,ref         ] GC(33) Skipped phase 1 of Reference Processing: no references
[19.531s][debug][gc,ref         ] GC(33) Skipped phase 3 of Reference Processing: no references
[19.531s][debug][gc,phases      ] GC(33) Reference Processing 0.074ms
[19.532s][debug][gc,phases      ] GC(33) Weak Processing 0.668ms
[19.532s][debug][gc,age         ] GC(33) Desired survivor size 141557760 bytes, new threshold 15 (max threshold 15)
[19.532s][info ][gc,heap        ] GC(33) PSYoungGen: 1876448K(1953792K)->70224K(1948672K) Eden: 1805312K(1805312K)->0K(1805312K) From: 71136K(148480K)->70224K(143360K)
[19.532s][info ][gc,heap        ] GC(33) ParOldGen: 246267K(307712K)->247379K(307712K)
[19.532s][info ][gc,metaspace   ] GC(33) Metaspace: 63673K(64256K)->63673K(64256K) NonClass: 54599K(54912K)->54599K(54912K) Class: 9074K(9344K)->9074K(9344K)
[19.532s][info ][gc             ] GC(33) Pause Young (Allocation Failure) 2072M->310M(2203M) 35.751ms
[19.532s][info ][gc,cpu         ] GC(33) User=0.10s Sys=0.00s Real=0.03s
[19.532s][info ][safepoint      ] Safepoint "ParallelGCFailedAllocation", Time since last: 612235251 ns, Reaching safepoint: 4310389 ns, At safepoint: 35870841 ns, Total: 40181230 ns
[20.072s][info ][gc,start       ] GC(34) Pause Young (Allocation Failure)
[20.125s][debug][gc,phases      ] GC(34) Scavenge 52.513ms
[20.125s][debug][gc,ref         ] GC(34) Skipped phase 1 of Reference Processing: no references
[20.125s][debug][gc,ref         ] GC(34) Skipped phase 3 of Reference Processing: no references
[20.125s][debug][gc,phases      ] GC(34) Reference Processing 0.071ms
[20.126s][debug][gc,phases      ] GC(34) Weak Processing 0.664ms
[20.126s][debug][gc,age         ] GC(34) Desired survivor size 136839168 bytes, new threshold 15 (max threshold 15)
[20.126s][info ][gc,heap        ] GC(34) PSYoungGen: 1875536K(1948672K)->69920K(1963520K) Eden: 1805312K(1805312K)->0K(1825280K) From: 70224K(143360K)->69920K(138240K)
[20.126s][info ][gc,heap        ] GC(34) ParOldGen: 247379K(307712K)->247835K(307712K)
[20.126s][info ][gc,metaspace   ] GC(34) Metaspace: 63708K(64320K)->63708K(64320K) NonClass: 54634K(54976K)->54634K(54976K) Class: 9074K(9344K)->9074K(9344K)
[20.126s][info ][gc             ] GC(34) Pause Young (Allocation Failure) 2073M->310M(2218M) 53.393ms
[20.126s][info ][gc,cpu         ] GC(34) User=0.12s Sys=0.01s Real=0.05s
[20.126s][info ][safepoint      ] Safepoint "ParallelGCFailedAllocation", Time since last: 528565222 ns, Reaching safepoint: 11758643 ns, At safepoint: 53528706 ns, Total: 65287349 ns
[20.622s][info ][gc,start       ] GC(35) Pause Young (Allocation Failure)
[20.652s][debug][gc,phases      ] GC(35) Scavenge 30.130ms
[20.652s][debug][gc,ref         ] GC(35) Skipped phase 1 of Reference Processing: no references
[20.652s][debug][gc,ref         ] GC(35) Skipped phase 3 of Reference Processing: no references
[20.652s][debug][gc,phases      ] GC(35) Reference Processing 0.059ms
[20.653s][debug][gc,phases      ] GC(35) Weak Processing 0.600ms
[20.653s][debug][gc,age         ] GC(35) Desired survivor size 132644864 bytes, new threshold 15 (max threshold 15)
[20.653s][info ][gc,heap        ] GC(35) PSYoungGen: 1895200K(1963520K)->69872K(1958912K) Eden: 1825280K(1825280K)->0K(1825280K) From: 69920K(138240K)->69872K(133632K)
[20.653s][info ][gc,heap        ] GC(35) ParOldGen: 247835K(307712K)->248131K(307712K)
[20.653s][info ][gc,metaspace   ] GC(35) Metaspace: 63740K(64320K)->63740K(64320K) NonClass: 54666K(54976K)->54666K(54976K) Class: 9074K(9344K)->9074K(9344K)
[20.653s][info ][gc             ] GC(35) Pause Young (Allocation Failure) 2092M->310M(2213M) 30.938ms
[20.653s][info ][gc,cpu         ] GC(35) User=0.10s Sys=0.00s Real=0.03s
[20.653s][info ][safepoint      ] Safepoint "ParallelGCFailedAllocation", Time since last: 496078249 ns, Reaching safepoint: 322507 ns, At safepoint: 31056241 ns, Total: 31378748 ns
[21.179s][info ][gc,start       ] GC(36) Pause Young (Allocation Failure)
[21.232s][debug][gc,phases      ] GC(36) Scavenge 52.673ms
[21.232s][debug][gc,ref         ] GC(36) Skipped phase 1 of Reference Processing: no references
[21.232s][debug][gc,ref         ] GC(36) Skipped phase 3 of Reference Processing: no references
[21.232s][debug][gc,phases      ] GC(36) Reference Processing 0.048ms
[21.232s][debug][gc,phases      ] GC(36) Weak Processing 0.594ms
[21.232s][debug][gc,age         ] GC(36) Desired survivor size 128450560 bytes, new threshold 15 (max threshold 15)
[21.232s][info ][gc,heap        ] GC(36) PSYoungGen: 1895152K(1958912K)->69984K(1971712K) Eden: 1825280K(1825280K)->0K(1842176K) From: 69872K(133632K)->69984K(129536K)
[21.232s][info ][gc,heap        ] GC(36) ParOldGen: 248131K(307712K)->248203K(307712K)
[21.232s][info ][gc,metaspace   ] GC(36) Metaspace: 63759K(64320K)->63759K(64320K) NonClass: 54685K(54976K)->54685K(54976K) Class: 9074K(9344K)->9074K(9344K)
[21.233s][info ][gc             ] GC(36) Pause Young (Allocation Failure) 2093M->310M(2226M) 53.464ms
[21.233s][info ][gc,cpu         ] GC(36) User=0.12s Sys=0.00s Real=0.05s
[21.233s][info ][safepoint      ] Safepoint "ParallelGCFailedAllocation", Time since last: 521916483 ns, Reaching safepoint: 3897380 ns, At safepoint: 53600808 ns, Total: 57498188 ns
[21.743s][info ][gc,start       ] GC(37) Pause Young (Allocation Failure)
[21.783s][debug][gc,phases      ] GC(37) Scavenge 39.876ms
[21.783s][debug][gc,ref         ] GC(37) Skipped phase 1 of Reference Processing: no references
[21.783s][debug][gc,ref         ] GC(37) Skipped phase 3 of Reference Processing: no references
[21.783s][debug][gc,phases      ] GC(37) Reference Processing 0.067ms
[21.784s][debug][gc,phases      ] GC(37) Weak Processing 0.614ms
[21.784s][debug][gc,age         ] GC(37) Desired survivor size 124256256 bytes, new threshold 15 (max threshold 15)
[21.784s][info ][gc,heap        ] GC(37) PSYoungGen: 1912160K(1971712K)->70096K(1967616K) Eden: 1842176K(1842176K)->0K(1842176K) From: 69984K(129536K)->70096K(125440K)
[21.784s][info ][gc,heap        ] GC(37) ParOldGen: 248203K(307712K)->248259K(307712K)
[21.784s][info ][gc,metaspace   ] GC(37) Metaspace: 63841K(64448K)->63841K(64448K) NonClass: 54767K(55104K)->54767K(55104K) Class: 9074K(9344K)->9074K(9344K)
[21.784s][info ][gc             ] GC(37) Pause Young (Allocation Failure) 2109M->310M(2222M) 40.724ms
[21.784s][info ][gc,cpu         ] GC(37) User=0.11s Sys=0.01s Real=0.04s
[21.784s][info ][safepoint      ] Safepoint "ParallelGCFailedAllocation", Time since last: 506110854 ns, Reaching safepoint: 4266489 ns, At safepoint: 40842643 ns, Total: 45109132 ns
[22.311s][info ][gc,start       ] GC(38) Pause Young (Allocation Failure)
[22.358s][debug][gc,phases      ] GC(38) Scavenge 46.834ms
[22.358s][debug][gc,ref         ] GC(38) Skipped phase 1 of Reference Processing: no references
[22.358s][debug][gc,ref         ] GC(38) Skipped phase 3 of Reference Processing: no references
[22.358s][debug][gc,phases      ] GC(38) Reference Processing 0.077ms
[22.359s][debug][gc,phases      ] GC(38) Weak Processing 0.679ms
[22.359s][debug][gc,age         ] GC(38) Desired survivor size 121110528 bytes, new threshold 15 (max threshold 15)
[22.359s][info ][gc,heap        ] GC(38) PSYoungGen: 1912272K(1967616K)->68480K(1978880K) Eden: 1842176K(1842176K)->0K(1857536K) From: 70096K(125440K)->68480K(121344K)
[22.359s][info ][gc,heap        ] GC(38) ParOldGen: 248259K(307712K)->249924K(307712K)
[22.359s][info ][gc,metaspace   ] GC(38) Metaspace: 63856K(64448K)->63856K(64448K) NonClass: 54782K(55104K)->54782K(55104K) Class: 9074K(9344K)->9074K(9344K)
[22.359s][info ][gc             ] GC(38) Pause Young (Allocation Failure) 2109M->310M(2233M) 47.724ms
[22.359s][info ][gc,cpu         ] GC(38) User=0.13s Sys=0.00s Real=0.05s
[22.359s][info ][safepoint      ] Safepoint "ParallelGCFailedAllocation", Time since last: 526127767 ns, Reaching safepoint: 1114823 ns, At safepoint: 47851089 ns, Total: 48965912 ns
[22.912s][info ][gc,start       ] GC(39) Pause Young (Allocation Failure)
[22.951s][debug][gc,phases      ] GC(39) Scavenge 38.392ms
[22.951s][debug][gc,ref         ] GC(39) Skipped phase 1 of Reference Processing: no references
[22.951s][debug][gc,ref         ] GC(39) Skipped phase 3 of Reference Processing: no references
[22.951s][debug][gc,phases      ] GC(39) Reference Processing 0.051ms
[22.951s][debug][gc,phases      ] GC(39) Weak Processing 0.780ms
[22.951s][debug][gc,age         ] GC(39) Desired survivor size 117440512 bytes, new threshold 15 (max threshold 15)
[22.951s][info ][gc,heap        ] GC(39) PSYoungGen: 1926016K(1978880K)->68368K(1975808K) Eden: 1857536K(1857536K)->0K(1857536K) From: 68480K(121344K)->68368K(118272K)
[22.951s][info ][gc,heap        ] GC(39) ParOldGen: 249924K(307712K)->250212K(307712K)
[22.951s][info ][gc,metaspace   ] GC(39) Metaspace: 63862K(64448K)->63862K(64448K) NonClass: 54788K(55104K)->54788K(55104K) Class: 9074K(9344K)->9074K(9344K)
[22.951s][info ][gc             ] GC(39) Pause Young (Allocation Failure) 2124M->311M(2230M) 39.388ms
[22.952s][info ][gc,cpu         ] GC(39) User=0.10s Sys=0.00s Real=0.04s
[22.952s][info ][safepoint      ] Safepoint "ParallelGCFailedAllocation", Time since last: 547398306 ns, Reaching safepoint: 5743318 ns, At safepoint: 39504616 ns, Total: 45247934 ns
[23.488s][info ][gc,start       ] GC(40) Pause Young (Allocation Failure)
[23.534s][debug][gc,phases      ] GC(40) Scavenge 45.621ms
[23.534s][debug][gc,ref         ] GC(40) Skipped phase 1 of Reference Processing: no references
[23.534s][debug][gc,ref         ] GC(40) Skipped phase 3 of Reference Processing: no references
[23.534s][debug][gc,phases      ] GC(40) Reference Processing 0.076ms
[23.535s][debug][gc,phases      ] GC(40) Weak Processing 0.724ms
[23.535s][debug][gc,age         ] GC(40) Desired survivor size 114819072 bytes, new threshold 15 (max threshold 15)
[23.535s][info ][gc,heap        ] GC(40) PSYoungGen: 1925904K(1975808K)->67760K(1985024K) Eden: 1857536K(1857536K)->0K(1870336K) From: 68368K(118272K)->67760K(114688K)
[23.535s][info ][gc,heap        ] GC(40) ParOldGen: 250212K(307712K)->250992K(307712K)
[23.535s][info ][gc,metaspace   ] GC(40) Metaspace: 63870K(64448K)->63870K(64448K) NonClass: 54796K(55104K)->54796K(55104K) Class: 9074K(9344K)->9074K(9344K)
[23.535s][info ][gc             ] GC(40) Pause Young (Allocation Failure) 2125M->311M(2239M) 46.584ms
[23.535s][info ][gc,cpu         ] GC(40) User=0.12s Sys=0.00s Real=0.04s
[23.535s][info ][safepoint      ] Safepoint "ParallelGCFailedAllocation", Time since last: 534324934 ns, Reaching safepoint: 2186045 ns, At safepoint: 46702865 ns, Total: 48888910 ns
[24.121s][info ][gc,start       ] GC(41) Pause Young (Allocation Failure)
[24.165s][debug][gc,phases      ] GC(41) Scavenge 44.328ms
[24.165s][debug][gc,ref         ] GC(41) Skipped phase 1 of Reference Processing: no references
[24.166s][debug][gc,ref         ] GC(41) Skipped phase 3 of Reference Processing: no references
[24.166s][debug][gc,phases      ] GC(41) Reference Processing 0.058ms
[24.166s][debug][gc,phases      ] GC(41) Weak Processing 0.635ms
[24.166s][debug][gc,age         ] GC(41) Desired survivor size 111673344 bytes, new threshold 15 (max threshold 15)
[24.166s][info ][gc,heap        ] GC(41) PSYoungGen: 1938096K(1985024K)->67376K(1982464K) Eden: 1870336K(1870336K)->0K(1870336K) From: 67760K(114688K)->67376K(112128K)
[24.166s][info ][gc,heap        ] GC(41) ParOldGen: 250992K(307712K)->251560K(307712K)
[24.166s][info ][gc,metaspace   ] GC(41) Metaspace: 63895K(64512K)->63895K(64512K) NonClass: 54821K(55168K)->54821K(55168K) Class: 9074K(9344K)->9074K(9344K)
[24.166s][info ][gc             ] GC(41) Pause Young (Allocation Failure) 2137M->311M(2236M) 45.158ms
[24.166s][info ][gc,cpu         ] GC(41) User=0.11s Sys=0.01s Real=0.04s
[24.166s][info ][safepoint      ] Safepoint "ParallelGCFailedAllocation", Time since last: 585255385 ns, Reaching safepoint: 995521 ns, At safepoint: 45273635 ns, Total: 46269156 ns
[24.691s][info ][gc,start       ] GC(42) Pause Young (Allocation Failure)
[24.755s][debug][gc,phases      ] GC(42) Scavenge 64.010ms
[24.755s][debug][gc,ref         ] GC(42) Skipped phase 1 of Reference Processing: no references
[24.755s][debug][gc,ref         ] GC(42) Skipped phase 3 of Reference Processing: no references
[24.755s][debug][gc,phases      ] GC(42) Reference Processing 0.065ms
[24.756s][debug][gc,phases      ] GC(42) Weak Processing 0.746ms
[24.756s][debug][gc,age         ] GC(42) Desired survivor size 109051904 bytes, new threshold 15 (max threshold 15)
[24.756s][info ][gc,heap        ] GC(42) PSYoungGen: 1937712K(1982464K)->66320K(1990656K) Eden: 1870336K(1870336K)->0K(1881600K) From: 67376K(112128K)->66320K(109056K)
[24.756s][info ][gc,heap        ] GC(42) ParOldGen: 251560K(307712K)->252762K(307712K)
[24.756s][info ][gc,metaspace   ] GC(42) Metaspace: 63896K(64512K)->63896K(64512K) NonClass: 54822K(55168K)->54822K(55168K) Class: 9074K(9344K)->9074K(9344K)
[24.756s][info ][gc             ] GC(42) Pause Young (Allocation Failure) 2137M->311M(2244M) 64.979ms
[24.756s][info ][gc,cpu         ] GC(42) User=0.11s Sys=0.01s Real=0.07s
[24.756s][info ][safepoint      ] Safepoint "ParallelGCFailedAllocation", Time since last: 516977174 ns, Reaching safepoint: 7692759 ns, At safepoint: 65106744 ns, Total: 72799503 ns
[25.321s][info ][gc,start       ] GC(43) Pause Young (Allocation Failure)
[25.359s][debug][gc,phases      ] GC(43) Scavenge 38.671ms
[25.359s][debug][gc,ref         ] GC(43) Skipped phase 1 of Reference Processing: no references
[25.359s][debug][gc,ref         ] GC(43) Skipped phase 3 of Reference Processing: no references
[25.359s][debug][gc,phases      ] GC(43) Reference Processing 0.041ms
[25.360s][debug][gc,phases      ] GC(43) Weak Processing 0.664ms
[25.360s][debug][gc,age         ] GC(43) Desired survivor size 109051904 bytes, new threshold 15 (max threshold 15)
[25.360s][info ][gc,heap        ] GC(43) PSYoungGen: 1947920K(1990656K)->52704K(1988096K) Eden: 1881600K(1881600K)->0K(1881600K) From: 66320K(109056K)->52704K(106496K)
[25.360s][info ][gc,heap        ] GC(43) ParOldGen: 252762K(307712K)->266672K(307712K)
[25.360s][info ][gc,metaspace   ] GC(43) Metaspace: 63896K(64512K)->63896K(64512K) NonClass: 54822K(55168K)->54822K(55168K) Class: 9074K(9344K)->9074K(9344K)
[25.360s][info ][gc             ] GC(43) Pause Young (Allocation Failure) 2149M->311M(2242M) 39.524ms
[25.360s][info ][gc,cpu         ] GC(43) User=0.08s Sys=0.03s Real=0.04s
[25.360s][info ][safepoint      ] Safepoint "ParallelGCFailedAllocation", Time since last: 559994361 ns, Reaching safepoint: 4563794 ns, At safepoint: 39651419 ns, Total: 44215213 ns
[25.970s][info ][gc,start       ] GC(44) Pause Young (Allocation Failure)
[26.007s][debug][gc,phases      ] GC(44) Scavenge 37.174ms
[26.007s][debug][gc,ref         ] GC(44) Skipped phase 1 of Reference Processing: no references
[26.007s][debug][gc,ref         ] GC(44) Skipped phase 3 of Reference Processing: no references
[26.007s][debug][gc,phases      ] GC(44) Reference Processing 0.055ms
[26.008s][debug][gc,phases      ] GC(44) Weak Processing 0.745ms
[26.008s][debug][gc,age         ] GC(44) Desired survivor size 113246208 bytes, new threshold 15 (max threshold 15)
[26.008s][info ][gc,heap        ] GC(44) PSYoungGen: 1934304K(1988096K)->24928K(1982464K) Eden: 1881600K(1881600K)->0K(1875968K) From: 52704K(106496K)->24928K(106496K)
[26.008s][info ][gc,heap        ] GC(44) ParOldGen: 266672K(307712K)->295239K(307712K)
[26.008s][info ][gc,metaspace   ] GC(44) Metaspace: 63992K(64576K)->63992K(64576K) NonClass: 54918K(55232K)->54918K(55232K) Class: 9074K(9344K)->9074K(9344K)
[26.008s][info ][gc             ] GC(44) Pause Young (Allocation Failure) 2149M->312M(2236M) 38.117ms
[26.008s][info ][gc,cpu         ] GC(44) User=0.07s Sys=0.03s Real=0.04s
[26.008s][debug][gc,phases      ] GC(45) Pre Compact 0.017ms
[26.008s][info ][gc,start       ] GC(45) Pause Full (Ergonomics)
[26.008s][info ][gc,phases,start] GC(45) Marking Phase
[26.165s][debug][gc,phases      ] GC(45) Par Mark 156.924ms
[26.165s][debug][gc,ref         ] GC(45) Skipped phase 1 of Reference Processing: no references
[26.166s][debug][gc,ref         ] GC(45) Skipped phase 3 of Reference Processing: no references
[26.166s][debug][gc,phases      ] GC(45) Reference Processing 0.624ms
[26.167s][debug][gc,phases      ] GC(45) Weak Processing 0.851ms
[26.167s][debug][gc,phases      ] GC(45) ClassLoaderData 0.060ms
[26.167s][debug][gc,phases      ] GC(45) Trigger cleanups 0.000ms
[26.184s][debug][gc,phases      ] GC(45) Class Unloading 17.593ms
[26.184s][info ][gc,phases      ] GC(45) Marking Phase 176.149ms
[26.184s][info ][gc,phases,start] GC(45) Summary Phase
[26.184s][info ][gc,phases      ] GC(45) Summary Phase 0.029ms
[26.184s][info ][gc,phases,start] GC(45) Adjust Roots
[26.198s][info ][gc,phases      ] GC(45) Adjust Roots 13.441ms
[26.198s][info ][gc,phases,start] GC(45) Compaction Phase
[26.299s][info ][gc,phases      ] GC(45) Compaction Phase 101.471ms
[26.299s][info ][gc,phases,start] GC(45) Post Compact
[26.301s][info ][gc,phases      ] GC(45) Post Compact 1.296ms
[26.301s][info ][gc,heap        ] GC(45) PSYoungGen: 24928K(1982464K)->0K(1986560K) Eden: 0K(1875968K)->0K(1875968K) From: 24928K(106496K)->0K(110592K)
[26.301s][info ][gc,heap        ] GC(45) ParOldGen: 295239K(307712K)->259373K(322560K)
[26.301s][info ][gc,metaspace   ] GC(45) Metaspace: 63992K(64576K)->63992K(64576K) NonClass: 54918K(55232K)->54918K(55232K) Class: 9074K(9344K)->9074K(9344K)
[26.301s][info ][gc             ] GC(45) Pause Full (Ergonomics) 312M->253M(2255M) 292.629ms
[26.301s][info ][gc,cpu         ] GC(45) User=0.93s Sys=0.00s Real=0.29s
[26.301s][info ][safepoint      ] Safepoint "ParallelGCFailedAllocation", Time since last: 602685842 ns, Reaching safepoint: 7049445 ns, At safepoint: 330943631 ns, Total: 337993076 ns
[26.686s][info ][gc,start       ] GC(46) Pause Young (Allocation Failure)
[26.688s][debug][gc,phases      ] GC(46) Scavenge 1.127ms
[26.688s][debug][gc,ref         ] GC(46) Skipped phase 1 of Reference Processing: no references
[26.688s][debug][gc,ref         ] GC(46) Skipped phase 2 of Reference Processing: no references
[26.688s][debug][gc,ref         ] GC(46) Skipped phase 3 of Reference Processing: no references
[26.688s][debug][gc,ref         ] GC(46) Skipped phase 4 of Reference Processing: no references
[26.688s][debug][gc,phases      ] GC(46) Reference Processing 0.022ms
[26.688s][debug][gc,phases      ] GC(46) Weak Processing 0.497ms
[26.688s][debug][gc,age         ] GC(46) Desired survivor size 120061952 bytes, new threshold 15 (max threshold 15)
[26.688s][info ][gc,heap        ] GC(46) PSYoungGen: 1875968K(1986560K)->352K(1973248K) Eden: 1875968K(1875968K)->0K(1862656K) From: 0K(110592K)->352K(110592K)
[26.688s][info ][gc,heap        ] GC(46) ParOldGen: 259373K(322560K)->259373K(322560K)
[26.688s][info ][gc,metaspace   ] GC(46) Metaspace: 63992K(64576K)->63992K(64576K) NonClass: 54918K(55232K)->54918K(55232K) Class: 9074K(9344K)->9074K(9344K)
[26.688s][info ][gc             ] GC(46) Pause Young (Allocation Failure) 2085M->253M(2242M) 1.759ms
[26.688s][info ][gc,cpu         ] GC(46) User=0.00s Sys=0.00s Real=0.01s
[26.688s][info ][safepoint      ] Safepoint "ParallelGCFailedAllocation", Time since last: 385211351 ns, Reaching safepoint: 150603 ns, At safepoint: 1852138 ns, Total: 2002741 ns
[27.042s][info ][gc,start       ] GC(47) Pause Young (Allocation Failure)
[27.043s][debug][gc,phases      ] GC(47) Scavenge 1.167ms
[27.043s][debug][gc,ref         ] GC(47) Skipped phase 1 of Reference Processing: no references
[27.043s][debug][gc,ref         ] GC(47) Skipped phase 2 of Reference Processing: no references
[27.043s][debug][gc,ref         ] GC(47) Skipped phase 3 of Reference Processing: no references
[27.044s][debug][gc,ref         ] GC(47) Skipped phase 4 of Reference Processing: no references
[27.044s][debug][gc,phases      ] GC(47) Reference Processing 0.023ms
[27.044s][debug][gc,phases      ] GC(47) Weak Processing 0.541ms
[27.044s][debug][gc,age         ] GC(47) Desired survivor size 124256256 bytes, new threshold 15 (max threshold 15)
[27.044s][info ][gc,heap        ] GC(47) PSYoungGen: 1863008K(1973248K)->544K(1863680K) Eden: 1862656K(1862656K)->0K(1862656K) From: 352K(110592K)->544K(1024K)
[27.044s][info ][gc,heap        ] GC(47) ParOldGen: 259373K(322560K)->259381K(322560K)
[27.044s][info ][gc,metaspace   ] GC(47) Metaspace: 64046K(64640K)->64046K(64640K) NonClass: 54972K(55296K)->54972K(55296K) Class: 9074K(9344K)->9074K(9344K)
[27.044s][info ][gc             ] GC(47) Pause Young (Allocation Failure) 2072M->253M(2135M) 1.847ms
[27.044s][info ][gc,cpu         ] GC(47) User=0.00s Sys=0.00s Real=0.00s
[27.044s][info ][safepoint      ] Safepoint "ParallelGCFailedAllocation", Time since last: 353896105 ns, Reaching safepoint: 149203 ns, At safepoint: 1953740 ns, Total: 2102943 ns
[27.468s][info ][gc,start       ] GC(48) Pause Young (Allocation Failure)
[27.475s][debug][gc,phases      ] GC(48) Scavenge 6.641ms
[27.475s][debug][gc,ref         ] GC(48) Skipped phase 1 of Reference Processing: no references
[27.475s][debug][gc,ref         ] GC(48) Skipped phase 3 of Reference Processing: no references
[27.475s][debug][gc,phases      ] GC(48) Reference Processing 0.024ms
[27.475s][debug][gc,phases      ] GC(48) Weak Processing 0.567ms
[27.475s][debug][gc,age         ] GC(48) Desired survivor size 126353408 bytes, new threshold 15 (max threshold 15)
[27.475s][info ][gc,heap        ] GC(48) PSYoungGen: 1863200K(1863680K)->1088K(1971712K) Eden: 1862656K(1862656K)->0K(1850368K) From: 544K(1024K)->1088K(121344K)
[27.475s][info ][gc,heap        ] GC(48) ParOldGen: 259381K(322560K)->259381K(322560K)
[27.475s][info ][gc,metaspace   ] GC(48) Metaspace: 64048K(64640K)->64048K(64640K) NonClass: 54973K(55296K)->54973K(55296K) Class: 9075K(9344K)->9075K(9344K)
[27.475s][info ][gc             ] GC(48) Pause Young (Allocation Failure) 2072M->254M(2240M) 7.384ms
[27.475s][info ][gc,cpu         ] GC(48) User=0.02s Sys=0.00s Real=0.01s
[27.475s][info ][safepoint      ] Safepoint "ParallelGCFailedAllocation", Time since last: 420526879 ns, Reaching safepoint: 3277267 ns, At safepoint: 7514755 ns, Total: 10792022 ns
[27.970s][info ][gc,start       ] GC(49) Pause Young (Allocation Failure)
[27.979s][debug][gc,phases      ] GC(49) Scavenge 8.914ms
[27.979s][debug][gc,ref         ] GC(49) Skipped phase 1 of Reference Processing: no references
[27.979s][debug][gc,ref         ] GC(49) Skipped phase 2 of Reference Processing: no references
[27.979s][debug][gc,ref         ] GC(49) Skipped phase 3 of Reference Processing: no references
[27.979s][debug][gc,ref         ] GC(49) Skipped phase 4 of Reference Processing: no references
[27.979s][debug][gc,phases      ] GC(49) Reference Processing 0.031ms
[27.980s][debug][gc,phases      ] GC(49) Weak Processing 0.716ms
[27.980s][debug][gc,age         ] GC(49) Desired survivor size 126877696 bytes, new threshold 15 (max threshold 15)
[27.980s][info ][gc,heap        ] GC(49) PSYoungGen: 1851456K(1971712K)->2656K(1853440K) Eden: 1850368K(1850368K)->0K(1850368K) From: 1088K(121344K)->2656K(3072K)
[27.980s][info ][gc,heap        ] GC(49) ParOldGen: 259381K(322560K)->259381K(322560K)
[27.980s][info ][gc,metaspace   ] GC(49) Metaspace: 64052K(64640K)->64052K(64640K) NonClass: 54977K(55296K)->54977K(55296K) Class: 9075K(9344K)->9075K(9344K)
[27.980s][info ][gc             ] GC(49) Pause Young (Allocation Failure) 2061M->255M(2125M) 9.827ms
[27.980s][info ][gc,cpu         ] GC(49) User=0.01s Sys=0.00s Real=0.01s
[27.980s][info ][safepoint      ] Safepoint "ParallelGCFailedAllocation", Time since last: 488775987 ns, Reaching safepoint: 5460013 ns, At safepoint: 9963306 ns, Total: 15423319 ns
[28.523s][info ][gc,start       ] GC(50) Pause Young (Allocation Failure)
[28.526s][debug][gc,phases      ] GC(50) Scavenge 3.067ms
[28.526s][debug][gc,ref         ] GC(50) Skipped phase 1 of Reference Processing: no references
[28.526s][debug][gc,ref         ] GC(50) Skipped phase 2 of Reference Processing: no references
[28.526s][debug][gc,ref         ] GC(50) Skipped phase 3 of Reference Processing: no references
[28.526s][debug][gc,ref         ] GC(50) Skipped phase 4 of Reference Processing: no references
[28.526s][debug][gc,phases      ] GC(50) Reference Processing 0.030ms
[28.527s][debug][gc,phases      ] GC(50) Weak Processing 0.629ms
[28.527s][debug][gc,age         ] GC(50) Desired survivor size 125829120 bytes, new threshold 15 (max threshold 15)
[28.527s][info ][gc,heap        ] GC(50) PSYoungGen: 1853024K(1853440K)->2816K(1974272K) Eden: 1850368K(1850368K)->0K(1850368K) From: 2656K(3072K)->2816K(123904K)
[28.527s][info ][gc,heap        ] GC(50) ParOldGen: 259381K(322560K)->259381K(322560K)
[28.527s][info ][gc,metaspace   ] GC(50) Metaspace: 64080K(64640K)->64080K(64640K) NonClass: 55005K(55296K)->55005K(55296K) Class: 9075K(9344K)->9075K(9344K)
[28.527s][info ][gc             ] GC(50) Pause Young (Allocation Failure) 2062M->256M(2243M) 3.913ms
[28.527s][info ][gc,cpu         ] GC(50) User=0.02s Sys=0.00s Real=0.01s
[28.527s][info ][safepoint      ] Safepoint "ParallelGCFailedAllocation", Time since last: 539009122 ns, Reaching safepoint: 4304888 ns, At safepoint: 4059384 ns, Total: 8364272 ns
[28.982s][info ][gc,start       ] GC(51) Pause Young (Allocation Failure)
[28.988s][debug][gc,phases      ] GC(51) Scavenge 6.409ms
[28.988s][debug][gc,ref         ] GC(51) Skipped phase 1 of Reference Processing: no references
[28.988s][debug][gc,ref         ] GC(51) Skipped phase 3 of Reference Processing: no references
[28.988s][debug][gc,ref         ] GC(51) Skipped phase 4 of Reference Processing: no references
[28.988s][debug][gc,phases      ] GC(51) Reference Processing 0.030ms
[28.989s][debug][gc,phases      ] GC(51) Weak Processing 0.677ms
[28.989s][debug][gc,age         ] GC(51) Desired survivor size 123731968 bytes, new threshold 15 (max threshold 15)
[28.989s][info ][gc,heap        ] GC(51) PSYoungGen: 1853184K(1974272K)->3040K(1973248K) Eden: 1850368K(1850368K)->0K(1850368K) From: 2816K(123904K)->3040K(122880K)
[28.989s][info ][gc,heap        ] GC(51) ParOldGen: 259381K(322560K)->259381K(322560K)
[28.989s][info ][gc,metaspace   ] GC(51) Metaspace: 64080K(64640K)->64080K(64640K) NonClass: 55005K(55296K)->55005K(55296K) Class: 9075K(9344K)->9075K(9344K)
[28.989s][info ][gc             ] GC(51) Pause Young (Allocation Failure) 2063M->256M(2242M) 7.277ms
[28.989s][info ][gc,cpu         ] GC(51) User=0.01s Sys=0.00s Real=0.01s
[28.989s][info ][safepoint      ] Safepoint "ParallelGCFailedAllocation", Time since last: 450383993 ns, Reaching safepoint: 4300489 ns, At safepoint: 7406653 ns, Total: 11707142 ns
[29.410s][info ][gc,start       ] GC(52) Pause Young (Allocation Failure)
[29.413s][debug][gc,phases      ] GC(52) Scavenge 2.956ms
[29.413s][debug][gc,ref         ] GC(52) Skipped phase 1 of Reference Processing: no references
[29.413s][debug][gc,ref         ] GC(52) Skipped phase 2 of Reference Processing: no references
[29.413s][debug][gc,ref         ] GC(52) Skipped phase 3 of Reference Processing: no references
[29.413s][debug][gc,ref         ] GC(52) Skipped phase 4 of Reference Processing: no references
[29.413s][debug][gc,phases      ] GC(52) Reference Processing 0.025ms
[29.414s][debug][gc,phases      ] GC(52) Weak Processing 0.562ms
[29.414s][debug][gc,age         ] GC(52) Desired survivor size 120586240 bytes, new threshold 15 (max threshold 15)
[29.414s][info ][gc,heap        ] GC(52) PSYoungGen: 1853408K(1973248K)->3264K(1979392K) Eden: 1850368K(1850368K)->0K(1858560K) From: 3040K(122880K)->3264K(120832K)
[29.414s][info ][gc,heap        ] GC(52) ParOldGen: 259381K(322560K)->259381K(322560K)
[29.414s][info ][gc,metaspace   ] GC(52) Metaspace: 64082K(64640K)->64082K(64640K) NonClass: 55007K(55296K)->55007K(55296K) Class: 9075K(9344K)->9075K(9344K)
[29.414s][info ][gc             ] GC(52) Pause Young (Allocation Failure) 2063M->256M(2248M) 3.683ms
[29.414s][info ][gc,cpu         ] GC(52) User=0.02s Sys=0.00s Real=0.00s
[29.414s][info ][safepoint      ] Safepoint "ParallelGCFailedAllocation", Time since last: 420607377 ns, Reaching safepoint: 347007 ns, At safepoint: 3804379 ns, Total: 4151386 ns
[29.847s][info ][gc,start       ] GC(53) Pause Young (Allocation Failure)
[29.850s][debug][gc,phases      ] GC(53) Scavenge 3.035ms
[29.850s][debug][gc,ref         ] GC(53) Skipped phase 1 of Reference Processing: no references
[29.850s][debug][gc,ref         ] GC(53) Skipped phase 2 of Reference Processing: no references
[29.850s][debug][gc,ref         ] GC(53) Skipped phase 3 of Reference Processing: no references
[29.850s][debug][gc,ref         ] GC(53) Skipped phase 4 of Reference Processing: no references
[29.850s][debug][gc,phases      ] GC(53) Reference Processing 0.030ms
[29.851s][debug][gc,phases      ] GC(53) Weak Processing 0.626ms
[29.851s][debug][gc,age         ] GC(53) Desired survivor size 116916224 bytes, new threshold 15 (max threshold 15)
[29.851s][info ][gc,heap        ] GC(53) PSYoungGen: 1861824K(1979392K)->3488K(1976320K) Eden: 1858560K(1858560K)->0K(1858560K) From: 3264K(120832K)->3488K(117760K)
[29.851s][info ][gc,heap        ] GC(53) ParOldGen: 259381K(322560K)->259381K(322560K)
[29.851s][info ][gc,metaspace   ] GC(53) Metaspace: 64087K(64704K)->64087K(64704K) NonClass: 55012K(55360K)->55012K(55360K) Class: 9075K(9344K)->9075K(9344K)
[29.851s][info ][gc             ] GC(53) Pause Young (Allocation Failure) 2071M->256M(2245M) 3.868ms
[29.851s][info ][gc,cpu         ] GC(53) User=0.01s Sys=0.00s Real=0.00s
[29.851s][info ][safepoint      ] Safepoint "ParallelGCFailedAllocation", Time since last: 432862430 ns, Reaching safepoint: 163104 ns, At safepoint: 4017782 ns, Total: 4180886 ns
[30.253s][info ][gc,start       ] GC(54) Pause Young (Allocation Failure)
[30.256s][debug][gc,phases      ] GC(54) Scavenge 3.150ms
[30.256s][debug][gc,ref         ] GC(54) Skipped phase 1 of Reference Processing: no references
[30.256s][debug][gc,ref         ] GC(54) Skipped phase 2 of Reference Processing: no references
[30.256s][debug][gc,ref         ] GC(54) Skipped phase 3 of Reference Processing: no references
[30.256s][debug][gc,ref         ] GC(54) Skipped phase 4 of Reference Processing: no references
[30.256s][debug][gc,phases      ] GC(54) Reference Processing 0.022ms
[30.256s][debug][gc,phases      ] GC(54) Weak Processing 0.507ms
[30.256s][debug][gc,age         ] GC(54) Desired survivor size 112721920 bytes, new threshold 15 (max threshold 15)
[30.256s][info ][gc,heap        ] GC(54) PSYoungGen: 1862048K(1976320K)->4032K(1987072K) Eden: 1858560K(1858560K)->0K(1872896K) From: 3488K(117760K)->4032K(114176K)
[30.256s][info ][gc,heap        ] GC(54) ParOldGen: 259381K(322560K)->259381K(322560K)
[30.256s][info ][gc,metaspace   ] GC(54) Metaspace: 64151K(64704K)->64151K(64704K) NonClass: 55075K(55360K)->55075K(55360K) Class: 9075K(9344K)->9075K(9344K)
[30.256s][info ][gc             ] GC(54) Pause Young (Allocation Failure) 2071M->257M(2255M) 3.805ms
[30.256s][info ][gc,cpu         ] GC(54) User=0.01s Sys=0.00s Real=0.01s
[30.257s][info ][safepoint      ] Safepoint "ParallelGCFailedAllocation", Time since last: 401526683 ns, Reaching safepoint: 149003 ns, At safepoint: 3907681 ns, Total: 4056684 ns
[30.641s][info ][gc,start       ] GC(55) Pause Young (Allocation Failure)
[30.645s][debug][gc,phases      ] GC(55) Scavenge 4.045ms
[30.645s][debug][gc,ref         ] GC(55) Skipped phase 1 of Reference Processing: no references
[30.645s][debug][gc,ref         ] GC(55) Skipped phase 2 of Reference Processing: no references
[30.645s][debug][gc,ref         ] GC(55) Skipped phase 3 of Reference Processing: no references
[30.645s][debug][gc,ref         ] GC(55) Skipped phase 4 of Reference Processing: no references
[30.645s][debug][gc,phases      ] GC(55) Reference Processing 0.030ms
[30.646s][debug][gc,phases      ] GC(55) Weak Processing 0.571ms
[30.646s][debug][gc,age         ] GC(55) Desired survivor size 108003328 bytes, new threshold 15 (max threshold 15)
[30.646s][info ][gc,heap        ] GC(55) PSYoungGen: 1876928K(1987072K)->4832K(1982976K) Eden: 1872896K(1872896K)->0K(1872896K) From: 4032K(114176K)->4832K(110080K)
[30.646s][info ][gc,heap        ] GC(55) ParOldGen: 259381K(322560K)->259381K(322560K)
[30.646s][info ][gc,metaspace   ] GC(55) Metaspace: 64151K(64704K)->64151K(64704K) NonClass: 55075K(55360K)->55075K(55360K) Class: 9075K(9344K)->9075K(9344K)
[30.646s][info ][gc             ] GC(55) Pause Young (Allocation Failure) 2086M->258M(2251M) 4.786ms
[30.646s][info ][gc,cpu         ] GC(55) User=0.02s Sys=0.00s Real=0.00s
[30.646s][info ][safepoint      ] Safepoint "ParallelGCFailedAllocation", Time since last: 384139824 ns, Reaching safepoint: 144203 ns, At safepoint: 4894101 ns, Total: 5038304 ns
[31.027s][info ][gc,start       ] GC(56) Pause Young (Allocation Failure)
[31.032s][debug][gc,phases      ] GC(56) Scavenge 5.273ms
[31.032s][debug][gc,ref         ] GC(56) Skipped phase 1 of Reference Processing: no references
[31.032s][debug][gc,ref         ] GC(56) Skipped phase 2 of Reference Processing: no references
[31.032s][debug][gc,ref         ] GC(56) Skipped phase 3 of Reference Processing: no references
[31.032s][debug][gc,ref         ] GC(56) Skipped phase 4 of Reference Processing: no references
[31.032s][debug][gc,phases      ] GC(56) Reference Processing 0.042ms
[31.033s][debug][gc,phases      ] GC(56) Weak Processing 0.560ms
[31.033s][debug][gc,age         ] GC(56) Desired survivor size 103284736 bytes, new threshold 15 (max threshold 15)
[31.033s][info ][gc,heap        ] GC(56) PSYoungGen: 1877728K(1982976K)->5888K(1996288K) Eden: 1872896K(1872896K)->0K(1890816K) From: 4832K(110080K)->5888K(105472K)
[31.033s][info ][gc,heap        ] GC(56) ParOldGen: 259381K(322560K)->259389K(322560K)
[31.033s][info ][gc,metaspace   ] GC(56) Metaspace: 64152K(64704K)->64152K(64704K) NonClass: 55076K(55360K)->55076K(55360K) Class: 9075K(9344K)->9075K(9344K)
[31.033s][info ][gc             ] GC(56) Pause Young (Allocation Failure) 2087M->259M(2264M) 6.020ms
[31.033s][info ][gc,cpu         ] GC(56) User=0.02s Sys=0.00s Real=0.01s
[31.033s][info ][safepoint      ] Safepoint "ParallelGCFailedAllocation", Time since last: 380697352 ns, Reaching safepoint: 156204 ns, At safepoint: 6142826 ns, Total: 6299030 ns
[31.464s][info ][gc,start       ] GC(57) Pause Young (Allocation Failure)
[31.470s][debug][gc,phases      ] GC(57) Scavenge 6.153ms
[31.470s][debug][gc,ref         ] GC(57) Skipped phase 1 of Reference Processing: no references
[31.470s][debug][gc,ref         ] GC(57) Skipped phase 2 of Reference Processing: no references
[31.470s][debug][gc,ref         ] GC(57) Skipped phase 3 of Reference Processing: no references
[31.470s][debug][gc,ref         ] GC(57) Skipped phase 4 of Reference Processing: no references
[31.470s][debug][gc,phases      ] GC(57) Reference Processing 0.025ms
[31.471s][debug][gc,phases      ] GC(57) Weak Processing 0.564ms
[31.471s][debug][gc,age         ] GC(57) Desired survivor size 98041856 bytes, new threshold 15 (max threshold 15)
[31.471s][info ][gc,heap        ] GC(57) PSYoungGen: 1896704K(1996288K)->7200K(1991680K) Eden: 1890816K(1890816K)->0K(1890816K) From: 5888K(105472K)->7200K(100864K)
[31.471s][info ][gc,heap        ] GC(57) ParOldGen: 259389K(322560K)->259389K(322560K)
[31.471s][info ][gc,metaspace   ] GC(57) Metaspace: 64152K(64704K)->64152K(64704K) NonClass: 55076K(55360K)->55076K(55360K) Class: 9075K(9344K)->9075K(9344K)
[31.471s][info ][gc             ] GC(57) Pause Young (Allocation Failure) 2105M->260M(2260M) 6.885ms
[31.471s][info ][gc,cpu         ] GC(57) User=0.03s Sys=0.00s Real=0.01s
[31.471s][info ][safepoint      ] Safepoint "ParallelGCFailedAllocation", Time since last: 430898187 ns, Reaching safepoint: 333507 ns, At safepoint: 7014045 ns, Total: 7347552 ns
[31.854s][info ][gc,start       ] GC(58) Pause Young (Allocation Failure)
[31.860s][debug][gc,phases      ] GC(58) Scavenge 6.268ms
[31.860s][debug][gc,ref         ] GC(58) Skipped phase 1 of Reference Processing: no references
[31.860s][debug][gc,ref         ] GC(58) Skipped phase 2 of Reference Processing: no references
[31.860s][debug][gc,ref         ] GC(58) Skipped phase 3 of Reference Processing: no references
[31.860s][debug][gc,ref         ] GC(58) Skipped phase 4 of Reference Processing: no references
[31.860s][debug][gc,phases      ] GC(58) Reference Processing 0.024ms
[31.861s][debug][gc,phases      ] GC(58) Weak Processing 0.527ms
[31.861s][debug][gc,age         ] GC(58) Desired survivor size 92798976 bytes, new threshold 15 (max threshold 15)
[31.861s][info ][gc,heap        ] GC(58) PSYoungGen: 1898016K(1991680K)->7424K(2006528K) Eden: 1890816K(1890816K)->0K(1910784K) From: 7200K(100864K)->7424K(95744K)
[31.861s][info ][gc,heap        ] GC(58) ParOldGen: 259389K(322560K)->259389K(322560K)
[31.861s][info ][gc,metaspace   ] GC(58) Metaspace: 64152K(64704K)->64152K(64704K) NonClass: 55076K(55360K)->55076K(55360K) Class: 9075K(9344K)->9075K(9344K)
[31.861s][info ][gc             ] GC(58) Pause Young (Allocation Failure) 2106M->260M(2274M) 6.969ms
[31.861s][info ][gc,cpu         ] GC(58) User=0.03s Sys=0.00s Real=0.01s
[31.861s][info ][safepoint      ] Safepoint "ParallelGCFailedAllocation", Time since last: 382943398 ns, Reaching safepoint: 136203 ns, At safepoint: 7083546 ns, Total: 7219749 ns
[32.331s][info ][gc,start       ] GC(59) Pause Young (Allocation Failure)
[32.347s][debug][gc,phases      ] GC(59) Scavenge 15.800ms
[32.347s][debug][gc,ref         ] GC(59) Skipped phase 1 of Reference Processing: no references
[32.347s][debug][gc,ref         ] GC(59) Skipped phase 2 of Reference Processing: no references
[32.347s][debug][gc,ref         ] GC(59) Skipped phase 3 of Reference Processing: no references
[32.347s][debug][gc,ref         ] GC(59) Skipped phase 4 of Reference Processing: no references
[32.347s][debug][gc,phases      ] GC(59) Reference Processing 0.025ms
[32.347s][debug][gc,phases      ] GC(59) Weak Processing 0.614ms
[32.347s][debug][gc,age         ] GC(59) Desired survivor size 86507520 bytes, new threshold 15 (max threshold 15)
[32.347s][info ][gc,heap        ] GC(59) PSYoungGen: 1918208K(2006528K)->16448K(2001408K) Eden: 1910784K(1910784K)->0K(1910784K) From: 7424K(95744K)->16448K(90624K)
[32.347s][info ][gc,heap        ] GC(59) ParOldGen: 259389K(322560K)->259389K(322560K)
[32.347s][info ][gc,metaspace   ] GC(59) Metaspace: 64152K(64704K)->64152K(64704K) NonClass: 55076K(55360K)->55076K(55360K) Class: 9075K(9344K)->9075K(9344K)
[32.347s][info ][gc             ] GC(59) Pause Young (Allocation Failure) 2126M->269M(2269M) 16.595ms
[32.347s][info ][gc,cpu         ] GC(59) User=0.05s Sys=0.01s Real=0.02s
[32.347s][info ][safepoint      ] Safepoint "ParallelGCFailedAllocation", Time since last: 466351717 ns, Reaching safepoint: 3261467 ns, At safepoint: 16716345 ns, Total: 19977812 ns
[32.719s][info ][gc,start       ] GC(60) Pause Young (Allocation Failure)
[32.731s][debug][gc,phases      ] GC(60) Scavenge 12.250ms
[32.731s][debug][gc,ref         ] GC(60) Skipped phase 1 of Reference Processing: no references
[32.731s][debug][gc,ref         ] GC(60) Skipped phase 2 of Reference Processing: no references
[32.731s][debug][gc,ref         ] GC(60) Skipped phase 3 of Reference Processing: no references
[32.731s][debug][gc,ref         ] GC(60) Skipped phase 4 of Reference Processing: no references
[32.731s][debug][gc,phases      ] GC(60) Reference Processing 0.025ms
[32.732s][debug][gc,phases      ] GC(60) Weak Processing 0.565ms
[32.732s][debug][gc,age         ] GC(60) Desired survivor size 80216064 bytes, new threshold 15 (max threshold 15)
[32.732s][info ][gc,heap        ] GC(60) PSYoungGen: 1927232K(2001408K)->17888K(2018816K) Eden: 1910784K(1910784K)->0K(1934336K) From: 16448K(90624K)->17888K(84480K)
[32.732s][info ][gc,heap        ] GC(60) ParOldGen: 259389K(322560K)->259389K(322560K)
[32.732s][info ][gc,metaspace   ] GC(60) Metaspace: 64152K(64704K)->64152K(64704K) NonClass: 55076K(55360K)->55076K(55360K) Class: 9075K(9344K)->9075K(9344K)
[32.732s][info ][gc             ] GC(60) Pause Young (Allocation Failure) 2135M->270M(2286M) 12.977ms
[32.732s][info ][gc,cpu         ] GC(60) User=0.04s Sys=0.01s Real=0.01s
[32.732s][info ][safepoint      ] Safepoint "ParallelGCFailedAllocation", Time since last: 371302156 ns, Reaching safepoint: 174404 ns, At safepoint: 13096770 ns, Total: 13271174 ns
[33.135s][info ][gc,start       ] GC(61) Pause Young (Allocation Failure)
[33.148s][debug][gc,phases      ] GC(61) Scavenge 12.808ms
[33.148s][debug][gc,ref         ] GC(61) Skipped phase 1 of Reference Processing: no references
[33.148s][debug][gc,ref         ] GC(61) Skipped phase 2 of Reference Processing: no references
[33.148s][debug][gc,ref         ] GC(61) Skipped phase 3 of Reference Processing: no references
[33.148s][debug][gc,ref         ] GC(61) Skipped phase 4 of Reference Processing: no references
[33.148s][debug][gc,phases      ] GC(61) Reference Processing 0.030ms
[33.149s][debug][gc,phases      ] GC(61) Weak Processing 0.561ms
[33.149s][debug][gc,age         ] GC(61) Desired survivor size 74448896 bytes, new threshold 15 (max threshold 15)
[33.149s][info ][gc,heap        ] GC(61) PSYoungGen: 1952224K(2018816K)->17920K(2012672K) Eden: 1934336K(1934336K)->0K(1934336K) From: 17888K(84480K)->17920K(78336K)
[33.149s][info ][gc,heap        ] GC(61) ParOldGen: 259389K(322560K)->259589K(322560K)
[33.149s][info ][gc,metaspace   ] GC(61) Metaspace: 64152K(64704K)->64152K(64704K) NonClass: 55076K(55360K)->55076K(55360K) Class: 9075K(9344K)->9075K(9344K)
[33.149s][info ][gc             ] GC(61) Pause Young (Allocation Failure) 2159M->271M(2280M) 13.574ms
[33.149s][info ][gc,cpu         ] GC(61) User=0.05s Sys=0.00s Real=0.01s
[33.149s][info ][safepoint      ] Safepoint "ParallelGCFailedAllocation", Time since last: 400991968 ns, Reaching safepoint: 2164345 ns, At safepoint: 13695782 ns, Total: 15860127 ns
[33.502s][info ][gc,start       ] GC(62) Pause Young (Allocation Failure)
[33.515s][debug][gc,phases      ] GC(62) Scavenge 12.771ms
[33.515s][debug][gc,ref         ] GC(62) Skipped phase 1 of Reference Processing: no references
[33.515s][debug][gc,ref         ] GC(62) Skipped phase 2 of Reference Processing: no references
[33.515s][debug][gc,ref         ] GC(62) Skipped phase 3 of Reference Processing: no references
[33.515s][debug][gc,ref         ] GC(62) Skipped phase 4 of Reference Processing: no references
[33.515s][debug][gc,phases      ] GC(62) Reference Processing 0.030ms
[33.516s][debug][gc,phases      ] GC(62) Weak Processing 0.681ms
[33.516s][debug][gc,age         ] GC(62) Desired survivor size 69206016 bytes, new threshold 15 (max threshold 15)
[33.516s][info ][gc,heap        ] GC(62) PSYoungGen: 1952256K(2012672K)->18016K(2029568K) Eden: 1934336K(1934336K)->0K(1956864K) From: 17920K(78336K)->18016K(72704K)
[33.516s][info ][gc,heap        ] GC(62) ParOldGen: 259589K(322560K)->259813K(322560K)
[33.516s][info ][gc,metaspace   ] GC(62) Metaspace: 64152K(64704K)->64152K(64704K) NonClass: 55076K(55360K)->55076K(55360K) Class: 9075K(9344K)->9075K(9344K)
[33.516s][info ][gc             ] GC(62) Pause Young (Allocation Failure) 2160M->271M(2297M) 13.645ms
[33.516s][info ][gc,cpu         ] GC(62) User=0.05s Sys=0.00s Real=0.02s
[33.516s][info ][safepoint      ] Safepoint "ParallelGCFailedAllocation", Time since last: 353216383 ns, Reaching safepoint: 51001 ns, At safepoint: 13775384 ns, Total: 13826385 ns
[33.909s][info ][gc,start       ] GC(63) Pause Young (Allocation Failure)
[33.922s][debug][gc,phases      ] GC(63) Scavenge 12.524ms
[33.922s][debug][gc,ref         ] GC(63) Skipped phase 1 of Reference Processing: no references
[33.922s][debug][gc,ref         ] GC(63) Skipped phase 2 of Reference Processing: no references
[33.922s][debug][gc,ref         ] GC(63) Skipped phase 3 of Reference Processing: no references
[33.922s][debug][gc,ref         ] GC(63) Skipped phase 4 of Reference Processing: no references
[33.922s][debug][gc,phases      ] GC(63) Reference Processing 0.028ms
[33.923s][debug][gc,phases      ] GC(63) Weak Processing 0.640ms
[33.923s][debug][gc,age         ] GC(63) Desired survivor size 64487424 bytes, new threshold 15 (max threshold 15)
[33.923s][info ][gc,heap        ] GC(63) PSYoungGen: 1974880K(2029568K)->17760K(2024448K) Eden: 1956864K(1956864K)->0K(1956864K) From: 18016K(72704K)->17760K(67584K)
[33.923s][info ][gc,heap        ] GC(63) ParOldGen: 259813K(322560K)->260341K(322560K)
[33.923s][info ][gc,metaspace   ] GC(63) Metaspace: 64152K(64704K)->64152K(64704K) NonClass: 55076K(55360K)->55076K(55360K) Class: 9075K(9344K)->9075K(9344K)
[33.923s][info ][gc             ] GC(63) Pause Young (Allocation Failure) 2182M->271M(2292M) 13.357ms
[33.923s][info ][gc,cpu         ] GC(63) User=0.05s Sys=0.00s Real=0.01s
[33.923s][info ][safepoint      ] Safepoint "ParallelGCFailedAllocation", Time since last: 393230807 ns, Reaching safepoint: 127503 ns, At safepoint: 13483878 ns, Total: 13611381 ns
[34.328s][info ][gc,start       ] GC(64) Pause Young (Allocation Failure)
[34.339s][debug][gc,phases      ] GC(64) Scavenge 11.241ms
[34.339s][debug][gc,ref         ] GC(64) Skipped phase 1 of Reference Processing: no references
[34.339s][debug][gc,ref         ] GC(64) Skipped phase 3 of Reference Processing: no references
[34.339s][debug][gc,ref         ] GC(64) Skipped phase 4 of Reference Processing: no references
[34.339s][debug][gc,phases      ] GC(64) Reference Processing 0.043ms
[34.340s][debug][gc,phases      ] GC(64) Weak Processing 0.597ms
[34.340s][debug][gc,age         ] GC(64) Desired survivor size 60293120 bytes, new threshold 15 (max threshold 15)
[34.340s][info ][gc,heap        ] GC(64) PSYoungGen: 1974624K(2024448K)->16512K(2038272K) Eden: 1956864K(1956864K)->0K(1975296K) From: 17760K(67584K)->16512K(62976K)
[34.340s][info ][gc,heap        ] GC(64) ParOldGen: 260341K(322560K)->261933K(322560K)
[34.340s][info ][gc,metaspace   ] GC(64) Metaspace: 64152K(64704K)->64152K(64704K) NonClass: 55076K(55360K)->55076K(55360K) Class: 9075K(9344K)->9075K(9344K)
[34.340s][info ][gc             ] GC(64) Pause Young (Allocation Failure) 2182M->271M(2305M) 12.028ms
[34.340s][info ][gc,cpu         ] GC(64) User=0.04s Sys=0.00s Real=0.01s
[34.340s][info ][safepoint      ] Safepoint "ParallelGCFailedAllocation", Time since last: 401851484 ns, Reaching safepoint: 3203566 ns, At safepoint: 12144250 ns, Total: 15347816 ns
[34.740s][info ][gc,start       ] GC(65) Pause Young (Allocation Failure)
[34.751s][debug][gc,phases      ] GC(65) Scavenge 11.345ms
[34.751s][debug][gc,ref         ] GC(65) Skipped phase 1 of Reference Processing: no references
[34.751s][debug][gc,ref         ] GC(65) Skipped phase 2 of Reference Processing: no references
[34.751s][debug][gc,ref         ] GC(65) Skipped phase 3 of Reference Processing: no references
[34.751s][debug][gc,ref         ] GC(65) Skipped phase 4 of Reference Processing: no references
[34.751s][debug][gc,phases      ] GC(65) Reference Processing 0.037ms
[34.752s][debug][gc,phases      ] GC(65) Weak Processing 0.613ms
[34.752s][debug][gc,age         ] GC(65) Desired survivor size 56623104 bytes, new threshold 15 (max threshold 15)
[34.752s][info ][gc,heap        ] GC(65) PSYoungGen: 1991808K(2038272K)->16608K(2034176K) Eden: 1975296K(1975296K)->0K(1975296K) From: 16512K(62976K)->16608K(58880K)
[34.752s][info ][gc,heap        ] GC(65) ParOldGen: 261933K(322560K)->262133K(322560K)
[34.752s][info ][gc,metaspace   ] GC(65) Metaspace: 64152K(64704K)->64152K(64704K) NonClass: 55077K(55360K)->55077K(55360K) Class: 9075K(9344K)->9075K(9344K)
[34.752s][info ][gc             ] GC(65) Pause Young (Allocation Failure) 2200M->272M(2301M) 12.156ms
[34.752s][info ][gc,cpu         ] GC(65) User=0.04s Sys=0.00s Real=0.01s
[34.752s][info ][safepoint      ] Safepoint "ParallelGCFailedAllocation", Time since last: 396446973 ns, Reaching safepoint: 3195466 ns, At safepoint: 12289853 ns, Total: 15485319 ns
[35.159s][info ][gc,start       ] GC(66) Pause Young (Allocation Failure)
[35.170s][debug][gc,phases      ] GC(66) Scavenge 11.738ms
[35.170s][debug][gc,ref         ] GC(66) Skipped phase 1 of Reference Processing: no references
[35.170s][debug][gc,ref         ] GC(66) Skipped phase 2 of Reference Processing: no references
[35.170s][debug][gc,ref         ] GC(66) Skipped phase 3 of Reference Processing: no references
[35.170s][debug][gc,ref         ] GC(66) Skipped phase 4 of Reference Processing: no references
[35.170s][debug][gc,phases      ] GC(66) Reference Processing 0.027ms
[35.171s][debug][gc,phases      ] GC(66) Weak Processing 0.625ms
[35.171s][debug][gc,age         ] GC(66) Desired survivor size 53477376 bytes, new threshold 15 (max threshold 15)
[35.171s][info ][gc,heap        ] GC(66) PSYoungGen: 1991904K(2034176K)->16736K(2044928K) Eden: 1975296K(1975296K)->0K(1989632K) From: 16608K(58880K)->16736K(55296K)
[35.171s][info ][gc,heap        ] GC(66) ParOldGen: 262133K(322560K)->262365K(322560K)
[35.171s][info ][gc,metaspace   ] GC(66) Metaspace: 64152K(64704K)->64152K(64704K) NonClass: 55077K(55360K)->55077K(55360K) Class: 9075K(9344K)->9075K(9344K)
[35.171s][info ][gc             ] GC(66) Pause Young (Allocation Failure) 2201M->272M(2312M) 12.546ms
[35.171s][info ][gc,cpu         ] GC(66) User=0.04s Sys=0.00s Real=0.01s
[35.171s][info ][safepoint      ] Safepoint "ParallelGCFailedAllocation", Time since last: 406467579 ns, Reaching safepoint: 132602 ns, At safepoint: 12663661 ns, Total: 12796263 ns
[35.565s][info ][gc,start       ] GC(67) Pause Young (Allocation Failure)
[35.577s][debug][gc,phases      ] GC(67) Scavenge 11.238ms
[35.577s][debug][gc,ref         ] GC(67) Skipped phase 1 of Reference Processing: no references
[35.577s][debug][gc,ref         ] GC(67) Skipped phase 2 of Reference Processing: no references
[35.577s][debug][gc,ref         ] GC(67) Skipped phase 3 of Reference Processing: no references
[35.577s][debug][gc,ref         ] GC(67) Skipped phase 4 of Reference Processing: no references
[35.577s][debug][gc,phases      ] GC(67) Reference Processing 0.024ms
[35.577s][debug][gc,phases      ] GC(67) Weak Processing 0.569ms
[35.577s][debug][gc,age         ] GC(67) Desired survivor size 50331648 bytes, new threshold 15 (max threshold 15)
[35.577s][info ][gc,heap        ] GC(67) PSYoungGen: 2006368K(2044928K)->16864K(2041856K) Eden: 1989632K(1989632K)->0K(1989632K) From: 16736K(55296K)->16864K(52224K)
[35.577s][info ][gc,heap        ] GC(67) ParOldGen: 262365K(322560K)->262597K(322560K)
[35.577s][info ][gc,metaspace   ] GC(67) Metaspace: 64153K(64768K)->64153K(64768K) NonClass: 55077K(55424K)->55077K(55424K) Class: 9075K(9344K)->9075K(9344K)
[35.577s][info ][gc             ] GC(67) Pause Young (Allocation Failure) 2215M->272M(2309M) 11.982ms
[35.577s][info ][gc,cpu         ] GC(67) User=0.04s Sys=0.00s Real=0.02s
[35.578s][info ][safepoint      ] Safepoint "ParallelGCFailedAllocation", Time since last: 394177525 ns, Reaching safepoint: 124202 ns, At safepoint: 12090150 ns, Total: 12214352 ns
[35.987s][info ][gc,start       ] GC(68) Pause Young (Allocation Failure)
[35.998s][debug][gc,phases      ] GC(68) Scavenge 11.221ms
[35.998s][debug][gc,ref         ] GC(68) Skipped phase 1 of Reference Processing: no references
[35.998s][debug][gc,ref         ] GC(68) Skipped phase 2 of Reference Processing: no references
[35.998s][debug][gc,ref         ] GC(68) Skipped phase 3 of Reference Processing: no references
[35.998s][debug][gc,ref         ] GC(68) Skipped phase 4 of Reference Processing: no references
[35.998s][debug][gc,phases      ] GC(68) Reference Processing 0.025ms
[35.999s][debug][gc,phases      ] GC(68) Weak Processing 0.604ms
[35.999s][debug][gc,age         ] GC(68) Desired survivor size 47185920 bytes, new threshold 15 (max threshold 15)
[35.999s][info ][gc,heap        ] GC(68) PSYoungGen: 2006496K(2041856K)->16992K(2051072K) Eden: 1989632K(1989632K)->0K(2001920K) From: 16864K(52224K)->16992K(49152K)
[35.999s][info ][gc,heap        ] GC(68) ParOldGen: 262597K(322560K)->262853K(322560K)
[35.999s][info ][gc,metaspace   ] GC(68) Metaspace: 64153K(64768K)->64153K(64768K) NonClass: 55077K(55424K)->55077K(55424K) Class: 9075K(9344K)->9075K(9344K)
[35.999s][info ][gc             ] GC(68) Pause Young (Allocation Failure) 2215M->273M(2318M) 12.001ms
[35.999s][info ][gc,cpu         ] GC(68) User=0.04s Sys=0.00s Real=0.01s
[35.999s][info ][safepoint      ] Safepoint "ParallelGCFailedAllocation", Time since last: 408754124 ns, Reaching safepoint: 716915 ns, At safepoint: 12118450 ns, Total: 12835365 ns
[36.415s][info ][gc,start       ] GC(69) Pause Young (Allocation Failure)
[36.429s][debug][gc,phases      ] GC(69) Scavenge 13.615ms
[36.429s][debug][gc,ref         ] GC(69) Skipped phase 1 of Reference Processing: no references
[36.429s][debug][gc,ref         ] GC(69) Skipped phase 2 of Reference Processing: no references
[36.429s][debug][gc,ref         ] GC(69) Skipped phase 3 of Reference Processing: no references
[36.429s][debug][gc,ref         ] GC(69) Skipped phase 4 of Reference Processing: no references
[36.429s][debug][gc,phases      ] GC(69) Reference Processing 0.032ms
[36.429s][debug][gc,phases      ] GC(69) Weak Processing 0.724ms
[36.430s][debug][gc,age         ] GC(69) Desired survivor size 44564480 bytes, new threshold 15 (max threshold 15)
[36.430s][info ][gc,heap        ] GC(69) PSYoungGen: 2018912K(2051072K)->16832K(2048000K) Eden: 2001920K(2001920K)->0K(2001920K) From: 16992K(49152K)->16832K(46080K)
[36.430s][info ][gc,heap        ] GC(69) ParOldGen: 262853K(322560K)->263405K(322560K)
[36.430s][info ][gc,metaspace   ] GC(69) Metaspace: 64153K(64768K)->64153K(64768K) NonClass: 55077K(55424K)->55077K(55424K) Class: 9075K(9344K)->9075K(9344K)
[36.430s][info ][gc             ] GC(69) Pause Young (Allocation Failure) 2228M->273M(2315M) 14.548ms
[36.430s][info ][gc,cpu         ] GC(69) User=0.04s Sys=0.00s Real=0.01s
[36.430s][info ][safepoint      ] Safepoint "ParallelGCFailedAllocation", Time since last: 415497363 ns, Reaching safepoint: 348307 ns, At safepoint: 14689002 ns, Total: 15037309 ns
[36.858s][info ][gc,start       ] GC(70) Pause Young (Allocation Failure)
[36.870s][debug][gc,phases      ] GC(70) Scavenge 12.266ms
[36.870s][debug][gc,ref         ] GC(70) Skipped phase 1 of Reference Processing: no references
[36.870s][debug][gc,ref         ] GC(70) Skipped phase 2 of Reference Processing: no references
[36.870s][debug][gc,ref         ] GC(70) Skipped phase 3 of Reference Processing: no references
[36.870s][debug][gc,ref         ] GC(70) Skipped phase 4 of Reference Processing: no references
[36.870s][debug][gc,phases      ] GC(70) Reference Processing 0.024ms
[36.871s][debug][gc,phases      ] GC(70) Weak Processing 0.601ms
[36.871s][debug][gc,age         ] GC(70) Desired survivor size 42467328 bytes, new threshold 15 (max threshold 15)
[36.871s][info ][gc,heap        ] GC(70) PSYoungGen: 2018752K(2048000K)->16384K(2055680K) Eden: 2001920K(2001920K)->0K(2012160K) From: 16832K(46080K)->16384K(43520K)
[36.871s][info ][gc,heap        ] GC(70) ParOldGen: 263405K(322560K)->264237K(322560K)
[36.871s][info ][gc,metaspace   ] GC(70) Metaspace: 64176K(64768K)->64176K(64768K) NonClass: 55101K(55424K)->55101K(55424K) Class: 9075K(9344K)->9075K(9344K)
[36.871s][info ][gc             ] GC(70) Pause Young (Allocation Failure) 2228M->274M(2322M) 13.057ms
[36.871s][info ][gc,cpu         ] GC(70) User=0.06s Sys=0.00s Real=0.01s
[36.871s][info ][safepoint      ] Safepoint "ParallelGCFailedAllocation", Time since last: 427748515 ns, Reaching safepoint: 133803 ns, At safepoint: 13184672 ns, Total: 13318475 ns
[37.311s][info ][gc,start       ] GC(71) Pause Young (Allocation Failure)
[37.323s][debug][gc,phases      ] GC(71) Scavenge 11.936ms
[37.324s][debug][gc,ref         ] GC(71) Skipped phase 1 of Reference Processing: no references
[37.324s][debug][gc,ref         ] GC(71) Skipped phase 2 of Reference Processing: no references
[37.324s][debug][gc,ref         ] GC(71) Skipped phase 3 of Reference Processing: no references
[37.324s][debug][gc,ref         ] GC(71) Skipped phase 4 of Reference Processing: no references
[37.324s][debug][gc,phases      ] GC(71) Reference Processing 0.029ms
[37.324s][debug][gc,phases      ] GC(71) Weak Processing 0.575ms
[37.324s][debug][gc,age         ] GC(71) Desired survivor size 40370176 bytes, new threshold 15 (max threshold 15)
[37.324s][info ][gc,heap        ] GC(71) PSYoungGen: 2028544K(2055680K)->15808K(2053632K) Eden: 2012160K(2012160K)->0K(2012160K) From: 16384K(43520K)->15808K(41472K)
[37.324s][info ][gc,heap        ] GC(71) ParOldGen: 264237K(322560K)->265309K(322560K)
[37.324s][info ][gc,metaspace   ] GC(71) Metaspace: 64176K(64768K)->64176K(64768K) NonClass: 55101K(55424K)->55101K(55424K) Class: 9075K(9344K)->9075K(9344K)
[37.324s][info ][gc             ] GC(71) Pause Young (Allocation Failure) 2239M->274M(2320M) 12.712ms
[37.324s][info ][gc,cpu         ] GC(71) User=0.05s Sys=0.00s Real=0.01s
[37.324s][info ][safepoint      ] Safepoint "ParallelGCFailedAllocation", Time since last: 440563378 ns, Reaching safepoint: 139703 ns, At safepoint: 12818564 ns, Total: 12958267 ns
[37.757s][info ][gc,start       ] GC(72) Pause Young (Allocation Failure)
[37.768s][debug][gc,phases      ] GC(72) Scavenge 10.425ms
[37.768s][debug][gc,ref         ] GC(72) Skipped phase 1 of Reference Processing: no references
[37.768s][debug][gc,ref         ] GC(72) Skipped phase 2 of Reference Processing: no references
[37.768s][debug][gc,ref         ] GC(72) Skipped phase 3 of Reference Processing: no references
[37.768s][debug][gc,ref         ] GC(72) Skipped phase 4 of Reference Processing: no references
[37.768s][debug][gc,phases      ] GC(72) Reference Processing 0.038ms
[37.768s][debug][gc,phases      ] GC(72) Weak Processing 0.569ms
[37.768s][debug][gc,age         ] GC(72) Desired survivor size 38273024 bytes, new threshold 15 (max threshold 15)
[37.768s][info ][gc,heap        ] GC(72) PSYoungGen: 2027968K(2053632K)->15040K(2059776K) Eden: 2012160K(2012160K)->0K(2020352K) From: 15808K(41472K)->15040K(39424K)
[37.768s][info ][gc,heap        ] GC(72) ParOldGen: 265309K(322560K)->266645K(322560K)
[37.768s][info ][gc,metaspace   ] GC(72) Metaspace: 64177K(64768K)->64177K(64768K) NonClass: 55102K(55424K)->55102K(55424K) Class: 9075K(9344K)->9075K(9344K)
[37.768s][info ][gc             ] GC(72) Pause Young (Allocation Failure) 2239M->275M(2326M) 11.194ms
[37.768s][info ][gc,cpu         ] GC(72) User=0.04s Sys=0.00s Real=0.01s
[37.769s][info ][safepoint      ] Safepoint "ParallelGCFailedAllocation", Time since last: 432832418 ns, Reaching safepoint: 124303 ns, At safepoint: 11301433 ns, Total: 11425736 ns
[38.183s][info ][gc,start       ] GC(73) Pause Young (Allocation Failure)
[38.193s][debug][gc,phases      ] GC(73) Scavenge 9.393ms
[38.193s][debug][gc,ref         ] GC(73) Skipped phase 1 of Reference Processing: no references
[38.193s][debug][gc,ref         ] GC(73) Skipped phase 2 of Reference Processing: no references
[38.193s][debug][gc,ref         ] GC(73) Skipped phase 3 of Reference Processing: no references
[38.193s][debug][gc,ref         ] GC(73) Skipped phase 4 of Reference Processing: no references
[38.193s][debug][gc,phases      ] GC(73) Reference Processing 0.023ms
[38.193s][debug][gc,phases      ] GC(73) Weak Processing 0.544ms
[38.193s][debug][gc,age         ] GC(73) Desired survivor size 36700160 bytes, new threshold 15 (max threshold 15)
[38.193s][info ][gc,heap        ] GC(73) PSYoungGen: 2035392K(2059776K)->15264K(2057728K) Eden: 2020352K(2020352K)->0K(2020352K) From: 15040K(39424K)->15264K(37376K)
[38.193s][info ][gc,heap        ] GC(73) ParOldGen: 266645K(322560K)->266909K(322560K)
[38.193s][info ][gc,metaspace   ] GC(73) Metaspace: 64177K(64768K)->64177K(64768K) NonClass: 55102K(55424K)->55102K(55424K) Class: 9075K(9344K)->9075K(9344K)
[38.193s][info ][gc             ] GC(73) Pause Young (Allocation Failure) 2248M->275M(2324M) 10.111ms
[38.193s][info ][gc,cpu         ] GC(73) User=0.03s Sys=0.00s Real=0.01s
[38.193s][info ][safepoint      ] Safepoint "ParallelGCFailedAllocation", Time since last: 414393838 ns, Reaching safepoint: 138102 ns, At safepoint: 10213911 ns, Total: 10352013 ns
[38.653s][info ][gc,start       ] GC(74) Pause Young (Allocation Failure)
[38.663s][debug][gc,phases      ] GC(74) Scavenge 10.190ms
[38.663s][debug][gc,ref         ] GC(74) Skipped phase 1 of Reference Processing: no references
[38.663s][debug][gc,ref         ] GC(74) Skipped phase 2 of Reference Processing: no references
[38.663s][debug][gc,ref         ] GC(74) Skipped phase 3 of Reference Processing: no references
[38.663s][debug][gc,ref         ] GC(74) Skipped phase 4 of Reference Processing: no references
[38.663s][debug][gc,phases      ] GC(74) Reference Processing 0.024ms
[38.664s][debug][gc,phases      ] GC(74) Weak Processing 0.565ms
[38.664s][debug][gc,age         ] GC(74) Desired survivor size 36700160 bytes, new threshold 15 (max threshold 15)
[38.664s][info ][gc,heap        ] GC(74) PSYoungGen: 2035616K(2057728K)->6912K(2061312K) Eden: 2020352K(2020352K)->0K(2025472K) From: 15264K(37376K)->6912K(35840K)
[38.664s][info ][gc,heap        ] GC(74) ParOldGen: 266909K(322560K)->275965K(322560K)
[38.664s][info ][gc,metaspace   ] GC(74) Metaspace: 64177K(64768K)->64177K(64768K) NonClass: 55102K(55424K)->55102K(55424K) Class: 9075K(9344K)->9075K(9344K)
[38.664s][info ][gc             ] GC(74) Pause Young (Allocation Failure) 2248M->276M(2328M) 10.940ms
[38.664s][info ][gc,cpu         ] GC(74) User=0.04s Sys=0.00s Real=0.01s
[38.664s][info ][safepoint      ] Safepoint "ParallelGCFailedAllocation", Time since last: 459644969 ns, Reaching safepoint: 128203 ns, At safepoint: 11060028 ns, Total: 11188231 ns
[39.100s][info ][gc,start       ] GC(75) Pause Young (Allocation Failure)
[39.104s][debug][gc,phases      ] GC(75) Scavenge 3.986ms
[39.105s][debug][gc,ref         ] GC(75) Skipped phase 1 of Reference Processing: no references
[39.105s][debug][gc,ref         ] GC(75) Skipped phase 2 of Reference Processing: no references
[39.105s][debug][gc,ref         ] GC(75) Skipped phase 3 of Reference Processing: no references
[39.105s][debug][gc,ref         ] GC(75) Skipped phase 4 of Reference Processing: no references
[39.105s][debug][gc,phases      ] GC(75) Reference Processing 0.024ms
[39.105s][debug][gc,phases      ] GC(75) Weak Processing 0.541ms
[39.105s][debug][gc,age         ] GC(75) Desired survivor size 36700160 bytes, new threshold 15 (max threshold 15)
[39.105s][info ][gc,heap        ] GC(75) PSYoungGen: 2032384K(2061312K)->6176K(2061312K) Eden: 2025472K(2025472K)->0K(2025472K) From: 6912K(35840K)->6176K(35840K)
[39.105s][info ][gc,heap        ] GC(75) ParOldGen: 275965K(322560K)->277357K(322560K)
[39.105s][info ][gc,metaspace   ] GC(75) Metaspace: 64177K(64768K)->64177K(64768K) NonClass: 55102K(55424K)->55102K(55424K) Class: 9075K(9344K)->9075K(9344K)
[39.105s][info ][gc             ] GC(75) Pause Young (Allocation Failure) 2254M->276M(2328M) 4.693ms
[39.105s][info ][gc,cpu         ] GC(75) User=0.02s Sys=0.00s Real=0.00s
[39.105s][info ][safepoint      ] Safepoint "ParallelGCFailedAllocation", Time since last: 436166685 ns, Reaching safepoint: 130003 ns, At safepoint: 4802699 ns, Total: 4932702 ns
[39.551s][info ][gc,start       ] GC(76) Pause Young (Allocation Failure)
[39.555s][debug][gc,phases      ] GC(76) Scavenge 3.841ms
[39.555s][debug][gc,ref         ] GC(76) Skipped phase 1 of Reference Processing: no references
[39.555s][debug][gc,ref         ] GC(76) Skipped phase 2 of Reference Processing: no references
[39.555s][debug][gc,ref         ] GC(76) Skipped phase 3 of Reference Processing: no references
[39.555s][debug][gc,ref         ] GC(76) Skipped phase 4 of Reference Processing: no references
[39.555s][debug][gc,phases      ] GC(76) Reference Processing 0.044ms
[39.556s][debug][gc,phases      ] GC(76) Weak Processing 0.552ms
[39.556s][debug][gc,age         ] GC(76) Desired survivor size 35651584 bytes, new threshold 15 (max threshold 15)
[39.556s][info ][gc,heap        ] GC(76) PSYoungGen: 2031648K(2061312K)->7104K(2062336K) Eden: 2025472K(2025472K)->0K(2026496K) From: 6176K(35840K)->7104K(35840K)
[39.556s][info ][gc,heap        ] GC(76) ParOldGen: 277357K(322560K)->277669K(322560K)
[39.556s][info ][gc,metaspace   ] GC(76) Metaspace: 64178K(64768K)->64178K(64768K) NonClass: 55103K(55424K)->55103K(55424K) Class: 9075K(9344K)->9075K(9344K)
[39.556s][info ][gc             ] GC(76) Pause Young (Allocation Failure) 2254M->278M(2329M) 4.587ms
[39.556s][info ][gc,cpu         ] GC(76) User=0.02s Sys=0.00s Real=0.01s
[39.556s][info ][safepoint      ] Safepoint "ParallelGCFailedAllocation", Time since last: 444929564 ns, Reaching safepoint: 877018 ns, At safepoint: 4698597 ns, Total: 5575615 ns
[40.556s][info ][safepoint      ] Safepoint "Cleanup", Time since last: 1000083698 ns, Reaching safepoint: 51001 ns, At safepoint: 5601 ns, Total: 56602 ns
[41.556s][info ][safepoint      ] Safepoint "Cleanup", Time since last: 1000107395 ns, Reaching safepoint: 63701 ns, At safepoint: 9001 ns, Total: 72702 ns
[42.556s][info ][safepoint      ] Safepoint "Cleanup", Time since last: 1000105092 ns, Reaching safepoint: 55201 ns, At safepoint: 5500 ns, Total: 60701 ns
[43.556s][info ][safepoint      ] Safepoint "Cleanup", Time since last: 1000105889 ns, Reaching safepoint: 50901 ns, At safepoint: 2500 ns, Total: 53401 ns
[44.557s][info ][safepoint      ] Safepoint "Cleanup", Time since last: 1000107786 ns, Reaching safepoint: 47901 ns, At safepoint: 5800 ns, Total: 53701 ns
[45.557s][info ][safepoint      ] Safepoint "Cleanup", Time since last: 1000111483 ns, Reaching safepoint: 51701 ns, At safepoint: 2400 ns, Total: 54101 ns
[46.557s][info ][safepoint      ] Safepoint "Cleanup", Time since last: 1000105279 ns, Reaching safepoint: 63602 ns, At safepoint: 8900 ns, Total: 72502 ns
[47.557s][info ][safepoint      ] Safepoint "Cleanup", Time since last: 1000130577 ns, Reaching safepoint: 60101 ns, At safepoint: 10000 ns, Total: 70101 ns
[48.557s][info ][safepoint      ] Safepoint "Cleanup", Time since last: 1000099073 ns, Reaching safepoint: 59601 ns, At safepoint: 6401 ns, Total: 66002 ns
[49.557s][info ][safepoint      ] Safepoint "Cleanup", Time since last: 1000105070 ns, Reaching safepoint: 56901 ns, At safepoint: 6300 ns, Total: 63201 ns
[50.558s][info ][safepoint      ] Safepoint "Cleanup", Time since last: 1000098067 ns, Reaching safepoint: 50701 ns, At safepoint: 2800 ns, Total: 53501 ns
[51.558s][info ][safepoint      ] Safepoint "Cleanup", Time since last: 1000102663 ns, Reaching safepoint: 52101 ns, At safepoint: 5800 ns, Total: 57901 ns
[52.558s][info ][safepoint      ] Safepoint "Cleanup", Time since last: 1000106261 ns, Reaching safepoint: 59601 ns, At safepoint: 3300 ns, Total: 62901 ns
[53.558s][info ][safepoint      ] Safepoint "Cleanup", Time since last: 1000096958 ns, Reaching safepoint: 48401 ns, At safepoint: 3200 ns, Total: 51601 ns
[54.558s][info ][safepoint      ] Safepoint "Cleanup", Time since last: 1000094154 ns, Reaching safepoint: 50101 ns, At safepoint: 2700 ns, Total: 52801 ns
[55.558s][info ][safepoint      ] Safepoint "Cleanup", Time since last: 1000097251 ns, Reaching safepoint: 54001 ns, At safepoint: 2400 ns, Total: 56401 ns
[56.558s][info ][safepoint      ] Safepoint "Cleanup", Time since last: 1000093848 ns, Reaching safepoint: 34601 ns, At safepoint: 2700 ns, Total: 37301 ns
[57.559s][info ][safepoint      ] Safepoint "Cleanup", Time since last: 1000104044 ns, Reaching safepoint: 48601 ns, At safepoint: 3501 ns, Total: 52102 ns
[58.559s][info ][safepoint      ] Safepoint "Cleanup", Time since last: 1000087441 ns, Reaching safepoint: 53601 ns, At safepoint: 7800 ns, Total: 61401 ns
[59.559s][info ][safepoint      ] Safepoint "Cleanup", Time since last: 1000111939 ns, Reaching safepoint: 58401 ns, At safepoint: 7101 ns, Total: 65502 ns
[60.559s][info ][safepoint      ] Safepoint "Cleanup", Time since last: 1000103835 ns, Reaching safepoint: 46401 ns, At safepoint: 3000 ns, Total: 49401 ns
[61.559s][info ][safepoint      ] Safepoint "Cleanup", Time since last: 1000119933 ns, Reaching safepoint: 38001 ns, At safepoint: 3100 ns, Total: 41101 ns
[62.559s][info ][safepoint      ] Safepoint "Cleanup", Time since last: 1000080829 ns, Reaching safepoint: 50201 ns, At safepoint: 6200 ns, Total: 56401 ns
[63.560s][info ][safepoint      ] Safepoint "Cleanup", Time since last: 1000126427 ns, Reaching safepoint: 72202 ns, At safepoint: 2800 ns, Total: 75002 ns
[64.560s][info ][safepoint      ] Safepoint "Cleanup", Time since last: 1000098623 ns, Reaching safepoint: 44401 ns, At safepoint: 5200 ns, Total: 49601 ns
[65.560s][info ][safepoint      ] Safepoint "Cleanup", Time since last: 1000116520 ns, Reaching safepoint: 71702 ns, At safepoint: 6900 ns, Total: 78602 ns
[66.560s][info ][safepoint      ] Safepoint "Cleanup", Time since last: 1000100417 ns, Reaching safepoint: 47501 ns, At safepoint: 2700 ns, Total: 50201 ns
[67.560s][info ][safepoint      ] Safepoint "Cleanup", Time since last: 1000103614 ns, Reaching safepoint: 45501 ns, At safepoint: 2300 ns, Total: 47801 ns
[68.560s][info ][safepoint      ] Safepoint "Cleanup", Time since last: 1000094311 ns, Reaching safepoint: 35901 ns, At safepoint: 2400 ns, Total: 38301 ns
[69.561s][info ][safepoint      ] Safepoint "Cleanup", Time since last: 1000132309 ns, Reaching safepoint: 43901 ns, At safepoint: 2700 ns, Total: 46601 ns
[70.561s][info ][safepoint      ] Safepoint "Cleanup", Time since last: 1000142106 ns, Reaching safepoint: 62001 ns, At safepoint: 9200 ns, Total: 71201 ns
[71.561s][info ][safepoint      ] Safepoint "Cleanup", Time since last: 1000108102 ns, Reaching safepoint: 51301 ns, At safepoint: 3100 ns, Total: 54401 ns
[72.561s][info ][safepoint      ] Safepoint "Cleanup", Time since last: 1000114600 ns, Reaching safepoint: 66901 ns, At safepoint: 8600 ns, Total: 75501 ns
[73.561s][info ][safepoint      ] Safepoint "Cleanup", Time since last: 1000084996 ns, Reaching safepoint: 61701 ns, At safepoint: 2500 ns, Total: 64201 ns
[74.561s][info ][safepoint      ] Safepoint "Cleanup", Time since last: 1000121994 ns, Reaching safepoint: 53701 ns, At safepoint: 2800 ns, Total: 56501 ns
[75.562s][info ][safepoint      ] Safepoint "Cleanup", Time since last: 1000114090 ns, Reaching safepoint: 92702 ns, At safepoint: 6200 ns, Total: 98902 ns
[76.562s][info ][safepoint      ] Safepoint "Cleanup", Time since last: 1000102187 ns, Reaching safepoint: 48001 ns, At safepoint: 9900 ns, Total: 57901 ns
[77.520s][info ][safepoint      ] Safepoint "ICBufferFull", Time since last: 957907020 ns, Reaching safepoint: 217305 ns, At safepoint: 9900 ns, Total: 227205 ns
[78.777s][info ][safepoint      ] Safepoint "Cleanup", Time since last: 1256781637 ns, Reaching safepoint: 183604 ns, At safepoint: 10200 ns, Total: 193804 ns
[79.777s][info ][safepoint      ] Safepoint "Cleanup", Time since last: 1000108278 ns, Reaching safepoint: 51501 ns, At safepoint: 4600 ns, Total: 56101 ns
[80.791s][info ][safepoint      ] Safepoint "Cleanup", Time since last: 1013852556 ns, Reaching safepoint: 61901 ns, At safepoint: 9800 ns, Total: 71701 ns
[81.791s][info ][safepoint      ] Safepoint "Cleanup", Time since last: 1000107572 ns, Reaching safepoint: 63901 ns, At safepoint: 14900 ns, Total: 78801 ns
[82.791s][info ][safepoint      ] Safepoint "Cleanup", Time since last: 1000099469 ns, Reaching safepoint: 61101 ns, At safepoint: 7800 ns, Total: 68901 ns
[83.806s][info ][safepoint      ] Safepoint "ICBufferFull", Time since last: 1014635163 ns, Reaching safepoint: 140603 ns, At safepoint: 9300 ns, Total: 149903 ns
[83.975s][info ][safepoint      ] Safepoint "ICBufferFull", Time since last: 168996658 ns, Reaching safepoint: 238805 ns, At safepoint: 8700 ns, Total: 247505 ns
[84.082s][info ][safepoint      ] Safepoint "ICBufferFull", Time since last: 106501979 ns, Reaching safepoint: 204105 ns, At safepoint: 3300 ns, Total: 207405 ns
[84.262s][info ][safepoint      ] Safepoint "ICBufferFull", Time since last: 179417271 ns, Reaching safepoint: 169903 ns, At safepoint: 8000 ns, Total: 177903 ns
[84.268s][info ][safepoint      ] Safepoint "ICBufferFull", Time since last: 5867020 ns, Reaching safepoint: 54401 ns, At safepoint: 6301 ns, Total: 60702 ns
[84.516s][info ][safepoint      ] Safepoint "ICBufferFull", Time since last: 247967773 ns, Reaching safepoint: 236705 ns, At safepoint: 20400 ns, Total: 257105 ns
[84.539s][info ][safepoint      ] Safepoint "ICBufferFull", Time since last: 23528882 ns, Reaching safepoint: 71601 ns, At safepoint: 9800 ns, Total: 81401 ns
[84.556s][info ][safepoint      ] Safepoint "ICBufferFull", Time since last: 16299334 ns, Reaching safepoint: 66701 ns, At safepoint: 2400 ns, Total: 69101 ns
[84.560s][info ][safepoint      ] Safepoint "ICBufferFull", Time since last: 4163785 ns, Reaching safepoint: 41001 ns, At safepoint: 1600 ns, Total: 42601 ns
[84.567s][info ][safepoint      ] Safepoint "ICBufferFull", Time since last: 6942942 ns, Reaching safepoint: 140503 ns, At safepoint: 13300 ns, Total: 153803 ns
[84.568s][info ][safepoint      ] Safepoint "ICBufferFull", Time since last: 918619 ns, Reaching safepoint: 32301 ns, At safepoint: 1800 ns, Total: 34101 ns
[84.569s][info ][safepoint      ] Safepoint "ICBufferFull", Time since last: 606512 ns, Reaching safepoint: 22801 ns, At safepoint: 6800 ns, Total: 29601 ns
[84.569s][info ][safepoint      ] Safepoint "ICBufferFull", Time since last: 565211 ns, Reaching safepoint: 21001 ns, At safepoint: 2700 ns, Total: 23701 ns
[84.570s][info ][safepoint      ] Safepoint "ICBufferFull", Time since last: 566112 ns, Reaching safepoint: 22900 ns, At safepoint: 1400 ns, Total: 24300 ns
[84.570s][info ][safepoint      ] Safepoint "ICBufferFull", Time since last: 573912 ns, Reaching safepoint: 21700 ns, At safepoint: 1300 ns, Total: 23000 ns
[84.571s][info ][safepoint      ] Safepoint "ICBufferFull", Time since last: 554312 ns, Reaching safepoint: 30200 ns, At safepoint: 1700 ns, Total: 31900 ns
[84.583s][info ][safepoint      ] Safepoint "ICBufferFull", Time since last: 11945345 ns, Reaching safepoint: 137902 ns, At safepoint: 9301 ns, Total: 147203 ns
[84.586s][info ][safepoint      ] Safepoint "ICBufferFull", Time since last: 2498851 ns, Reaching safepoint: 39901 ns, At safepoint: 1600 ns, Total: 41501 ns
[84.586s][info ][safepoint      ] Safepoint "ICBufferFull", Time since last: 592212 ns, Reaching safepoint: 22300 ns, At safepoint: 2000 ns, Total: 24300 ns
[84.587s][info ][safepoint      ] Safepoint "ICBufferFull", Time since last: 520611 ns, Reaching safepoint: 70101 ns, At safepoint: 6000 ns, Total: 76101 ns
[84.587s][info ][safepoint      ] Safepoint "ICBufferFull", Time since last: 522311 ns, Reaching safepoint: 19701 ns, At safepoint: 4500 ns, Total: 24201 ns
[84.588s][info ][safepoint      ] Safepoint "ICBufferFull", Time since last: 561011 ns, Reaching safepoint: 17500 ns, At safepoint: 1401 ns, Total: 18901 ns
[84.589s][info ][safepoint      ] Safepoint "ICBufferFull", Time since last: 543311 ns, Reaching safepoint: 18300 ns, At safepoint: 4800 ns, Total: 23100 ns
[84.596s][info ][safepoint      ] Safepoint "ICBufferFull", Time since last: 7503154 ns, Reaching safepoint: 118602 ns, At safepoint: 11100 ns, Total: 129702 ns
[84.599s][info ][safepoint      ] Safepoint "ICBufferFull", Time since last: 3123764 ns, Reaching safepoint: 95502 ns, At safepoint: 8800 ns, Total: 104302 ns
[84.600s][info ][safepoint      ] Safepoint "ICBufferFull", Time since last: 890619 ns, Reaching safepoint: 20200 ns, At safepoint: 1500 ns, Total: 21700 ns
[84.601s][info ][safepoint      ] Safepoint "ICBufferFull", Time since last: 751515 ns, Reaching safepoint: 16801 ns, At safepoint: 1400 ns, Total: 18201 ns
[84.602s][info ][safepoint      ] Safepoint "ICBufferFull", Time since last: 716214 ns, Reaching safepoint: 16701 ns, At safepoint: 1600 ns, Total: 18301 ns
[84.603s][info ][safepoint      ] Safepoint "ICBufferFull", Time since last: 674814 ns, Reaching safepoint: 16200 ns, At safepoint: 1200 ns, Total: 17400 ns
[84.603s][info ][safepoint      ] Safepoint "ICBufferFull", Time since last: 709114 ns, Reaching safepoint: 17601 ns, At safepoint: 1500 ns, Total: 19101 ns
[84.604s][info ][safepoint      ] Safepoint "ICBufferFull", Time since last: 760815 ns, Reaching safepoint: 16601 ns, At safepoint: 5000 ns, Total: 21601 ns
[84.605s][info ][safepoint      ] Safepoint "ICBufferFull", Time since last: 803416 ns, Reaching safepoint: 31601 ns, At safepoint: 5700 ns, Total: 37301 ns
[84.606s][info ][safepoint      ] Safepoint "ICBufferFull", Time since last: 751515 ns, Reaching safepoint: 32201 ns, At safepoint: 2700 ns, Total: 34901 ns
[84.606s][info ][safepoint      ] Safepoint "ICBufferFull", Time since last: 730715 ns, Reaching safepoint: 24501 ns, At safepoint: 1000 ns, Total: 25501 ns
[84.617s][info ][safepoint      ] Safepoint "ICBufferFull", Time since last: 10846222 ns, Reaching safepoint: 57501 ns, At safepoint: 2100 ns, Total: 59601 ns
[84.625s][info ][safepoint      ] Safepoint "ICBufferFull", Time since last: 7973363 ns, Reaching safepoint: 66801 ns, At safepoint: 6800 ns, Total: 73601 ns
[84.627s][info ][safepoint      ] Safepoint "ICBufferFull", Time since last: 1262026 ns, Reaching safepoint: 22601 ns, At safepoint: 5000 ns, Total: 27601 ns
[84.628s][info ][safepoint      ] Safepoint "ICBufferFull", Time since last: 818216 ns, Reaching safepoint: 22701 ns, At safepoint: 5800 ns, Total: 28501 ns
[84.628s][info ][safepoint      ] Safepoint "ICBufferFull", Time since last: 712815 ns, Reaching safepoint: 20100 ns, At safepoint: 7500 ns, Total: 27600 ns
[84.629s][info ][safepoint      ] Safepoint "ICBufferFull", Time since last: 694614 ns, Reaching safepoint: 15001 ns, At safepoint: 5200 ns, Total: 20201 ns
[84.630s][info ][safepoint      ] Safepoint "ICBufferFull", Time since last: 733115 ns, Reaching safepoint: 33001 ns, At safepoint: 4500 ns, Total: 37501 ns
[84.631s][info ][safepoint      ] Safepoint "ICBufferFull", Time since last: 716014 ns, Reaching safepoint: 38401 ns, At safepoint: 4200 ns, Total: 42601 ns
[84.631s][info ][safepoint      ] Safepoint "ICBufferFull", Time since last: 762016 ns, Reaching safepoint: 19000 ns, At safepoint: 3600 ns, Total: 22600 ns
[84.632s][info ][safepoint      ] Safepoint "ICBufferFull", Time since last: 545111 ns, Reaching safepoint: 28601 ns, At safepoint: 3900 ns, Total: 32501 ns
[84.632s][info ][safepoint      ] Safepoint "ICBufferFull", Time since last: 539311 ns, Reaching safepoint: 31801 ns, At safepoint: 6600 ns, Total: 38401 ns
[84.633s][info ][safepoint      ] Safepoint "ICBufferFull", Time since last: 544011 ns, Reaching safepoint: 21900 ns, At safepoint: 3700 ns, Total: 25600 ns
[84.640s][info ][safepoint      ] Safepoint "ICBufferFull", Time since last: 6618736 ns, Reaching safepoint: 62301 ns, At safepoint: 5300 ns, Total: 67601 ns
[84.641s][info ][safepoint      ] Safepoint "ICBufferFull", Time since last: 1478231 ns, Reaching safepoint: 35000 ns, At safepoint: 2000 ns, Total: 37000 ns
[84.642s][info ][safepoint      ] Safepoint "ICBufferFull", Time since last: 585112 ns, Reaching safepoint: 14301 ns, At safepoint: 900 ns, Total: 15201 ns
[84.642s][info ][safepoint      ] Safepoint "ICBufferFull", Time since last: 574211 ns, Reaching safepoint: 25501 ns, At safepoint: 1100 ns, Total: 26601 ns
[84.643s][info ][safepoint      ] Safepoint "ICBufferFull", Time since last: 542411 ns, Reaching safepoint: 18800 ns, At safepoint: 1300 ns, Total: 20100 ns
[84.644s][info ][safepoint      ] Safepoint "ICBufferFull", Time since last: 513711 ns, Reaching safepoint: 16600 ns, At safepoint: 1600 ns, Total: 18200 ns
[84.644s][info ][safepoint      ] Safepoint "ICBufferFull", Time since last: 501511 ns, Reaching safepoint: 17700 ns, At safepoint: 1400 ns, Total: 19100 ns
[84.645s][info ][safepoint      ] Safepoint "ICBufferFull", Time since last: 506410 ns, Reaching safepoint: 14501 ns, At safepoint: 1100 ns, Total: 15601 ns
[84.645s][info ][safepoint      ] Safepoint "ICBufferFull", Time since last: 518110 ns, Reaching safepoint: 18201 ns, At safepoint: 900 ns, Total: 19101 ns
[84.646s][info ][safepoint      ] Safepoint "ICBufferFull", Time since last: 528010 ns, Reaching safepoint: 13001 ns, At safepoint: 2100 ns, Total: 15101 ns
[84.646s][info ][safepoint      ] Safepoint "ICBufferFull", Time since last: 524010 ns, Reaching safepoint: 24601 ns, At safepoint: 1100 ns, Total: 25701 ns
[84.647s][info ][safepoint      ] Safepoint "ICBufferFull", Time since last: 523111 ns, Reaching safepoint: 16200 ns, At safepoint: 1300 ns, Total: 17500 ns
[84.647s][info ][safepoint      ] Safepoint "ICBufferFull", Time since last: 552811 ns, Reaching safepoint: 15001 ns, At safepoint: 1200 ns, Total: 16201 ns
[84.654s][info ][safepoint      ] Safepoint "ICBufferFull", Time since last: 6897641 ns, Reaching safepoint: 43901 ns, At safepoint: 2600 ns, Total: 46501 ns
[84.656s][info ][safepoint      ] Safepoint "ICBufferFull", Time since last: 1395928 ns, Reaching safepoint: 101602 ns, At safepoint: 8601 ns, Total: 110203 ns
[84.656s][info ][safepoint      ] Safepoint "ICBufferFull", Time since last: 588712 ns, Reaching safepoint: 40300 ns, At safepoint: 1500 ns, Total: 41800 ns
[84.657s][info ][safepoint      ] Safepoint "ICBufferFull", Time since last: 542012 ns, Reaching safepoint: 22100 ns, At safepoint: 1300 ns, Total: 23400 ns
[84.658s][info ][safepoint      ] Safepoint "ICBufferFull", Time since last: 569412 ns, Reaching safepoint: 24700 ns, At safepoint: 2000 ns, Total: 26700 ns
[84.658s][info ][safepoint      ] Safepoint "ICBufferFull", Time since last: 734915 ns, Reaching safepoint: 30801 ns, At safepoint: 1400 ns, Total: 32201 ns
[84.659s][info ][safepoint      ] Safepoint "ICBufferFull", Time since last: 731215 ns, Reaching safepoint: 25300 ns, At safepoint: 1700 ns, Total: 27000 ns
[84.660s][info ][safepoint      ] Safepoint "ICBufferFull", Time since last: 627013 ns, Reaching safepoint: 23601 ns, At safepoint: 1500 ns, Total: 25101 ns
[84.660s][info ][safepoint      ] Safepoint "ICBufferFull", Time since last: 554311 ns, Reaching safepoint: 18500 ns, At safepoint: 1701 ns, Total: 20201 ns
[84.661s][info ][safepoint      ] Safepoint "ICBufferFull", Time since last: 582911 ns, Reaching safepoint: 17101 ns, At safepoint: 1400 ns, Total: 18501 ns
[84.662s][info ][safepoint      ] Safepoint "ICBufferFull", Time since last: 556811 ns, Reaching safepoint: 21001 ns, At safepoint: 1000 ns, Total: 22001 ns
[84.662s][info ][safepoint      ] Safepoint "ICBufferFull", Time since last: 591212 ns, Reaching safepoint: 14900 ns, At safepoint: 1100 ns, Total: 16000 ns
[84.663s][info ][safepoint      ] Safepoint "ICBufferFull", Time since last: 551411 ns, Reaching safepoint: 15701 ns, At safepoint: 1200 ns, Total: 16901 ns
[84.669s][info ][safepoint      ] Safepoint "ICBufferFull", Time since last: 6662136 ns, Reaching safepoint: 47201 ns, At safepoint: 7000 ns, Total: 54201 ns
[84.670s][info ][safepoint      ] Safepoint "ICBufferFull", Time since last: 904919 ns, Reaching safepoint: 38000 ns, At safepoint: 3000 ns, Total: 41000 ns
[84.671s][info ][safepoint      ] Safepoint "ICBufferFull", Time since last: 606413 ns, Reaching safepoint: 17700 ns, At safepoint: 1600 ns, Total: 19300 ns
[84.672s][info ][safepoint      ] Safepoint "ICBufferFull", Time since last: 517911 ns, Reaching safepoint: 17900 ns, At safepoint: 3500 ns, Total: 21400 ns
[84.672s][info ][safepoint      ] Safepoint "ICBufferFull", Time since last: 510511 ns, Reaching safepoint: 18500 ns, At safepoint: 5600 ns, Total: 24100 ns
[84.673s][info ][safepoint      ] Safepoint "ICBufferFull", Time since last: 515311 ns, Reaching safepoint: 23700 ns, At safepoint: 5900 ns, Total: 29600 ns
[84.673s][info ][safepoint      ] Safepoint "ICBufferFull", Time since last: 527311 ns, Reaching safepoint: 18601 ns, At safepoint: 1200 ns, Total: 19801 ns
[84.674s][info ][safepoint      ] Safepoint "ICBufferFull", Time since last: 518810 ns, Reaching safepoint: 19101 ns, At safepoint: 1300 ns, Total: 20401 ns
[84.674s][info ][safepoint      ] Safepoint "ICBufferFull", Time since last: 523510 ns, Reaching safepoint: 30501 ns, At safepoint: 1300 ns, Total: 31801 ns
[84.675s][info ][safepoint      ] Safepoint "ICBufferFull", Time since last: 547611 ns, Reaching safepoint: 18701 ns, At safepoint: 1100 ns, Total: 19801 ns
[84.675s][info ][safepoint      ] Safepoint "ICBufferFull", Time since last: 550711 ns, Reaching safepoint: 27800 ns, At safepoint: 1900 ns, Total: 29700 ns
[84.676s][info ][safepoint      ] Safepoint "ICBufferFull", Time since last: 530111 ns, Reaching safepoint: 18401 ns, At safepoint: 1200 ns, Total: 19601 ns
[84.677s][info ][safepoint      ] Safepoint "ICBufferFull", Time since last: 544411 ns, Reaching safepoint: 17600 ns, At safepoint: 1200 ns, Total: 18800 ns
[84.683s][info ][safepoint      ] Safepoint "ICBufferFull", Time since last: 6711538 ns, Reaching safepoint: 57801 ns, At safepoint: 10300 ns, Total: 68101 ns
[84.684s][info ][safepoint      ] Safepoint "ICBufferFull", Time since last: 745415 ns, Reaching safepoint: 19501 ns, At safepoint: 4500 ns, Total: 24001 ns
[84.685s][info ][safepoint      ] Safepoint "ICBufferFull", Time since last: 584712 ns, Reaching safepoint: 18400 ns, At safepoint: 4700 ns, Total: 23100 ns
[84.685s][info ][safepoint      ] Safepoint "ICBufferFull", Time since last: 522211 ns, Reaching safepoint: 90102 ns, At safepoint: 5000 ns, Total: 95102 ns
[84.686s][info ][safepoint      ] Safepoint "ICBufferFull", Time since last: 530111 ns, Reaching safepoint: 19200 ns, At safepoint: 1200 ns, Total: 20400 ns
[84.686s][info ][safepoint      ] Safepoint "ICBufferFull", Time since last: 522311 ns, Reaching safepoint: 19800 ns, At safepoint: 1300 ns, Total: 21100 ns
[84.687s][info ][safepoint      ] Safepoint "ICBufferFull", Time since last: 541811 ns, Reaching safepoint: 19801 ns, At safepoint: 1400 ns, Total: 21201 ns
[84.687s][info ][safepoint      ] Safepoint "ICBufferFull", Time since last: 528910 ns, Reaching safepoint: 35101 ns, At safepoint: 1700 ns, Total: 36801 ns
[84.688s][info ][safepoint      ] Safepoint "ICBufferFull", Time since last: 545911 ns, Reaching safepoint: 20301 ns, At safepoint: 1700 ns, Total: 22001 ns
[84.689s][info ][safepoint      ] Safepoint "ICBufferFull", Time since last: 574712 ns, Reaching safepoint: 18500 ns, At safepoint: 1300 ns, Total: 19800 ns
[84.689s][info ][safepoint      ] Safepoint "ICBufferFull", Time since last: 544311 ns, Reaching safepoint: 16600 ns, At safepoint: 1501 ns, Total: 18101 ns
[84.690s][info ][safepoint      ] Safepoint "ICBufferFull", Time since last: 524410 ns, Reaching safepoint: 16201 ns, At safepoint: 1400 ns, Total: 17601 ns
[84.690s][info ][safepoint      ] Safepoint "ICBufferFull", Time since last: 597912 ns, Reaching safepoint: 19000 ns, At safepoint: 1500 ns, Total: 20500 ns
[84.697s][info ][safepoint      ] Safepoint "ICBufferFull", Time since last: 6315129 ns, Reaching safepoint: 48501 ns, At safepoint: 9401 ns, Total: 57902 ns
[84.697s][info ][safepoint      ] Safepoint "ICBufferFull", Time since last: 670513 ns, Reaching safepoint: 27401 ns, At safepoint: 1200 ns, Total: 28601 ns
[84.698s][info ][safepoint      ] Safepoint "ICBufferFull", Time since last: 648513 ns, Reaching safepoint: 24101 ns, At safepoint: 800 ns, Total: 24901 ns
[84.699s][info ][safepoint      ] Safepoint "ICBufferFull", Time since last: 537111 ns, Reaching safepoint: 21500 ns, At safepoint: 700 ns, Total: 22200 ns
[84.699s][info ][safepoint      ] Safepoint "ICBufferFull", Time since last: 535711 ns, Reaching safepoint: 14900 ns, At safepoint: 1000 ns, Total: 15900 ns
[84.700s][info ][safepoint      ] Safepoint "ICBufferFull", Time since last: 522211 ns, Reaching safepoint: 12500 ns, At safepoint: 700 ns, Total: 13200 ns
[84.700s][info ][safepoint      ] Safepoint "ICBufferFull", Time since last: 557012 ns, Reaching safepoint: 21200 ns, At safepoint: 800 ns, Total: 22000 ns
[84.701s][info ][safepoint      ] Safepoint "ICBufferFull", Time since last: 663314 ns, Reaching safepoint: 22200 ns, At safepoint: 800 ns, Total: 23000 ns
[84.702s][info ][safepoint      ] Safepoint "ICBufferFull", Time since last: 541011 ns, Reaching safepoint: 12301 ns, At safepoint: 700 ns, Total: 13001 ns
[84.702s][info ][safepoint      ] Safepoint "ICBufferFull", Time since last: 537211 ns, Reaching safepoint: 25100 ns, At safepoint: 3100 ns, Total: 28200 ns
[84.703s][info ][safepoint      ] Safepoint "ICBufferFull", Time since last: 545511 ns, Reaching safepoint: 15101 ns, At safepoint: 1100 ns, Total: 16201 ns
[84.703s][info ][safepoint      ] Safepoint "ICBufferFull", Time since last: 546511 ns, Reaching safepoint: 31601 ns, At safepoint: 1600 ns, Total: 33201 ns
[84.704s][info ][safepoint      ] Safepoint "ICBufferFull", Time since last: 638013 ns, Reaching safepoint: 31900 ns, At safepoint: 1100 ns, Total: 33000 ns
[84.710s][info ][safepoint      ] Safepoint "ICBufferFull", Time since last: 6056624 ns, Reaching safepoint: 129703 ns, At safepoint: 5300 ns, Total: 135003 ns
[84.711s][info ][safepoint      ] Safepoint "ICBufferFull", Time since last: 630713 ns, Reaching safepoint: 28800 ns, At safepoint: 1300 ns, Total: 30100 ns
[84.711s][info ][safepoint      ] Safepoint "ICBufferFull", Time since last: 563012 ns, Reaching safepoint: 17800 ns, At safepoint: 900 ns, Total: 18700 ns
[84.712s][info ][safepoint      ] Safepoint "ICBufferFull", Time since last: 533911 ns, Reaching safepoint: 18001 ns, At safepoint: 900 ns, Total: 18901 ns
[84.712s][info ][safepoint      ] Safepoint "ICBufferFull", Time since last: 502310 ns, Reaching safepoint: 26101 ns, At safepoint: 1100 ns, Total: 27201 ns
[84.713s][info ][safepoint      ] Safepoint "ICBufferFull", Time since last: 519910 ns, Reaching safepoint: 20101 ns, At safepoint: 1000 ns, Total: 21101 ns
[84.714s][info ][safepoint      ] Safepoint "ICBufferFull", Time since last: 531710 ns, Reaching safepoint: 25401 ns, At safepoint: 1900 ns, Total: 27301 ns
[84.714s][info ][safepoint      ] Safepoint "ICBufferFull", Time since last: 526211 ns, Reaching safepoint: 32500 ns, At safepoint: 1701 ns, Total: 34201 ns
[84.715s][info ][safepoint      ] Safepoint "ICBufferFull", Time since last: 572011 ns, Reaching safepoint: 28501 ns, At safepoint: 2100 ns, Total: 30601 ns
[84.715s][info ][safepoint      ] Safepoint "ICBufferFull", Time since last: 589312 ns, Reaching safepoint: 15900 ns, At safepoint: 1300 ns, Total: 17200 ns
[84.716s][info ][safepoint      ] Safepoint "ICBufferFull", Time since last: 540211 ns, Reaching safepoint: 25301 ns, At safepoint: 1100 ns, Total: 26401 ns
[84.716s][info ][safepoint      ] Safepoint "ICBufferFull", Time since last: 543111 ns, Reaching safepoint: 27401 ns, At safepoint: 1000 ns, Total: 28401 ns
[84.717s][info ][safepoint      ] Safepoint "ICBufferFull", Time since last: 718814 ns, Reaching safepoint: 19801 ns, At safepoint: 1400 ns, Total: 21201 ns
[84.729s][info ][safepoint      ] Safepoint "ICBufferFull", Time since last: 11272230 ns, Reaching safepoint: 54401 ns, At safepoint: 2900 ns, Total: 57301 ns
[84.730s][info ][safepoint      ] Safepoint "ICBufferFull", Time since last: 1806237 ns, Reaching safepoint: 21001 ns, At safepoint: 1700 ns, Total: 22701 ns
[84.731s][info ][safepoint      ] Safepoint "ICBufferFull", Time since last: 770316 ns, Reaching safepoint: 17300 ns, At safepoint: 1100 ns, Total: 18400 ns
[84.732s][info ][safepoint      ] Safepoint "ICBufferFull", Time since last: 680214 ns, Reaching safepoint: 15400 ns, At safepoint: 1200 ns, Total: 16600 ns
[84.732s][info ][safepoint      ] Safepoint "ICBufferFull", Time since last: 555012 ns, Reaching safepoint: 13800 ns, At safepoint: 1000 ns, Total: 14800 ns
[84.733s][info ][safepoint      ] Safepoint "ICBufferFull", Time since last: 530411 ns, Reaching safepoint: 15800 ns, At safepoint: 900 ns, Total: 16700 ns
[84.734s][info ][safepoint      ] Safepoint "ICBufferFull", Time since last: 524611 ns, Reaching safepoint: 16600 ns, At safepoint: 1100 ns, Total: 17700 ns
[84.734s][info ][safepoint      ] Safepoint "ICBufferFull", Time since last: 524411 ns, Reaching safepoint: 26101 ns, At safepoint: 1400 ns, Total: 27501 ns
[84.735s][info ][safepoint      ] Safepoint "ICBufferFull", Time since last: 540211 ns, Reaching safepoint: 14400 ns, At safepoint: 1200 ns, Total: 15600 ns
[84.735s][info ][safepoint      ] Safepoint "ICBufferFull", Time since last: 569812 ns, Reaching safepoint: 16400 ns, At safepoint: 1200 ns, Total: 17600 ns
[84.736s][info ][safepoint      ] Safepoint "ICBufferFull", Time since last: 540711 ns, Reaching safepoint: 14700 ns, At safepoint: 1200 ns, Total: 15900 ns
[84.736s][info ][safepoint      ] Safepoint "ICBufferFull", Time since last: 555712 ns, Reaching safepoint: 16500 ns, At safepoint: 9300 ns, Total: 25800 ns
[84.737s][info ][safepoint      ] Safepoint "ICBufferFull", Time since last: 536611 ns, Reaching safepoint: 15100 ns, At safepoint: 1101 ns, Total: 16201 ns
[84.745s][info ][safepoint      ] Safepoint "ICBufferFull", Time since last: 7814359 ns, Reaching safepoint: 108303 ns, At safepoint: 7300 ns, Total: 115603 ns
[84.748s][info ][safepoint      ] Safepoint "ICBufferFull", Time since last: 1768836 ns, Reaching safepoint: 1110623 ns, At safepoint: 8900 ns, Total: 1119523 ns
[84.749s][info ][safepoint      ] Safepoint "ICBufferFull", Time since last: 1187524 ns, Reaching safepoint: 72402 ns, At safepoint: 8300 ns, Total: 80702 ns
[84.750s][info ][safepoint      ] Safepoint "ICBufferFull", Time since last: 979320 ns, Reaching safepoint: 91302 ns, At safepoint: 9700 ns, Total: 101002 ns
[84.751s][info ][safepoint      ] Safepoint "ICBufferFull", Time since last: 650213 ns, Reaching safepoint: 90202 ns, At safepoint: 9000 ns, Total: 99202 ns
[84.751s][info ][safepoint      ] Safepoint "ICBufferFull", Time since last: 567212 ns, Reaching safepoint: 22800 ns, At safepoint: 1500 ns, Total: 24300 ns
[84.752s][info ][safepoint      ] Safepoint "ICBufferFull", Time since last: 532311 ns, Reaching safepoint: 20801 ns, At safepoint: 1900 ns, Total: 22701 ns
[84.753s][info ][safepoint      ] Safepoint "ICBufferFull", Time since last: 540011 ns, Reaching safepoint: 29200 ns, At safepoint: 1300 ns, Total: 30500 ns
[84.753s][info ][safepoint      ] Safepoint "ICBufferFull", Time since last: 497511 ns, Reaching safepoint: 22300 ns, At safepoint: 800 ns, Total: 23100 ns
[84.754s][info ][safepoint      ] Safepoint "ICBufferFull", Time since last: 510610 ns, Reaching safepoint: 23401 ns, At safepoint: 1900 ns, Total: 25301 ns
[84.754s][info ][safepoint      ] Safepoint "ICBufferFull", Time since last: 577112 ns, Reaching safepoint: 24000 ns, At safepoint: 1600 ns, Total: 25600 ns
[84.755s][info ][safepoint      ] Safepoint "ICBufferFull", Time since last: 567912 ns, Reaching safepoint: 15000 ns, At safepoint: 1100 ns, Total: 16100 ns
[84.755s][info ][safepoint      ] Safepoint "ICBufferFull", Time since last: 531711 ns, Reaching safepoint: 18901 ns, At safepoint: 1100 ns, Total: 20001 ns
[84.756s][info ][safepoint      ] Safepoint "ICBufferFull", Time since last: 550111 ns, Reaching safepoint: 20900 ns, At safepoint: 1000 ns, Total: 21900 ns
[84.757s][info ][safepoint      ] Safepoint "ICBufferFull", Time since last: 550912 ns, Reaching safepoint: 24700 ns, At safepoint: 1000 ns, Total: 25700 ns
[84.757s][info ][safepoint      ] Safepoint "ICBufferFull", Time since last: 538611 ns, Reaching safepoint: 21201 ns, At safepoint: 1000 ns, Total: 22201 ns
[84.758s][info ][safepoint      ] Safepoint "ICBufferFull", Time since last: 532910 ns, Reaching safepoint: 15501 ns, At safepoint: 900 ns, Total: 16401 ns
[84.758s][info ][safepoint      ] Safepoint "ICBufferFull", Time since last: 522310 ns, Reaching safepoint: 24501 ns, At safepoint: 1300 ns, Total: 25801 ns
[84.759s][info ][safepoint      ] Safepoint "ICBufferFull", Time since last: 563312 ns, Reaching safepoint: 16100 ns, At safepoint: 1100 ns, Total: 17200 ns
[84.766s][info ][safepoint      ] Safepoint "ICBufferFull", Time since last: 6971343 ns, Reaching safepoint: 58501 ns, At safepoint: 2500 ns, Total: 61001 ns
[84.767s][info ][safepoint      ] Safepoint "ICBufferFull", Time since last: 1381828 ns, Reaching safepoint: 26401 ns, At safepoint: 1500 ns, Total: 27901 ns
[84.769s][info ][safepoint      ] Safepoint "ICBufferFull", Time since last: 1477330 ns, Reaching safepoint: 30200 ns, At safepoint: 2100 ns, Total: 32300 ns
[84.770s][info ][safepoint      ] Safepoint "ICBufferFull", Time since last: 940620 ns, Reaching safepoint: 32400 ns, At safepoint: 1100 ns, Total: 33500 ns
[84.770s][info ][safepoint      ] Safepoint "ICBufferFull", Time since last: 614913 ns, Reaching safepoint: 21000 ns, At safepoint: 1500 ns, Total: 22500 ns
[84.771s][info ][safepoint      ] Safepoint "ICBufferFull", Time since last: 611413 ns, Reaching safepoint: 19900 ns, At safepoint: 2500 ns, Total: 22400 ns
[84.771s][info ][safepoint      ] Safepoint "ICBufferFull", Time since last: 520011 ns, Reaching safepoint: 17600 ns, At safepoint: 1400 ns, Total: 19000 ns
[84.772s][info ][safepoint      ] Safepoint "ICBufferFull", Time since last: 545812 ns, Reaching safepoint: 16200 ns, At safepoint: 1600 ns, Total: 17800 ns
[84.773s][info ][safepoint      ] Safepoint "ICBufferFull", Time since last: 505810 ns, Reaching safepoint: 22901 ns, At safepoint: 1000 ns, Total: 23901 ns
[84.773s][info ][safepoint      ] Safepoint "ICBufferFull", Time since last: 516910 ns, Reaching safepoint: 19301 ns, At safepoint: 1100 ns, Total: 20401 ns
[84.774s][info ][safepoint      ] Safepoint "ICBufferFull", Time since last: 510810 ns, Reaching safepoint: 16101 ns, At safepoint: 1600 ns, Total: 17701 ns
[84.774s][info ][safepoint      ] Safepoint "ICBufferFull", Time since last: 509510 ns, Reaching safepoint: 16800 ns, At safepoint: 1400 ns, Total: 18200 ns
[84.775s][info ][safepoint      ] Safepoint "ICBufferFull", Time since last: 512511 ns, Reaching safepoint: 16400 ns, At safepoint: 1200 ns, Total: 17600 ns
[84.775s][info ][safepoint      ] Safepoint "ICBufferFull", Time since last: 533511 ns, Reaching safepoint: 28701 ns, At safepoint: 1100 ns, Total: 29801 ns
[84.776s][info ][safepoint      ] Safepoint "ICBufferFull", Time since last: 560511 ns, Reaching safepoint: 16401 ns, At safepoint: 1200 ns, Total: 17601 ns
[84.776s][info ][safepoint      ] Safepoint "ICBufferFull", Time since last: 522610 ns, Reaching safepoint: 17301 ns, At safepoint: 1300 ns, Total: 18601 ns
[84.777s][info ][safepoint      ] Safepoint "ICBufferFull", Time since last: 580112 ns, Reaching safepoint: 38600 ns, At safepoint: 1700 ns, Total: 40300 ns
[84.778s][info ][safepoint      ] Safepoint "ICBufferFull", Time since last: 584912 ns, Reaching safepoint: 32101 ns, At safepoint: 1400 ns, Total: 33501 ns
[84.778s][info ][safepoint      ] Safepoint "ICBufferFull", Time since last: 550611 ns, Reaching safepoint: 31801 ns, At safepoint: 1400 ns, Total: 33201 ns
[84.779s][info ][safepoint      ] Safepoint "ICBufferFull", Time since last: 547611 ns, Reaching safepoint: 20001 ns, At safepoint: 1500 ns, Total: 21501 ns
[84.785s][info ][safepoint      ] Safepoint "ICBufferFull", Time since last: 6105725 ns, Reaching safepoint: 31900 ns, At safepoint: 6200 ns, Total: 38100 ns
[84.786s][info ][safepoint      ] Safepoint "ICBufferFull", Time since last: 1291527 ns, Reaching safepoint: 101902 ns, At safepoint: 5600 ns, Total: 107502 ns
[84.787s][info ][safepoint      ] Safepoint "ICBufferFull", Time since last: 902718 ns, Reaching safepoint: 87202 ns, At safepoint: 5600 ns, Total: 92802 ns
[84.788s][info ][safepoint      ] Safepoint "ICBufferFull", Time since last: 713215 ns, Reaching safepoint: 15200 ns, At safepoint: 1400 ns, Total: 16600 ns
[84.789s][info ][safepoint      ] Safepoint "ICBufferFull", Time since last: 603913 ns, Reaching safepoint: 14000 ns, At safepoint: 1100 ns, Total: 15100 ns
[84.789s][info ][safepoint      ] Safepoint "ICBufferFull", Time since last: 522811 ns, Reaching safepoint: 14100 ns, At safepoint: 1400 ns, Total: 15500 ns
[84.790s][info ][safepoint      ] Safepoint "ICBufferFull", Time since last: 527311 ns, Reaching safepoint: 14400 ns, At safepoint: 1200 ns, Total: 15600 ns
[84.790s][info ][safepoint      ] Safepoint "ICBufferFull", Time since last: 524011 ns, Reaching safepoint: 15300 ns, At safepoint: 1400 ns, Total: 16700 ns
[84.791s][info ][safepoint      ] Safepoint "ICBufferFull", Time since last: 511611 ns, Reaching safepoint: 13800 ns, At safepoint: 900 ns, Total: 14700 ns
[84.791s][info ][safepoint      ] Safepoint "ICBufferFull", Time since last: 551211 ns, Reaching safepoint: 24301 ns, At safepoint: 1500 ns, Total: 25801 ns
[84.792s][info ][safepoint      ] Safepoint "ICBufferFull", Time since last: 513210 ns, Reaching safepoint: 14000 ns, At safepoint: 1000 ns, Total: 15000 ns
[84.792s][info ][safepoint      ] Safepoint "ICBufferFull", Time since last: 530111 ns, Reaching safepoint: 13601 ns, At safepoint: 1400 ns, Total: 15001 ns
[84.793s][info ][safepoint      ] Safepoint "ICBufferFull", Time since last: 513310 ns, Reaching safepoint: 24101 ns, At safepoint: 1300 ns, Total: 25401 ns
[84.794s][info ][safepoint      ] Safepoint "ICBufferFull", Time since last: 507510 ns, Reaching safepoint: 14500 ns, At safepoint: 1200 ns, Total: 15700 ns
[84.794s][info ][safepoint      ] Safepoint "ICBufferFull", Time since last: 532911 ns, Reaching safepoint: 14501 ns, At safepoint: 1100 ns, Total: 15601 ns
[84.795s][info ][safepoint      ] Safepoint "ICBufferFull", Time since last: 504810 ns, Reaching safepoint: 14500 ns, At safepoint: 1200 ns, Total: 15700 ns
[84.795s][info ][safepoint      ] Safepoint "ICBufferFull", Time since last: 582212 ns, Reaching safepoint: 16000 ns, At safepoint: 1201 ns, Total: 17201 ns
[84.796s][info ][safepoint      ] Safepoint "ICBufferFull", Time since last: 556511 ns, Reaching safepoint: 15600 ns, At safepoint: 1000 ns, Total: 16600 ns
[84.796s][info ][safepoint      ] Safepoint "ICBufferFull", Time since last: 527311 ns, Reaching safepoint: 14500 ns, At safepoint: 1300 ns, Total: 15800 ns
[84.797s][info ][safepoint      ] Safepoint "ICBufferFull", Time since last: 530211 ns, Reaching safepoint: 15601 ns, At safepoint: 1200 ns, Total: 16801 ns
[84.828s][info ][safepoint      ] Safepoint "ICBufferFull", Time since last: 26759447 ns, Reaching safepoint: 4271887 ns, At safepoint: 16401 ns, Total: 4288288 ns
[84.833s][info ][safepoint      ] Safepoint "ICBufferFull", Time since last: 4980802 ns, Reaching safepoint: 55701 ns, At safepoint: 2900 ns, Total: 58601 ns
[84.835s][info ][safepoint      ] Safepoint "ICBufferFull", Time since last: 1628433 ns, Reaching safepoint: 40001 ns, At safepoint: 2900 ns, Total: 42901 ns
[84.836s][info ][safepoint      ] Safepoint "ICBufferFull", Time since last: 872418 ns, Reaching safepoint: 42401 ns, At safepoint: 1400 ns, Total: 43801 ns
[84.836s][info ][safepoint      ] Safepoint "ICBufferFull", Time since last: 591212 ns, Reaching safepoint: 27900 ns, At safepoint: 1401 ns, Total: 29301 ns
[84.837s][info ][safepoint      ] Safepoint "ICBufferFull", Time since last: 550911 ns, Reaching safepoint: 21900 ns, At safepoint: 1000 ns, Total: 22900 ns
[84.837s][info ][safepoint      ] Safepoint "ICBufferFull", Time since last: 526611 ns, Reaching safepoint: 22600 ns, At safepoint: 1201 ns, Total: 23801 ns
[84.838s][info ][safepoint      ] Safepoint "ICBufferFull", Time since last: 518210 ns, Reaching safepoint: 23901 ns, At safepoint: 900 ns, Total: 24801 ns
[84.838s][info ][safepoint      ] Safepoint "ICBufferFull", Time since last: 522110 ns, Reaching safepoint: 15501 ns, At safepoint: 1100 ns, Total: 16601 ns
[84.839s][info ][safepoint      ] Safepoint "ICBufferFull", Time since last: 522710 ns, Reaching safepoint: 35301 ns, At safepoint: 1400 ns, Total: 36701 ns
[84.839s][info ][safepoint      ] Safepoint "ICBufferFull", Time since last: 528911 ns, Reaching safepoint: 25900 ns, At safepoint: 1200 ns, Total: 27100 ns
[84.840s][info ][safepoint      ] Safepoint "ICBufferFull", Time since last: 527311 ns, Reaching safepoint: 26001 ns, At safepoint: 1100 ns, Total: 27101 ns
[84.841s][info ][safepoint      ] Safepoint "ICBufferFull", Time since last: 531911 ns, Reaching safepoint: 15600 ns, At safepoint: 1000 ns, Total: 16600 ns
[84.841s][info ][safepoint      ] Safepoint "ICBufferFull", Time since last: 519911 ns, Reaching safepoint: 19800 ns, At safepoint: 1100 ns, Total: 20900 ns
[84.842s][info ][safepoint      ] Safepoint "ICBufferFull", Time since last: 547411 ns, Reaching safepoint: 13301 ns, At safepoint: 1000 ns, Total: 14301 ns
[84.842s][info ][safepoint      ] Safepoint "ICBufferFull", Time since last: 560911 ns, Reaching safepoint: 13800 ns, At safepoint: 900 ns, Total: 14700 ns
[84.843s][info ][safepoint      ] Safepoint "ICBufferFull", Time since last: 518911 ns, Reaching safepoint: 18600 ns, At safepoint: 1600 ns, Total: 20200 ns
[84.843s][info ][safepoint      ] Safepoint "ICBufferFull", Time since last: 558012 ns, Reaching safepoint: 15400 ns, At safepoint: 1100 ns, Total: 16500 ns
[84.844s][info ][safepoint      ] Safepoint "ICBufferFull", Time since last: 531011 ns, Reaching safepoint: 14700 ns, At safepoint: 1200 ns, Total: 15900 ns
[84.844s][info ][safepoint      ] Safepoint "ICBufferFull", Time since last: 538111 ns, Reaching safepoint: 14301 ns, At safepoint: 900 ns, Total: 15201 ns
[84.845s][info ][safepoint      ] Safepoint "ICBufferFull", Time since last: 783916 ns, Reaching safepoint: 16900 ns, At safepoint: 1400 ns, Total: 18300 ns
[84.884s][info ][safepoint      ] Safepoint "ICBufferFull", Time since last: 38395386 ns, Reaching safepoint: 80601 ns, At safepoint: 7200 ns, Total: 87801 ns
[84.886s][info ][safepoint      ] Safepoint "ICBufferFull", Time since last: 1739736 ns, Reaching safepoint: 35101 ns, At safepoint: 2300 ns, Total: 37401 ns
[84.886s][info ][safepoint      ] Safepoint "ICBufferFull", Time since last: 886518 ns, Reaching safepoint: 16800 ns, At safepoint: 1400 ns, Total: 18200 ns
[84.887s][info ][safepoint      ] Safepoint "ICBufferFull", Time since last: 567712 ns, Reaching safepoint: 19200 ns, At safepoint: 1400 ns, Total: 20600 ns
[84.888s][info ][safepoint      ] Safepoint "ICBufferFull", Time since last: 608013 ns, Reaching safepoint: 16000 ns, At safepoint: 1400 ns, Total: 17400 ns
[84.888s][info ][safepoint      ] Safepoint "ICBufferFull", Time since last: 537411 ns, Reaching safepoint: 35401 ns, At safepoint: 1700 ns, Total: 37101 ns
[84.889s][info ][safepoint      ] Safepoint "ICBufferFull", Time since last: 515310 ns, Reaching safepoint: 17201 ns, At safepoint: 1200 ns, Total: 18401 ns
[84.889s][info ][safepoint      ] Safepoint "ICBufferFull", Time since last: 522611 ns, Reaching safepoint: 24200 ns, At safepoint: 1200 ns, Total: 25400 ns
[84.890s][info ][safepoint      ] Safepoint "ICBufferFull", Time since last: 576612 ns, Reaching safepoint: 17800 ns, At safepoint: 1400 ns, Total: 19200 ns
[84.890s][info ][safepoint      ] Safepoint "ICBufferFull", Time since last: 528811 ns, Reaching safepoint: 31301 ns, At safepoint: 1400 ns, Total: 32701 ns
[84.891s][info ][safepoint      ] Safepoint "ICBufferFull", Time since last: 526110 ns, Reaching safepoint: 16601 ns, At safepoint: 1500 ns, Total: 18101 ns
[84.892s][info ][safepoint      ] Safepoint "ICBufferFull", Time since last: 520711 ns, Reaching safepoint: 16900 ns, At safepoint: 1600 ns, Total: 18500 ns
[84.892s][info ][safepoint      ] Safepoint "ICBufferFull", Time since last: 510010 ns, Reaching safepoint: 30701 ns, At safepoint: 1200 ns, Total: 31901 ns
[84.893s][info ][safepoint      ] Safepoint "ICBufferFull", Time since last: 510010 ns, Reaching safepoint: 17301 ns, At safepoint: 1400 ns, Total: 18701 ns
[84.893s][info ][safepoint      ] Safepoint "ICBufferFull", Time since last: 505810 ns, Reaching safepoint: 16600 ns, At safepoint: 1501 ns, Total: 18101 ns
[84.894s][info ][safepoint      ] Safepoint "ICBufferFull", Time since last: 527710 ns, Reaching safepoint: 16001 ns, At safepoint: 1600 ns, Total: 17601 ns
[84.894s][info ][safepoint      ] Safepoint "ICBufferFull", Time since last: 525910 ns, Reaching safepoint: 17201 ns, At safepoint: 1700 ns, Total: 18901 ns
[84.895s][info ][safepoint      ] Safepoint "ICBufferFull", Time since last: 553711 ns, Reaching safepoint: 17600 ns, At safepoint: 1701 ns, Total: 19301 ns
[84.895s][info ][safepoint      ] Safepoint "ICBufferFull", Time since last: 595112 ns, Reaching safepoint: 30200 ns, At safepoint: 1900 ns, Total: 32100 ns
[84.897s][info ][safepoint      ] Safepoint "ICBufferFull", Time since last: 1103423 ns, Reaching safepoint: 36501 ns, At safepoint: 1600 ns, Total: 38101 ns
[84.897s][info ][safepoint      ] Safepoint "ICBufferFull", Time since last: 680214 ns, Reaching safepoint: 190204 ns, At safepoint: 2900 ns, Total: 193104 ns
[84.898s][info ][safepoint      ] Safepoint "ICBufferFull", Time since last: 611012 ns, Reaching safepoint: 19800 ns, At safepoint: 1701 ns, Total: 21501 ns
[84.899s][info ][safepoint      ] Safepoint "ICBufferFull", Time since last: 530310 ns, Reaching safepoint: 34501 ns, At safepoint: 1400 ns, Total: 35901 ns
[84.899s][info ][safepoint      ] Safepoint "ICBufferFull", Time since last: 570912 ns, Reaching safepoint: 16500 ns, At safepoint: 1300 ns, Total: 17800 ns
[84.933s][info ][safepoint      ] Safepoint "ICBufferFull", Time since last: 34053497 ns, Reaching safepoint: 123802 ns, At safepoint: 13701 ns, Total: 137503 ns
[84.934s][info ][safepoint      ] Safepoint "ICBufferFull", Time since last: 854517 ns, Reaching safepoint: 95902 ns, At safepoint: 5700 ns, Total: 101602 ns
[84.937s][info ][safepoint      ] Safepoint "ICBufferFull", Time since last: 2106443 ns, Reaching safepoint: 30801 ns, At safepoint: 2000 ns, Total: 32801 ns
[84.938s][info ][safepoint      ] Safepoint "ICBufferFull", Time since last: 1022821 ns, Reaching safepoint: 32101 ns, At safepoint: 1500 ns, Total: 33601 ns
[84.938s][info ][safepoint      ] Safepoint "ICBufferFull", Time since last: 706014 ns, Reaching safepoint: 27401 ns, At safepoint: 1600 ns, Total: 29001 ns
[84.939s][info ][safepoint      ] Safepoint "ICBufferFull", Time since last: 668113 ns, Reaching safepoint: 149103 ns, At safepoint: 5401 ns, Total: 154504 ns
[84.940s][info ][safepoint      ] Safepoint "ICBufferFull", Time since last: 654713 ns, Reaching safepoint: 26000 ns, At safepoint: 1800 ns, Total: 27800 ns
[84.940s][info ][safepoint      ] Safepoint "ICBufferFull", Time since last: 652014 ns, Reaching safepoint: 15400 ns, At safepoint: 1100 ns, Total: 16500 ns
[84.941s][info ][safepoint      ] Safepoint "ICBufferFull", Time since last: 635413 ns, Reaching safepoint: 25901 ns, At safepoint: 1200 ns, Total: 27101 ns
[84.942s][info ][safepoint      ] Safepoint "ICBufferFull", Time since last: 673213 ns, Reaching safepoint: 30001 ns, At safepoint: 2700 ns, Total: 32701 ns
[84.943s][info ][safepoint      ] Safepoint "ICBufferFull", Time since last: 667314 ns, Reaching safepoint: 17200 ns, At safepoint: 1300 ns, Total: 18500 ns
[84.943s][info ][safepoint      ] Safepoint "ICBufferFull", Time since last: 670014 ns, Reaching safepoint: 15300 ns, At safepoint: 1100 ns, Total: 16400 ns
[84.944s][info ][safepoint      ] Safepoint "ICBufferFull", Time since last: 645413 ns, Reaching safepoint: 13901 ns, At safepoint: 1000 ns, Total: 14901 ns
[84.945s][info ][safepoint      ] Safepoint "ICBufferFull", Time since last: 643813 ns, Reaching safepoint: 19900 ns, At safepoint: 2100 ns, Total: 22000 ns
[84.945s][info ][safepoint      ] Safepoint "ICBufferFull", Time since last: 652114 ns, Reaching safepoint: 17800 ns, At safepoint: 1600 ns, Total: 19400 ns
[84.946s][info ][safepoint      ] Safepoint "ICBufferFull", Time since last: 657514 ns, Reaching safepoint: 17300 ns, At safepoint: 1500 ns, Total: 18800 ns
[84.947s][info ][safepoint      ] Safepoint "ICBufferFull", Time since last: 667014 ns, Reaching safepoint: 18100 ns, At safepoint: 1300 ns, Total: 19400 ns
[84.947s][info ][safepoint      ] Safepoint "ICBufferFull", Time since last: 714515 ns, Reaching safepoint: 16200 ns, At safepoint: 1500 ns, Total: 17700 ns
[84.948s][info ][safepoint      ] Safepoint "ICBufferFull", Time since last: 524911 ns, Reaching safepoint: 14700 ns, At safepoint: 1000 ns, Total: 15700 ns
[84.948s][info ][safepoint      ] Safepoint "ICBufferFull", Time since last: 538611 ns, Reaching safepoint: 14900 ns, At safepoint: 1000 ns, Total: 15900 ns
[84.949s][info ][safepoint      ] Safepoint "ICBufferFull", Time since last: 540911 ns, Reaching safepoint: 190604 ns, At safepoint: 2000 ns, Total: 192604 ns
[84.950s][info ][safepoint      ] Safepoint "ICBufferFull", Time since last: 733615 ns, Reaching safepoint: 16401 ns, At safepoint: 1200 ns, Total: 17601 ns
[84.950s][info ][safepoint      ] Safepoint "ICBufferFull", Time since last: 550311 ns, Reaching safepoint: 14800 ns, At safepoint: 1000 ns, Total: 15800 ns
[84.951s][info ][safepoint      ] Safepoint "ICBufferFull", Time since last: 549912 ns, Reaching safepoint: 16300 ns, At safepoint: 1400 ns, Total: 17700 ns
[84.952s][info ][safepoint      ] Safepoint "ICBufferFull", Time since last: 758315 ns, Reaching safepoint: 15501 ns, At safepoint: 1100 ns, Total: 16601 ns
[84.983s][info ][safepoint      ] Safepoint "ICBufferFull", Time since last: 31420943 ns, Reaching safepoint: 68301 ns, At safepoint: 2700 ns, Total: 71001 ns
[84.985s][info ][safepoint      ] Safepoint "ICBufferFull", Time since last: 1541632 ns, Reaching safepoint: 37600 ns, At safepoint: 2800 ns, Total: 40400 ns
[84.986s][info ][safepoint      ] Safepoint "ICBufferFull", Time since last: 685114 ns, Reaching safepoint: 18901 ns, At safepoint: 1700 ns, Total: 20601 ns
[84.986s][info ][safepoint      ] Safepoint "ICBufferFull", Time since last: 732015 ns, Reaching safepoint: 19100 ns, At safepoint: 1600 ns, Total: 20700 ns
[84.987s][info ][safepoint      ] Safepoint "ICBufferFull", Time since last: 606213 ns, Reaching safepoint: 16700 ns, At safepoint: 1300 ns, Total: 18000 ns
[84.987s][info ][safepoint      ] Safepoint "ICBufferFull", Time since last: 522011 ns, Reaching safepoint: 16100 ns, At safepoint: 1200 ns, Total: 17300 ns
[84.988s][info ][safepoint      ] Safepoint "ICBufferFull", Time since last: 517211 ns, Reaching safepoint: 16100 ns, At safepoint: 1300 ns, Total: 17400 ns
[84.989s][info ][safepoint      ] Safepoint "ICBufferFull", Time since last: 512811 ns, Reaching safepoint: 15500 ns, At safepoint: 1100 ns, Total: 16600 ns
[84.989s][info ][safepoint      ] Safepoint "ICBufferFull", Time since last: 540411 ns, Reaching safepoint: 16400 ns, At safepoint: 1100 ns, Total: 17500 ns
[84.990s][info ][safepoint      ] Safepoint "ICBufferFull", Time since last: 536411 ns, Reaching safepoint: 16801 ns, At safepoint: 1700 ns, Total: 18501 ns
[84.990s][info ][safepoint      ] Safepoint "ICBufferFull", Time since last: 555711 ns, Reaching safepoint: 87502 ns, At safepoint: 5000 ns, Total: 92502 ns
[84.991s][info ][safepoint      ] Safepoint "ICBufferFull", Time since last: 535811 ns, Reaching safepoint: 17000 ns, At safepoint: 20401 ns, Total: 37401 ns
[84.991s][info ][safepoint      ] Safepoint "ICBufferFull", Time since last: 525610 ns, Reaching safepoint: 17601 ns, At safepoint: 5300 ns, Total: 22901 ns
[84.992s][info ][safepoint      ] Safepoint "ICBufferFull", Time since last: 529911 ns, Reaching safepoint: 18300 ns, At safepoint: 1800 ns, Total: 20100 ns
[84.993s][info ][safepoint      ] Safepoint "ICBufferFull", Time since last: 539211 ns, Reaching safepoint: 17700 ns, At safepoint: 1801 ns, Total: 19501 ns
[84.993s][info ][safepoint      ] Safepoint "ICBufferFull", Time since last: 519410 ns, Reaching safepoint: 17600 ns, At safepoint: 1701 ns, Total: 19301 ns
[84.994s][info ][safepoint      ] Safepoint "ICBufferFull", Time since last: 533110 ns, Reaching safepoint: 31001 ns, At safepoint: 1400 ns, Total: 32401 ns
[84.994s][info ][safepoint      ] Safepoint "ICBufferFull", Time since last: 549211 ns, Reaching safepoint: 25201 ns, At safepoint: 1400 ns, Total: 26601 ns
[84.995s][info ][safepoint      ] Safepoint "ICBufferFull", Time since last: 547111 ns, Reaching safepoint: 23701 ns, At safepoint: 3900 ns, Total: 27601 ns
[84.995s][info ][safepoint      ] Safepoint "ICBufferFull", Time since last: 627512 ns, Reaching safepoint: 26301 ns, At safepoint: 2300 ns, Total: 28601 ns
[84.996s][info ][safepoint      ] Safepoint "ICBufferFull", Time since last: 539911 ns, Reaching safepoint: 18500 ns, At safepoint: 1801 ns, Total: 20301 ns
[84.997s][info ][safepoint      ] Safepoint "ICBufferFull", Time since last: 546311 ns, Reaching safepoint: 14900 ns, At safepoint: 1300 ns, Total: 16200 ns
[84.997s][info ][safepoint      ] Safepoint "ICBufferFull", Time since last: 513311 ns, Reaching safepoint: 16000 ns, At safepoint: 1100 ns, Total: 17100 ns
[84.998s][info ][safepoint      ] Safepoint "ICBufferFull", Time since last: 521011 ns, Reaching safepoint: 38700 ns, At safepoint: 1400 ns, Total: 40100 ns
[84.998s][info ][safepoint      ] Safepoint "ICBufferFull", Time since last: 524911 ns, Reaching safepoint: 25901 ns, At safepoint: 1200 ns, Total: 27101 ns
[84.999s][info ][safepoint      ] Safepoint "ICBufferFull", Time since last: 513710 ns, Reaching safepoint: 14000 ns, At safepoint: 1200 ns, Total: 15200 ns
[84.999s][info ][safepoint      ] Safepoint "ICBufferFull", Time since last: 549512 ns, Reaching safepoint: 17200 ns, At safepoint: 1500 ns, Total: 18700 ns
[85.032s][info ][safepoint      ] Safepoint "ICBufferFull", Time since last: 32934074 ns, Reaching safepoint: 70501 ns, At safepoint: 16101 ns, Total: 86602 ns
[85.033s][info ][safepoint      ] Safepoint "ICBufferFull", Time since last: 875618 ns, Reaching safepoint: 37600 ns, At safepoint: 5600 ns, Total: 43200 ns
[85.035s][info ][safepoint      ] Safepoint "ICBufferFull", Time since last: 1848838 ns, Reaching safepoint: 45501 ns, At safepoint: 6700 ns, Total: 52201 ns
[85.036s][info ][safepoint      ] Safepoint "ICBufferFull", Time since last: 764016 ns, Reaching safepoint: 23100 ns, At safepoint: 4200 ns, Total: 27300 ns
[85.037s][info ][safepoint      ] Safepoint "ICBufferFull", Time since last: 532611 ns, Reaching safepoint: 22101 ns, At safepoint: 4100 ns, Total: 26201 ns
[85.037s][info ][safepoint      ] Safepoint "ICBufferFull", Time since last: 592312 ns, Reaching safepoint: 36101 ns, At safepoint: 1900 ns, Total: 38001 ns
[85.038s][info ][safepoint      ] Safepoint "ICBufferFull", Time since last: 559011 ns, Reaching safepoint: 22901 ns, At safepoint: 4400 ns, Total: 27301 ns
[85.038s][info ][safepoint      ] Safepoint "ICBufferFull", Time since last: 538511 ns, Reaching safepoint: 21100 ns, At safepoint: 1400 ns, Total: 22500 ns
[85.039s][info ][safepoint      ] Safepoint "ICBufferFull", Time since last: 608813 ns, Reaching safepoint: 21100 ns, At safepoint: 1300 ns, Total: 22400 ns
[85.040s][info ][safepoint      ] Safepoint "ICBufferFull", Time since last: 590212 ns, Reaching safepoint: 16201 ns, At safepoint: 5700 ns, Total: 21901 ns
[85.040s][info ][safepoint      ] Safepoint "ICBufferFull", Time since last: 525110 ns, Reaching safepoint: 15401 ns, At safepoint: 1000 ns, Total: 16401 ns
[85.041s][info ][safepoint      ] Safepoint "ICBufferFull", Time since last: 531611 ns, Reaching safepoint: 13100 ns, At safepoint: 1100 ns, Total: 14200 ns
[85.041s][info ][safepoint      ] Safepoint "ICBufferFull", Time since last: 516311 ns, Reaching safepoint: 12700 ns, At safepoint: 900 ns, Total: 13600 ns
[85.042s][info ][safepoint      ] Safepoint "ICBufferFull", Time since last: 514610 ns, Reaching safepoint: 25901 ns, At safepoint: 2600 ns, Total: 28501 ns
[85.042s][info ][safepoint      ] Safepoint "ICBufferFull", Time since last: 533411 ns, Reaching safepoint: 16700 ns, At safepoint: 1400 ns, Total: 18100 ns
[85.043s][info ][safepoint      ] Safepoint "ICBufferFull", Time since last: 543011 ns, Reaching safepoint: 14501 ns, At safepoint: 1000 ns, Total: 15501 ns
[85.043s][info ][safepoint      ] Safepoint "ICBufferFull", Time since last: 535111 ns, Reaching safepoint: 23200 ns, At safepoint: 1600 ns, Total: 24800 ns
[85.044s][info ][safepoint      ] Safepoint "ICBufferFull", Time since last: 522111 ns, Reaching safepoint: 13300 ns, At safepoint: 1300 ns, Total: 14600 ns
[85.045s][info ][safepoint      ] Safepoint "ICBufferFull", Time since last: 544911 ns, Reaching safepoint: 91302 ns, At safepoint: 5100 ns, Total: 96402 ns
[85.045s][info ][safepoint      ] Safepoint "ICBufferFull", Time since last: 533811 ns, Reaching safepoint: 14100 ns, At safepoint: 1000 ns, Total: 15100 ns
[85.046s][info ][safepoint      ] Safepoint "ICBufferFull", Time since last: 605013 ns, Reaching safepoint: 15400 ns, At safepoint: 4900 ns, Total: 20300 ns
[85.046s][info ][safepoint      ] Safepoint "ICBufferFull", Time since last: 530111 ns, Reaching safepoint: 13000 ns, At safepoint: 1000 ns, Total: 14000 ns
[85.047s][info ][safepoint      ] Safepoint "ICBufferFull", Time since last: 532411 ns, Reaching safepoint: 28501 ns, At safepoint: 2600 ns, Total: 31101 ns
[85.047s][info ][safepoint      ] Safepoint "ICBufferFull", Time since last: 558511 ns, Reaching safepoint: 17601 ns, At safepoint: 1500 ns, Total: 19101 ns
[85.048s][info ][safepoint      ] Safepoint "ICBufferFull", Time since last: 612712 ns, Reaching safepoint: 17301 ns, At safepoint: 1600 ns, Total: 18901 ns
[85.049s][info ][safepoint      ] Safepoint "ICBufferFull", Time since last: 561611 ns, Reaching safepoint: 15800 ns, At safepoint: 1200 ns, Total: 17000 ns
[85.049s][info ][safepoint      ] Safepoint "ICBufferFull", Time since last: 536711 ns, Reaching safepoint: 15101 ns, At safepoint: 4900 ns, Total: 20001 ns
[85.050s][info ][safepoint      ] Safepoint "ICBufferFull", Time since last: 741215 ns, Reaching safepoint: 15400 ns, At safepoint: 1200 ns, Total: 16600 ns
[85.050s][info ][safepoint      ] Safepoint "ICBufferFull", Time since last: 549012 ns, Reaching safepoint: 17500 ns, At safepoint: 1400 ns, Total: 18900 ns
[85.082s][info ][safepoint      ] Safepoint "ICBufferFull", Time since last: 31843251 ns, Reaching safepoint: 78202 ns, At safepoint: 11300 ns, Total: 89502 ns
[85.083s][info ][safepoint      ] Safepoint "ICBufferFull", Time since last: 969820 ns, Reaching safepoint: 23700 ns, At safepoint: 1701 ns, Total: 25401 ns
[85.085s][info ][safepoint      ] Safepoint "ICBufferFull", Time since last: 1536731 ns, Reaching safepoint: 37601 ns, At safepoint: 5300 ns, Total: 42901 ns
[85.086s][info ][safepoint      ] Safepoint "ICBufferFull", Time since last: 725615 ns, Reaching safepoint: 18500 ns, At safepoint: 1000 ns, Total: 19500 ns
[85.086s][info ][safepoint      ] Safepoint "ICBufferFull", Time since last: 499710 ns, Reaching safepoint: 17601 ns, At safepoint: 1200 ns, Total: 18801 ns
[85.094s][info ][safepoint      ] Safepoint "ICBufferFull", Time since last: 7821560 ns, Reaching safepoint: 154203 ns, At safepoint: 7600 ns, Total: 161803 ns
[85.145s][info ][safepoint      ] Safepoint "ICBufferFull", Time since last: 50284429 ns, Reaching safepoint: 212904 ns, At safepoint: 9600 ns, Total: 222504 ns
[85.418s][info ][safepoint      ] Safepoint "ICBufferFull", Time since last: 273351692 ns, Reaching safepoint: 168704 ns, At safepoint: 2100 ns, Total: 170804 ns
[85.734s][info ][safepoint      ] Safepoint "ICBufferFull", Time since last: 315421152 ns, Reaching safepoint: 129703 ns, At safepoint: 2800 ns, Total: 132503 ns
[86.133s][info ][safepoint      ] Safepoint "ICBufferFull", Time since last: 399264867 ns, Reaching safepoint: 160904 ns, At safepoint: 8500 ns, Total: 169404 ns
[86.728s][info ][safepoint      ] Safepoint "ICBufferFull", Time since last: 594238054 ns, Reaching safepoint: 257706 ns, At safepoint: 22600 ns, Total: 280306 ns
[86.810s][info ][safepoint      ] Safepoint "ICBufferFull", Time since last: 81843174 ns, Reaching safepoint: 137503 ns, At safepoint: 17700 ns, Total: 155203 ns
[86.858s][info ][safepoint      ] Safepoint "ICBufferFull", Time since last: 48295688 ns, Reaching safepoint: 177704 ns, At safepoint: 27200 ns, Total: 204904 ns
[86.952s][info ][safepoint      ] Safepoint "ICBufferFull", Time since last: 93202707 ns, Reaching safepoint: 221004 ns, At safepoint: 8800 ns, Total: 229804 ns
[87.035s][info ][safepoint      ] Safepoint "ICBufferFull", Time since last: 83384206 ns, Reaching safepoint: 46301 ns, At safepoint: 2800 ns, Total: 49101 ns
[87.324s][info ][safepoint      ] Safepoint "ICBufferFull", Time since last: 288801906 ns, Reaching safepoint: 133703 ns, At safepoint: 4600 ns, Total: 138303 ns
[88.581s][info ][safepoint      ] Safepoint "ICBufferFull", Time since last: 1256460094 ns, Reaching safepoint: 182204 ns, At safepoint: 5500 ns, Total: 187704 ns
[89.581s][info ][safepoint      ] Safepoint "Cleanup", Time since last: 1000112249 ns, Reaching safepoint: 127903 ns, At safepoint: 8400 ns, Total: 136303 ns
[90.581s][info ][safepoint      ] Safepoint "Cleanup", Time since last: 1000113246 ns, Reaching safepoint: 70601 ns, At safepoint: 10400 ns, Total: 81001 ns
[91.104s][info ][safepoint      ] Safepoint "ICBufferFull", Time since last: 522138074 ns, Reaching safepoint: 239305 ns, At safepoint: 23800 ns, Total: 263105 ns
[91.104s][info ][safepoint      ] Safepoint "ICBufferFull", Time since last: 792916 ns, Reaching safepoint: 87602 ns, At safepoint: 27501 ns, Total: 115103 ns
[91.133s][info ][safepoint      ] Safepoint "ICBufferFull", Time since last: 28541483 ns, Reaching safepoint: 68001 ns, At safepoint: 6400 ns, Total: 74401 ns
[91.195s][info ][safepoint      ] Safepoint "ICBufferFull", Time since last: 61754863 ns, Reaching safepoint: 93502 ns, At safepoint: 9800 ns, Total: 103302 ns
[91.212s][info ][safepoint      ] Safepoint "ICBufferFull", Time since last: 16987547 ns, Reaching safepoint: 151003 ns, At safepoint: 7100 ns, Total: 158103 ns
[91.419s][info ][safepoint      ] Safepoint "ICBufferFull", Time since last: 207073733 ns, Reaching safepoint: 124202 ns, At safepoint: 5600 ns, Total: 129802 ns
[91.505s][info ][safepoint      ] Safepoint "ICBufferFull", Time since last: 85338245 ns, Reaching safepoint: 136802 ns, At safepoint: 8501 ns, Total: 145303 ns
[91.686s][info ][safepoint      ] Safepoint "ICBufferFull", Time since last: 181308306 ns, Reaching safepoint: 78001 ns, At safepoint: 8900 ns, Total: 86901 ns
[91.992s][info ][safepoint      ] Safepoint "ICBufferFull", Time since last: 306015555 ns, Reaching safepoint: 144803 ns, At safepoint: 6000 ns, Total: 150803 ns
[92.993s][info ][safepoint      ] Safepoint "Cleanup", Time since last: 1000108839 ns, Reaching safepoint: 84202 ns, At safepoint: 5400 ns, Total: 89602 ns
[93.993s][info ][safepoint      ] Safepoint "Cleanup", Time since last: 1000111836 ns, Reaching safepoint: 53601 ns, At safepoint: 5600 ns, Total: 59201 ns
[94.993s][info ][safepoint      ] Safepoint "Cleanup", Time since last: 1000115233 ns, Reaching safepoint: 82502 ns, At safepoint: 9000 ns, Total: 91502 ns
[95.993s][info ][safepoint      ] Safepoint "Cleanup", Time since last: 1000102430 ns, Reaching safepoint: 54101 ns, At safepoint: 9600 ns, Total: 63701 ns
[96.116s][info ][safepoint      ] Safepoint "ICBufferFull", Time since last: 123024213 ns, Reaching safepoint: 101302 ns, At safepoint: 3000 ns, Total: 104302 ns
[96.142s][info ][safepoint      ] Safepoint "ICBufferFull", Time since last: 26139634 ns, Reaching safepoint: 53801 ns, At safepoint: 12500 ns, Total: 66301 ns
[96.221s][info ][safepoint      ] Safepoint "ICBufferFull", Time since last: 78818010 ns, Reaching safepoint: 101202 ns, At safepoint: 2900 ns, Total: 104102 ns
[96.341s][info ][safepoint      ] Safepoint "ICBufferFull", Time since last: 119432940 ns, Reaching safepoint: 283206 ns, At safepoint: 10100 ns, Total: 293306 ns
[96.445s][info ][safepoint      ] Safepoint "ICBufferFull", Time since last: 103907722 ns, Reaching safepoint: 67702 ns, At safepoint: 6100 ns, Total: 73802 ns
[96.535s][info ][safepoint      ] Safepoint "ICBufferFull", Time since last: 89809934 ns, Reaching safepoint: 71402 ns, At safepoint: 2500 ns, Total: 73902 ns
[96.787s][info ][safepoint      ] Safepoint "ICBufferFull", Time since last: 251440235 ns, Reaching safepoint: 188704 ns, At safepoint: 9600 ns, Total: 198304 ns
[97.088s][info ][safepoint      ] Safepoint "ICBufferFull", Time since last: 301255853 ns, Reaching safepoint: 88202 ns, At safepoint: 6800 ns, Total: 95002 ns
[97.233s][info ][safepoint      ] Safepoint "ICBufferFull", Time since last: 145082563 ns, Reaching safepoint: 211604 ns, At safepoint: 9801 ns, Total: 221405 ns
[97.584s][info ][safepoint      ] Safepoint "ICBufferFull", Time since last: 350887765 ns, Reaching safepoint: 154904 ns, At safepoint: 9500 ns, Total: 164404 ns
[98.282s][info ][safepoint      ] Safepoint "ICBufferFull", Time since last: 697952553 ns, Reaching safepoint: 191504 ns, At safepoint: 11700 ns, Total: 203204 ns
[98.769s][info ][safepoint      ] Safepoint "ICBufferFull", Time since last: 485937322 ns, Reaching safepoint: 122903 ns, At safepoint: 3300 ns, Total: 126203 ns
[99.287s][info ][safepoint      ] Safepoint "ICBufferFull", Time since last: 517914474 ns, Reaching safepoint: 142903 ns, At safepoint: 11501 ns, Total: 154404 ns
[99.936s][info ][safepoint      ] Safepoint "ICBufferFull", Time since last: 648724344 ns, Reaching safepoint: 192604 ns, At safepoint: 10300 ns, Total: 202904 ns
[100.481s][info ][safepoint      ] Safepoint "ICBufferFull", Time since last: 545381334 ns, Reaching safepoint: 255805 ns, At safepoint: 10200 ns, Total: 266005 ns
[100.934s][info ][safepoint      ] Safepoint "ICBufferFull", Time since last: 452657741 ns, Reaching safepoint: 151203 ns, At safepoint: 3000 ns, Total: 154203 ns
[101.884s][info ][safepoint      ] Safepoint "ICBufferFull", Time since last: 950217995 ns, Reaching safepoint: 108902 ns, At safepoint: 9600 ns, Total: 118502 ns
[102.635s][info ][safepoint      ] Safepoint "ICBufferFull", Time since last: 750842723 ns, Reaching safepoint: 81502 ns, At safepoint: 5900 ns, Total: 87402 ns
[102.965s][info ][safepoint      ] Safepoint "ICBufferFull", Time since last: 329782130 ns, Reaching safepoint: 216205 ns, At safepoint: 9500 ns, Total: 225705 ns
[103.784s][info ][safepoint      ] Safepoint "ICBufferFull", Time since last: 818979911 ns, Reaching safepoint: 113703 ns, At safepoint: 9400 ns, Total: 123103 ns
[104.486s][info ][safepoint      ] Safepoint "ICBufferFull", Time since last: 701760718 ns, Reaching safepoint: 158903 ns, At safepoint: 13601 ns, Total: 172504 ns
[104.740s][info ][safepoint      ] Safepoint "ICBufferFull", Time since last: 253615574 ns, Reaching safepoint: 225104 ns, At safepoint: 7601 ns, Total: 232705 ns
[105.085s][info ][gc,start       ] GC(77) Pause Young (Allocation Failure)
[105.123s][debug][gc,phases      ] GC(77) Scavenge 37.823ms
[105.123s][debug][gc,ref         ] GC(77) Skipped phase 1 of Reference Processing: no references
[105.123s][debug][gc,ref         ] GC(77) Skipped phase 3 of Reference Processing: no references
[105.123s][debug][gc,phases      ] GC(77) Reference Processing 0.326ms
[105.124s][debug][gc,phases      ] GC(77) Weak Processing 1.075ms
[105.124s][debug][gc,age         ] GC(77) Desired survivor size 71827456 bytes, new threshold 14 (max threshold 15)
[105.124s][info ][gc,heap        ] GC(77) PSYoungGen: 2033600K(2062336K)->34800K(2061312K) Eden: 2026496K(2026496K)->0K(2026496K) From: 7104K(35840K)->34800K(34816K)
[105.124s][info ][gc,heap        ] GC(77) ParOldGen: 277669K(322560K)->357927K(358400K)
[105.124s][info ][gc,metaspace   ] GC(77) Metaspace: 76421K(77056K)->76421K(77056K) NonClass: 65913K(66304K)->65913K(66304K) Class: 10508K(10752K)->10508K(10752K)
[105.124s][info ][gc             ] GC(77) Pause Young (Allocation Failure) 2257M->383M(2363M) 39.401ms
[105.124s][info ][gc,cpu         ] GC(77) User=0.09s Sys=0.03s Real=0.04s
[105.124s][debug][gc,phases      ] GC(78) Pre Compact 0.016ms
[105.124s][info ][gc,start       ] GC(78) Pause Full (Ergonomics)
[105.124s][info ][gc,phases,start] GC(78) Marking Phase
[105.288s][debug][gc,phases      ] GC(78) Par Mark 163.492ms
[105.288s][debug][gc,ref         ] GC(78) Skipped phase 1 of Reference Processing: no references
[105.289s][debug][gc,phases      ] GC(78) Reference Processing 0.679ms
[105.289s][debug][gc,phases      ] GC(78) Weak Processing 0.786ms
[105.289s][debug][gc,phases      ] GC(78) ClassLoaderData 0.069ms
[105.289s][debug][gc,phases      ] GC(78) Trigger cleanups 0.000ms
[105.310s][debug][gc,phases      ] GC(78) Class Unloading 20.280ms
[105.310s][info ][gc,phases      ] GC(78) Marking Phase 185.401ms
[105.310s][info ][gc,phases,start] GC(78) Summary Phase
[105.310s][info ][gc,phases      ] GC(78) Summary Phase 0.027ms
[105.310s][info ][gc,phases,start] GC(78) Adjust Roots
[105.336s][info ][gc,phases      ] GC(78) Adjust Roots 26.509ms
[105.336s][info ][gc,phases,start] GC(78) Compaction Phase
[105.588s][info ][gc,phases      ] GC(78) Compaction Phase 252.179ms
[105.588s][info ][gc,phases,start] GC(78) Post Compact
[105.591s][info ][gc,phases      ] GC(78) Post Compact 2.099ms
[105.591s][info ][gc,heap        ] GC(78) PSYoungGen: 34800K(2061312K)->27259K(2054144K) Eden: 0K(2026496K)->0K(2026496K) From: 34800K(34816K)->27259K(27648K)
[105.591s][info ][gc,heap        ] GC(78) ParOldGen: 357927K(358400K)->353023K(440320K)
[105.591s][info ][gc,metaspace   ] GC(78) Metaspace: 76421K(77056K)->76421K(77056K) NonClass: 65913K(66304K)->65913K(66304K) Class: 10508K(10752K)->10508K(10752K)
[105.591s][info ][gc             ] GC(78) Pause Full (Ergonomics) 383M->371M(2436M) 466.562ms
[105.591s][info ][gc,cpu         ] GC(78) User=1.66s Sys=0.01s Real=0.47s
[105.591s][info ][safepoint      ] Safepoint "ParallelGCFailedAllocation", Time since last: 344547129 ns, Reaching safepoint: 65501 ns, At safepoint: 506158726 ns, Total: 506224227 ns
[105.984s][info ][safepoint      ] Safepoint "ICBufferFull", Time since last: 393268722 ns, Reaching safepoint: 116502 ns, At safepoint: 9401 ns, Total: 125903 ns
[106.433s][info ][safepoint      ] Safepoint "ICBufferFull", Time since last: 449081459 ns, Reaching safepoint: 97302 ns, At safepoint: 5700 ns, Total: 103002 ns
[107.434s][info ][safepoint      ] Safepoint "Cleanup", Time since last: 1000065697 ns, Reaching safepoint: 173604 ns, At safepoint: 9900 ns, Total: 183504 ns
[107.784s][info ][safepoint      ] Safepoint "ICBufferFull", Time since last: 350166541 ns, Reaching safepoint: 125903 ns, At safepoint: 2900 ns, Total: 128803 ns
[108.481s][info ][safepoint      ] Safepoint "ICBufferFull", Time since last: 696749708 ns, Reaching safepoint: 142003 ns, At safepoint: 8700 ns, Total: 150703 ns
[109.234s][info ][safepoint      ] Safepoint "ICBufferFull", Time since last: 753342961 ns, Reaching safepoint: 129802 ns, At safepoint: 10000 ns, Total: 139802 ns
[109.683s][info ][safepoint      ] Safepoint "ICBufferFull", Time since last: 448798951 ns, Reaching safepoint: 76601 ns, At safepoint: 3300 ns, Total: 79901 ns
[110.435s][info ][safepoint      ] Safepoint "ICBufferFull", Time since last: 751127713 ns, Reaching safepoint: 182504 ns, At safepoint: 6200 ns, Total: 188704 ns
[111.084s][info ][safepoint      ] Safepoint "ICBufferFull", Time since last: 648916028 ns, Reaching safepoint: 79702 ns, At safepoint: 6500 ns, Total: 86202 ns
[111.826s][info ][safepoint      ] Safepoint "ICBufferFull", Time since last: 742027124 ns, Reaching safepoint: 84002 ns, At safepoint: 27001 ns, Total: 111003 ns
[112.771s][info ][safepoint      ] Safepoint "ICBufferFull", Time since last: 945303265 ns, Reaching safepoint: 148303 ns, At safepoint: 7800 ns, Total: 156103 ns
[113.584s][info ][safepoint      ] Safepoint "ICBufferFull", Time since last: 812284353 ns, Reaching safepoint: 84902 ns, At safepoint: 7700 ns, Total: 92602 ns
[114.384s][info ][safepoint      ] Safepoint "ICBufferFull", Time since last: 800657514 ns, Reaching safepoint: 99402 ns, At safepoint: 5800 ns, Total: 105202 ns
[115.385s][info ][safepoint      ] Safepoint "Cleanup", Time since last: 1000109475 ns, Reaching safepoint: 158403 ns, At safepoint: 8501 ns, Total: 166904 ns
[116.385s][info ][safepoint      ] Safepoint "Cleanup", Time since last: 1000113172 ns, Reaching safepoint: 65902 ns, At safepoint: 10200 ns, Total: 76102 ns
[117.385s][info ][safepoint      ] Safepoint "Cleanup", Time since last: 1000115270 ns, Reaching safepoint: 138503 ns, At safepoint: 10000 ns, Total: 148503 ns
[118.385s][info ][safepoint      ] Safepoint "Cleanup", Time since last: 1000111567 ns, Reaching safepoint: 77902 ns, At safepoint: 13900 ns, Total: 91802 ns
[119.385s][info ][safepoint      ] Safepoint "Cleanup", Time since last: 1000105564 ns, Reaching safepoint: 89402 ns, At safepoint: 10400 ns, Total: 99802 ns
[120.386s][info ][safepoint      ] Safepoint "Cleanup", Time since last: 1000094761 ns, Reaching safepoint: 52002 ns, At safepoint: 7600 ns, Total: 59602 ns
[121.386s][info ][safepoint      ] Safepoint "Cleanup", Time since last: 1000123059 ns, Reaching safepoint: 75301 ns, At safepoint: 6400 ns, Total: 81701 ns
[122.386s][info ][safepoint      ] Safepoint "Cleanup", Time since last: 1000076256 ns, Reaching safepoint: 75501 ns, At safepoint: 9401 ns, Total: 84902 ns
[123.386s][info ][safepoint      ] Safepoint "Cleanup", Time since last: 1000109353 ns, Reaching safepoint: 74902 ns, At safepoint: 6300 ns, Total: 81202 ns
[124.386s][info ][safepoint      ] Safepoint "Cleanup", Time since last: 1000126451 ns, Reaching safepoint: 75301 ns, At safepoint: 10300 ns, Total: 85601 ns
[125.387s][info ][safepoint      ] Safepoint "Cleanup", Time since last: 1000110848 ns, Reaching safepoint: 84402 ns, At safepoint: 13400 ns, Total: 97802 ns
[126.387s][info ][safepoint      ] Safepoint "Cleanup", Time since last: 1000098045 ns, Reaching safepoint: 67502 ns, At safepoint: 10400 ns, Total: 77902 ns
[127.387s][info ][safepoint      ] Safepoint "Cleanup", Time since last: 1000109342 ns, Reaching safepoint: 65302 ns, At safepoint: 2500 ns, Total: 67802 ns
[128.387s][info ][safepoint      ] Safepoint "Cleanup", Time since last: 1000109140 ns, Reaching safepoint: 159703 ns, At safepoint: 8900 ns, Total: 168603 ns
[129.387s][info ][safepoint      ] Safepoint "Cleanup", Time since last: 1000108637 ns, Reaching safepoint: 74202 ns, At safepoint: 8400 ns, Total: 82602 ns
[130.388s][info ][safepoint      ] Safepoint "Cleanup", Time since last: 1000111034 ns, Reaching safepoint: 45701 ns, At safepoint: 15700 ns, Total: 61401 ns
[131.388s][info ][safepoint      ] Safepoint "Cleanup", Time since last: 1000113632 ns, Reaching safepoint: 59101 ns, At safepoint: 7601 ns, Total: 66702 ns
[132.388s][info ][safepoint      ] Safepoint "Cleanup", Time since last: 1000107429 ns, Reaching safepoint: 54301 ns, At safepoint: 9400 ns, Total: 63701 ns
[133.388s][info ][safepoint      ] Safepoint "Cleanup", Time since last: 1000116526 ns, Reaching safepoint: 57702 ns, At safepoint: 9400 ns, Total: 67102 ns
[134.388s][info ][safepoint      ] Safepoint "Cleanup", Time since last: 1000117224 ns, Reaching safepoint: 57701 ns, At safepoint: 8900 ns, Total: 66601 ns
[135.782s][info ][safepoint      ] Safepoint "Cleanup", Time since last: 1393518814 ns, Reaching safepoint: 232005 ns, At safepoint: 12100 ns, Total: 244105 ns
[136.782s][info ][safepoint      ] Safepoint "Cleanup", Time since last: 1000119017 ns, Reaching safepoint: 166004 ns, At safepoint: 8500 ns, Total: 174504 ns
[137.783s][info ][safepoint      ] Safepoint "Cleanup", Time since last: 1000127415 ns, Reaching safepoint: 106902 ns, At safepoint: 14900 ns, Total: 121802 ns
[138.783s][info ][safepoint      ] Safepoint "Cleanup", Time since last: 1000121813 ns, Reaching safepoint: 79201 ns, At safepoint: 11500 ns, Total: 90701 ns
[139.783s][info ][safepoint      ] Safepoint "Cleanup", Time since last: 1000130810 ns, Reaching safepoint: 155603 ns, At safepoint: 8901 ns, Total: 164504 ns
[140.784s][info ][safepoint      ] Safepoint "Cleanup", Time since last: 1000110806 ns, Reaching safepoint: 277806 ns, At safepoint: 14700 ns, Total: 292506 ns
[141.784s][info ][safepoint      ] Safepoint "Cleanup", Time since last: 1000118405 ns, Reaching safepoint: 143402 ns, At safepoint: 11001 ns, Total: 154403 ns
[142.784s][info ][safepoint      ] Safepoint "Cleanup", Time since last: 1000119601 ns, Reaching safepoint: 59502 ns, At safepoint: 12900 ns, Total: 72402 ns
[143.784s][info ][safepoint      ] Safepoint "Cleanup", Time since last: 1000119599 ns, Reaching safepoint: 148803 ns, At safepoint: 11200 ns, Total: 160003 ns
[144.785s][info ][safepoint      ] Safepoint "Cleanup", Time since last: 1000125197 ns, Reaching safepoint: 164203 ns, At safepoint: 9000 ns, Total: 173203 ns
[145.785s][info ][safepoint      ] Safepoint "Cleanup", Time since last: 1000092893 ns, Reaching safepoint: 135903 ns, At safepoint: 10300 ns, Total: 146203 ns
[146.785s][info ][safepoint      ] Safepoint "Cleanup", Time since last: 1000071491 ns, Reaching safepoint: 116402 ns, At safepoint: 8100 ns, Total: 124502 ns
[147.785s][info ][safepoint      ] Safepoint "Cleanup", Time since last: 1000110588 ns, Reaching safepoint: 54302 ns, At safepoint: 20400 ns, Total: 74702 ns
[149.785s][info ][safepoint      ] Safepoint "Cleanup", Time since last: 2000202969 ns, Reaching safepoint: 55401 ns, At safepoint: 15400 ns, Total: 70801 ns
[150.786s][info ][safepoint      ] Safepoint "Cleanup", Time since last: 1000093080 ns, Reaching safepoint: 64002 ns, At safepoint: 8100 ns, Total: 72102 ns
[151.786s][info ][safepoint      ] Safepoint "Cleanup", Time since last: 1000109378 ns, Reaching safepoint: 77301 ns, At safepoint: 6700 ns, Total: 84001 ns
[152.786s][info ][safepoint      ] Safepoint "Cleanup", Time since last: 1000118276 ns, Reaching safepoint: 109702 ns, At safepoint: 13001 ns, Total: 122703 ns
[154.786s][info ][safepoint      ] Safepoint "Cleanup", Time since last: 2000211342 ns, Reaching safepoint: 124103 ns, At safepoint: 8500 ns, Total: 132603 ns
[155.787s][info ][safepoint      ] Safepoint "Cleanup", Time since last: 1000124568 ns, Reaching safepoint: 85002 ns, At safepoint: 13000 ns, Total: 98002 ns
[156.787s][info ][safepoint      ] Safepoint "Cleanup", Time since last: 1000112165 ns, Reaching safepoint: 65902 ns, At safepoint: 5800 ns, Total: 71702 ns
[157.787s][info ][safepoint      ] Safepoint "Cleanup", Time since last: 1000081462 ns, Reaching safepoint: 55101 ns, At safepoint: 9100 ns, Total: 64201 ns
[159.787s][info ][safepoint      ] Safepoint "Cleanup", Time since last: 2000178817 ns, Reaching safepoint: 44401 ns, At safepoint: 7200 ns, Total: 51601 ns
[160.787s][info ][safepoint      ] Safepoint "Cleanup", Time since last: 1000132655 ns, Reaching safepoint: 59002 ns, At safepoint: 6100 ns, Total: 65102 ns
[162.788s][info ][safepoint      ] Safepoint "Cleanup", Time since last: 2000181801 ns, Reaching safepoint: 67202 ns, At safepoint: 7800 ns, Total: 75002 ns
[163.788s][info ][safepoint      ] Safepoint "Cleanup", Time since last: 1000121447 ns, Reaching safepoint: 68302 ns, At safepoint: 7700 ns, Total: 76002 ns
[164.788s][info ][safepoint      ] Safepoint "Cleanup", Time since last: 1000113145 ns, Reaching safepoint: 48201 ns, At safepoint: 2800 ns, Total: 51001 ns
[165.788s][info ][safepoint      ] Safepoint "Cleanup", Time since last: 1000087742 ns, Reaching safepoint: 56201 ns, At safepoint: 3700 ns, Total: 59901 ns
[167.788s][info ][safepoint      ] Safepoint "Cleanup", Time since last: 2000172576 ns, Reaching safepoint: 45401 ns, At safepoint: 2800 ns, Total: 48201 ns
[168.789s][info ][safepoint      ] Safepoint "Cleanup", Time since last: 1000120335 ns, Reaching safepoint: 64502 ns, At safepoint: 7100 ns, Total: 71602 ns
[169.789s][info ][safepoint      ] Safepoint "Cleanup", Time since last: 1000121332 ns, Reaching safepoint: 71102 ns, At safepoint: 10300 ns, Total: 81402 ns
[170.789s][info ][safepoint      ] Safepoint "Cleanup", Time since last: 1000114230 ns, Reaching safepoint: 59801 ns, At safepoint: 13401 ns, Total: 73202 ns
[171.789s][info ][safepoint      ] Safepoint "Cleanup", Time since last: 1000118827 ns, Reaching safepoint: 52201 ns, At safepoint: 12300 ns, Total: 64501 ns
[172.789s][info ][safepoint      ] Safepoint "Cleanup", Time since last: 1000109125 ns, Reaching safepoint: 64702 ns, At safepoint: 3200 ns, Total: 67902 ns
[174.790s][info ][safepoint      ] Safepoint "Cleanup", Time since last: 2000148541 ns, Reaching safepoint: 70001 ns, At safepoint: 9400 ns, Total: 79401 ns
[176.790s][info ][safepoint      ] Safepoint "Cleanup", Time since last: 2000186032 ns, Reaching safepoint: 122002 ns, At safepoint: 9001 ns, Total: 131003 ns
[177.790s][info ][safepoint      ] Safepoint "Cleanup", Time since last: 1000111712 ns, Reaching safepoint: 48401 ns, At safepoint: 2600 ns, Total: 51001 ns
[180.790s][info ][safepoint      ] Safepoint "Cleanup", Time since last: 3000248622 ns, Reaching safepoint: 61501 ns, At safepoint: 11200 ns, Total: 72701 ns
[181.936s][info ][safepoint      ] Safepoint "Cleanup", Time since last: 1145108332 ns, Reaching safepoint: 123502 ns, At safepoint: 8601 ns, Total: 132103 ns
[183.936s][info ][safepoint      ] Safepoint "Cleanup", Time since last: 2000178896 ns, Reaching safepoint: 53801 ns, At safepoint: 17301 ns, Total: 71102 ns
[184.936s][info ][safepoint      ] Safepoint "Cleanup", Time since last: 1000117395 ns, Reaching safepoint: 54501 ns, At safepoint: 10600 ns, Total: 65101 ns
[186.936s][info ][safepoint      ] Safepoint "Cleanup", Time since last: 2000173883 ns, Reaching safepoint: 88601 ns, At safepoint: 6201 ns, Total: 94802 ns
[187.331s][info ][gc,start       ] GC(79) Pause Young (Allocation Failure)
[187.383s][debug][gc,phases      ] GC(79) Scavenge 52.062ms
[187.383s][debug][gc,ref         ] GC(79) Skipped phase 1 of Reference Processing: no references
[187.383s][debug][gc,ref         ] GC(79) Skipped phase 3 of Reference Processing: no references
[187.383s][debug][gc,ref         ] GC(79) Skipped phase 4 of Reference Processing: no references
[187.383s][debug][gc,phases      ] GC(79) Reference Processing 0.028ms
[187.384s][debug][gc,phases      ] GC(79) Weak Processing 0.660ms
[187.384s][debug][gc,age         ] GC(79) Desired survivor size 76546048 bytes, new threshold 13 (max threshold 15)
[187.384s][info ][gc,heap        ] GC(79) PSYoungGen: 2053755K(2054144K)->42996K(1990656K) Eden: 2026496K(2026496K)->0K(1947648K) From: 27259K(27648K)->42996K(43008K)
[187.384s][info ][gc,heap        ] GC(79) ParOldGen: 353023K(440320K)->359545K(440320K)
[187.384s][info ][gc,metaspace   ] GC(79) Metaspace: 76827K(77504K)->76827K(77504K) NonClass: 66305K(66688K)->66305K(66688K) Class: 10522K(10816K)->10522K(10816K)
[187.384s][info ][gc             ] GC(79) Pause Young (Allocation Failure) 2350M->393M(2374M) 52.916ms
[187.384s][info ][gc,cpu         ] GC(79) User=0.19s Sys=0.02s Real=0.05s
[187.384s][info ][safepoint      ] Safepoint "ParallelGCFailedAllocation", Time since last: 394445462 ns, Reaching safepoint: 57601 ns, At safepoint: 53011370 ns, Total: 53068971 ns
[188.384s][info ][safepoint      ] Safepoint "Cleanup", Time since last: 1000088986 ns, Reaching safepoint: 106703 ns, At safepoint: 6900 ns, Total: 113603 ns
[189.384s][info ][safepoint      ] Safepoint "Cleanup", Time since last: 1000117684 ns, Reaching safepoint: 122903 ns, At safepoint: 7500 ns, Total: 130403 ns
[193.696s][info ][safepoint      ] Safepoint "Cleanup", Time since last: 4311985798 ns, Reaching safepoint: 65001 ns, At safepoint: 5801 ns, Total: 70802 ns
[194.696s][info ][safepoint      ] Safepoint "Cleanup", Time since last: 1000112771 ns, Reaching safepoint: 46501 ns, At safepoint: 12201 ns, Total: 58702 ns
[195.697s][info ][safepoint      ] Safepoint "Cleanup", Time since last: 1000114469 ns, Reaching safepoint: 62001 ns, At safepoint: 7900 ns, Total: 69901 ns
[198.892s][info ][safepoint      ] Safepoint "Cleanup", Time since last: 3194846616 ns, Reaching safepoint: 149103 ns, At safepoint: 35601 ns, Total: 184704 ns
[199.892s][info ][safepoint      ] Safepoint "Cleanup", Time since last: 1000089859 ns, Reaching safepoint: 59001 ns, At safepoint: 8300 ns, Total: 67301 ns
[200.892s][info ][safepoint      ] Safepoint "Cleanup", Time since last: 1000117257 ns, Reaching safepoint: 54601 ns, At safepoint: 11601 ns, Total: 66202 ns
[201.892s][info ][safepoint      ] Safepoint "Cleanup", Time since last: 1000118655 ns, Reaching safepoint: 63801 ns, At safepoint: 6300 ns, Total: 70101 ns
[202.892s][info ][safepoint      ] Safepoint "Cleanup", Time since last: 1000114353 ns, Reaching safepoint: 46201 ns, At safepoint: 2900 ns, Total: 49101 ns
[205.893s][info ][safepoint      ] Safepoint "Cleanup", Time since last: 3000247241 ns, Reaching safepoint: 45501 ns, At safepoint: 3000 ns, Total: 48501 ns
[207.893s][info ][safepoint      ] Safepoint "Cleanup", Time since last: 2000187184 ns, Reaching safepoint: 74101 ns, At safepoint: 6700 ns, Total: 80801 ns
[208.893s][info ][safepoint      ] Safepoint "Cleanup", Time since last: 1000117439 ns, Reaching safepoint: 53201 ns, At safepoint: 2900 ns, Total: 56101 ns
[209.893s][info ][safepoint      ] Safepoint "Cleanup", Time since last: 1000109036 ns, Reaching safepoint: 60402 ns, At safepoint: 2600 ns, Total: 63002 ns
[210.893s][info ][safepoint      ] Safepoint "Cleanup", Time since last: 1000118134 ns, Reaching safepoint: 54501 ns, At safepoint: 9700 ns, Total: 64201 ns
[211.894s][info ][safepoint      ] Safepoint "Cleanup", Time since last: 1000112532 ns, Reaching safepoint: 55001 ns, At safepoint: 20100 ns, Total: 75101 ns
[212.894s][info ][safepoint      ] Safepoint "Cleanup", Time since last: 1000107630 ns, Reaching safepoint: 71401 ns, At safepoint: 9800 ns, Total: 81201 ns
[213.894s][info ][safepoint      ] Safepoint "Cleanup", Time since last: 1000063626 ns, Reaching safepoint: 57402 ns, At safepoint: 6700 ns, Total: 64102 ns
[214.894s][info ][safepoint      ] Safepoint "Cleanup", Time since last: 1000109624 ns, Reaching safepoint: 66502 ns, At safepoint: 3900 ns, Total: 70402 ns
[215.894s][info ][safepoint      ] Safepoint "Cleanup", Time since last: 1000106422 ns, Reaching safepoint: 58701 ns, At safepoint: 9501 ns, Total: 68202 ns
[217.895s][info ][safepoint      ] Safepoint "Cleanup", Time since last: 2000168937 ns, Reaching safepoint: 90702 ns, At safepoint: 8500 ns, Total: 99202 ns
[218.895s][info ][safepoint      ] Safepoint "Cleanup", Time since last: 1000103315 ns, Reaching safepoint: 93502 ns, At safepoint: 2900 ns, Total: 96402 ns
[219.895s][info ][safepoint      ] Safepoint "Cleanup", Time since last: 1000093513 ns, Reaching safepoint: 44101 ns, At safepoint: 2400 ns, Total: 46501 ns
[223.895s][info ][safepoint      ] Safepoint "Cleanup", Time since last: 4000284228 ns, Reaching safepoint: 54901 ns, At safepoint: 12901 ns, Total: 67802 ns
[224.896s][info ][safepoint      ] Safepoint "Cleanup", Time since last: 1000108402 ns, Reaching safepoint: 75801 ns, At safepoint: 7001 ns, Total: 82802 ns
[225.896s][info ][safepoint      ] Safepoint "Cleanup", Time since last: 1000109499 ns, Reaching safepoint: 64702 ns, At safepoint: 6800 ns, Total: 71502 ns
[226.896s][info ][safepoint      ] Safepoint "Cleanup", Time since last: 1000112298 ns, Reaching safepoint: 54801 ns, At safepoint: 11100 ns, Total: 65901 ns
[227.896s][info ][safepoint      ] Safepoint "Cleanup", Time since last: 1000116896 ns, Reaching safepoint: 49401 ns, At safepoint: 5200 ns, Total: 54601 ns
[228.896s][info ][safepoint      ] Safepoint "Cleanup", Time since last: 1000052892 ns, Reaching safepoint: 43901 ns, At safepoint: 2900 ns, Total: 46801 ns
[232.896s][info ][safepoint      ] Safepoint "Cleanup", Time since last: 4000277247 ns, Reaching safepoint: 55102 ns, At safepoint: 6000 ns, Total: 61102 ns
[233.897s][info ][safepoint      ] Safepoint "Cleanup", Time since last: 1000112582 ns, Reaching safepoint: 47401 ns, At safepoint: 2300 ns, Total: 49701 ns
[234.897s][info ][safepoint      ] Safepoint "Cleanup", Time since last: 1000102780 ns, Reaching safepoint: 85802 ns, At safepoint: 9000 ns, Total: 94802 ns
[235.897s][info ][safepoint      ] Safepoint "Cleanup", Time since last: 1000119478 ns, Reaching safepoint: 55501 ns, At safepoint: 2900 ns, Total: 58401 ns
[236.897s][info ][safepoint      ] Safepoint "Cleanup", Time since last: 1000112476 ns, Reaching safepoint: 45301 ns, At safepoint: 2600 ns, Total: 47901 ns
[239.897s][info ][safepoint      ] Safepoint "Cleanup", Time since last: 3000217111 ns, Reaching safepoint: 73202 ns, At safepoint: 9600 ns, Total: 82802 ns
[240.898s][info ][safepoint      ] Safepoint "Cleanup", Time since last: 1000095766 ns, Reaching safepoint: 70302 ns, At safepoint: 8000 ns, Total: 78302 ns
[241.898s][info ][safepoint      ] Safepoint "Cleanup", Time since last: 1000109765 ns, Reaching safepoint: 66501 ns, At safepoint: 8700 ns, Total: 75201 ns
[243.898s][info ][safepoint      ] Safepoint "Cleanup", Time since last: 2000179423 ns, Reaching safepoint: 47701 ns, At safepoint: 2900 ns, Total: 50601 ns
[245.898s][info ][safepoint      ] Safepoint "Cleanup", Time since last: 2000159413 ns, Reaching safepoint: 52401 ns, At safepoint: 2500 ns, Total: 54901 ns
[248.899s][info ][safepoint      ] Safepoint "Cleanup", Time since last: 3000183453 ns, Reaching safepoint: 81001 ns, At safepoint: 6400 ns, Total: 87401 ns
[249.899s][info ][safepoint      ] Safepoint "Cleanup", Time since last: 1000101948 ns, Reaching safepoint: 56301 ns, At safepoint: 9500 ns, Total: 65801 ns
[252.899s][info ][safepoint      ] Safepoint "Cleanup", Time since last: 3000251328 ns, Reaching safepoint: 40701 ns, At safepoint: 7300 ns, Total: 48001 ns
[253.899s][info ][safepoint      ] Safepoint "Cleanup", Time since last: 1000126640 ns, Reaching safepoint: 51801 ns, At safepoint: 4200 ns, Total: 56001 ns
[254.899s][info ][safepoint      ] Safepoint "Cleanup", Time since last: 1000110437 ns, Reaching safepoint: 67601 ns, At safepoint: 14101 ns, Total: 81702 ns
[255.900s][info ][safepoint      ] Safepoint "Cleanup", Time since last: 1000114035 ns, Reaching safepoint: 56601 ns, At safepoint: 7200 ns, Total: 63801 ns
[256.900s][info ][safepoint      ] Safepoint "Cleanup", Time since last: 1000114333 ns, Reaching safepoint: 82201 ns, At safepoint: 8901 ns, Total: 91102 ns
[257.900s][info ][safepoint      ] Safepoint "Cleanup", Time since last: 1000105730 ns, Reaching safepoint: 54301 ns, At safepoint: 2400 ns, Total: 56701 ns
[258.900s][info ][safepoint      ] Safepoint "Cleanup", Time since last: 1000064328 ns, Reaching safepoint: 46901 ns, At safepoint: 2700 ns, Total: 49601 ns
[261.900s][info ][safepoint      ] Safepoint "Cleanup", Time since last: 3000229271 ns, Reaching safepoint: 58801 ns, At safepoint: 3700 ns, Total: 62501 ns
[264.901s][info ][safepoint      ] Safepoint "Cleanup", Time since last: 3000251653 ns, Reaching safepoint: 50801 ns, At safepoint: 4100 ns, Total: 54901 ns
[266.901s][info ][safepoint      ] Safepoint "Cleanup", Time since last: 2000130625 ns, Reaching safepoint: 40400 ns, At safepoint: 2300 ns, Total: 42700 ns
[268.901s][info ][safepoint      ] Safepoint "Cleanup", Time since last: 2000180617 ns, Reaching safepoint: 38701 ns, At safepoint: 3000 ns, Total: 41701 ns
[270.902s][info ][safepoint      ] Safepoint "Cleanup", Time since last: 2000363113 ns, Reaching safepoint: 81901 ns, At safepoint: 14201 ns, Total: 96102 ns
[271.902s][info ][safepoint      ] Safepoint "Cleanup", Time since last: 1000120401 ns, Reaching safepoint: 45901 ns, At safepoint: 2500 ns, Total: 48401 ns
[273.902s][info ][safepoint      ] Safepoint "Cleanup", Time since last: 2000178397 ns, Reaching safepoint: 54401 ns, At safepoint: 8100 ns, Total: 62501 ns
[274.902s][info ][safepoint      ] Safepoint "Cleanup", Time since last: 1000113496 ns, Reaching safepoint: 57101 ns, At safepoint: 4300 ns, Total: 61401 ns
[276.902s][info ][safepoint      ] Safepoint "Cleanup", Time since last: 2000190185 ns, Reaching safepoint: 75601 ns, At safepoint: 8200 ns, Total: 83801 ns
[281.903s][info ][safepoint      ] Safepoint "Cleanup", Time since last: 5000394825 ns, Reaching safepoint: 72701 ns, At safepoint: 8400 ns, Total: 81101 ns
[282.903s][info ][safepoint      ] Safepoint "Cleanup", Time since last: 1000131080 ns, Reaching safepoint: 72702 ns, At safepoint: 10800 ns, Total: 83502 ns
[283.903s][info ][safepoint      ] Safepoint "Cleanup", Time since last: 1000068277 ns, Reaching safepoint: 52801 ns, At safepoint: 2800 ns, Total: 55601 ns
[284.903s][info ][safepoint      ] Safepoint "Cleanup", Time since last: 1000107375 ns, Reaching safepoint: 53401 ns, At safepoint: 2700 ns, Total: 56101 ns
[285.904s][info ][safepoint      ] Safepoint "Cleanup", Time since last: 1000111774 ns, Reaching safepoint: 51301 ns, At safepoint: 2500 ns, Total: 53801 ns
[287.904s][info ][safepoint      ] Safepoint "Cleanup", Time since last: 2000174540 ns, Reaching safepoint: 48701 ns, At safepoint: 3600 ns, Total: 52301 ns
[291.904s][info ][safepoint      ] Safepoint "Cleanup", Time since last: 4000324056 ns, Reaching safepoint: 55201 ns, At safepoint: 9401 ns, Total: 64602 ns
[292.904s][info ][safepoint      ] Safepoint "Cleanup", Time since last: 1000110159 ns, Reaching safepoint: 52401 ns, At safepoint: 2600 ns, Total: 55001 ns
[293.904s][info ][safepoint      ] Safepoint "Cleanup", Time since last: 1000095858 ns, Reaching safepoint: 48001 ns, At safepoint: 2800 ns, Total: 50801 ns
[294.233s][info ][gc,start       ] GC(80) Pause Young (Allocation Failure)
[294.243s][debug][gc,phases      ] GC(80) Scavenge 10.226ms
[294.243s][debug][gc,ref         ] GC(80) Skipped phase 1 of Reference Processing: no references
[294.243s][debug][gc,ref         ] GC(80) Skipped phase 3 of Reference Processing: no references
[294.243s][debug][gc,phases      ] GC(80) Reference Processing 0.035ms
[294.244s][debug][gc,phases      ] GC(80) Weak Processing 0.692ms
[294.244s][debug][gc,age         ] GC(80) Desired survivor size 77594624 bytes, new threshold 14 (max threshold 15)
[294.244s][info ][gc,heap        ] GC(80) PSYoungGen: 1990644K(1990656K)->42804K(1990656K) Eden: 1947648K(1947648K)->0K(1947648K) From: 42996K(43008K)->42804K(43008K)
[294.244s][info ][gc,heap        ] GC(80) ParOldGen: 359545K(440320K)->359889K(440320K)
[294.244s][info ][gc,metaspace   ] GC(80) Metaspace: 77173K(77760K)->77173K(77760K) NonClass: 66609K(66944K)->66609K(66944K) Class: 10564K(10816K)->10564K(10816K)
[294.244s][info ][gc             ] GC(80) Pause Young (Allocation Failure) 2295M->393M(2374M) 11.104ms
[294.244s][info ][gc,cpu         ] GC(80) User=0.04s Sys=0.00s Real=0.01s
[294.244s][info ][safepoint      ] Safepoint "ParallelGCFailedAllocation", Time since last: 328135647 ns, Reaching safepoint: 50301 ns, At safepoint: 11184024 ns, Total: 11234325 ns
[296.244s][info ][safepoint      ] Safepoint "Cleanup", Time since last: 2000183907 ns, Reaching safepoint: 53201 ns, At safepoint: 8700 ns, Total: 61901 ns
[297.244s][info ][safepoint      ] Safepoint "Cleanup", Time since last: 1000064651 ns, Reaching safepoint: 49801 ns, At safepoint: 4300 ns, Total: 54101 ns
[312.688s][info ][safepoint      ] Safepoint "Cleanup", Time since last: 15443491139 ns, Reaching safepoint: 128602 ns, At safepoint: 9601 ns, Total: 138203 ns
[317.688s][info ][safepoint      ] Safepoint "Cleanup", Time since last: 5000323375 ns, Reaching safepoint: 88502 ns, At safepoint: 9600 ns, Total: 98102 ns
[318.688s][info ][safepoint      ] Safepoint "Cleanup", Time since last: 1000093611 ns, Reaching safepoint: 155903 ns, At safepoint: 9900 ns, Total: 165803 ns
[321.689s][info ][safepoint      ] Safepoint "Cleanup", Time since last: 3000222118 ns, Reaching safepoint: 53401 ns, At safepoint: 3300 ns, Total: 56701 ns
[332.690s][info ][safepoint      ] Safepoint "Cleanup", Time since last: 11000710323 ns, Reaching safepoint: 44700 ns, At safepoint: 2901 ns, Total: 47601 ns
[338.690s][info ][safepoint      ] Safepoint "Cleanup", Time since last: 6000438366 ns, Reaching safepoint: 48201 ns, At safepoint: 14200 ns, Total: 62401 ns
[344.691s][info ][safepoint      ] Safepoint "Cleanup", Time since last: 6000436702 ns, Reaching safepoint: 90501 ns, At safepoint: 9301 ns, Total: 99802 ns
[345.691s][info ][safepoint      ] Safepoint "Cleanup", Time since last: 1000107561 ns, Reaching safepoint: 62101 ns, At safepoint: 2800 ns, Total: 64901 ns
[352.691s][info ][safepoint      ] Safepoint "Cleanup", Time since last: 7000567577 ns, Reaching safepoint: 42401 ns, At safepoint: 2400 ns, Total: 44801 ns
[355.692s][info ][safepoint      ] Safepoint "Cleanup", Time since last: 3000233735 ns, Reaching safepoint: 57502 ns, At safepoint: 4800 ns, Total: 62302 ns
[357.692s][info ][safepoint      ] Safepoint "Cleanup", Time since last: 2000132581 ns, Reaching safepoint: 52201 ns, At safepoint: 10000 ns, Total: 62201 ns
[360.692s][info ][safepoint      ] Safepoint "Cleanup", Time since last: 3000197008 ns, Reaching safepoint: 45301 ns, At safepoint: 7901 ns, Total: 53202 ns
[367.693s][info ][safepoint      ] Safepoint "Cleanup", Time since last: 7000523794 ns, Reaching safepoint: 82902 ns, At safepoint: 14600 ns, Total: 97502 ns
[369.693s][info ][safepoint      ] Safepoint "Cleanup", Time since last: 2000175841 ns, Reaching safepoint: 31901 ns, At safepoint: 3000 ns, Total: 34901 ns
[371.693s][info ][safepoint      ] Safepoint "Cleanup", Time since last: 2000193634 ns, Reaching safepoint: 74702 ns, At safepoint: 2600 ns, Total: 77302 ns
[372.693s][info ][safepoint      ] Safepoint "Cleanup", Time since last: 1000110715 ns, Reaching safepoint: 61301 ns, At safepoint: 6100 ns, Total: 67401 ns
[373.694s][info ][safepoint      ] Safepoint "Cleanup", Time since last: 1000095913 ns, Reaching safepoint: 66602 ns, At safepoint: 4700 ns, Total: 71302 ns
[378.694s][info ][safepoint      ] Safepoint "Cleanup", Time since last: 5000337437 ns, Reaching safepoint: 68702 ns, At safepoint: 9200 ns, Total: 77902 ns
[381.694s][info ][safepoint      ] Safepoint "Cleanup", Time since last: 3000216203 ns, Reaching safepoint: 50001 ns, At safepoint: 2400 ns, Total: 52401 ns
[382.694s][info ][safepoint      ] Safepoint "Cleanup", Time since last: 1000107598 ns, Reaching safepoint: 58101 ns, At safepoint: 5800 ns, Total: 63901 ns
[383.695s][info ][safepoint      ] Safepoint "Cleanup", Time since last: 1000111497 ns, Reaching safepoint: 66101 ns, At safepoint: 18201 ns, Total: 84302 ns
[384.695s][info ][safepoint      ] Safepoint "Cleanup", Time since last: 1000111995 ns, Reaching safepoint: 86402 ns, At safepoint: 9200 ns, Total: 95602 ns
[385.695s][info ][safepoint      ] Safepoint "Cleanup", Time since last: 1000125394 ns, Reaching safepoint: 86401 ns, At safepoint: 9500 ns, Total: 95901 ns
[387.695s][info ][safepoint      ] Safepoint "Cleanup", Time since last: 2000180082 ns, Reaching safepoint: 53701 ns, At safepoint: 7000 ns, Total: 60701 ns
[388.695s][info ][safepoint      ] Safepoint "Cleanup", Time since last: 1000114489 ns, Reaching safepoint: 54901 ns, At safepoint: 5300 ns, Total: 60201 ns
[389.696s][info ][safepoint      ] Safepoint "Cleanup", Time since last: 1000110087 ns, Reaching safepoint: 51301 ns, At safepoint: 6600 ns, Total: 57901 ns
[390.696s][info ][safepoint      ] Safepoint "Cleanup", Time since last: 1000107985 ns, Reaching safepoint: 86302 ns, At safepoint: 9200 ns, Total: 95502 ns
[395.696s][info ][safepoint      ] Safepoint "Cleanup", Time since last: 5000329998 ns, Reaching safepoint: 73002 ns, At safepoint: 7900 ns, Total: 80902 ns
[395.983s][info ][gc,start       ] GC(81) Pause Young (Allocation Failure)
[395.992s][debug][gc,phases      ] GC(81) Scavenge 9.183ms
[395.992s][debug][gc,ref         ] GC(81) Skipped phase 1 of Reference Processing: no references
[395.992s][debug][gc,ref         ] GC(81) Skipped phase 3 of Reference Processing: no references
[395.992s][debug][gc,phases      ] GC(81) Reference Processing 0.029ms
[395.993s][debug][gc,phases      ] GC(81) Weak Processing 0.618ms
[395.993s][debug][gc,age         ] GC(81) Desired survivor size 78643200 bytes, new threshold 15 (max threshold 15)
[395.993s][info ][gc,heap        ] GC(81) PSYoungGen: 1990452K(1990656K)->43108K(2019328K) Eden: 1947648K(1947648K)->0K(1943552K) From: 42804K(43008K)->43108K(75776K)
[395.993s][info ][gc,heap        ] GC(81) ParOldGen: 359889K(440320K)->359889K(440320K)
[395.993s][info ][gc,metaspace   ] GC(81) Metaspace: 77243K(77824K)->77243K(77824K) NonClass: 66673K(67008K)->66673K(67008K) Class: 10570K(10816K)->10570K(10816K)
[395.993s][info ][gc             ] GC(81) Pause Young (Allocation Failure) 2295M->393M(2402M) 10.006ms
[395.993s][info ][gc,cpu         ] GC(81) User=0.03s Sys=0.00s Real=0.01s
[395.993s][info ][safepoint      ] Safepoint "ParallelGCFailedAllocation", Time since last: 286334262 ns, Reaching safepoint: 48001 ns, At safepoint: 10090500 ns, Total: 10138501 ns
[396.993s][info ][safepoint      ] Safepoint "Cleanup", Time since last: 1000092375 ns, Reaching safepoint: 66701 ns, At safepoint: 7100 ns, Total: 73801 ns
[397.993s][info ][safepoint      ] Safepoint "Cleanup", Time since last: 1000112474 ns, Reaching safepoint: 76501 ns, At safepoint: 5800 ns, Total: 82301 ns
[398.993s][info ][safepoint      ] Safepoint "Cleanup", Time since last: 1000109672 ns, Reaching safepoint: 51701 ns, At safepoint: 16201 ns, Total: 67902 ns
[399.993s][info ][safepoint      ] Safepoint "Cleanup", Time since last: 1000101970 ns, Reaching safepoint: 48501 ns, At safepoint: 2500 ns, Total: 51001 ns
[400.994s][info ][safepoint      ] Safepoint "Cleanup", Time since last: 1000112469 ns, Reaching safepoint: 71001 ns, At safepoint: 8000 ns, Total: 79001 ns
[401.994s][info ][safepoint      ] Safepoint "Cleanup", Time since last: 1000113668 ns, Reaching safepoint: 84901 ns, At safepoint: 5401 ns, Total: 90302 ns
[402.994s][info ][safepoint      ] Safepoint "Cleanup", Time since last: 1000100665 ns, Reaching safepoint: 49201 ns, At safepoint: 7900 ns, Total: 57101 ns
[406.994s][info ][safepoint      ] Safepoint "Cleanup", Time since last: 4000304445 ns, Reaching safepoint: 60901 ns, At safepoint: 8000 ns, Total: 68901 ns
[411.995s][info ][safepoint      ] Safepoint "Cleanup", Time since last: 5000367970 ns, Reaching safepoint: 53101 ns, At safepoint: 5400 ns, Total: 58501 ns
[412.995s][info ][safepoint      ] Safepoint "Cleanup", Time since last: 1000104550 ns, Reaching safepoint: 66101 ns, At safepoint: 6001 ns, Total: 72102 ns
[413.995s][info ][safepoint      ] Safepoint "Cleanup", Time since last: 1000107848 ns, Reaching safepoint: 52801 ns, At safepoint: 6500 ns, Total: 59301 ns
[415.995s][info ][safepoint      ] Safepoint "Cleanup", Time since last: 2000175092 ns, Reaching safepoint: 60601 ns, At safepoint: 9300 ns, Total: 69901 ns
[420.996s][info ][safepoint      ] Safepoint "Cleanup", Time since last: 5000365601 ns, Reaching safepoint: 54001 ns, At safepoint: 3300 ns, Total: 57301 ns
[422.996s][info ][safepoint      ] Safepoint "Cleanup", Time since last: 2000177470 ns, Reaching safepoint: 48701 ns, At safepoint: 8200 ns, Total: 56901 ns
[428.996s][info ][safepoint      ] Safepoint "Cleanup", Time since last: 6000358570 ns, Reaching safepoint: 52102 ns, At safepoint: 8200 ns, Total: 60302 ns
[431.997s][info ][safepoint      ] Safepoint "Cleanup", Time since last: 3000254466 ns, Reaching safepoint: 72402 ns, At safepoint: 4900 ns, Total: 77302 ns
[433.997s][info ][safepoint      ] Safepoint "Cleanup", Time since last: 2000163036 ns, Reaching safepoint: 67402 ns, At safepoint: 12800 ns, Total: 80202 ns
[436.997s][info ][safepoint      ] Safepoint "Cleanup", Time since last: 3000241644 ns, Reaching safepoint: 45201 ns, At safepoint: 2900 ns, Total: 48101 ns
[443.998s][info ][safepoint      ] Safepoint "Cleanup", Time since last: 7000450249 ns, Reaching safepoint: 56801 ns, At safepoint: 6300 ns, Total: 63101 ns
[446.998s][info ][safepoint      ] Safepoint "Cleanup", Time since last: 3000243200 ns, Reaching safepoint: 52801 ns, At safepoint: 5900 ns, Total: 58701 ns
[448.998s][info ][safepoint      ] Safepoint "Cleanup", Time since last: 2000183893 ns, Reaching safepoint: 55501 ns, At safepoint: 7900 ns, Total: 63401 ns
[451.387s][info ][safepoint      ] Safepoint "Cleanup", Time since last: 2388377731 ns, Reaching safepoint: 120503 ns, At safepoint: 9800 ns, Total: 130303 ns
[460.935s][info ][safepoint      ] Safepoint "Cleanup", Time since last: 9547808830 ns, Reaching safepoint: 150603 ns, At safepoint: 9800 ns, Total: 160403 ns
[461.935s][info ][safepoint      ] Safepoint "Cleanup", Time since last: 1000117178 ns, Reaching safepoint: 51401 ns, At safepoint: 11501 ns, Total: 62902 ns
[462.935s][info ][safepoint      ] Safepoint "Cleanup", Time since last: 1000117476 ns, Reaching safepoint: 85902 ns, At safepoint: 17700 ns, Total: 103602 ns
[464.935s][info ][safepoint      ] Safepoint "Cleanup", Time since last: 2000183248 ns, Reaching safepoint: 52201 ns, At safepoint: 24200 ns, Total: 76401 ns
[466.936s][info ][safepoint      ] Safepoint "Cleanup", Time since last: 2000183043 ns, Reaching safepoint: 49401 ns, At safepoint: 3200 ns, Total: 52601 ns
[470.436s][info ][safepoint      ] Safepoint "Cleanup", Time since last: 3500438037 ns, Reaching safepoint: 48901 ns, At safepoint: 39201 ns, Total: 88102 ns
[475.437s][info ][safepoint      ] Safepoint "Cleanup", Time since last: 5000370105 ns, Reaching safepoint: 53201 ns, At safepoint: 5200 ns, Total: 58401 ns
[476.437s][info ][safepoint      ] Safepoint "Cleanup", Time since last: 1000112058 ns, Reaching safepoint: 72902 ns, At safepoint: 13000 ns, Total: 85902 ns
[478.437s][info ][safepoint      ] Safepoint "Cleanup", Time since last: 2000178210 ns, Reaching safepoint: 80002 ns, At safepoint: 7600 ns, Total: 87602 ns
[480.437s][info ][safepoint      ] Safepoint "Cleanup", Time since last: 2000186505 ns, Reaching safepoint: 71501 ns, At safepoint: 6000 ns, Total: 77501 ns
[483.438s][info ][safepoint      ] Safepoint "Cleanup", Time since last: 3000247947 ns, Reaching safepoint: 41601 ns, At safepoint: 3100 ns, Total: 44701 ns
[485.438s][info ][safepoint      ] Safepoint "Cleanup", Time since last: 2000107090 ns, Reaching safepoint: 65501 ns, At safepoint: 5801 ns, Total: 71302 ns
[487.438s][info ][safepoint      ] Safepoint "Cleanup", Time since last: 2000173586 ns, Reaching safepoint: 45200 ns, At safepoint: 2400 ns, Total: 47600 ns
[488.438s][info ][safepoint      ] Safepoint "Cleanup", Time since last: 1000109542 ns, Reaching safepoint: 53401 ns, At safepoint: 10000 ns, Total: 63401 ns
[491.439s][info ][safepoint      ] Safepoint "Cleanup", Time since last: 3000243515 ns, Reaching safepoint: 48401 ns, At safepoint: 7500 ns, Total: 55901 ns
[494.439s][info ][safepoint      ] Safepoint "Cleanup", Time since last: 3000206402 ns, Reaching safepoint: 80901 ns, At safepoint: 15301 ns, Total: 96202 ns
[495.033s][info ][gc,start       ] GC(82) Pause Young (Allocation Failure)
[495.042s][debug][gc,phases      ] GC(82) Scavenge 8.672ms
[495.042s][debug][gc,ref         ] GC(82) Skipped phase 1 of Reference Processing: no references
[495.042s][debug][gc,ref         ] GC(82) Skipped phase 3 of Reference Processing: no references
[495.042s][debug][gc,phases      ] GC(82) Reference Processing 0.030ms
[495.043s][debug][gc,phases      ] GC(82) Weak Processing 0.624ms
[495.043s][debug][gc,age         ] GC(82) Desired survivor size 78643200 bytes, new threshold 15 (max threshold 15)
[495.043s][info ][gc,heap        ] GC(82) PSYoungGen: 1986660K(2019328K)->42148K(2020352K) Eden: 1943552K(1943552K)->0K(1943552K) From: 43108K(75776K)->42148K(76800K)
[495.043s][info ][gc,heap        ] GC(82) ParOldGen: 359889K(440320K)->359897K(440320K)
[495.043s][info ][gc,metaspace   ] GC(82) Metaspace: 77291K(77888K)->77291K(77888K) NonClass: 66720K(67072K)->66720K(67072K) Class: 10571K(10816K)->10571K(10816K)
[495.043s][info ][gc             ] GC(82) Pause Young (Allocation Failure) 2291M->392M(2403M) 9.482ms
[495.043s][info ][gc,cpu         ] GC(82) User=0.03s Sys=0.00s Real=0.01s
[495.043s][info ][safepoint      ] Safepoint "ParallelGCFailedAllocation", Time since last: 594201264 ns, Reaching safepoint: 35601 ns, At safepoint: 9566787 ns, Total: 9602388 ns
[498.043s][info ][safepoint      ] Safepoint "Cleanup", Time since last: 3000237189 ns, Reaching safepoint: 61401 ns, At safepoint: 2600 ns, Total: 64001 ns
[500.043s][info ][safepoint      ] Safepoint "Cleanup", Time since last: 2000172352 ns, Reaching safepoint: 81802 ns, At safepoint: 5100 ns, Total: 86902 ns
[501.043s][info ][safepoint      ] Safepoint "Cleanup", Time since last: 1000107925 ns, Reaching safepoint: 43401 ns, At safepoint: 2800 ns, Total: 46201 ns
[502.044s][info ][safepoint      ] Safepoint "Cleanup", Time since last: 1000115723 ns, Reaching safepoint: 94002 ns, At safepoint: 8600 ns, Total: 102602 ns
[504.044s][info ][safepoint      ] Safepoint "Cleanup", Time since last: 2000152142 ns, Reaching safepoint: 45801 ns, At safepoint: 10200 ns, Total: 56001 ns
[505.044s][info ][safepoint      ] Safepoint "Cleanup", Time since last: 1000111620 ns, Reaching safepoint: 55701 ns, At safepoint: 7600 ns, Total: 63301 ns
[506.044s][info ][safepoint      ] Safepoint "Cleanup", Time since last: 1000111018 ns, Reaching safepoint: 50001 ns, At safepoint: 9001 ns, Total: 59002 ns
[507.044s][info ][safepoint      ] Safepoint "Cleanup", Time since last: 1000126017 ns, Reaching safepoint: 52301 ns, At safepoint: 6600 ns, Total: 58901 ns
[512.045s][info ][safepoint      ] Safepoint "Cleanup", Time since last: 5000316261 ns, Reaching safepoint: 57301 ns, At safepoint: 6600 ns, Total: 63901 ns
[513.045s][info ][safepoint      ] Safepoint "Cleanup", Time since last: 1000120910 ns, Reaching safepoint: 56501 ns, At safepoint: 5000 ns, Total: 61501 ns
[518.045s][info ][safepoint      ] Safepoint "Cleanup", Time since last: 5000374524 ns, Reaching safepoint: 51501 ns, At safepoint: 2800 ns, Total: 54301 ns
[519.045s][info ][safepoint      ] Safepoint "Cleanup", Time since last: 1000106302 ns, Reaching safepoint: 58601 ns, At safepoint: 7400 ns, Total: 66001 ns
[520.046s][info ][safepoint      ] Safepoint "Cleanup", Time since last: 1000103801 ns, Reaching safepoint: 56301 ns, At safepoint: 3500 ns, Total: 59801 ns
[521.046s][info ][safepoint      ] Safepoint "Cleanup", Time since last: 1000104999 ns, Reaching safepoint: 52501 ns, At safepoint: 6200 ns, Total: 58701 ns
[522.046s][info ][safepoint      ] Safepoint "Cleanup", Time since last: 1000102398 ns, Reaching safepoint: 75601 ns, At safepoint: 8601 ns, Total: 84202 ns
[523.046s][info ][safepoint      ] Safepoint "Cleanup", Time since last: 1000110596 ns, Reaching safepoint: 41401 ns, At safepoint: 6900 ns, Total: 48301 ns
[529.047s][info ][safepoint      ] Safepoint "Cleanup", Time since last: 6000376349 ns, Reaching safepoint: 72801 ns, At safepoint: 5700 ns, Total: 78501 ns
[533.047s][info ][safepoint      ] Safepoint "Cleanup", Time since last: 4000298142 ns, Reaching safepoint: 52601 ns, At safepoint: 6300 ns, Total: 58901 ns
[536.047s][info ][safepoint      ] Safepoint "Cleanup", Time since last: 3000161243 ns, Reaching safepoint: 52701 ns, At safepoint: 2900 ns, Total: 55601 ns
[578.050s][info ][safepoint      ] Safepoint "Cleanup", Time since last: 42002651379 ns, Reaching safepoint: 71002 ns, At safepoint: 6600 ns, Total: 77602 ns
[589.051s][info ][safepoint      ] Safepoint "Cleanup", Time since last: 11000729764 ns, Reaching safepoint: 46801 ns, At safepoint: 2700 ns, Total: 49501 ns
[618.053s][info ][safepoint      ] Safepoint "Cleanup", Time since last: 29001735864 ns, Reaching safepoint: 70202 ns, At safepoint: 9600 ns, Total: 79802 ns
[633.053s][info ][safepoint      ] Safepoint "Cleanup", Time since last: 15000918088 ns, Reaching safepoint: 50201 ns, At safepoint: 10201 ns, Total: 60402 ns
[713.058s][info ][safepoint      ] Safepoint "Cleanup", Time since last: 80004913470 ns, Reaching safepoint: 39401 ns, At safepoint: 24500 ns, Total: 63901 ns
[857.767s][info ][safepoint      ] Safepoint "Cleanup", Time since last: 144706971158 ns, Reaching safepoint: 1524417 ns, At safepoint: 10800 ns, Total: 1535217 ns
[857.781s][info ][gc,heap,exit   ] Heap
[857.781s][info ][gc,heap,exit   ]  PSYoungGen      total 2020352K, used 1554759K [0x0000000780000000, 0x0000000800000000, 0x0000000800000000)
[857.781s][info ][gc,heap,exit   ]   eden space 1943552K, 77% used [0x0000000780000000,0x00000007dc528b68,0x00000007f6a00000)
[857.781s][info ][gc,heap,exit   ]   from space 76800K, 54% used [0x00000007f6a00000,0x00000007f93292b0,0x00000007fb500000)
[857.781s][info ][gc,heap,exit   ]   to   space 76800K, 0% used [0x00000007fb500000,0x00000007fb500000,0x0000000800000000)
[857.781s][info ][gc,heap,exit   ]  ParOldGen       total 440320K, used 359897K [0x0000000740000000, 0x000000075ae00000, 0x0000000780000000)
[857.781s][info ][gc,heap,exit   ]   object space 440320K, 81% used [0x0000000740000000,0x0000000755f764d0,0x000000075ae00000)
[857.781s][info ][gc,heap,exit   ]  Metaspace       used 77348K, committed 77952K, reserved 1122304K
[857.781s][info ][gc,heap,exit   ]   class space    used 10575K, committed 10816K, reserved 1048576K
