[0.003s][info][gc] Using Parallel
[0.008s][info][gc,init] Version: 16.0.2+7 (release)
[0.008s][info][gc,init] CPUs: 8 total, 8 available
[0.008s][info][gc,init] Memory: 32117M
[0.008s][info][gc,init] Large Page Support: Disabled
[0.008s][info][gc,init] NUMA Support: Disabled
[0.008s][info][gc,init] Compressed Oops: Enabled (Zero based)
[0.008s][info][gc,init] Alignments: Space 512K, Generation 512K, Heap 2M
[0.008s][info][gc,init] Heap Min Capacity: 2054M
[0.008s][info][gc,init] Heap Initial Capacity: 2054M
[0.008s][info][gc,init] Heap Max Capacity: 3G
[0.008s][info][gc,init] Pre-touch: Disabled
[0.008s][info][gc,init] Parallel Workers: 4
[0.009s][info][gc,metaspace] CDS disabled.
[0.009s][info][gc,metaspace] Compressed class space mapped at: 0x0000000800000000-0x0000000840000000, reserved size: 1073741824
[0.009s][info][gc,metaspace] Narrow klass base: 0x0000000800000000, Narrow klass shift: 0, Narrow klass range: 0x40000000
[0.597s][info][safepoint   ] Safepoint "ICBufferFull", Time since last: 564620700 ns, Reaching safepoint: 310907 ns, At safepoint: 3400 ns, Total: 314307 ns
[0.963s][info][gc,start    ] GC(0) Pause Young (Metadata GC Threshold)
[0.971s][debug][gc,phases   ] GC(0) Scavenge 8.192ms
[0.971s][debug][gc,ref      ] GC(0) Skipped phase 1 of Reference Processing: no references
[0.971s][debug][gc,ref      ] GC(0) Skipped phase 3 of Reference Processing: no references
[0.971s][debug][gc,phases   ] GC(0) Reference Processing 0.168ms
[0.972s][debug][gc,phases   ] GC(0) Weak Processing 0.461ms
[0.972s][debug][gc,age      ] GC(0) Desired survivor size 536870912 bytes, new threshold 7 (max threshold 15)
[0.972s][info ][gc,heap     ] GC(0) PSYoungGen: 178032K(1572864K)->18101K(1572864K) Eden: 178032K(1048576K)->0K(1048576K) From: 0K(524288K)->18101K(524288K)
[0.972s][info ][gc,heap     ] GC(0) ParOldGen: 0K(6144K)->80K(6144K)
[0.972s][info ][gc,metaspace] GC(0) Metaspace: 21013K(21248K)->21013K(21248K) NonClass: 18648K(18752K)->18648K(18752K) Class: 2365K(2496K)->2365K(2496K)
[0.972s][info ][gc          ] GC(0) Pause Young (Metadata GC Threshold) 173M->17M(1542M) 9.380ms
[0.972s][info ][gc,cpu      ] GC(0) User=0.03s Sys=0.01s Real=0.01s
[0.972s][debug][gc,phases   ] GC(1) Pre Compact 0.015ms
[0.972s][info ][gc,start    ] GC(1) Pause Full (Metadata GC Threshold)
[0.972s][info ][gc,phases,start] GC(1) Marking Phase
[0.977s][debug][gc,phases      ] GC(1) Par Mark 4.385ms
[0.977s][debug][gc,ref         ] GC(1) Skipped phase 1 of Reference Processing: no references
[0.977s][debug][gc,ref         ] GC(1) Skipped phase 3 of Reference Processing: no references
[0.977s][debug][gc,phases      ] GC(1) Reference Processing 0.045ms
[0.977s][debug][gc,phases      ] GC(1) Weak Processing 0.239ms
[0.977s][debug][gc,phases      ] GC(1) ClassLoaderData 0.028ms
[0.977s][debug][gc,phases      ] GC(1) Trigger cleanups 0.000ms
[0.980s][debug][gc,phases      ] GC(1) Class Unloading 3.545ms
[0.980s][info ][gc,phases      ] GC(1) Marking Phase 8.356ms
[0.980s][info ][gc,phases,start] GC(1) Summary Phase
[0.980s][info ][gc,phases      ] GC(1) Summary Phase 0.009ms
[0.980s][info ][gc,phases,start] GC(1) Adjust Roots
[0.983s][info ][gc,phases      ] GC(1) Adjust Roots 2.729ms
[0.983s][info ][gc,phases,start] GC(1) Compaction Phase
[0.989s][info ][gc,phases      ] GC(1) Compaction Phase 5.917ms
[0.989s][info ][gc,phases,start] GC(1) Post Compact
[0.990s][info ][gc,phases      ] GC(1) Post Compact 0.734ms
[0.990s][info ][gc,heap        ] GC(1) PSYoungGen: 18101K(1572864K)->12343K(1572864K) Eden: 0K(1048576K)->0K(1048576K) From: 18101K(524288K)->12343K(524288K)
[0.990s][info ][gc,heap        ] GC(1) ParOldGen: 80K(6144K)->5732K(6144K)
[0.990s][info ][gc,metaspace   ] GC(1) Metaspace: 21013K(21248K)->21013K(21248K) NonClass: 18648K(18752K)->18648K(18752K) Class: 2365K(2496K)->2365K(2496K)
[0.990s][info ][gc             ] GC(1) Pause Full (Metadata GC Threshold) 17M->17M(1542M) 17.920ms
[0.990s][info ][gc,cpu         ] GC(1) User=0.05s Sys=0.02s Real=0.02s
[0.990s][info ][safepoint      ] Safepoint "CollectForMetadataAllocation", Time since last: 365740608 ns, Reaching safepoint: 236005 ns, At safepoint: 27475580 ns, Total: 27711585 ns
[1.203s][info ][safepoint      ] Safepoint "ICBufferFull", Time since last: 213246294 ns, Reaching safepoint: 128003 ns, At safepoint: 5800 ns, Total: 133803 ns
[1.218s][info ][safepoint      ] Safepoint "ICBufferFull", Time since last: 14535806 ns, Reaching safepoint: 82802 ns, At safepoint: 2900 ns, Total: 85702 ns
[1.229s][info ][safepoint      ] Safepoint "ICBufferFull", Time since last: 10390519 ns, Reaching safepoint: 81202 ns, At safepoint: 5200 ns, Total: 86402 ns
[1.245s][info ][safepoint      ] Safepoint "ICBufferFull", Time since last: 15986637 ns, Reaching safepoint: 62301 ns, At safepoint: 7700 ns, Total: 70001 ns
[1.248s][info ][safepoint      ] Safepoint "ICBufferFull", Time since last: 3825081 ns, Reaching safepoint: 44501 ns, At safepoint: 1300 ns, Total: 45801 ns
[1.254s][info ][safepoint      ] Safepoint "ICBufferFull", Time since last: 5352513 ns, Reaching safepoint: 140903 ns, At safepoint: 6200 ns, Total: 147103 ns
[1.258s][info ][safepoint      ] Safepoint "ICBufferFull", Time since last: 3606976 ns, Reaching safepoint: 131603 ns, At safepoint: 6500 ns, Total: 138103 ns
[1.261s][info ][safepoint      ] Safepoint "ICBufferFull", Time since last: 3220968 ns, Reaching safepoint: 114602 ns, At safepoint: 6900 ns, Total: 121502 ns
[1.265s][info ][safepoint      ] Safepoint "ICBufferFull", Time since last: 3420172 ns, Reaching safepoint: 63302 ns, At safepoint: 8700 ns, Total: 72002 ns
[1.273s][info ][safepoint      ] Safepoint "ICBufferFull", Time since last: 8566580 ns, Reaching safepoint: 63102 ns, At safepoint: 2100 ns, Total: 65202 ns
[1.274s][info ][safepoint      ] Safepoint "ICBufferFull", Time since last: 697214 ns, Reaching safepoint: 35801 ns, At safepoint: 6600 ns, Total: 42401 ns
[1.275s][info ][safepoint      ] Safepoint "ICBufferFull", Time since last: 671414 ns, Reaching safepoint: 30401 ns, At safepoint: 10600 ns, Total: 41001 ns
[1.358s][info ][safepoint      ] Safepoint "ICBufferFull", Time since last: 83551761 ns, Reaching safepoint: 199204 ns, At safepoint: 3700 ns, Total: 202904 ns
[1.360s][info ][safepoint      ] Safepoint "ICBufferFull", Time since last: 1947842 ns, Reaching safepoint: 120702 ns, At safepoint: 5700 ns, Total: 126402 ns
[1.362s][info ][safepoint      ] Safepoint "ICBufferFull", Time since last: 1325228 ns, Reaching safepoint: 36801 ns, At safepoint: 6300 ns, Total: 43101 ns
[1.363s][info ][safepoint      ] Safepoint "ICBufferFull", Time since last: 1404030 ns, Reaching safepoint: 14300 ns, At safepoint: 1200 ns, Total: 15500 ns
[1.365s][info ][safepoint      ] Safepoint "ICBufferFull", Time since last: 1895840 ns, Reaching safepoint: 17800 ns, At safepoint: 1400 ns, Total: 19200 ns
[1.366s][info ][safepoint      ] Safepoint "ICBufferFull", Time since last: 1253127 ns, Reaching safepoint: 95102 ns, At safepoint: 3600 ns, Total: 98702 ns
[1.368s][info ][safepoint      ] Safepoint "ICBufferFull", Time since last: 1700036 ns, Reaching safepoint: 80401 ns, At safepoint: 3700 ns, Total: 84101 ns
[1.369s][info ][safepoint      ] Safepoint "ICBufferFull", Time since last: 998621 ns, Reaching safepoint: 42701 ns, At safepoint: 1800 ns, Total: 44501 ns
[1.371s][info ][safepoint      ] Safepoint "ICBufferFull", Time since last: 1192626 ns, Reaching safepoint: 30700 ns, At safepoint: 1300 ns, Total: 32000 ns
[1.372s][info ][safepoint      ] Safepoint "ICBufferFull", Time since last: 979321 ns, Reaching safepoint: 42501 ns, At safepoint: 1300 ns, Total: 43801 ns
[1.373s][info ][safepoint      ] Safepoint "ICBufferFull", Time since last: 1324528 ns, Reaching safepoint: 87802 ns, At safepoint: 5300 ns, Total: 93102 ns
[1.374s][info ][safepoint      ] Safepoint "ICBufferFull", Time since last: 1467031 ns, Reaching safepoint: 21900 ns, At safepoint: 1200 ns, Total: 23100 ns
[1.376s][info ][safepoint      ] Safepoint "ICBufferFull", Time since last: 1508932 ns, Reaching safepoint: 34301 ns, At safepoint: 1300 ns, Total: 35601 ns
[1.377s][info ][safepoint      ] Safepoint "ICBufferFull", Time since last: 598812 ns, Reaching safepoint: 36801 ns, At safepoint: 1100 ns, Total: 37901 ns
[1.379s][info ][safepoint      ] Safepoint "ICBufferFull", Time since last: 2126045 ns, Reaching safepoint: 41101 ns, At safepoint: 2400 ns, Total: 43501 ns
[1.389s][info ][safepoint      ] Safepoint "ICBufferFull", Time since last: 9789306 ns, Reaching safepoint: 138503 ns, At safepoint: 9500 ns, Total: 148003 ns
[1.392s][info ][safepoint      ] Safepoint "ICBufferFull", Time since last: 3505574 ns, Reaching safepoint: 29901 ns, At safepoint: 2400 ns, Total: 32301 ns
[1.421s][info ][safepoint      ] Safepoint "ICBufferFull", Time since last: 28183094 ns, Reaching safepoint: 89002 ns, At safepoint: 2600 ns, Total: 91602 ns
[1.421s][info ][safepoint      ] Safepoint "ICBufferFull", Time since last: 734815 ns, Reaching safepoint: 30101 ns, At safepoint: 2000 ns, Total: 32101 ns
[1.544s][info ][safepoint      ] Safepoint "ICBufferFull", Time since last: 121968870 ns, Reaching safepoint: 263606 ns, At safepoint: 9700 ns, Total: 273306 ns
[1.787s][info ][safepoint      ] Safepoint "ICBufferFull", Time since last: 243248927 ns, Reaching safepoint: 337207 ns, At safepoint: 7100 ns, Total: 344307 ns
[2.282s][info ][safepoint      ] Safepoint "ICBufferFull", Time since last: 494506822 ns, Reaching safepoint: 353608 ns, At safepoint: 6700 ns, Total: 360308 ns
[2.526s][info ][safepoint      ] Safepoint "ICBufferFull", Time since last: 243354229 ns, Reaching safepoint: 278606 ns, At safepoint: 12400 ns, Total: 291006 ns
[2.607s][info ][gc,start       ] GC(2) Pause Young (Metadata GC Threshold)
[2.666s][debug][gc,phases      ] GC(2) Scavenge 58.821ms
[2.666s][debug][gc,ref         ] GC(2) Skipped phase 1 of Reference Processing: no references
[2.666s][debug][gc,ref         ] GC(2) Skipped phase 3 of Reference Processing: no references
[2.666s][debug][gc,phases      ] GC(2) Reference Processing 0.470ms
[2.668s][debug][gc,phases      ] GC(2) Weak Processing 1.977ms
[2.668s][debug][gc,age         ] GC(2) Desired survivor size 536870912 bytes, new threshold 7 (max threshold 15)
[2.668s][info ][gc,heap        ] GC(2) PSYoungGen: 481189K(1572864K)->64129K(1572864K) Eden: 468846K(1048576K)->0K(1048576K) From: 12343K(524288K)->64129K(524288K)
[2.668s][info ][gc,heap        ] GC(2) ParOldGen: 5732K(6144K)->5740K(6144K)
[2.668s][info ][gc,metaspace   ] GC(2) Metaspace: 35148K(35456K)->35148K(35456K) NonClass: 30730K(30912K)->30730K(30912K) Class: 4418K(4544K)->4418K(4544K)
[2.668s][info ][gc             ] GC(2) Pause Young (Metadata GC Threshold) 475M->68M(1542M) 61.521ms
[2.668s][info ][gc,cpu         ] GC(2) User=0.21s Sys=0.02s Real=0.06s
[2.668s][debug][gc,phases      ] GC(3) Pre Compact 0.018ms
[2.668s][info ][gc,start       ] GC(3) Pause Full (Metadata GC Threshold)
[2.668s][info ][gc,phases,start] GC(3) Marking Phase
[2.711s][debug][gc,phases      ] GC(3) Par Mark 42.293ms
[2.711s][debug][gc,ref         ] GC(3) Skipped phase 1 of Reference Processing: no references
[2.711s][debug][gc,ref         ] GC(3) Skipped phase 3 of Reference Processing: no references
[2.711s][debug][gc,phases      ] GC(3) Reference Processing 0.232ms
[2.712s][debug][gc,phases      ] GC(3) Weak Processing 0.625ms
[2.712s][debug][gc,phases      ] GC(3) ClassLoaderData 0.328ms
[2.712s][debug][gc,phases      ] GC(3) Trigger cleanups 0.002ms
[2.727s][debug][gc,phases      ] GC(3) Class Unloading 15.727ms
[2.727s][info ][gc,phases      ] GC(3) Marking Phase 59.129ms
[2.727s][info ][gc,phases,start] GC(3) Summary Phase
[2.727s][info ][gc,phases      ] GC(3) Summary Phase 0.017ms
[2.727s][info ][gc,phases,start] GC(3) Adjust Roots
[2.740s][info ][gc,phases      ] GC(3) Adjust Roots 12.551ms
[2.740s][info ][gc,phases,start] GC(3) Compaction Phase
[3.048s][info ][gc,phases      ] GC(3) Compaction Phase 308.146ms
[3.048s][info ][gc,phases,start] GC(3) Post Compact
[3.050s][info ][gc,phases      ] GC(3) Post Compact 1.360ms
[3.050s][info ][gc,heap        ] GC(3) PSYoungGen: 64129K(1572864K)->63972K(1572864K) Eden: 0K(1048576K)->0K(1048576K) From: 64129K(524288K)->63972K(524288K)
[3.050s][info ][gc,heap        ] GC(3) ParOldGen: 5740K(6144K)->5636K(6144K)
[3.050s][info ][gc,metaspace   ] GC(3) Metaspace: 35148K(35456K)->35115K(35456K) NonClass: 30730K(30912K)->30706K(30912K) Class: 4418K(4544K)->4408K(4544K)
[3.050s][info ][gc             ] GC(3) Pause Full (Metadata GC Threshold) 68M->67M(1542M) 381.406ms
[3.050s][info ][gc,cpu         ] GC(3) User=0.80s Sys=0.02s Real=0.38s
[3.050s][info ][safepoint      ] Safepoint "CollectForMetadataAllocation", Time since last: 80722201 ns, Reaching safepoint: 244905 ns, At safepoint: 443146740 ns, Total: 443391645 ns
[3.235s][info ][safepoint      ] Safepoint "ICBufferFull", Time since last: 184544689 ns, Reaching safepoint: 444210 ns, At safepoint: 18700 ns, Total: 462910 ns
[3.338s][info ][safepoint      ] Safepoint "ICBufferFull", Time since last: 100309714 ns, Reaching safepoint: 2381950 ns, At safepoint: 37801 ns, Total: 2419751 ns
[3.511s][info ][safepoint      ] Safepoint "ICBufferFull", Time since last: 173003546 ns, Reaching safepoint: 379208 ns, At safepoint: 18201 ns, Total: 397409 ns
[3.511s][info ][safepoint      ] Safepoint "ICBufferFull", Time since last: 91502 ns, Reaching safepoint: 91502 ns, At safepoint: 20300 ns, Total: 111802 ns
[3.611s][info ][safepoint      ] Safepoint "ICBufferFull", Time since last: 99872505 ns, Reaching safepoint: 347507 ns, At safepoint: 18101 ns, Total: 365608 ns
[3.867s][info ][safepoint      ] Safepoint "ICBufferFull", Time since last: 254779069 ns, Reaching safepoint: 358708 ns, At safepoint: 26800 ns, Total: 385508 ns
[3.957s][info ][safepoint      ] Safepoint "ICBufferFull", Time since last: 89669190 ns, Reaching safepoint: 323707 ns, At safepoint: 23800 ns, Total: 347507 ns
[4.030s][info ][safepoint      ] Safepoint "ICBufferFull", Time since last: 73269544 ns, Reaching safepoint: 268906 ns, At safepoint: 29401 ns, Total: 298307 ns
[4.039s][info ][safepoint      ] Safepoint "ICBufferFull", Time since last: 8199173 ns, Reaching safepoint: 205204 ns, At safepoint: 27900 ns, Total: 233104 ns
[4.049s][info ][safepoint      ] Safepoint "ICBufferFull", Time since last: 7956968 ns, Reaching safepoint: 2208547 ns, At safepoint: 33000 ns, Total: 2241547 ns
[4.057s][info ][safepoint      ] Safepoint "ICBufferFull", Time since last: 8135172 ns, Reaching safepoint: 282106 ns, At safepoint: 28600 ns, Total: 310706 ns
[4.062s][info ][safepoint      ] Safepoint "ICBufferFull", Time since last: 4213989 ns, Reaching safepoint: 115503 ns, At safepoint: 20400 ns, Total: 135903 ns
[4.073s][info ][safepoint      ] Safepoint "ICBufferFull", Time since last: 11408141 ns, Reaching safepoint: 155503 ns, At safepoint: 43601 ns, Total: 199104 ns
[4.077s][info ][safepoint      ] Safepoint "ICBufferFull", Time since last: 2782558 ns, Reaching safepoint: 886119 ns, At safepoint: 29601 ns, Total: 915720 ns
[4.079s][info ][safepoint      ] Safepoint "ICBufferFull", Time since last: 2362749 ns, Reaching safepoint: 121303 ns, At safepoint: 25701 ns, Total: 147004 ns
[4.082s][info ][safepoint      ] Safepoint "ICBufferFull", Time since last: 2506052 ns, Reaching safepoint: 521111 ns, At safepoint: 25201 ns, Total: 546312 ns
[4.086s][info ][safepoint      ] Safepoint "ICBufferFull", Time since last: 2627555 ns, Reaching safepoint: 636214 ns, At safepoint: 20800 ns, Total: 657014 ns
[4.089s][info ][safepoint      ] Safepoint "ICBufferFull", Time since last: 2780059 ns, Reaching safepoint: 111502 ns, At safepoint: 22401 ns, Total: 133903 ns
[4.101s][info ][safepoint      ] Safepoint "ICBufferFull", Time since last: 12425561 ns, Reaching safepoint: 135003 ns, At safepoint: 18101 ns, Total: 153104 ns
[4.110s][info ][safepoint      ] Safepoint "ICBufferFull", Time since last: 8252174 ns, Reaching safepoint: 130402 ns, At safepoint: 28701 ns, Total: 159103 ns
[4.122s][info ][safepoint      ] Safepoint "ICBufferFull", Time since last: 11932351 ns, Reaching safepoint: 153904 ns, At safepoint: 25700 ns, Total: 179604 ns
[4.124s][info ][safepoint      ] Safepoint "ICBufferFull", Time since last: 2069544 ns, Reaching safepoint: 409308 ns, At safepoint: 21301 ns, Total: 430609 ns
[4.131s][info ][safepoint      ] Safepoint "ICBufferFull", Time since last: 6298833 ns, Reaching safepoint: 122602 ns, At safepoint: 22501 ns, Total: 145103 ns
[4.133s][info ][safepoint      ] Safepoint "ICBufferFull", Time since last: 2542753 ns, Reaching safepoint: 115703 ns, At safepoint: 20400 ns, Total: 136103 ns
[4.136s][info ][safepoint      ] Safepoint "ICBufferFull", Time since last: 2613055 ns, Reaching safepoint: 74102 ns, At safepoint: 25600 ns, Total: 99702 ns
[4.139s][info ][safepoint      ] Safepoint "ICBufferFull", Time since last: 2542854 ns, Reaching safepoint: 108802 ns, At safepoint: 19201 ns, Total: 128003 ns
[4.142s][info ][safepoint      ] Safepoint "ICBufferFull", Time since last: 2783358 ns, Reaching safepoint: 109903 ns, At safepoint: 16600 ns, Total: 126503 ns
[4.152s][info ][safepoint      ] Safepoint "ICBufferFull", Time since last: 10611224 ns, Reaching safepoint: 145703 ns, At safepoint: 24700 ns, Total: 170403 ns
[4.155s][info ][safepoint      ] Safepoint "ICBufferFull", Time since last: 2342350 ns, Reaching safepoint: 103702 ns, At safepoint: 19600 ns, Total: 123302 ns
[4.174s][info ][safepoint      ] Safepoint "ICBufferFull", Time since last: 18766596 ns, Reaching safepoint: 148203 ns, At safepoint: 29200 ns, Total: 177403 ns
[4.176s][info ][safepoint      ] Safepoint "ICBufferFull", Time since last: 1985842 ns, Reaching safepoint: 172904 ns, At safepoint: 24300 ns, Total: 197204 ns
[4.178s][info ][safepoint      ] Safepoint "ICBufferFull", Time since last: 1849339 ns, Reaching safepoint: 107203 ns, At safepoint: 23100 ns, Total: 130303 ns
[4.181s][info ][safepoint      ] Safepoint "ICBufferFull", Time since last: 2569954 ns, Reaching safepoint: 143703 ns, At safepoint: 22401 ns, Total: 166104 ns
[4.186s][info ][safepoint      ] Safepoint "ICBufferFull", Time since last: 4850702 ns, Reaching safepoint: 687814 ns, At safepoint: 28601 ns, Total: 716415 ns
[4.193s][info ][safepoint      ] Safepoint "ICBufferFull", Time since last: 4670699 ns, Reaching safepoint: 2185646 ns, At safepoint: 29200 ns, Total: 2214846 ns
[4.195s][info ][safepoint      ] Safepoint "ICBufferFull", Time since last: 1946441 ns, Reaching safepoint: 112403 ns, At safepoint: 26800 ns, Total: 139203 ns
[4.199s][info ][safepoint      ] Safepoint "ICBufferFull", Time since last: 3712678 ns, Reaching safepoint: 105803 ns, At safepoint: 38300 ns, Total: 144103 ns
[4.201s][info ][safepoint      ] Safepoint "ICBufferFull", Time since last: 2059044 ns, Reaching safepoint: 112402 ns, At safepoint: 17101 ns, Total: 129503 ns
[4.201s][info ][safepoint      ] Safepoint "ICBufferFull", Time since last: 49901 ns, Reaching safepoint: 106702 ns, At safepoint: 18200 ns, Total: 124902 ns
[4.346s][info ][safepoint      ] Safepoint "ICBufferFull", Time since last: 138725224 ns, Reaching safepoint: 5485115 ns, At safepoint: 34001 ns, Total: 5519116 ns
[4.434s][info ][gc,start       ] GC(4) Pause Young (Allocation Failure)
[4.608s][debug][gc,phases      ] GC(4) Scavenge 174.012ms
[4.608s][debug][gc,ref         ] GC(4) Skipped phase 1 of Reference Processing: no references
[4.608s][debug][gc,ref         ] GC(4) Skipped phase 3 of Reference Processing: no references
[4.609s][debug][gc,phases      ] GC(4) Reference Processing 0.754ms
[4.611s][debug][gc,phases      ] GC(4) Weak Processing 2.269ms
[4.611s][debug][gc,age         ] GC(4) Desired survivor size 536870912 bytes, new threshold 7 (max threshold 15)
[4.611s][info ][gc,heap        ] GC(4) PSYoungGen: 1112548K(1572864K)->154407K(1572864K) Eden: 1048576K(1048576K)->0K(1048576K) From: 63972K(524288K)->154407K(524288K)
[4.611s][info ][gc,heap        ] GC(4) ParOldGen: 5636K(6144K)->5644K(6144K)
[4.611s][info ][gc,metaspace   ] GC(4) Metaspace: 47236K(47744K)->47236K(47744K) NonClass: 40378K(40640K)->40378K(40640K) Class: 6858K(7104K)->6858K(7104K)
[4.611s][info ][gc             ] GC(4) Pause Young (Allocation Failure) 1091M->156M(1542M) 177.272ms
[4.611s][info ][gc,cpu         ] GC(4) User=0.63s Sys=0.08s Real=0.18s
[4.611s][info ][safepoint      ] Safepoint "ParallelGCFailedAllocation", Time since last: 87655848 ns, Reaching safepoint: 230604 ns, At safepoint: 177420740 ns, Total: 177651344 ns
[4.629s][info ][safepoint      ] Safepoint "ICBufferFull", Time since last: 17727173 ns, Reaching safepoint: 216405 ns, At safepoint: 30100 ns, Total: 246505 ns
[4.629s][info ][safepoint      ] Safepoint "ICBufferFull", Time since last: 89002 ns, Reaching safepoint: 95402 ns, At safepoint: 27801 ns, Total: 123203 ns
[4.636s][info ][safepoint      ] Safepoint "ICBufferFull", Time since last: 6392335 ns, Reaching safepoint: 113102 ns, At safepoint: 29201 ns, Total: 142303 ns
[4.642s][info ][safepoint      ] Safepoint "ICBufferFull", Time since last: 5975525 ns, Reaching safepoint: 113203 ns, At safepoint: 27800 ns, Total: 141003 ns
[4.666s][info ][safepoint      ] Safepoint "ICBufferFull", Time since last: 23885504 ns, Reaching safepoint: 188004 ns, At safepoint: 22700 ns, Total: 210704 ns
[4.675s][info ][safepoint      ] Safepoint "ICBufferFull", Time since last: 8980790 ns, Reaching safepoint: 139902 ns, At safepoint: 24001 ns, Total: 163903 ns
[4.683s][info ][safepoint      ] Safepoint "ICBufferFull", Time since last: 7982168 ns, Reaching safepoint: 153103 ns, At safepoint: 26001 ns, Total: 179104 ns
[4.720s][info ][safepoint      ] Safepoint "ICBufferFull", Time since last: 36239764 ns, Reaching safepoint: 165403 ns, At safepoint: 28901 ns, Total: 194304 ns
[4.733s][info ][safepoint      ] Safepoint "ICBufferFull", Time since last: 13139777 ns, Reaching safepoint: 135003 ns, At safepoint: 27200 ns, Total: 162203 ns
[4.737s][info ][safepoint      ] Safepoint "ICBufferFull", Time since last: 4324391 ns, Reaching safepoint: 121203 ns, At safepoint: 28000 ns, Total: 149203 ns
[4.738s][info ][safepoint      ] Safepoint "ICBufferFull", Time since last: 60902 ns, Reaching safepoint: 165903 ns, At safepoint: 25101 ns, Total: 191004 ns
[4.777s][info ][safepoint      ] Safepoint "ICBufferFull", Time since last: 39159625 ns, Reaching safepoint: 296806 ns, At safepoint: 23801 ns, Total: 320607 ns
[4.800s][info ][safepoint      ] Safepoint "ICBufferFull", Time since last: 20304928 ns, Reaching safepoint: 2168145 ns, At safepoint: 28901 ns, Total: 2197046 ns
[4.812s][info ][safepoint      ] Safepoint "ICBufferFull", Time since last: 12492963 ns, Reaching safepoint: 153704 ns, At safepoint: 26500 ns, Total: 180204 ns
[4.831s][info ][gc,start       ] GC(5) Pause Young (Allocation Failure)
[4.944s][debug][gc,phases      ] GC(5) Scavenge 112.571ms
[4.944s][debug][gc,ref         ] GC(5) Skipped phase 1 of Reference Processing: no references
[4.944s][debug][gc,ref         ] GC(5) Skipped phase 3 of Reference Processing: no references
[4.944s][debug][gc,phases      ] GC(5) Reference Processing 0.526ms
[4.947s][debug][gc,phases      ] GC(5) Weak Processing 2.673ms
[4.947s][debug][gc,age         ] GC(5) Desired survivor size 536870912 bytes, new threshold 7 (max threshold 15)
[4.947s][info ][gc,heap        ] GC(5) PSYoungGen: 1202983K(1572864K)->158608K(1572864K) Eden: 1048576K(1048576K)->0K(1048576K) From: 154407K(524288K)->158608K(524288K)
[4.947s][info ][gc,heap        ] GC(5) ParOldGen: 5644K(6144K)->5652K(6144K)
[4.947s][info ][gc,metaspace   ] GC(5) Metaspace: 47437K(47872K)->47437K(47872K) NonClass: 40557K(40768K)->40557K(40768K) Class: 6879K(7104K)->6879K(7104K)
[4.947s][info ][gc             ] GC(5) Pause Young (Allocation Failure) 1180M->160M(1542M) 116.016ms
[4.947s][info ][gc,cpu         ] GC(5) User=0.42s Sys=0.04s Real=0.12s
[4.947s][info ][safepoint      ] Safepoint "ParallelGCFailedAllocation", Time since last: 18190483 ns, Reaching safepoint: 285706 ns, At safepoint: 116181149 ns, Total: 116466855 ns
[4.965s][info ][safepoint      ] Safepoint "ICBufferFull", Time since last: 18110282 ns, Reaching safepoint: 242005 ns, At safepoint: 32800 ns, Total: 274805 ns
[4.977s][info ][safepoint      ] Safepoint "ICBufferFull", Time since last: 9566802 ns, Reaching safepoint: 2137545 ns, At safepoint: 29901 ns, Total: 2167446 ns
[4.984s][info ][safepoint      ] Safepoint "ICBufferFull", Time since last: 6376434 ns, Reaching safepoint: 143003 ns, At safepoint: 22101 ns, Total: 165104 ns
[4.988s][info ][safepoint      ] Safepoint "ICBufferFull", Time since last: 4496294 ns, Reaching safepoint: 82602 ns, At safepoint: 24701 ns, Total: 107303 ns
[5.001s][info ][safepoint      ] Safepoint "ICBufferFull", Time since last: 6117629 ns, Reaching safepoint: 6374834 ns, At safepoint: 35701 ns, Total: 6410535 ns
[5.006s][info ][safepoint      ] Safepoint "ICBufferFull", Time since last: 4899203 ns, Reaching safepoint: 129903 ns, At safepoint: 26300 ns, Total: 156203 ns
[5.029s][info ][safepoint      ] Safepoint "ICBufferFull", Time since last: 22832681 ns, Reaching safepoint: 159204 ns, At safepoint: 24400 ns, Total: 183604 ns
[5.036s][info ][safepoint      ] Safepoint "ICBufferFull", Time since last: 7018248 ns, Reaching safepoint: 148703 ns, At safepoint: 23101 ns, Total: 171804 ns
[5.045s][info ][safepoint      ] Safepoint "ICBufferFull", Time since last: 7718062 ns, Reaching safepoint: 958521 ns, At safepoint: 25500 ns, Total: 984021 ns
[5.057s][info ][safepoint      ] Safepoint "ICBufferFull", Time since last: 8609382 ns, Reaching safepoint: 3271969 ns, At safepoint: 39800 ns, Total: 3311769 ns
[5.069s][info ][safepoint      ] Safepoint "ICBufferFull", Time since last: 10374319 ns, Reaching safepoint: 2155846 ns, At safepoint: 23100 ns, Total: 2178946 ns
[5.082s][info ][safepoint      ] Safepoint "ICBufferFull", Time since last: 8945289 ns, Reaching safepoint: 3232468 ns, At safepoint: 31900 ns, Total: 3264368 ns
[5.094s][info ][safepoint      ] Safepoint "ICBufferFull", Time since last: 8010369 ns, Reaching safepoint: 4251390 ns, At safepoint: 71601 ns, Total: 4322991 ns
[5.101s][info ][safepoint      ] Safepoint "ICBufferFull", Time since last: 7355855 ns, Reaching safepoint: 136803 ns, At safepoint: 24201 ns, Total: 161004 ns
[5.115s][info ][safepoint      ] Safepoint "ICBufferFull", Time since last: 10529222 ns, Reaching safepoint: 3198367 ns, At safepoint: 28301 ns, Total: 3226668 ns
[5.125s][info ][safepoint      ] Safepoint "ICBufferFull", Time since last: 9420798 ns, Reaching safepoint: 286106 ns, At safepoint: 30601 ns, Total: 316707 ns
[5.152s][info ][safepoint      ] Safepoint "ICBufferFull", Time since last: 26507158 ns, Reaching safepoint: 145103 ns, At safepoint: 22901 ns, Total: 168004 ns
[5.171s][info ][safepoint      ] Safepoint "ICBufferFull", Time since last: 19537112 ns, Reaching safepoint: 148103 ns, At safepoint: 29100 ns, Total: 177203 ns
[5.188s][info ][safepoint      ] Safepoint "ICBufferFull", Time since last: 16795054 ns, Reaching safepoint: 164504 ns, At safepoint: 21900 ns, Total: 186404 ns
[5.199s][info ][safepoint      ] Safepoint "ICBufferFull", Time since last: 10625224 ns, Reaching safepoint: 146703 ns, At safepoint: 31201 ns, Total: 177904 ns
[5.217s][info ][safepoint      ] Safepoint "ICBufferFull", Time since last: 17291864 ns, Reaching safepoint: 496811 ns, At safepoint: 28200 ns, Total: 525011 ns
[5.222s][info ][safepoint      ] Safepoint "ICBufferFull", Time since last: 5112308 ns, Reaching safepoint: 131603 ns, At safepoint: 33101 ns, Total: 164704 ns
[5.229s][info ][safepoint      ] Safepoint "ICBufferFull", Time since last: 4083586 ns, Reaching safepoint: 3221768 ns, At safepoint: 34800 ns, Total: 3256568 ns
[5.244s][info ][safepoint      ] Safepoint "ICBufferFull", Time since last: 13919794 ns, Reaching safepoint: 138003 ns, At safepoint: 28800 ns, Total: 166803 ns
[5.254s][info ][safepoint      ] Safepoint "ICBufferFull", Time since last: 9749406 ns, Reaching safepoint: 320706 ns, At safepoint: 27901 ns, Total: 348607 ns
[5.260s][info ][safepoint      ] Safepoint "ICBufferFull", Time since last: 5739421 ns, Reaching safepoint: 260406 ns, At safepoint: 23300 ns, Total: 283706 ns
[5.264s][info ][safepoint      ] Safepoint "ICBufferFull", Time since last: 4017985 ns, Reaching safepoint: 103502 ns, At safepoint: 25000 ns, Total: 128502 ns
[5.269s][info ][safepoint      ] Safepoint "ICBufferFull", Time since last: 4274891 ns, Reaching safepoint: 744615 ns, At safepoint: 21801 ns, Total: 766416 ns
[5.272s][info ][safepoint      ] Safepoint "ICBufferFull", Time since last: 2825659 ns, Reaching safepoint: 111503 ns, At safepoint: 28800 ns, Total: 140303 ns
[5.281s][info ][safepoint      ] Safepoint "ICBufferFull", Time since last: 9283896 ns, Reaching safepoint: 108602 ns, At safepoint: 29001 ns, Total: 137603 ns
[5.285s][info ][safepoint      ] Safepoint "ICBufferFull", Time since last: 3118565 ns, Reaching safepoint: 455610 ns, At safepoint: 18200 ns, Total: 473810 ns
[5.299s][info ][safepoint      ] Safepoint "ICBufferFull", Time since last: 13581987 ns, Reaching safepoint: 138803 ns, At safepoint: 28200 ns, Total: 167003 ns
[5.302s][info ][safepoint      ] Safepoint "ICBufferFull", Time since last: 3396072 ns, Reaching safepoint: 107002 ns, At safepoint: 21000 ns, Total: 128002 ns
[5.305s][info ][safepoint      ] Safepoint "ICBufferFull", Time since last: 3128966 ns, Reaching safepoint: 102203 ns, At safepoint: 18900 ns, Total: 121103 ns
[5.321s][info ][safepoint      ] Safepoint "ICBufferFull", Time since last: 15375224 ns, Reaching safepoint: 416609 ns, At safepoint: 30200 ns, Total: 446809 ns
[5.330s][info ][safepoint      ] Safepoint "ICBufferFull", Time since last: 3173167 ns, Reaching safepoint: 5359813 ns, At safepoint: 36301 ns, Total: 5396114 ns
[5.463s][info ][gc,start       ] GC(6) Pause Young (Allocation Failure)
[5.544s][debug][gc,phases      ] GC(6) Scavenge 81.376ms
[5.544s][debug][gc,ref         ] GC(6) Skipped phase 1 of Reference Processing: no references
[5.545s][debug][gc,ref         ] GC(6) Skipped phase 3 of Reference Processing: no references
[5.545s][debug][gc,phases      ] GC(6) Reference Processing 0.523ms
[5.548s][debug][gc,phases      ] GC(6) Weak Processing 3.035ms
[5.548s][debug][gc,age         ] GC(6) Desired survivor size 239075328 bytes, new threshold 6 (max threshold 15)
[5.548s][info ][gc,heap        ] GC(6) PSYoungGen: 1207184K(1572864K)->156960K(1572864K) Eden: 1048576K(1048576K)->0K(1048576K) From: 158608K(524288K)->156960K(524288K)
[5.548s][info ][gc,heap        ] GC(6) ParOldGen: 5652K(6144K)->5660K(6144K)
[5.548s][info ][gc,metaspace   ] GC(6) Metaspace: 48402K(48832K)->48402K(48832K) NonClass: 41414K(41664K)->41414K(41664K) Class: 6987K(7168K)->6987K(7168K)
[5.548s][info ][gc             ] GC(6) Pause Young (Allocation Failure) 1184M->158M(1542M) 85.178ms
[5.548s][info ][gc,cpu         ] GC(6) User=0.35s Sys=0.01s Real=0.09s
[5.548s][info ][safepoint      ] Safepoint "ParallelGCFailedAllocation", Time since last: 132545493 ns, Reaching safepoint: 217705 ns, At safepoint: 85328198 ns, Total: 85545903 ns
[6.024s][info ][gc,start       ] GC(7) Pause Young (Allocation Failure)
[6.141s][debug][gc,phases      ] GC(7) Scavenge 117.328ms
[6.141s][debug][gc,ref         ] GC(7) Skipped phase 1 of Reference Processing: no references
[6.142s][debug][gc,ref         ] GC(7) Skipped phase 3 of Reference Processing: no references
[6.142s][debug][gc,phases      ] GC(7) Reference Processing 1.153ms
[6.147s][debug][gc,phases      ] GC(7) Weak Processing 4.800ms
[6.147s][debug][gc,age         ] GC(7) Desired survivor size 252706816 bytes, new threshold 5 (max threshold 15)
[6.147s][info ][gc,heap        ] GC(7) PSYoungGen: 1205536K(1572864K)->168982K(1837056K) Eden: 1048576K(1048576K)->0K(1603584K) From: 156960K(524288K)->168982K(233472K)
[6.147s][info ][gc,heap        ] GC(7) ParOldGen: 5660K(6144K)->5668K(6144K)
[6.147s][info ][gc,metaspace   ] GC(7) Metaspace: 51351K(51840K)->51351K(51840K) NonClass: 43806K(44032K)->43806K(44032K) Class: 7544K(7808K)->7544K(7808K)
[6.147s][info ][gc             ] GC(7) Pause Young (Allocation Failure) 1182M->170M(1800M) 123.555ms
[6.147s][info ][gc,cpu         ] GC(7) User=0.38s Sys=0.09s Real=0.13s
[6.147s][info ][safepoint      ] Safepoint "ParallelGCFailedAllocation", Time since last: 475502921 ns, Reaching safepoint: 398009 ns, At safepoint: 123730607 ns, Total: 124128616 ns
[6.342s][info ][safepoint      ] Safepoint "ICBufferFull", Time since last: 160802889 ns, Reaching safepoint: 33833313 ns, At safepoint: 30201 ns, Total: 33863514 ns
[6.343s][info ][safepoint      ] Safepoint "ICBufferFull", Time since last: 414608 ns, Reaching safepoint: 94002 ns, At safepoint: 27201 ns, Total: 121203 ns
[6.343s][info ][safepoint      ] Safepoint "ICBufferFull", Time since last: 75602 ns, Reaching safepoint: 87501 ns, At safepoint: 31701 ns, Total: 119202 ns
[6.343s][info ][safepoint      ] Safepoint "ICBufferFull", Time since last: 41101 ns, Reaching safepoint: 98602 ns, At safepoint: 24701 ns, Total: 123303 ns
[6.344s][info ][safepoint      ] Safepoint "ICBufferFull", Time since last: 582812 ns, Reaching safepoint: 111702 ns, At safepoint: 27101 ns, Total: 138803 ns
[6.346s][info ][safepoint      ] Safepoint "ICBufferFull", Time since last: 2344849 ns, Reaching safepoint: 124303 ns, At safepoint: 33200 ns, Total: 157503 ns
[6.361s][info ][safepoint      ] Safepoint "ICBufferFull", Time since last: 11111035 ns, Reaching safepoint: 3643176 ns, At safepoint: 39601 ns, Total: 3682777 ns
[6.361s][info ][safepoint      ] Safepoint "ICBufferFull", Time since last: 143603 ns, Reaching safepoint: 86902 ns, At safepoint: 39601 ns, Total: 126503 ns
[6.363s][info ][safepoint      ] Safepoint "ICBufferFull", Time since last: 1331328 ns, Reaching safepoint: 111802 ns, At safepoint: 35901 ns, Total: 147703 ns
[6.369s][info ][safepoint      ] Safepoint "ICBufferFull", Time since last: 5825923 ns, Reaching safepoint: 294006 ns, At safepoint: 44501 ns, Total: 338507 ns
[6.369s][info ][safepoint      ] Safepoint "ICBufferFull", Time since last: 74302 ns, Reaching safepoint: 167503 ns, At safepoint: 45501 ns, Total: 213004 ns
[6.369s][info ][safepoint      ] Safepoint "ICBufferFull", Time since last: 29101 ns, Reaching safepoint: 101402 ns, At safepoint: 36901 ns, Total: 138303 ns
[6.382s][info ][safepoint      ] Safepoint "ICBufferFull", Time since last: 8075070 ns, Reaching safepoint: 4288690 ns, At safepoint: 50001 ns, Total: 4338691 ns
[6.383s][info ][safepoint      ] Safepoint "ICBufferFull", Time since last: 1192425 ns, Reaching safepoint: 90502 ns, At safepoint: 30201 ns, Total: 120703 ns
[6.393s][info ][safepoint      ] Safepoint "ICBufferFull", Time since last: 9364097 ns, Reaching safepoint: 422109 ns, At safepoint: 40301 ns, Total: 462410 ns
[6.408s][info ][safepoint      ] Safepoint "ICBufferFull", Time since last: 14541906 ns, Reaching safepoint: 368408 ns, At safepoint: 50301 ns, Total: 418709 ns
[6.434s][info ][safepoint      ] Safepoint "ICBufferFull", Time since last: 22252569 ns, Reaching safepoint: 3408272 ns, At safepoint: 36801 ns, Total: 3445073 ns
[6.626s][info ][safepoint      ] Safepoint "ICBufferFull", Time since last: 191306931 ns, Reaching safepoint: 1015322 ns, At safepoint: 38401 ns, Total: 1053723 ns
[6.837s][info ][safepoint      ] Safepoint "ParallelGCFailedAllocation", Time since last: 207808079 ns, Reaching safepoint: 3245168 ns, At safepoint: 60302 ns, Total: 3305470 ns
[6.837s][info ][gc,start       ] GC(8) Pause Young (Allocation Failure)
[6.955s][debug][gc,phases      ] GC(8) Scavenge 117.918ms
[6.955s][debug][gc,ref         ] GC(8) Skipped phase 1 of Reference Processing: no references
[6.956s][debug][gc,ref         ] GC(8) Skipped phase 3 of Reference Processing: no references
[6.956s][debug][gc,phases      ] GC(8) Reference Processing 0.430ms
[6.959s][debug][gc,phases      ] GC(8) Weak Processing 3.320ms
[6.959s][debug][gc,age         ] GC(8) Desired survivor size 235929600 bytes, new threshold 4 (max threshold 15)
[6.959s][info ][gc,heap        ] GC(8) PSYoungGen: 1772566K(1837056K)->121669K(1850368K) Eden: 1603584K(1603584K)->0K(1603584K) From: 168982K(233472K)->121669K(246784K)
[6.959s][info ][gc,heap        ] GC(8) ParOldGen: 5670K(6144K)->69603K(69632K)
[6.959s][info ][gc,metaspace   ] GC(8) Metaspace: 52510K(52992K)->52510K(52992K) NonClass: 44800K(45056K)->44800K(45056K) Class: 7709K(7936K)->7709K(7936K)
[6.959s][info ][gc             ] GC(8) Pause Young (Allocation Failure) 1736M->186M(1875M) 121.877ms
[6.959s][info ][gc,cpu         ] GC(8) User=0.44s Sys=0.03s Real=0.12s
[6.959s][debug][gc,phases      ] GC(9) Pre Compact 0.018ms
[6.959s][info ][gc,start       ] GC(9) Pause Full (Ergonomics)
[6.959s][info ][gc,phases,start] GC(9) Marking Phase
[7.086s][debug][gc,phases      ] GC(9) Par Mark 126.965ms
[7.086s][debug][gc,ref         ] GC(9) Skipped phase 1 of Reference Processing: no references
[7.087s][debug][gc,ref         ] GC(9) Skipped phase 3 of Reference Processing: no references
[7.087s][debug][gc,phases      ] GC(9) Reference Processing 0.551ms
[7.088s][debug][gc,phases      ] GC(9) Weak Processing 1.062ms
[7.088s][debug][gc,phases      ] GC(9) ClassLoaderData 0.240ms
[7.088s][debug][gc,phases      ] GC(9) Trigger cleanups 0.012ms
[7.108s][debug][gc,phases      ] GC(9) Class Unloading 19.782ms
[7.108s][info ][gc,phases      ] GC(9) Marking Phase 148.632ms
[7.108s][info ][gc,phases,start] GC(9) Summary Phase
[7.108s][info ][gc,phases      ] GC(9) Summary Phase 0.032ms
[7.108s][info ][gc,phases,start] GC(9) Adjust Roots
[7.129s][info ][gc,phases      ] GC(9) Adjust Roots 20.820ms
[7.129s][info ][gc,phases,start] GC(9) Compaction Phase
[7.842s][info ][gc,phases      ] GC(9) Compaction Phase 713.186ms
[7.842s][info ][gc,phases,start] GC(9) Post Compact
[7.844s][info ][gc,phases      ] GC(9) Post Compact 1.637ms
[7.844s][info ][gc,heap        ] GC(9) PSYoungGen: 121669K(1850368K)->121416K(1850368K) Eden: 0K(1603584K)->0K(1603584K) From: 121669K(246784K)->121416K(246784K)
[7.844s][info ][gc,heap        ] GC(9) ParOldGen: 69603K(69632K)->69280K(111616K)
[7.844s][info ][gc,metaspace   ] GC(9) Metaspace: 52510K(52992K)->52508K(52992K) NonClass: 44800K(45056K)->44799K(45056K) Class: 7709K(7936K)->7709K(7936K)
[7.844s][info ][gc             ] GC(9) Pause Full (Ergonomics) 186M->186M(1916M) 884.720ms
[7.844s][info ][gc,cpu         ] GC(9) User=2.15s Sys=0.02s Real=0.88s
[7.844s][info ][safepoint      ] Safepoint "ParallelGCFailedAllocation", Time since last: 99602 ns, Reaching safepoint: 86602 ns, At safepoint: 1006854818 ns, Total: 1006941420 ns
[8.140s][info ][safepoint      ] Safepoint "ICBufferFull", Time since last: 294903515 ns, Reaching safepoint: 517311 ns, At safepoint: 42001 ns, Total: 559312 ns
[8.312s][info ][gc,start       ] GC(10) Pause Young (Allocation Failure)
[8.439s][debug][gc,phases      ] GC(10) Scavenge 126.428ms
[8.439s][debug][gc,ref         ] GC(10) Skipped phase 1 of Reference Processing: no references
[8.439s][debug][gc,ref         ] GC(10) Skipped phase 3 of Reference Processing: no references
[8.439s][debug][gc,phases      ] GC(10) Reference Processing 0.063ms
[8.442s][debug][gc,phases      ] GC(10) Weak Processing 3.010ms
[8.442s][debug][gc,age         ] GC(10) Desired survivor size 235929600 bytes, new threshold 5 (max threshold 15)
[8.442s][info ][gc,heap        ] GC(10) PSYoungGen: 1725000K(1850368K)->52450K(1866752K) Eden: 1603584K(1603584K)->0K(1636352K) From: 121416K(246784K)->52450K(230400K)
[8.442s][info ][gc,heap        ] GC(10) ParOldGen: 69280K(111616K)->160859K(161792K)
[8.442s][info ][gc,metaspace   ] GC(10) Metaspace: 52708K(53184K)->52708K(53184K) NonClass: 44996K(45248K)->44996K(45248K) Class: 7711K(7936K)->7711K(7936K)
[8.442s][info ][gc             ] GC(10) Pause Young (Allocation Failure) 1752M->208M(1981M) 129.748ms
[8.442s][info ][gc,cpu         ] GC(10) User=0.46s Sys=0.06s Real=0.13s
[8.442s][debug][gc,phases      ] GC(11) Pre Compact 0.021ms
[8.442s][info ][gc,start       ] GC(11) Pause Full (Ergonomics)
[8.442s][info ][gc,phases,start] GC(11) Marking Phase
[8.578s][debug][gc,phases      ] GC(11) Par Mark 135.631ms
[8.578s][debug][gc,ref         ] GC(11) Skipped phase 1 of Reference Processing: no references
[8.579s][debug][gc,ref         ] GC(11) Skipped phase 3 of Reference Processing: no references
[8.579s][debug][gc,phases      ] GC(11) Reference Processing 0.823ms
[8.580s][debug][gc,phases      ] GC(11) Weak Processing 1.216ms
[8.580s][debug][gc,phases      ] GC(11) ClassLoaderData 0.093ms
[8.580s][debug][gc,phases      ] GC(11) Trigger cleanups 0.001ms
[8.592s][debug][gc,phases      ] GC(11) Class Unloading 12.478ms
[8.592s][info ][gc,phases      ] GC(11) Marking Phase 150.402ms
[8.592s][info ][gc,phases,start] GC(11) Summary Phase
[8.592s][info ][gc,phases      ] GC(11) Summary Phase 0.073ms
[8.592s][info ][gc,phases,start] GC(11) Adjust Roots
[8.605s][info ][gc,phases      ] GC(11) Adjust Roots 12.447ms
[8.605s][info ][gc,phases,start] GC(11) Compaction Phase
[8.962s][info ][gc,phases      ] GC(11) Compaction Phase 357.282ms
[8.962s][info ][gc,phases,start] GC(11) Post Compact
[8.963s][info ][gc,phases      ] GC(11) Post Compact 0.981ms
[8.963s][info ][gc,heap        ] GC(11) PSYoungGen: 52450K(1866752K)->51766K(1866752K) Eden: 0K(1636352K)->0K(1636352K) From: 52450K(230400K)->51766K(230400K)
[8.963s][info ][gc,heap        ] GC(11) ParOldGen: 160859K(161792K)->161051K(243712K)
[8.963s][info ][gc,metaspace   ] GC(11) Metaspace: 52708K(53184K)->52708K(53184K) NonClass: 44996K(45248K)->44996K(45248K) Class: 7711K(7936K)->7711K(7936K)
[8.963s][info ][gc             ] GC(11) Pause Full (Ergonomics) 208M->207M(2061M) 521.563ms
[8.963s][info ][gc,cpu         ] GC(11) User=1.58s Sys=0.00s Real=0.52s
[8.971s][info ][safepoint      ] Safepoint "ParallelGCFailedAllocation", Time since last: 171504014 ns, Reaching safepoint: 856618 ns, At safepoint: 658697581 ns, Total: 659554199 ns
[9.391s][info ][gc,start       ] GC(12) Pause Young (Allocation Failure)
[9.435s][debug][gc,phases      ] GC(12) Scavenge 44.138ms
[9.435s][debug][gc,ref         ] GC(12) Skipped phase 1 of Reference Processing: no references
[9.435s][debug][gc,ref         ] GC(12) Skipped phase 3 of Reference Processing: no references
[9.435s][debug][gc,phases      ] GC(12) Reference Processing 0.125ms
[9.436s][debug][gc,phases      ] GC(12) Weak Processing 1.168ms
[9.436s][debug][gc,age         ] GC(12) Desired survivor size 233308160 bytes, new threshold 6 (max threshold 15)
[9.436s][info ][gc,heap        ] GC(12) PSYoungGen: 1688118K(1866752K)->55474K(1866752K) Eden: 1636352K(1636352K)->0K(1636352K) From: 51766K(230400K)->55474K(230400K)
[9.437s][info ][gc,heap        ] GC(12) ParOldGen: 161051K(243712K)->161064K(243712K)
[9.437s][info ][gc,metaspace   ] GC(12) Metaspace: 53132K(53568K)->53132K(53568K) NonClass: 45380K(45632K)->45380K(45632K) Class: 7752K(7936K)->7752K(7936K)
[9.437s][info ][gc             ] GC(12) Pause Young (Allocation Failure) 1805M->211M(2061M) 45.667ms
[9.437s][info ][gc,cpu         ] GC(12) User=0.18s Sys=0.00s Real=0.04s
[9.437s][info ][safepoint      ] Safepoint "ParallelGCFailedAllocation", Time since last: 419551641 ns, Reaching safepoint: 604113 ns, At safepoint: 45945368 ns, Total: 46549481 ns
[9.955s][info ][gc,start       ] GC(13) Pause Young (Allocation Failure)
[9.977s][debug][gc,phases      ] GC(13) Scavenge 21.434ms
[9.977s][debug][gc,ref         ] GC(13) Skipped phase 1 of Reference Processing: no references
[9.977s][debug][gc,ref         ] GC(13) Skipped phase 3 of Reference Processing: no references
[9.977s][debug][gc,phases      ] GC(13) Reference Processing 0.114ms
[9.978s][debug][gc,phases      ] GC(13) Weak Processing 1.155ms
[9.978s][debug][gc,age         ] GC(13) Desired survivor size 229113856 bytes, new threshold 7 (max threshold 15)
[9.978s][info ][gc,heap        ] GC(13) PSYoungGen: 1691826K(1866752K)->55570K(1873408K) Eden: 1636352K(1636352K)->0K(1645568K) From: 55474K(230400K)->55570K(227840K)
[9.978s][info ][gc,heap        ] GC(13) ParOldGen: 161064K(243712K)->161072K(243712K)
[9.978s][info ][gc,metaspace   ] GC(13) Metaspace: 53333K(53760K)->53333K(53760K) NonClass: 45578K(45824K)->45578K(45824K) Class: 7755K(7936K)->7755K(7936K)
[9.978s][info ][gc             ] GC(13) Pause Young (Allocation Failure) 1809M->211M(2067M) 22.938ms
[9.978s][info ][gc,cpu         ] GC(13) User=0.09s Sys=0.00s Real=0.03s
[9.978s][info ][safepoint      ] Safepoint "ParallelGCFailedAllocation", Time since last: 517849613 ns, Reaching safepoint: 735216 ns, At safepoint: 23102986 ns, Total: 23838202 ns
[10.371s][info ][gc,start       ] GC(14) Pause Young (Allocation Failure)
[10.400s][debug][gc,phases      ] GC(14) Scavenge 29.029ms
[10.400s][debug][gc,ref         ] GC(14) Skipped phase 1 of Reference Processing: no references
[10.400s][debug][gc,ref         ] GC(14) Skipped phase 3 of Reference Processing: no references
[10.400s][debug][gc,phases      ] GC(14) Reference Processing 0.251ms
[10.401s][debug][gc,phases      ] GC(14) Weak Processing 1.471ms
[10.402s][debug][gc,age         ] GC(14) Desired survivor size 224919552 bytes, new threshold 8 (max threshold 15)
[10.402s][info ][gc,heap        ] GC(14) PSYoungGen: 1701138K(1873408K)->54866K(1869312K) Eden: 1645568K(1645568K)->0K(1645568K) From: 55570K(227840K)->54866K(223744K)
[10.402s][info ][gc,heap        ] GC(14) ParOldGen: 161072K(243712K)->161080K(243712K)
[10.402s][info ][gc,metaspace   ] GC(14) Metaspace: 54025K(54464K)->54025K(54464K) NonClass: 46184K(46400K)->46184K(46400K) Class: 7841K(8064K)->7841K(8064K)
[10.402s][info ][gc             ] GC(14) Pause Young (Allocation Failure) 1818M->210M(2063M) 31.025ms
[10.402s][info ][gc,cpu         ] GC(14) User=0.12s Sys=0.01s Real=0.03s
[10.402s][info ][safepoint      ] Safepoint "ParallelGCFailedAllocation", Time since last: 391740256 ns, Reaching safepoint: 321306 ns, At safepoint: 31181558 ns, Total: 31502864 ns
[10.845s][info ][gc,start       ] GC(15) Pause Young (Allocation Failure)
[10.871s][debug][gc,phases      ] GC(15) Scavenge 25.677ms
[10.871s][debug][gc,ref         ] GC(15) Skipped phase 1 of Reference Processing: no references
[10.871s][debug][gc,ref         ] GC(15) Skipped phase 3 of Reference Processing: no references
[10.871s][debug][gc,phases      ] GC(15) Reference Processing 0.147ms
[10.872s][debug][gc,phases      ] GC(15) Weak Processing 1.144ms
[10.872s][debug][gc,age         ] GC(15) Desired survivor size 220200960 bytes, new threshold 9 (max threshold 15)
[10.872s][info ][gc,heap        ] GC(15) PSYoungGen: 1700434K(1869312K)->50578K(1882112K) Eden: 1645568K(1645568K)->0K(1662464K) From: 54866K(223744K)->50578K(219648K)
[10.872s][info ][gc,heap        ] GC(15) ParOldGen: 161080K(243712K)->161088K(243712K)
[10.872s][info ][gc,metaspace   ] GC(15) Metaspace: 54913K(55360K)->54913K(55360K) NonClass: 46956K(47168K)->46956K(47168K) Class: 7957K(8192K)->7957K(8192K)
[10.872s][info ][gc             ] GC(15) Pause Young (Allocation Failure) 1817M->206M(2076M) 27.226ms
[10.872s][info ][gc,cpu         ] GC(15) User=0.13s Sys=0.00s Real=0.02s
[10.873s][info ][safepoint      ] Safepoint "ParallelGCFailedAllocation", Time since last: 443071636 ns, Reaching safepoint: 387408 ns, At safepoint: 27385678 ns, Total: 27773086 ns
[11.354s][info ][gc,start       ] GC(16) Pause Young (Allocation Failure)
[11.380s][debug][gc,phases      ] GC(16) Scavenge 25.737ms
[11.380s][debug][gc,ref         ] GC(16) Skipped phase 1 of Reference Processing: no references
[11.380s][debug][gc,ref         ] GC(16) Skipped phase 3 of Reference Processing: no references
[11.380s][debug][gc,phases      ] GC(16) Reference Processing 0.189ms
[11.381s][debug][gc,phases      ] GC(16) Weak Processing 1.168ms
[11.381s][debug][gc,age         ] GC(16) Desired survivor size 214433792 bytes, new threshold 10 (max threshold 15)
[11.382s][info ][gc,heap        ] GC(16) PSYoungGen: 1713042K(1882112K)->51506K(1877504K) Eden: 1662464K(1662464K)->0K(1662464K) From: 50578K(219648K)->51506K(215040K)
[11.382s][info ][gc,heap        ] GC(16) ParOldGen: 161088K(243712K)->161096K(243712K)
[11.382s][info ][gc,metaspace   ] GC(16) Metaspace: 55274K(55744K)->55274K(55744K) NonClass: 47280K(47552K)->47280K(47552K) Class: 7993K(8192K)->7993K(8192K)
[11.382s][info ][gc             ] GC(16) Pause Young (Allocation Failure) 1830M->207M(2071M) 27.338ms
[11.382s][info ][gc,cpu         ] GC(16) User=0.13s Sys=0.00s Real=0.03s
[11.382s][info ][safepoint      ] Safepoint "ParallelGCFailedAllocation", Time since last: 477140954 ns, Reaching safepoint: 4486495 ns, At safepoint: 27502379 ns, Total: 31988874 ns
[11.798s][info ][gc,start       ] GC(17) Pause Young (Allocation Failure)
[11.824s][debug][gc,phases      ] GC(17) Scavenge 25.073ms
[11.824s][debug][gc,ref         ] GC(17) Skipped phase 1 of Reference Processing: no references
[11.824s][debug][gc,ref         ] GC(17) Skipped phase 3 of Reference Processing: no references
[11.824s][debug][gc,phases      ] GC(17) Reference Processing 0.225ms
[11.825s][debug][gc,phases      ] GC(17) Weak Processing 1.240ms
[11.825s][debug][gc,age         ] GC(17) Desired survivor size 208142336 bytes, new threshold 11 (max threshold 15)
[11.825s][info ][gc,heap        ] GC(17) PSYoungGen: 1713970K(1877504K)->53042K(1893888K) Eden: 1662464K(1662464K)->0K(1684480K) From: 51506K(215040K)->53042K(209408K)
[11.825s][info ][gc,heap        ] GC(17) ParOldGen: 161096K(243712K)->161104K(243712K)
[11.825s][info ][gc,metaspace   ] GC(17) Metaspace: 55293K(55808K)->55293K(55808K) NonClass: 47298K(47616K)->47298K(47616K) Class: 7994K(8192K)->7994K(8192K)
[11.825s][info ][gc             ] GC(17) Pause Young (Allocation Failure) 1831M->209M(2087M) 26.778ms
[11.825s][info ][gc,cpu         ] GC(17) User=0.10s Sys=0.00s Real=0.03s
[11.825s][info ][safepoint      ] Safepoint "ParallelGCFailedAllocation", Time since last: 416489777 ns, Reaching safepoint: 148203 ns, At safepoint: 27026069 ns, Total: 27174272 ns
[12.305s][info ][gc,start       ] GC(18) Pause Young (Allocation Failure)
[12.339s][debug][gc,phases      ] GC(18) Scavenge 33.830ms
[12.339s][debug][gc,ref         ] GC(18) Skipped phase 1 of Reference Processing: no references
[12.339s][debug][gc,ref         ] GC(18) Skipped phase 3 of Reference Processing: no references
[12.339s][debug][gc,phases      ] GC(18) Reference Processing 0.200ms
[12.341s][debug][gc,phases      ] GC(18) Weak Processing 1.300ms
[12.341s][debug][gc,age         ] GC(18) Desired survivor size 200802304 bytes, new threshold 12 (max threshold 15)
[12.341s][info ][gc,heap        ] GC(18) PSYoungGen: 1737522K(1893888K)->54974K(1887744K) Eden: 1684480K(1684480K)->0K(1684480K) From: 53042K(209408K)->54974K(203264K)
[12.341s][info ][gc,heap        ] GC(18) ParOldGen: 161104K(243712K)->161104K(243712K)
[12.341s][info ][gc,metaspace   ] GC(18) Metaspace: 55301K(55808K)->55301K(55808K) NonClass: 47305K(47616K)->47305K(47616K) Class: 7995K(8192K)->7995K(8192K)
[12.341s][info ][gc             ] GC(18) Pause Young (Allocation Failure) 1854M->211M(2081M) 35.632ms
[12.341s][info ][gc,cpu         ] GC(18) User=0.13s Sys=0.02s Real=0.03s
[12.341s][info ][safepoint      ] Safepoint "ParallelGCFailedAllocation", Time since last: 479008194 ns, Reaching safepoint: 725116 ns, At safepoint: 35813354 ns, Total: 36538470 ns
[12.705s][info ][safepoint      ] Safepoint "ICBufferFull", Time since last: 363458159 ns, Reaching safepoint: 364208 ns, At safepoint: 35301 ns, Total: 399509 ns
[12.808s][info ][gc,start       ] GC(19) Pause Young (Allocation Failure)
[12.840s][debug][gc,phases      ] GC(19) Scavenge 31.433ms
[12.840s][debug][gc,ref         ] GC(19) Skipped phase 1 of Reference Processing: no references
[12.840s][debug][gc,ref         ] GC(19) Skipped phase 3 of Reference Processing: no references
[12.840s][debug][gc,phases      ] GC(19) Reference Processing 0.205ms
[12.841s][debug][gc,phases      ] GC(19) Weak Processing 1.225ms
[12.841s][debug][gc,age         ] GC(19) Desired survivor size 192937984 bytes, new threshold 13 (max threshold 15)
[12.841s][info ][gc,heap        ] GC(19) PSYoungGen: 1739454K(1887744K)->58814K(1908736K) Eden: 1684480K(1684480K)->0K(1712640K) From: 54974K(203264K)->58814K(196096K)
[12.841s][info ][gc,heap        ] GC(19) ParOldGen: 161104K(243712K)->161112K(243712K)
[12.841s][info ][gc,metaspace   ] GC(19) Metaspace: 55315K(55808K)->55315K(55808K) NonClass: 47318K(47616K)->47318K(47616K) Class: 7997K(8192K)->7997K(8192K)
[12.841s][info ][gc             ] GC(19) Pause Young (Allocation Failure) 1856M->214M(2102M) 33.103ms
[12.841s][info ][gc,cpu         ] GC(19) User=0.12s Sys=0.00s Real=0.03s
[12.842s][info ][safepoint      ] Safepoint "ParallelGCFailedAllocation", Time since last: 103326077 ns, Reaching safepoint: 200104 ns, At safepoint: 33255801 ns, Total: 33455905 ns
[13.204s][info ][gc,start       ] GC(20) Pause Young (Allocation Failure)
[13.238s][debug][gc,phases      ] GC(20) Scavenge 34.058ms
[13.238s][debug][gc,ref         ] GC(20) Skipped phase 1 of Reference Processing: no references
[13.238s][debug][gc,ref         ] GC(20) Skipped phase 3 of Reference Processing: no references
[13.238s][debug][gc,phases      ] GC(20) Reference Processing 0.223ms
[13.239s][debug][gc,phases      ] GC(20) Weak Processing 1.258ms
[13.239s][debug][gc,age         ] GC(20) Desired survivor size 185073664 bytes, new threshold 14 (max threshold 15)
[13.239s][info ][gc,heap        ] GC(20) PSYoungGen: 1771454K(1908736K)->60882K(1901056K) Eden: 1712640K(1712640K)->0K(1712640K) From: 58814K(196096K)->60882K(188416K)
[13.239s][info ][gc,heap        ] GC(20) ParOldGen: 161112K(243712K)->161120K(243712K)
[13.239s][info ][gc,metaspace   ] GC(20) Metaspace: 56034K(56512K)->56034K(56512K) NonClass: 47910K(48192K)->47910K(48192K) Class: 8124K(8320K)->8124K(8320K)
[13.239s][info ][gc             ] GC(20) Pause Young (Allocation Failure) 1887M->216M(2094M) 35.783ms
[13.239s][info ][gc,cpu         ] GC(20) User=0.13s Sys=0.01s Real=0.04s
[13.240s][info ][safepoint      ] Safepoint "ParallelGCFailedAllocation", Time since last: 361740322 ns, Reaching safepoint: 339508 ns, At safepoint: 35936957 ns, Total: 36276465 ns
[13.652s][info ][gc,start       ] GC(21) Pause Young (Allocation Failure)
[13.682s][debug][gc,phases      ] GC(21) Scavenge 29.925ms
[13.682s][debug][gc,ref         ] GC(21) Skipped phase 1 of Reference Processing: no references
[13.682s][debug][gc,ref         ] GC(21) Skipped phase 3 of Reference Processing: no references
[13.682s][debug][gc,phases      ] GC(21) Reference Processing 0.121ms
[13.684s][debug][gc,phases      ] GC(21) Weak Processing 1.239ms
[13.684s][debug][gc,age         ] GC(21) Desired survivor size 177209344 bytes, new threshold 15 (max threshold 15)
[13.684s][info ][gc,heap        ] GC(21) PSYoungGen: 1773522K(1901056K)->61362K(1924096K) Eden: 1712640K(1712640K)->0K(1743360K) From: 60882K(188416K)->61362K(180736K)
[13.684s][info ][gc,heap        ] GC(21) ParOldGen: 161120K(243712K)->161128K(243712K)
[13.684s][info ][gc,metaspace   ] GC(21) Metaspace: 57342K(57856K)->57342K(57856K) NonClass: 49044K(49280K)->49044K(49280K) Class: 8298K(8576K)->8298K(8576K)
[13.684s][info ][gc             ] GC(21) Pause Young (Allocation Failure) 1889M->217M(2117M) 31.522ms
[13.684s][info ][gc,cpu         ] GC(21) User=0.12s Sys=0.00s Real=0.03s
[13.684s][info ][safepoint      ] Safepoint "ParallelGCFailedAllocation", Time since last: 412102084 ns, Reaching safepoint: 466009 ns, At safepoint: 31681268 ns, Total: 32147277 ns
[14.114s][info ][gc,start       ] GC(22) Pause Young (Allocation Failure)
[14.157s][debug][gc,phases      ] GC(22) Scavenge 42.554ms
[14.157s][debug][gc,ref         ] GC(22) Skipped phase 1 of Reference Processing: no references
[14.157s][debug][gc,ref         ] GC(22) Skipped phase 3 of Reference Processing: no references
[14.157s][debug][gc,phases      ] GC(22) Reference Processing 0.118ms
[14.159s][debug][gc,phases      ] GC(22) Weak Processing 1.521ms
[14.159s][debug][gc,age         ] GC(22) Desired survivor size 169345024 bytes, new threshold 15 (max threshold 15)
[14.159s][info ][gc,heap        ] GC(22) PSYoungGen: 1804722K(1924096K)->62798K(1916416K) Eden: 1743360K(1743360K)->0K(1743360K) From: 61362K(180736K)->62798K(173056K)
[14.159s][info ][gc,heap        ] GC(22) ParOldGen: 161128K(243712K)->161128K(243712K)
[14.159s][info ][gc,metaspace   ] GC(22) Metaspace: 60210K(60736K)->60210K(60736K) NonClass: 51563K(51840K)->51563K(51840K) Class: 8646K(8896K)->8646K(8896K)
[14.159s][info ][gc             ] GC(22) Pause Young (Allocation Failure) 1919M->218M(2109M) 44.424ms
[14.159s][info ][gc,cpu         ] GC(22) User=0.20s Sys=0.01s Real=0.05s
[14.159s][info ][safepoint      ] Safepoint "ParallelGCFailedAllocation", Time since last: 430097863 ns, Reaching safepoint: 244305 ns, At safepoint: 44567139 ns, Total: 44811444 ns
[14.582s][info ][gc,start       ] GC(23) Pause Young (Allocation Failure)
[14.627s][debug][gc,phases      ] GC(23) Scavenge 44.768ms
[14.627s][debug][gc,ref         ] GC(23) Skipped phase 1 of Reference Processing: no references
[14.627s][debug][gc,ref         ] GC(23) Skipped phase 3 of Reference Processing: no references
[14.627s][debug][gc,phases      ] GC(23) Reference Processing 0.185ms
[14.628s][debug][gc,phases      ] GC(23) Weak Processing 1.331ms
[14.628s][debug][gc,age         ] GC(23) Desired survivor size 160432128 bytes, new threshold 15 (max threshold 15)
[14.628s][info ][gc,heap        ] GC(23) PSYoungGen: 1806158K(1916416K)->73139K(1940480K) Eden: 1743360K(1743360K)->0K(1775104K) From: 62798K(173056K)->73139K(165376K)
[14.628s][info ][gc,heap        ] GC(23) ParOldGen: 161128K(243712K)->162765K(243712K)
[14.628s][info ][gc,metaspace   ] GC(23) Metaspace: 61171K(61696K)->61171K(61696K) NonClass: 52393K(52672K)->52393K(52672K) Class: 8777K(9024K)->8777K(9024K)
[14.628s][info ][gc             ] GC(23) Pause Young (Allocation Failure) 1921M->230M(2133M) 46.556ms
[14.628s][info ][gc,cpu         ] GC(23) User=0.22s Sys=0.00s Real=0.05s
[14.628s][info ][safepoint      ] Safepoint "ParallelGCFailedAllocation", Time since last: 422427801 ns, Reaching safepoint: 522711 ns, At safepoint: 46738785 ns, Total: 47261496 ns
[15.047s][info ][gc,start       ] GC(24) Pause Young (Allocation Failure)
[15.141s][debug][gc,phases      ] GC(24) Scavenge 94.153ms
[15.141s][debug][gc,ref         ] GC(24) Skipped phase 1 of Reference Processing: no references
[15.141s][debug][gc,ref         ] GC(24) Skipped phase 3 of Reference Processing: no references
[15.141s][debug][gc,phases      ] GC(24) Reference Processing 0.122ms
[15.143s][debug][gc,phases      ] GC(24) Weak Processing 1.363ms
[15.143s][debug][gc,age         ] GC(24) Desired survivor size 163053568 bytes, new threshold 15 (max threshold 15)
[15.143s][info ][gc,heap        ] GC(24) PSYoungGen: 1848243K(1940480K)->104340K(1931776K) Eden: 1775104K(1775104K)->0K(1775104K) From: 73139K(165376K)->104340K(156672K)
[15.143s][info ][gc,heap        ] GC(24) ParOldGen: 162765K(243712K)->174396K(243712K)
[15.143s][info ][gc,metaspace   ] GC(24) Metaspace: 61204K(61696K)->61204K(61696K) NonClass: 52426K(52672K)->52426K(52672K) Class: 8777K(9024K)->8777K(9024K)
[15.143s][info ][gc             ] GC(24) Pause Young (Allocation Failure) 1963M->272M(2124M) 95.854ms
[15.143s][info ][gc,cpu         ] GC(24) User=0.41s Sys=0.06s Real=0.09s
[15.143s][info ][safepoint      ] Safepoint "ParallelGCFailedAllocation", Time since last: 418152311 ns, Reaching safepoint: 153404 ns, At safepoint: 96019323 ns, Total: 96172727 ns
[15.653s][info ][gc,start       ] GC(25) Pause Young (Allocation Failure)
[15.735s][debug][gc,phases      ] GC(25) Scavenge 81.314ms
[15.735s][debug][gc,ref         ] GC(25) Skipped phase 1 of Reference Processing: no references
[15.735s][debug][gc,ref         ] GC(25) Skipped phase 3 of Reference Processing: no references
[15.735s][debug][gc,phases      ] GC(25) Reference Processing 0.137ms
[15.736s][debug][gc,phases      ] GC(25) Weak Processing 1.184ms
[15.736s][debug][gc,age         ] GC(25) Desired survivor size 163053568 bytes, new threshold 15 (max threshold 15)
[15.736s][info ][gc,heap        ] GC(25) PSYoungGen: 1879444K(1931776K)->99360K(1937920K) Eden: 1775104K(1775104K)->0K(1778688K) From: 104340K(156672K)->99360K(159232K)
[15.736s][info ][gc,heap        ] GC(25) ParOldGen: 174396K(243712K)->189256K(243712K)
[15.736s][info ][gc,metaspace   ] GC(25) Metaspace: 61927K(62400K)->61927K(62400K) NonClass: 53065K(53312K)->53065K(53312K) Class: 8861K(9088K)->8861K(9088K)
[15.736s][info ][gc             ] GC(25) Pause Young (Allocation Failure) 2005M->281M(2130M) 82.867ms
[15.736s][info ][gc,cpu         ] GC(25) User=0.36s Sys=0.01s Real=0.08s
[15.736s][info ][safepoint      ] Safepoint "ParallelGCFailedAllocation", Time since last: 510308753 ns, Reaching safepoint: 390908 ns, At safepoint: 83031049 ns, Total: 83421957 ns
[16.165s][info ][gc,start       ] GC(26) Pause Young (Allocation Failure)
[16.237s][debug][gc,phases      ] GC(26) Scavenge 72.172ms
[16.237s][debug][gc,ref         ] GC(26) Skipped phase 1 of Reference Processing: no references
[16.237s][debug][gc,ref         ] GC(26) Skipped phase 3 of Reference Processing: no references
[16.237s][debug][gc,phases      ] GC(26) Reference Processing 0.180ms
[16.238s][debug][gc,phases      ] GC(26) Weak Processing 1.228ms
[16.238s][debug][gc,age         ] GC(26) Desired survivor size 156762112 bytes, new threshold 15 (max threshold 15)
[16.238s][info ][gc,heap        ] GC(26) PSYoungGen: 1878048K(1937920K)->83408K(1937920K) Eden: 1778688K(1778688K)->0K(1778688K) From: 99360K(159232K)->83408K(159232K)
[16.238s][info ][gc,heap        ] GC(26) ParOldGen: 189256K(243712K)->208200K(243712K)
[16.238s][info ][gc,metaspace   ] GC(26) Metaspace: 62230K(62720K)->62230K(62720K) NonClass: 53345K(53632K)->53345K(53632K) Class: 8884K(9088K)->8884K(9088K)
[16.238s][info ][gc             ] GC(26) Pause Young (Allocation Failure) 2018M->284M(2130M) 73.816ms
[16.238s][info ][gc,cpu         ] GC(26) User=0.28s Sys=0.00s Real=0.08s
[16.238s][debug][gc,phases      ] GC(27) Pre Compact 0.017ms
[16.238s][info ][gc,start       ] GC(27) Pause Full (Ergonomics)
[16.238s][info ][gc,phases,start] GC(27) Marking Phase
[16.458s][debug][gc,phases      ] GC(27) Par Mark 219.589ms
[16.458s][debug][gc,ref         ] GC(27) Skipped phase 1 of Reference Processing: no references
[16.459s][debug][gc,ref         ] GC(27) Skipped phase 3 of Reference Processing: no references
[16.459s][debug][gc,phases      ] GC(27) Reference Processing 0.973ms
[16.460s][debug][gc,phases      ] GC(27) Weak Processing 1.224ms
[16.461s][debug][gc,phases      ] GC(27) ClassLoaderData 0.105ms
[16.461s][debug][gc,phases      ] GC(27) Trigger cleanups 0.000ms
[16.479s][debug][gc,phases      ] GC(27) Class Unloading 18.561ms
[16.479s][info ][gc,phases      ] GC(27) Marking Phase 240.620ms
[16.479s][info ][gc,phases,start] GC(27) Summary Phase
[16.479s][info ][gc,phases      ] GC(27) Summary Phase 0.059ms
[16.479s][info ][gc,phases,start] GC(27) Adjust Roots
[16.500s][info ][gc,phases      ] GC(27) Adjust Roots 20.783ms
[16.500s][info ][gc,phases,start] GC(27) Compaction Phase
[16.823s][info ][gc,phases      ] GC(27) Compaction Phase 322.642ms
[16.823s][info ][gc,phases,start] GC(27) Post Compact
[16.825s][info ][gc,phases      ] GC(27) Post Compact 2.115ms
[16.825s][info ][gc,heap        ] GC(27) PSYoungGen: 83408K(1937920K)->47338K(1937920K) Eden: 0K(1778688K)->0K(1778688K) From: 83408K(159232K)->47338K(159232K)
[16.825s][info ][gc,heap        ] GC(27) ParOldGen: 208200K(243712K)->243411K(307712K)
[16.825s][info ][gc,metaspace   ] GC(27) Metaspace: 62230K(62720K)->62230K(62720K) NonClass: 53345K(53632K)->53345K(53632K) Class: 8884K(9088K)->8884K(9088K)
[16.825s][info ][gc             ] GC(27) Pause Full (Ergonomics) 284M->283M(2193M) 586.627ms
[16.825s][info ][gc,cpu         ] GC(27) User=2.16s Sys=0.03s Real=0.59s
[16.825s][info ][safepoint      ] Safepoint "ParallelGCFailedAllocation", Time since last: 425718771 ns, Reaching safepoint: 2376650 ns, At safepoint: 660693221 ns, Total: 663069871 ns
[17.238s][info ][safepoint      ] Safepoint "ICBufferFull", Time since last: 412273687 ns, Reaching safepoint: 380208 ns, At safepoint: 28501 ns, Total: 408709 ns
[17.277s][info ][gc,start       ] GC(28) Pause Young (Allocation Failure)
[17.335s][debug][gc,phases      ] GC(28) Scavenge 57.535ms
[17.335s][debug][gc,ref         ] GC(28) Skipped phase 1 of Reference Processing: no references
[17.335s][debug][gc,ref         ] GC(28) Skipped phase 3 of Reference Processing: no references
[17.335s][debug][gc,phases      ] GC(28) Reference Processing 0.078ms
[17.336s][debug][gc,phases      ] GC(28) Weak Processing 0.885ms
[17.336s][debug][gc,age         ] GC(28) Desired survivor size 153616384 bytes, new threshold 15 (max threshold 15)
[17.336s][info ][gc,heap        ] GC(28) PSYoungGen: 1826026K(1937920K)->52688K(1947136K) Eden: 1778688K(1778688K)->0K(1794048K) From: 47338K(159232K)->52688K(153088K)
[17.336s][info ][gc,heap        ] GC(28) ParOldGen: 243411K(307712K)->243463K(307712K)
[17.336s][info ][gc,metaspace   ] GC(28) Metaspace: 62338K(62848K)->62338K(62848K) NonClass: 53427K(53696K)->53427K(53696K) Class: 8911K(9152K)->8911K(9152K)
[17.336s][info ][gc             ] GC(28) Pause Young (Allocation Failure) 2020M->289M(2202M) 58.734ms
[17.336s][info ][gc,cpu         ] GC(28) User=0.24s Sys=0.00s Real=0.05s
[17.336s][info ][safepoint      ] Safepoint "ParallelGCFailedAllocation", Time since last: 36719373 ns, Reaching safepoint: 2199247 ns, At safepoint: 58959542 ns, Total: 61158789 ns
[17.739s][info ][gc,start       ] GC(29) Pause Young (Allocation Failure)
[17.771s][debug][gc,phases      ] GC(29) Scavenge 32.451ms
[17.771s][debug][gc,ref         ] GC(29) Skipped phase 1 of Reference Processing: no references
[17.771s][debug][gc,ref         ] GC(29) Skipped phase 3 of Reference Processing: no references
[17.771s][debug][gc,phases      ] GC(29) Reference Processing 0.087ms
[17.772s][debug][gc,phases      ] GC(29) Weak Processing 0.953ms
[17.772s][debug][gc,age         ] GC(29) Desired survivor size 149422080 bytes, new threshold 15 (max threshold 15)
[17.772s][info ][gc,heap        ] GC(29) PSYoungGen: 1846736K(1947136K)->61120K(1944064K) Eden: 1794048K(1794048K)->0K(1794048K) From: 52688K(153088K)->61120K(150016K)
[17.772s][info ][gc,heap        ] GC(29) ParOldGen: 243463K(307712K)->243711K(307712K)
[17.772s][info ][gc,metaspace   ] GC(29) Metaspace: 62489K(63040K)->62489K(63040K) NonClass: 53570K(53888K)->53570K(53888K) Class: 8919K(9152K)->8919K(9152K)
[17.772s][info ][gc             ] GC(29) Pause Young (Allocation Failure) 2041M->297M(2199M) 33.753ms
[17.772s][info ][gc,cpu         ] GC(29) User=0.13s Sys=0.00s Real=0.03s
[17.772s][info ][safepoint      ] Safepoint "ParallelGCFailedAllocation", Time since last: 402419879 ns, Reaching safepoint: 249806 ns, At safepoint: 33931414 ns, Total: 34181220 ns
[18.209s][info ][gc,start       ] GC(30) Pause Young (Allocation Failure)
[18.252s][debug][gc,phases      ] GC(30) Scavenge 43.184ms
[18.252s][debug][gc,ref         ] GC(30) Skipped phase 1 of Reference Processing: no references
[18.252s][debug][gc,ref         ] GC(30) Skipped phase 3 of Reference Processing: no references
[18.252s][debug][gc,phases      ] GC(30) Reference Processing 0.087ms
[18.253s][debug][gc,phases      ] GC(30) Weak Processing 1.063ms
[18.253s][debug][gc,age         ] GC(30) Desired survivor size 142606336 bytes, new threshold 15 (max threshold 15)
[18.253s][info ][gc,heap        ] GC(30) PSYoungGen: 1855168K(1944064K)->71936K(1957888K) Eden: 1794048K(1794048K)->0K(1811968K) From: 61120K(150016K)->71936K(145920K)
[18.253s][info ][gc,heap        ] GC(30) ParOldGen: 243711K(307712K)->244111K(307712K)
[18.253s][info ][gc,metaspace   ] GC(30) Metaspace: 62513K(63040K)->62513K(63040K) NonClass: 53594K(53888K)->53594K(53888K) Class: 8919K(9152K)->8919K(9152K)
[18.253s][info ][gc             ] GC(30) Pause Young (Allocation Failure) 2049M->308M(2212M) 44.586ms
[18.253s][info ][gc,cpu         ] GC(30) User=0.17s Sys=0.00s Real=0.04s
[18.253s][info ][safepoint      ] Safepoint "ParallelGCFailedAllocation", Time since last: 435903585 ns, Reaching safepoint: 206505 ns, At safepoint: 44771143 ns, Total: 44977648 ns
[18.729s][info ][gc,start       ] GC(31) Pause Young (Allocation Failure)
[18.775s][debug][gc,phases      ] GC(31) Scavenge 45.459ms
[18.775s][debug][gc,ref         ] GC(31) Skipped phase 1 of Reference Processing: no references
[18.775s][debug][gc,ref         ] GC(31) Skipped phase 3 of Reference Processing: no references
[18.775s][debug][gc,phases      ] GC(31) Reference Processing 0.089ms
[18.776s][debug][gc,phases      ] GC(31) Weak Processing 0.943ms
[18.776s][debug][gc,age         ] GC(31) Desired survivor size 140509184 bytes, new threshold 15 (max threshold 15)
[18.776s][info ][gc,heap        ] GC(31) PSYoungGen: 1883904K(1957888K)->87312K(1951232K) Eden: 1811968K(1811968K)->0K(1811968K) From: 71936K(145920K)->87312K(139264K)
[18.776s][info ][gc,heap        ] GC(31) ParOldGen: 244111K(307712K)->244215K(307712K)
[18.776s][info ][gc,metaspace   ] GC(31) Metaspace: 62662K(63168K)->62662K(63168K) NonClass: 53729K(54016K)->53729K(54016K) Class: 8933K(9152K)->8933K(9152K)
[18.776s][info ][gc             ] GC(31) Pause Young (Allocation Failure) 2078M->323M(2206M) 46.708ms
[18.776s][info ][gc,cpu         ] GC(31) User=0.18s Sys=0.00s Real=0.04s
[18.776s][info ][safepoint      ] Safepoint "ParallelGCFailedAllocation", Time since last: 472407054 ns, Reaching safepoint: 3398871 ns, At safepoint: 46906788 ns, Total: 50305659 ns
[19.207s][info ][gc,start       ] GC(32) Pause Young (Allocation Failure)
[19.272s][debug][gc,phases      ] GC(32) Scavenge 65.595ms
[19.273s][debug][gc,ref         ] GC(32) Skipped phase 1 of Reference Processing: no references
[19.273s][debug][gc,ref         ] GC(32) Skipped phase 3 of Reference Processing: no references
[19.273s][debug][gc,phases      ] GC(32) Reference Processing 0.086ms
[19.274s][debug][gc,phases      ] GC(32) Weak Processing 1.017ms
[19.274s][debug][gc,age         ] GC(32) Desired survivor size 146800640 bytes, new threshold 15 (max threshold 15)
[19.274s][info ][gc,heap        ] GC(32) PSYoungGen: 1899280K(1951232K)->109312K(1947648K) Eden: 1811968K(1811968K)->0K(1810432K) From: 87312K(139264K)->109312K(137216K)
[19.274s][info ][gc,heap        ] GC(32) ParOldGen: 244215K(307712K)->244367K(307712K)
[19.274s][info ][gc,metaspace   ] GC(32) Metaspace: 62684K(63232K)->62684K(63232K) NonClass: 53751K(54080K)->53751K(54080K) Class: 8933K(9152K)->8933K(9152K)
[19.274s][info ][gc             ] GC(32) Pause Young (Allocation Failure) 2093M->345M(2202M) 66.966ms
[19.274s][info ][gc,cpu         ] GC(32) User=0.26s Sys=0.00s Real=0.06s
[19.274s][info ][safepoint      ] Safepoint "ParallelGCFailedAllocation", Time since last: 430295167 ns, Reaching safepoint: 382008 ns, At safepoint: 67148815 ns, Total: 67530823 ns
[19.710s][info ][gc,start       ] GC(33) Pause Young (Allocation Failure)
[19.758s][debug][gc,phases      ] GC(33) Scavenge 47.781ms
[19.758s][debug][gc,ref         ] GC(33) Skipped phase 1 of Reference Processing: no references
[19.758s][debug][gc,ref         ] GC(33) Skipped phase 3 of Reference Processing: no references
[19.758s][debug][gc,phases      ] GC(33) Reference Processing 0.112ms
[19.759s][debug][gc,phases      ] GC(33) Weak Processing 0.920ms
[19.759s][debug][gc,age         ] GC(33) Desired survivor size 149946368 bytes, new threshold 15 (max threshold 15)
[19.759s][info ][gc,heap        ] GC(33) PSYoungGen: 1919744K(1947648K)->104576K(1915392K) Eden: 1810432K(1810432K)->0K(1810432K) From: 109312K(137216K)->104576K(104960K)
[19.759s][info ][gc,heap        ] GC(33) ParOldGen: 244367K(307712K)->244607K(307712K)
[19.759s][info ][gc,metaspace   ] GC(33) Metaspace: 62987K(63488K)->62987K(63488K) NonClass: 53999K(54272K)->53999K(54272K) Class: 8987K(9216K)->8987K(9216K)
[19.759s][info ][gc             ] GC(33) Pause Young (Allocation Failure) 2113M->340M(2171M) 49.064ms
[19.759s][info ][gc,cpu         ] GC(33) User=0.19s Sys=0.00s Real=0.05s
[19.759s][info ][safepoint      ] Safepoint "ParallelGCFailedAllocation", Time since last: 431354588 ns, Reaching safepoint: 4409093 ns, At safepoint: 49229337 ns, Total: 53638430 ns
[20.234s][info ][gc,start       ] GC(34) Pause Young (Allocation Failure)
[20.295s][debug][gc,phases      ] GC(34) Scavenge 61.074ms
[20.295s][debug][gc,ref         ] GC(34) Skipped phase 1 of Reference Processing: no references
[20.295s][debug][gc,ref         ] GC(34) Skipped phase 3 of Reference Processing: no references
[20.295s][debug][gc,phases      ] GC(34) Reference Processing 0.131ms
[20.296s][debug][gc,phases      ] GC(34) Weak Processing 1.026ms
[20.296s][debug][gc,age         ] GC(34) Desired survivor size 150994944 bytes, new threshold 15 (max threshold 15)
[20.296s][info ][gc,heap        ] GC(34) PSYoungGen: 1915008K(1915392K)->102816K(1948672K) Eden: 1810432K(1810432K)->0K(1802240K) From: 104576K(104960K)->102816K(146432K)
[20.296s][info ][gc,heap        ] GC(34) ParOldGen: 244607K(307712K)->245119K(307712K)
[20.296s][info ][gc,metaspace   ] GC(34) Metaspace: 63503K(64128K)->63503K(64128K) NonClass: 54439K(54784K)->54439K(54784K) Class: 9064K(9344K)->9064K(9344K)
[20.296s][info ][gc             ] GC(34) Pause Young (Allocation Failure) 2108M->339M(2203M) 62.477ms
[20.296s][info ][gc,cpu         ] GC(34) User=0.25s Sys=0.00s Real=0.06s
[20.296s][info ][safepoint      ] Safepoint "ParallelGCFailedAllocation", Time since last: 474659501 ns, Reaching safepoint: 342808 ns, At safepoint: 62679820 ns, Total: 63022628 ns
[20.710s][info ][gc,start       ] GC(35) Pause Young (Allocation Failure)
[20.766s][debug][gc,phases      ] GC(35) Scavenge 56.462ms
[20.766s][debug][gc,ref         ] GC(35) Skipped phase 1 of Reference Processing: no references
[20.766s][debug][gc,ref         ] GC(35) Skipped phase 3 of Reference Processing: no references
[20.767s][debug][gc,phases      ] GC(35) Reference Processing 0.127ms
[20.768s][debug][gc,phases      ] GC(35) Weak Processing 1.051ms
[20.768s][debug][gc,age         ] GC(35) Desired survivor size 151519232 bytes, new threshold 15 (max threshold 15)
[20.768s][info ][gc,heap        ] GC(35) PSYoungGen: 1905056K(1948672K)->102368K(1904640K) Eden: 1802240K(1802240K)->0K(1802240K) From: 102816K(146432K)->102368K(102400K)
[20.768s][info ][gc,heap        ] GC(35) ParOldGen: 245119K(307712K)->245679K(307712K)
[20.768s][info ][gc,metaspace   ] GC(35) Metaspace: 63554K(64128K)->63554K(64128K) NonClass: 54487K(54784K)->54487K(54784K) Class: 9066K(9344K)->9066K(9344K)
[20.768s][info ][gc             ] GC(35) Pause Young (Allocation Failure) 2099M->339M(2160M) 57.917ms
[20.768s][info ][gc,cpu         ] GC(35) User=0.23s Sys=0.00s Real=0.06s
[20.768s][info ][safepoint      ] Safepoint "ParallelGCFailedAllocation", Time since last: 412953501 ns, Reaching safepoint: 242005 ns, At safepoint: 58100724 ns, Total: 58342729 ns
[20.905s][info ][safepoint      ] Safepoint "ICBufferFull", Time since last: 136504276 ns, Reaching safepoint: 510611 ns, At safepoint: 37601 ns, Total: 548212 ns
[21.169s][info ][gc,start       ] GC(36) Pause Young (Allocation Failure)
[21.228s][debug][gc,phases      ] GC(36) Scavenge 58.970ms
[21.229s][debug][gc,ref         ] GC(36) Skipped phase 1 of Reference Processing: no references
[21.229s][debug][gc,ref         ] GC(36) Skipped phase 3 of Reference Processing: no references
[21.229s][debug][gc,phases      ] GC(36) Reference Processing 0.114ms
[21.230s][debug][gc,phases      ] GC(36) Weak Processing 1.118ms
[21.230s][debug][gc,age         ] GC(36) Desired survivor size 151519232 bytes, new threshold 15 (max threshold 15)
[21.230s][info ][gc,heap        ] GC(36) PSYoungGen: 1904608K(1904640K)->102544K(1949184K) Eden: 1802240K(1802240K)->0K(1801216K) From: 102368K(102400K)->102544K(147968K)
[21.230s][info ][gc,heap        ] GC(36) ParOldGen: 245679K(307712K)->245719K(307712K)
[21.230s][info ][gc,metaspace   ] GC(36) Metaspace: 63585K(64192K)->63585K(64192K) NonClass: 54518K(54848K)->54518K(54848K) Class: 9067K(9344K)->9067K(9344K)
[21.230s][info ][gc             ] GC(36) Pause Young (Allocation Failure) 2099M->340M(2204M) 60.446ms
[21.230s][info ][gc,cpu         ] GC(36) User=0.24s Sys=0.00s Real=0.06s
[21.230s][info ][safepoint      ] Safepoint "ParallelGCFailedAllocation", Time since last: 262338427 ns, Reaching safepoint: 2162946 ns, At safepoint: 60636477 ns, Total: 62799423 ns
[21.667s][info ][gc,start       ] GC(37) Pause Young (Allocation Failure)
[21.721s][debug][gc,phases      ] GC(37) Scavenge 54.490ms
[21.721s][debug][gc,ref         ] GC(37) Skipped phase 1 of Reference Processing: no references
[21.721s][debug][gc,ref         ] GC(37) Skipped phase 3 of Reference Processing: no references
[21.721s][debug][gc,phases      ] GC(37) Reference Processing 0.109ms
[21.722s][debug][gc,phases      ] GC(37) Weak Processing 1.051ms
[21.722s][debug][gc,age         ] GC(37) Desired survivor size 150994944 bytes, new threshold 15 (max threshold 15)
[21.723s][info ][gc,heap        ] GC(37) PSYoungGen: 1903760K(1949184K)->102704K(1949184K) Eden: 1801216K(1801216K)->0K(1801216K) From: 102544K(147968K)->102704K(147968K)
[21.723s][info ][gc,heap        ] GC(37) ParOldGen: 245719K(307712K)->245775K(307712K)
[21.723s][info ][gc,metaspace   ] GC(37) Metaspace: 63615K(64192K)->63615K(64192K) NonClass: 54548K(54848K)->54548K(54848K) Class: 9067K(9344K)->9067K(9344K)
[21.723s][info ][gc             ] GC(37) Pause Young (Allocation Failure) 2099M->340M(2204M) 55.907ms
[21.723s][info ][gc,cpu         ] GC(37) User=0.27s Sys=0.00s Real=0.05s
[21.723s][info ][safepoint      ] Safepoint "ParallelGCFailedAllocation", Time since last: 436365294 ns, Reaching safepoint: 231605 ns, At safepoint: 56112982 ns, Total: 56344587 ns
[22.173s][info ][gc,start       ] GC(38) Pause Young (Allocation Failure)
[22.239s][debug][gc,phases      ] GC(38) Scavenge 65.500ms
[22.239s][debug][gc,ref         ] GC(38) Skipped phase 1 of Reference Processing: no references
[22.239s][debug][gc,ref         ] GC(38) Skipped phase 3 of Reference Processing: no references
[22.239s][debug][gc,phases      ] GC(38) Reference Processing 0.135ms
[22.240s][debug][gc,phases      ] GC(38) Weak Processing 1.043ms
[22.240s][debug][gc,age         ] GC(38) Desired survivor size 150470656 bytes, new threshold 15 (max threshold 15)
[22.240s][info ][gc,heap        ] GC(38) PSYoungGen: 1903920K(1949184K)->102720K(1950208K) Eden: 1801216K(1801216K)->0K(1802752K) From: 102704K(147968K)->102720K(147456K)
[22.240s][info ][gc,heap        ] GC(38) ParOldGen: 245775K(307712K)->245927K(307712K)
[22.240s][info ][gc,metaspace   ] GC(38) Metaspace: 63652K(64192K)->63652K(64192K) NonClass: 54585K(54848K)->54585K(54848K) Class: 9067K(9344K)->9067K(9344K)
[22.240s][info ][gc             ] GC(38) Pause Young (Allocation Failure) 2099M->340M(2205M) 66.914ms
[22.240s][info ][gc,cpu         ] GC(38) User=0.27s Sys=0.00s Real=0.07s
[22.241s][info ][safepoint      ] Safepoint "ParallelGCFailedAllocation", Time since last: 447492228 ns, Reaching safepoint: 3232368 ns, At safepoint: 67118615 ns, Total: 70350983 ns
[22.655s][info ][gc,start       ] GC(39) Pause Young (Allocation Failure)
[22.708s][debug][gc,phases      ] GC(39) Scavenge 52.662ms
[22.708s][debug][gc,ref         ] GC(39) Skipped phase 1 of Reference Processing: no references
[22.708s][debug][gc,ref         ] GC(39) Skipped phase 3 of Reference Processing: no references
[22.708s][debug][gc,phases      ] GC(39) Reference Processing 0.087ms
[22.709s][debug][gc,phases      ] GC(39) Weak Processing 1.014ms
[22.709s][debug][gc,age         ] GC(39) Desired survivor size 148373504 bytes, new threshold 15 (max threshold 15)
[22.709s][info ][gc,heap        ] GC(39) PSYoungGen: 1905472K(1950208K)->101232K(1949696K) Eden: 1802752K(1802752K)->0K(1802752K) From: 102720K(147456K)->101232K(146944K)
[22.709s][info ][gc,heap        ] GC(39) ParOldGen: 245927K(307712K)->247324K(307712K)
[22.709s][info ][gc,metaspace   ] GC(39) Metaspace: 63682K(64256K)->63682K(64256K) NonClass: 54615K(54912K)->54615K(54912K) Class: 9067K(9344K)->9067K(9344K)
[22.709s][info ][gc             ] GC(39) Pause Young (Allocation Failure) 2100M->340M(2204M) 54.004ms
[22.709s][info ][gc,cpu         ] GC(39) User=0.21s Sys=0.00s Real=0.06s
[22.709s][info ][safepoint      ] Safepoint "ParallelGCFailedAllocation", Time since last: 414424331 ns, Reaching safepoint: 120202 ns, At safepoint: 54194342 ns, Total: 54314544 ns
[23.072s][info ][gc,start       ] GC(40) Pause Young (Allocation Failure)
[23.129s][debug][gc,phases      ] GC(40) Scavenge 56.256ms
[23.129s][debug][gc,ref         ] GC(40) Skipped phase 1 of Reference Processing: no references
[23.129s][debug][gc,ref         ] GC(40) Skipped phase 3 of Reference Processing: no references
[23.129s][debug][gc,phases      ] GC(40) Reference Processing 0.087ms
[23.130s][debug][gc,phases      ] GC(40) Weak Processing 1.096ms
[23.130s][debug][gc,age         ] GC(40) Desired survivor size 146800640 bytes, new threshold 15 (max threshold 15)
[23.130s][info ][gc,heap        ] GC(40) PSYoungGen: 1903984K(1949696K)->101296K(1953792K) Eden: 1802752K(1802752K)->0K(1808896K) From: 101232K(146944K)->101296K(144896K)
[23.130s][info ][gc,heap        ] GC(40) ParOldGen: 247324K(307712K)->247460K(307712K)
[23.130s][info ][gc,metaspace   ] GC(40) Metaspace: 63707K(64256K)->63707K(64256K) NonClass: 54640K(54912K)->54640K(54912K) Class: 9067K(9344K)->9067K(9344K)
[23.130s][info ][gc             ] GC(40) Pause Young (Allocation Failure) 2100M->340M(2208M) 57.689ms
[23.130s][info ][gc,cpu         ] GC(40) User=0.22s Sys=0.00s Real=0.06s
[23.130s][info ][safepoint      ] Safepoint "ParallelGCFailedAllocation", Time since last: 362983748 ns, Reaching safepoint: 173404 ns, At safepoint: 57892719 ns, Total: 58066123 ns
[23.542s][info ][gc,start       ] GC(41) Pause Young (Allocation Failure)
[23.590s][debug][gc,phases      ] GC(41) Scavenge 48.131ms
[23.591s][debug][gc,ref         ] GC(41) Skipped phase 1 of Reference Processing: no references
[23.591s][debug][gc,ref         ] GC(41) Skipped phase 3 of Reference Processing: no references
[23.591s][debug][gc,phases      ] GC(41) Reference Processing 0.100ms
[23.592s][debug][gc,phases      ] GC(41) Weak Processing 1.022ms
[23.592s][debug][gc,age         ] GC(41) Desired survivor size 144703488 bytes, new threshold 15 (max threshold 15)
[23.592s][info ][gc,heap        ] GC(41) PSYoungGen: 1910192K(1953792K)->100384K(1952256K) Eden: 1808896K(1808896K)->0K(1808896K) From: 101296K(144896K)->100384K(143360K)
[23.592s][info ][gc,heap        ] GC(41) ParOldGen: 247460K(307712K)->248473K(307712K)
[23.592s][info ][gc,metaspace   ] GC(41) Metaspace: 63718K(64256K)->63718K(64256K) NonClass: 54651K(54912K)->54651K(54912K) Class: 9067K(9344K)->9067K(9344K)
[23.592s][info ][gc             ] GC(41) Pause Young (Allocation Failure) 2107M->340M(2207M) 49.514ms
[23.592s][info ][gc,cpu         ] GC(41) User=0.19s Sys=0.00s Real=0.05s
[23.592s][info ][safepoint      ] Safepoint "ParallelGCFailedAllocation", Time since last: 411689874 ns, Reaching safepoint: 184704 ns, At safepoint: 49698047 ns, Total: 49882751 ns
[23.995s][info ][gc,start       ] GC(42) Pause Young (Allocation Failure)
[24.060s][debug][gc,phases      ] GC(42) Scavenge 64.022ms
[24.060s][debug][gc,ref         ] GC(42) Skipped phase 1 of Reference Processing: no references
[24.060s][debug][gc,ref         ] GC(42) Skipped phase 3 of Reference Processing: no references
[24.060s][debug][gc,phases      ] GC(42) Reference Processing 0.112ms
[24.061s][debug][gc,phases      ] GC(42) Weak Processing 0.988ms
[24.061s][debug][gc,age         ] GC(42) Desired survivor size 142082048 bytes, new threshold 15 (max threshold 15)
[24.061s][info ][gc,heap        ] GC(42) PSYoungGen: 1909280K(1952256K)->99600K(1958400K) Eden: 1808896K(1808896K)->0K(1817088K) From: 100384K(143360K)->99600K(141312K)
[24.061s][info ][gc,heap        ] GC(42) ParOldGen: 248473K(307712K)->250098K(307712K)
[24.061s][info ][gc,metaspace   ] GC(42) Metaspace: 65639K(66304K)->65639K(66304K) NonClass: 56240K(56576K)->56240K(56576K) Class: 9398K(9728K)->9398K(9728K)
[24.061s][info ][gc             ] GC(42) Pause Young (Allocation Failure) 2107M->341M(2213M) 65.362ms
[24.061s][info ][gc,cpu         ] GC(42) User=0.25s Sys=0.00s Real=0.07s
[24.061s][info ][safepoint      ] Safepoint "ParallelGCFailedAllocation", Time since last: 403172194 ns, Reaching safepoint: 307907 ns, At safepoint: 65515780 ns, Total: 65823687 ns
[24.523s][info ][gc,start       ] GC(43) Pause Young (Allocation Failure)
[24.574s][debug][gc,phases      ] GC(43) Scavenge 51.424ms
[24.574s][debug][gc,ref         ] GC(43) Skipped phase 1 of Reference Processing: no references
[24.574s][debug][gc,ref         ] GC(43) Skipped phase 3 of Reference Processing: no references
[24.574s][debug][gc,phases      ] GC(43) Reference Processing 0.108ms
[24.576s][debug][gc,phases      ] GC(43) Weak Processing 1.231ms
[24.576s][debug][gc,age         ] GC(43) Desired survivor size 138412032 bytes, new threshold 15 (max threshold 15)
[24.576s][info ][gc,heap        ] GC(43) PSYoungGen: 1916688K(1958400K)->96752K(1955840K) Eden: 1817088K(1817088K)->0K(1817088K) From: 99600K(141312K)->96752K(138752K)
[24.576s][info ][gc,heap        ] GC(43) ParOldGen: 250098K(307712K)->254628K(307712K)
[24.576s][info ][gc,metaspace   ] GC(43) Metaspace: 67365K(67904K)->67365K(67904K) NonClass: 57786K(58048K)->57786K(58048K) Class: 9579K(9856K)->9579K(9856K)
[24.576s][info ][gc             ] GC(43) Pause Young (Allocation Failure) 2116M->343M(2210M) 53.008ms
[24.576s][info ][gc,cpu         ] GC(43) User=0.24s Sys=0.00s Real=0.05s
[24.576s][info ][safepoint      ] Safepoint "ParallelGCFailedAllocation", Time since last: 461525423 ns, Reaching safepoint: 301407 ns, At safepoint: 53217421 ns, Total: 53518828 ns
[24.990s][info ][gc,start       ] GC(44) Pause Young (Allocation Failure)
[25.047s][debug][gc,phases      ] GC(44) Scavenge 57.127ms
[25.047s][debug][gc,ref         ] GC(44) Skipped phase 1 of Reference Processing: no references
[25.047s][debug][gc,ref         ] GC(44) Skipped phase 3 of Reference Processing: no references
[25.047s][debug][gc,phases      ] GC(44) Reference Processing 0.111ms
[25.049s][debug][gc,phases      ] GC(44) Weak Processing 1.487ms
[25.049s][debug][gc,age         ] GC(44) Desired survivor size 135790592 bytes, new threshold 15 (max threshold 15)
[25.049s][info ][gc,heap        ] GC(44) PSYoungGen: 1913840K(1955840K)->85816K(1964544K) Eden: 1817088K(1817088K)->0K(1829376K) From: 96752K(138752K)->85816K(135168K)
[25.049s][info ][gc,heap        ] GC(44) ParOldGen: 254628K(307712K)->266706K(307712K)
[25.049s][info ][gc,metaspace   ] GC(44) Metaspace: 69964K(70528K)->69964K(70528K) NonClass: 60037K(60352K)->60037K(60352K) Class: 9926K(10176K)->9926K(10176K)
[25.049s][info ][gc             ] GC(44) Pause Young (Allocation Failure) 2117M->344M(2219M) 59.000ms
[25.049s][info ][gc,cpu         ] GC(44) User=0.23s Sys=0.04s Real=0.06s
[25.049s][info ][safepoint      ] Safepoint "ParallelGCFailedAllocation", Time since last: 413746217 ns, Reaching safepoint: 226904 ns, At safepoint: 59187247 ns, Total: 59414151 ns
[25.524s][info ][gc,start       ] GC(45) Pause Young (Allocation Failure)
[25.562s][debug][gc,phases      ] GC(45) Scavenge 37.873ms
[25.562s][debug][gc,ref         ] GC(45) Skipped phase 1 of Reference Processing: no references
[25.563s][debug][gc,ref         ] GC(45) Skipped phase 3 of Reference Processing: no references
[25.563s][debug][gc,phases      ] GC(45) Reference Processing 0.117ms
[25.564s][debug][gc,phases      ] GC(45) Weak Processing 1.262ms
[25.564s][debug][gc,age         ] GC(45) Desired survivor size 135790592 bytes, new threshold 15 (max threshold 15)
[25.564s][info ][gc,heap        ] GC(45) PSYoungGen: 1915192K(1964544K)->71199K(1961984K) Eden: 1829376K(1829376K)->0K(1829376K) From: 85816K(135168K)->71199K(132608K)
[25.564s][info ][gc,heap        ] GC(45) ParOldGen: 266706K(307712K)->282140K(307712K)
[25.564s][info ][gc,metaspace   ] GC(45) Metaspace: 71290K(71872K)->71290K(71872K) NonClass: 61211K(61504K)->61211K(61504K) Class: 10079K(10368K)->10079K(10368K)
[25.564s][info ][gc             ] GC(45) Pause Young (Allocation Failure) 2130M->345M(2216M) 39.481ms
[25.564s][info ][gc,cpu         ] GC(45) User=0.11s Sys=0.04s Real=0.04s
[25.564s][info ][safepoint      ] Safepoint "ParallelGCFailedAllocation", Time since last: 474908006 ns, Reaching safepoint: 391908 ns, At safepoint: 39657335 ns, Total: 40049243 ns
[25.785s][info ][safepoint      ] Safepoint "ICBufferFull", Time since last: 218108596 ns, Reaching safepoint: 2572154 ns, At safepoint: 35000 ns, Total: 2607154 ns
[26.073s][info ][gc,start       ] GC(46) Pause Young (Allocation Failure)
[26.116s][debug][gc,phases      ] GC(46) Scavenge 43.009ms
[26.116s][debug][gc,ref         ] GC(46) Skipped phase 1 of Reference Processing: no references
[26.116s][debug][gc,ref         ] GC(46) Skipped phase 3 of Reference Processing: no references
[26.116s][debug][gc,phases      ] GC(46) Reference Processing 0.149ms
[26.118s][debug][gc,phases      ] GC(46) Weak Processing 1.351ms
[26.118s][debug][gc,age         ] GC(46) Desired survivor size 134217728 bytes, new threshold 15 (max threshold 15)
[26.118s][info ][gc,heap        ] GC(46) PSYoungGen: 1900575K(1961984K)->74518K(1966080K) Eden: 1829376K(1829376K)->0K(1833472K) From: 71199K(132608K)->74518K(132608K)
[26.118s][info ][gc,heap        ] GC(46) ParOldGen: 282140K(307712K)->306801K(307712K)
[26.118s][info ][gc,metaspace   ] GC(46) Metaspace: 71922K(72512K)->71922K(72512K) NonClass: 61750K(62080K)->61750K(62080K) Class: 10172K(10432K)->10172K(10432K)
[26.118s][info ][gc             ] GC(46) Pause Young (Allocation Failure) 2131M->372M(2220M) 44.761ms
[26.118s][info ][gc,cpu         ] GC(46) User=0.19s Sys=0.01s Real=0.05s
[26.118s][debug][gc,phases      ] GC(47) Pre Compact 0.017ms
[26.118s][info ][gc,start       ] GC(47) Pause Full (Ergonomics)
[26.118s][info ][gc,phases,start] GC(47) Marking Phase
[26.285s][debug][gc,phases      ] GC(47) Par Mark 166.873ms
[26.285s][debug][gc,ref         ] GC(47) Skipped phase 1 of Reference Processing: no references
[26.286s][debug][gc,ref         ] GC(47) Skipped phase 3 of Reference Processing: no references
[26.286s][debug][gc,phases      ] GC(47) Reference Processing 1.085ms
[26.287s][debug][gc,phases      ] GC(47) Weak Processing 1.304ms
[26.287s][debug][gc,phases      ] GC(47) ClassLoaderData 0.117ms
[26.287s][debug][gc,phases      ] GC(47) Trigger cleanups 0.000ms
[26.308s][debug][gc,phases      ] GC(47) Class Unloading 21.078ms
[26.308s][info ][gc,phases      ] GC(47) Marking Phase 190.602ms
[26.308s][info ][gc,phases,start] GC(47) Summary Phase
[26.309s][info ][gc,phases      ] GC(47) Summary Phase 0.061ms
[26.309s][info ][gc,phases,start] GC(47) Adjust Roots
[26.325s][info ][gc,phases      ] GC(47) Adjust Roots 16.746ms
[26.325s][info ][gc,phases,start] GC(47) Compaction Phase
[26.410s][info ][gc,phases      ] GC(47) Compaction Phase 84.925ms
[26.410s][info ][gc,phases,start] GC(47) Post Compact
[26.413s][info ][gc,phases      ] GC(47) Post Compact 2.627ms
[26.413s][info ][gc,heap        ] GC(47) PSYoungGen: 74518K(1966080K)->0K(1964544K) Eden: 0K(1833472K)->0K(1833472K) From: 74518K(132608K)->0K(131072K)
[26.413s][info ][gc,heap        ] GC(47) ParOldGen: 306801K(307712K)->289556K(349696K)
[26.413s][info ][gc,metaspace   ] GC(47) Metaspace: 71922K(72512K)->71922K(72512K) NonClass: 61750K(62080K)->61750K(62080K) Class: 10172K(10432K)->10172K(10432K)
[26.413s][info ][gc             ] GC(47) Pause Full (Ergonomics) 372M->282M(2260M) 295.399ms
[26.413s][info ][gc,cpu         ] GC(47) User=1.04s Sys=0.00s Real=0.29s
[26.413s][info ][safepoint      ] Safepoint "ParallelGCFailedAllocation", Time since last: 284738899 ns, Reaching safepoint: 3414972 ns, At safepoint: 340478373 ns, Total: 343893345 ns
[26.755s][info ][safepoint      ] Safepoint "ICBufferFull", Time since last: 341477194 ns, Reaching safepoint: 335307 ns, At safepoint: 51001 ns, Total: 386308 ns
[26.765s][info ][safepoint      ] Safepoint "ICBufferFull", Time since last: 9502701 ns, Reaching safepoint: 125602 ns, At safepoint: 21701 ns, Total: 147303 ns
[26.833s][info ][gc,start       ] GC(48) Pause Young (Allocation Failure)
[26.849s][debug][gc,phases      ] GC(48) Scavenge 16.142ms
[26.849s][debug][gc,ref         ] GC(48) Skipped phase 1 of Reference Processing: no references
[26.849s][debug][gc,ref         ] GC(48) Skipped phase 3 of Reference Processing: no references
[26.849s][debug][gc,phases      ] GC(48) Reference Processing 0.057ms
[26.850s][debug][gc,phases      ] GC(48) Weak Processing 1.048ms
[26.850s][debug][gc,age         ] GC(48) Desired survivor size 143130624 bytes, new threshold 15 (max threshold 15)
[26.850s][info ][gc,heap        ] GC(48) PSYoungGen: 1833472K(1964544K)->13792K(1948672K) Eden: 1833472K(1833472K)->0K(1817600K) From: 0K(131072K)->13792K(131072K)
[26.850s][info ][gc,heap        ] GC(48) ParOldGen: 289556K(349696K)->289556K(349696K)
[26.850s][info ][gc,metaspace   ] GC(48) Metaspace: 72267K(72832K)->72267K(72832K) NonClass: 62039K(62336K)->62039K(62336K) Class: 10227K(10496K)->10227K(10496K)
[26.850s][info ][gc             ] GC(48) Pause Young (Allocation Failure) 2073M->296M(2244M) 17.492ms
[26.850s][info ][gc,cpu         ] GC(48) User=0.07s Sys=0.00s Real=0.02s
[26.850s][info ][safepoint      ] Safepoint "ParallelGCFailedAllocation", Time since last: 67331618 ns, Reaching safepoint: 352208 ns, At safepoint: 17666772 ns, Total: 18018980 ns
[27.257s][info ][gc,start       ] GC(49) Pause Young (Allocation Failure)
[27.269s][debug][gc,phases      ] GC(49) Scavenge 11.554ms
[27.269s][debug][gc,ref         ] GC(49) Skipped phase 1 of Reference Processing: no references
[27.269s][debug][gc,ref         ] GC(49) Skipped phase 3 of Reference Processing: no references
[27.269s][debug][gc,phases      ] GC(49) Reference Processing 0.085ms
[27.270s][debug][gc,phases      ] GC(49) Weak Processing 0.967ms
[27.270s][debug][gc,age         ] GC(49) Desired survivor size 147849216 bytes, new threshold 15 (max threshold 15)
[27.270s][info ][gc,heap        ] GC(49) PSYoungGen: 1831392K(1948672K)->21232K(1839104K) Eden: 1817600K(1817600K)->0K(1817600K) From: 13792K(131072K)->21232K(21504K)
[27.270s][info ][gc,heap        ] GC(49) ParOldGen: 289556K(349696K)->289564K(349696K)
[27.270s][info ][gc,metaspace   ] GC(49) Metaspace: 72350K(72896K)->72350K(72896K) NonClass: 62114K(62400K)->62114K(62400K) Class: 10236K(10496K)->10236K(10496K)
[27.270s][info ][gc             ] GC(49) Pause Young (Allocation Failure) 2071M->303M(2137M) 12.885ms
[27.270s][info ][gc,cpu         ] GC(49) User=0.05s Sys=0.00s Real=0.01s
[27.270s][info ][safepoint      ] Safepoint "ParallelGCFailedAllocation", Time since last: 406446463 ns, Reaching safepoint: 261205 ns, At safepoint: 13079376 ns, Total: 13340581 ns
[27.755s][info ][gc,start       ] GC(50) Pause Young (Allocation Failure)
[27.773s][debug][gc,phases      ] GC(50) Scavenge 17.173ms
[27.773s][debug][gc,ref         ] GC(50) Skipped phase 1 of Reference Processing: no references
[27.773s][debug][gc,ref         ] GC(50) Skipped phase 3 of Reference Processing: no references
[27.773s][debug][gc,phases      ] GC(50) Reference Processing 0.154ms
[27.774s][debug][gc,phases      ] GC(50) Weak Processing 1.040ms
[27.774s][debug][gc,age         ] GC(50) Desired survivor size 148373504 bytes, new threshold 15 (max threshold 15)
[27.774s][info ][gc,heap        ] GC(50) PSYoungGen: 1838832K(1839104K)->34304K(1951744K) Eden: 1817600K(1817600K)->0K(1807360K) From: 21232K(21504K)->34304K(144384K)
[27.774s][info ][gc,heap        ] GC(50) ParOldGen: 289564K(349696K)->289572K(349696K)
[27.774s][info ][gc,metaspace   ] GC(50) Metaspace: 72388K(72960K)->72388K(72960K) NonClass: 62151K(62464K)->62151K(62464K) Class: 10236K(10496K)->10236K(10496K)
[27.774s][info ][gc             ] GC(50) Pause Young (Allocation Failure) 2078M->316M(2247M) 18.580ms
[27.774s][info ][gc,cpu         ] GC(50) User=0.07s Sys=0.00s Real=0.02s
[27.774s][info ][safepoint      ] Safepoint "ParallelGCFailedAllocation", Time since last: 482989375 ns, Reaching safepoint: 2285048 ns, At safepoint: 18741695 ns, Total: 21026743 ns
[28.246s][info ][gc,start       ] GC(51) Pause Young (Allocation Failure)
[28.261s][debug][gc,phases      ] GC(51) Scavenge 14.893ms
[28.261s][debug][gc,ref         ] GC(51) Skipped phase 1 of Reference Processing: no references
[28.261s][debug][gc,ref         ] GC(51) Skipped phase 3 of Reference Processing: no references
[28.261s][debug][gc,phases      ] GC(51) Reference Processing 0.056ms
[28.262s][debug][gc,phases      ] GC(51) Weak Processing 1.099ms
[28.262s][debug][gc,age         ] GC(51) Desired survivor size 146276352 bytes, new threshold 15 (max threshold 15)
[28.262s][info ][gc,heap        ] GC(51) PSYoungGen: 1841664K(1951744K)->39568K(1952256K) Eden: 1807360K(1807360K)->0K(1807360K) From: 34304K(144384K)->39568K(144896K)
[28.262s][info ][gc,heap        ] GC(51) ParOldGen: 289572K(349696K)->289572K(349696K)
[28.262s][info ][gc,metaspace   ] GC(51) Metaspace: 72494K(73088K)->72494K(73088K) NonClass: 62251K(62528K)->62251K(62528K) Class: 10243K(10560K)->10243K(10560K)
[28.262s][info ][gc             ] GC(51) Pause Young (Allocation Failure) 2081M->321M(2248M) 16.275ms
[28.262s][info ][gc,cpu         ] GC(51) User=0.07s Sys=0.00s Real=0.01s
[28.262s][info ][safepoint      ] Safepoint "ParallelGCFailedAllocation", Time since last: 471538734 ns, Reaching safepoint: 392308 ns, At safepoint: 16463047 ns, Total: 16855355 ns
[28.412s][info ][safepoint      ] Safepoint "ICBufferFull", Time since last: 149123741 ns, Reaching safepoint: 527711 ns, At safepoint: 30001 ns, Total: 557712 ns
[28.504s][info ][safepoint      ] Safepoint "ICBufferFull", Time since last: 91592630 ns, Reaching safepoint: 196104 ns, At safepoint: 27500 ns, Total: 223604 ns
[28.514s][info ][safepoint      ] Safepoint "ICBufferFull", Time since last: 9420899 ns, Reaching safepoint: 130302 ns, At safepoint: 28601 ns, Total: 158903 ns
[28.547s][info ][safepoint      ] Safepoint "ICBufferFull", Time since last: 32929894 ns, Reaching safepoint: 282406 ns, At safepoint: 26400 ns, Total: 308806 ns
[28.588s][info ][safepoint      ] Safepoint "ICBufferFull", Time since last: 41313471 ns, Reaching safepoint: 243805 ns, At safepoint: 31800 ns, Total: 275605 ns
[28.592s][info ][safepoint      ] Safepoint "ICBufferFull", Time since last: 3802181 ns, Reaching safepoint: 258005 ns, At safepoint: 25300 ns, Total: 283305 ns
[28.657s][info ][safepoint      ] Safepoint "ICBufferFull", Time since last: 64819566 ns, Reaching safepoint: 181904 ns, At safepoint: 23600 ns, Total: 205504 ns
[28.696s][info ][safepoint      ] Safepoint "ICBufferFull", Time since last: 38299907 ns, Reaching safepoint: 194804 ns, At safepoint: 37901 ns, Total: 232705 ns
[28.749s][info ][safepoint      ] Safepoint "ICBufferFull", Time since last: 52439605 ns, Reaching safepoint: 125102 ns, At safepoint: 28301 ns, Total: 153403 ns
[28.759s][info ][safepoint      ] Safepoint "ICBufferFull", Time since last: 9882608 ns, Reaching safepoint: 130903 ns, At safepoint: 22600 ns, Total: 153503 ns
[28.773s][info ][gc,start       ] GC(52) Pause Young (Allocation Failure)
[28.788s][debug][gc,phases      ] GC(52) Scavenge 15.821ms
[28.789s][debug][gc,ref         ] GC(52) Skipped phase 1 of Reference Processing: no references
[28.789s][debug][gc,ref         ] GC(52) Skipped phase 3 of Reference Processing: no references
[28.789s][debug][gc,phases      ] GC(52) Reference Processing 0.061ms
[28.790s][debug][gc,phases      ] GC(52) Weak Processing 1.068ms
[28.790s][debug][gc,age         ] GC(52) Desired survivor size 144179200 bytes, new threshold 15 (max threshold 15)
[28.790s][info ][gc,heap        ] GC(52) PSYoungGen: 1846928K(1952256K)->37120K(1956352K) Eden: 1807360K(1807360K)->0K(1813504K) From: 39568K(144896K)->37120K(142848K)
[28.790s][info ][gc,heap        ] GC(52) ParOldGen: 289572K(349696K)->289580K(349696K)
[28.790s][info ][gc,metaspace   ] GC(52) Metaspace: 72888K(73472K)->72888K(73472K) NonClass: 62602K(62912K)->62602K(62912K) Class: 10286K(10560K)->10286K(10560K)
[28.790s][info ][gc             ] GC(52) Pause Young (Allocation Failure) 2086M->319M(2252M) 17.205ms
[28.790s][info ][gc,cpu         ] GC(52) User=0.06s Sys=0.00s Real=0.02s
[28.790s][info ][safepoint      ] Safepoint "ParallelGCFailedAllocation", Time since last: 12727869 ns, Reaching safepoint: 1137624 ns, At safepoint: 17384066 ns, Total: 18521690 ns
[28.809s][info ][safepoint      ] Safepoint "ICBufferFull", Time since last: 18708794 ns, Reaching safepoint: 178104 ns, At safepoint: 25300 ns, Total: 203404 ns
[28.889s][info ][safepoint      ] Safepoint "ICBufferFull", Time since last: 79738280 ns, Reaching safepoint: 206404 ns, At safepoint: 26701 ns, Total: 233105 ns
[28.910s][info ][safepoint      ] Safepoint "ICBufferFull", Time since last: 16710152 ns, Reaching safepoint: 4303891 ns, At safepoint: 31100 ns, Total: 4334991 ns
[28.953s][info ][safepoint      ] Safepoint "ICBufferFull", Time since last: 42911404 ns, Reaching safepoint: 162104 ns, At safepoint: 28900 ns, Total: 191004 ns
[28.970s][info ][safepoint      ] Safepoint "ICBufferFull", Time since last: 16975658 ns, Reaching safepoint: 365308 ns, At safepoint: 35400 ns, Total: 400708 ns
[29.014s][info ][safepoint      ] Safepoint "ICBufferFull", Time since last: 37445889 ns, Reaching safepoint: 6439636 ns, At safepoint: 40601 ns, Total: 6480237 ns
[29.293s][info ][gc,start       ] GC(53) Pause Young (Allocation Failure)
[29.308s][debug][gc,phases      ] GC(53) Scavenge 14.200ms
[29.308s][debug][gc,ref         ] GC(53) Skipped phase 1 of Reference Processing: no references
[29.308s][debug][gc,ref         ] GC(53) Skipped phase 3 of Reference Processing: no references
[29.308s][debug][gc,phases      ] GC(53) Reference Processing 0.050ms
[29.309s][debug][gc,phases      ] GC(53) Weak Processing 1.114ms
[29.309s][debug][gc,age         ] GC(53) Desired survivor size 141557760 bytes, new threshold 15 (max threshold 15)
[29.309s][info ][gc,heap        ] GC(53) PSYoungGen: 1850624K(1956352K)->36800K(1954304K) Eden: 1813504K(1813504K)->0K(1813504K) From: 37120K(142848K)->36800K(140800K)
[29.309s][info ][gc,heap        ] GC(53) ParOldGen: 289580K(349696K)->289588K(349696K)
[29.309s][info ][gc,metaspace   ] GC(53) Metaspace: 72985K(73600K)->72985K(73600K) NonClass: 62698K(63040K)->62698K(63040K) Class: 10287K(10560K)->10287K(10560K)
[29.309s][info ][gc             ] GC(53) Pause Young (Allocation Failure) 2090M->318M(2250M) 15.636ms
[29.309s][info ][gc,cpu         ] GC(53) User=0.07s Sys=0.00s Real=0.02s
[29.309s][info ][safepoint      ] Safepoint "ParallelGCFailedAllocation", Time since last: 277705150 ns, Reaching safepoint: 1304828 ns, At safepoint: 15820933 ns, Total: 17125761 ns
[29.316s][info ][safepoint      ] Safepoint "ICBufferFull", Time since last: 6604039 ns, Reaching safepoint: 421509 ns, At safepoint: 25600 ns, Total: 447109 ns
[29.404s][info ][safepoint      ] Safepoint "ICBufferFull", Time since last: 88008054 ns, Reaching safepoint: 154104 ns, At safepoint: 23000 ns, Total: 177104 ns
[29.445s][info ][safepoint      ] Safepoint "ICBufferFull", Time since last: 40752659 ns, Reaching safepoint: 105002 ns, At safepoint: 20600 ns, Total: 125602 ns
[29.453s][info ][safepoint      ] Safepoint "ICBufferFull", Time since last: 7840465 ns, Reaching safepoint: 147104 ns, At safepoint: 26700 ns, Total: 173804 ns
[29.473s][info ][safepoint      ] Safepoint "ICBufferFull", Time since last: 20091323 ns, Reaching safepoint: 151804 ns, At safepoint: 40100 ns, Total: 191904 ns
[29.550s][info ][safepoint      ] Safepoint "ICBufferFull", Time since last: 76794618 ns, Reaching safepoint: 162004 ns, At safepoint: 28000 ns, Total: 190004 ns
[29.613s][info ][safepoint      ] Safepoint "ICBufferFull", Time since last: 61957205 ns, Reaching safepoint: 152004 ns, At safepoint: 28800 ns, Total: 180804 ns
[29.641s][info ][safepoint      ] Safepoint "ICBufferFull", Time since last: 28068592 ns, Reaching safepoint: 129902 ns, At safepoint: 30601 ns, Total: 160503 ns
[29.922s][info ][gc,start       ] GC(54) Pause Young (Allocation Failure)
[29.938s][debug][gc,phases      ] GC(54) Scavenge 15.330ms
[29.938s][debug][gc,ref         ] GC(54) Skipped phase 1 of Reference Processing: no references
[29.938s][debug][gc,ref         ] GC(54) Skipped phase 3 of Reference Processing: no references
[29.938s][debug][gc,phases      ] GC(54) Reference Processing 0.066ms
[29.939s][debug][gc,phases      ] GC(54) Weak Processing 1.316ms
[29.939s][debug][gc,age         ] GC(54) Desired survivor size 138412032 bytes, new threshold 15 (max threshold 15)
[29.939s][info ][gc,heap        ] GC(54) PSYoungGen: 1850304K(1954304K)->34800K(1961984K) Eden: 1813504K(1813504K)->0K(1823744K) From: 36800K(140800K)->34800K(138240K)
[29.939s][info ][gc,heap        ] GC(54) ParOldGen: 289588K(349696K)->289596K(349696K)
[29.939s][info ][gc,metaspace   ] GC(54) Metaspace: 73089K(73664K)->73089K(73664K) NonClass: 62800K(63104K)->62800K(63104K) Class: 10288K(10560K)->10288K(10560K)
[29.939s][info ][gc             ] GC(54) Pause Young (Allocation Failure) 2089M->316M(2257M) 16.912ms
[29.939s][info ][gc,cpu         ] GC(54) User=0.06s Sys=0.00s Real=0.02s
[29.939s][info ][safepoint      ] Safepoint "ParallelGCFailedAllocation", Time since last: 280264804 ns, Reaching safepoint: 991421 ns, At safepoint: 17090460 ns, Total: 18081881 ns
[29.955s][info ][safepoint      ] Safepoint "ICBufferFull", Time since last: 15600829 ns, Reaching safepoint: 241505 ns, At safepoint: 38801 ns, Total: 280306 ns
[29.986s][info ][safepoint      ] Safepoint "ICBufferFull", Time since last: 31176356 ns, Reaching safepoint: 211305 ns, At safepoint: 25200 ns, Total: 236505 ns
[30.020s][info ][safepoint      ] Safepoint "ICBufferFull", Time since last: 33424904 ns, Reaching safepoint: 198705 ns, At safepoint: 32700 ns, Total: 231405 ns
[30.097s][info ][safepoint      ] Safepoint "ICBufferFull", Time since last: 76858619 ns, Reaching safepoint: 206505 ns, At safepoint: 35001 ns, Total: 241506 ns
[30.149s][info ][safepoint      ] Safepoint "ICBufferFull", Time since last: 51610087 ns, Reaching safepoint: 200804 ns, At safepoint: 36101 ns, Total: 236905 ns
[30.163s][info ][safepoint      ] Safepoint "ICBufferFull", Time since last: 13872892 ns, Reaching safepoint: 203404 ns, At safepoint: 26201 ns, Total: 229605 ns
[30.168s][info ][safepoint      ] Safepoint "ICBufferFull", Time since last: 4243289 ns, Reaching safepoint: 138803 ns, At safepoint: 23301 ns, Total: 162104 ns
[30.169s][info ][safepoint      ] Safepoint "ICBufferFull", Time since last: 1181525 ns, Reaching safepoint: 101702 ns, At safepoint: 20900 ns, Total: 122602 ns
[30.170s][info ][safepoint      ] Safepoint "ICBufferFull", Time since last: 925020 ns, Reaching safepoint: 109802 ns, At safepoint: 19400 ns, Total: 129202 ns
[30.203s][info ][safepoint      ] Safepoint "ICBufferFull", Time since last: 33183899 ns, Reaching safepoint: 318407 ns, At safepoint: 31501 ns, Total: 349908 ns
[30.205s][info ][safepoint      ] Safepoint "ICBufferFull", Time since last: 942020 ns, Reaching safepoint: 335907 ns, At safepoint: 28100 ns, Total: 364007 ns
[30.206s][info ][safepoint      ] Safepoint "ICBufferFull", Time since last: 640514 ns, Reaching safepoint: 262105 ns, At safepoint: 23501 ns, Total: 285606 ns
[30.212s][info ][safepoint      ] Safepoint "ICBufferFull", Time since last: 6038927 ns, Reaching safepoint: 126203 ns, At safepoint: 27900 ns, Total: 154103 ns
[30.213s][info ][safepoint      ] Safepoint "ICBufferFull", Time since last: 999621 ns, Reaching safepoint: 85602 ns, At safepoint: 24401 ns, Total: 110003 ns
[30.221s][info ][safepoint      ] Safepoint "ICBufferFull", Time since last: 1967541 ns, Reaching safepoint: 6369734 ns, At safepoint: 35401 ns, Total: 6405135 ns
[30.224s][info ][safepoint      ] Safepoint "ICBufferFull", Time since last: 2711157 ns, Reaching safepoint: 111202 ns, At safepoint: 26701 ns, Total: 137903 ns
[30.225s][info ][safepoint      ] Safepoint "ICBufferFull", Time since last: 1085123 ns, Reaching safepoint: 111402 ns, At safepoint: 27601 ns, Total: 139003 ns
[30.228s][info ][safepoint      ] Safepoint "ICBufferFull", Time since last: 2834160 ns, Reaching safepoint: 98102 ns, At safepoint: 25600 ns, Total: 123702 ns
[30.245s][info ][safepoint      ] Safepoint "ICBufferFull", Time since last: 16348445 ns, Reaching safepoint: 134202 ns, At safepoint: 22201 ns, Total: 156403 ns
[30.246s][info ][safepoint      ] Safepoint "ICBufferFull", Time since last: 1279627 ns, Reaching safepoint: 106702 ns, At safepoint: 24301 ns, Total: 131003 ns
[30.247s][info ][safepoint      ] Safepoint "ICBufferFull", Time since last: 998221 ns, Reaching safepoint: 112202 ns, At safepoint: 22300 ns, Total: 134502 ns
[30.411s][info ][gc,start       ] GC(55) Pause Young (Allocation Failure)
[30.440s][debug][gc,phases      ] GC(55) Scavenge 17.522ms
[30.440s][debug][gc,ref         ] GC(55) Skipped phase 1 of Reference Processing: no references
[30.440s][debug][gc,ref         ] GC(55) Skipped phase 3 of Reference Processing: no references
[30.440s][debug][gc,phases      ] GC(55) Reference Processing 0.089ms
[30.441s][debug][gc,phases      ] GC(55) Weak Processing 1.242ms
[30.441s][debug][gc,age         ] GC(55) Desired survivor size 134742016 bytes, new threshold 15 (max threshold 15)
[30.441s][info ][gc,heap        ] GC(55) PSYoungGen: 1858544K(1961984K)->38529K(1958912K) Eden: 1823744K(1823744K)->0K(1823744K) From: 34800K(138240K)->38529K(135168K)
[30.441s][info ][gc,heap        ] GC(55) ParOldGen: 289596K(349696K)->289604K(349696K)
[30.441s][info ][gc,metaspace   ] GC(55) Metaspace: 73402K(74048K)->73402K(74048K) NonClass: 63085K(63424K)->63085K(63424K) Class: 10317K(10624K)->10317K(10624K)
[30.441s][info ][gc             ] GC(55) Pause Young (Allocation Failure) 2097M->320M(2254M) 30.372ms
[30.441s][info ][gc,cpu         ] GC(55) User=0.07s Sys=0.00s Real=0.03s
[30.441s][info ][safepoint      ] Safepoint "ParallelGCFailedAllocation", Time since last: 163162438 ns, Reaching safepoint: 236105 ns, At safepoint: 30545443 ns, Total: 30781548 ns
[30.780s][info ][safepoint      ] Safepoint "ICBufferFull", Time since last: 338198825 ns, Reaching safepoint: 567011 ns, At safepoint: 57402 ns, Total: 624413 ns
[30.973s][info ][safepoint      ] Safepoint "ParallelGCFailedAllocation", Time since last: 192511655 ns, Reaching safepoint: 411509 ns, At safepoint: 25400 ns, Total: 436909 ns
[30.977s][info ][gc,start       ] GC(56) Pause Young (GCLocker Initiated GC)
[30.997s][debug][gc,phases      ] GC(56) Scavenge 20.418ms
[30.997s][debug][gc,ref         ] GC(56) Skipped phase 1 of Reference Processing: no references
[30.997s][debug][gc,ref         ] GC(56) Skipped phase 3 of Reference Processing: no references
[30.998s][debug][gc,phases      ] GC(56) Reference Processing 0.070ms
[30.999s][debug][gc,phases      ] GC(56) Weak Processing 0.986ms
[30.999s][debug][gc,age         ] GC(56) Desired survivor size 129499136 bytes, new threshold 15 (max threshold 15)
[30.999s][info ][gc,heap        ] GC(56) PSYoungGen: 1862273K(1958912K)->43332K(1970688K) Eden: 1823744K(1823744K)->0K(1839104K) From: 38529K(135168K)->43332K(131584K)
[30.999s][info ][gc,heap        ] GC(56) ParOldGen: 289604K(349696K)->289612K(349696K)
[30.999s][info ][gc,metaspace   ] GC(56) Metaspace: 73690K(74304K)->73690K(74304K) NonClass: 63341K(63680K)->63341K(63680K) Class: 10348K(10624K)->10348K(10624K)
[30.999s][info ][gc             ] GC(56) Pause Young (GCLocker Initiated GC) 2101M->325M(2266M) 21.640ms
[30.999s][info ][gc,cpu         ] GC(56) User=0.07s Sys=0.00s Real=0.02s
[30.999s][info ][safepoint      ] Safepoint "ParallelGCSystemGC", Time since last: 3602376 ns, Reaching safepoint: 106202 ns, At safepoint: 21793660 ns, Total: 21899862 ns
[31.282s][info ][safepoint      ] Safepoint "ICBufferFull", Time since last: 275541804 ns, Reaching safepoint: 7694462 ns, At safepoint: 37201 ns, Total: 7731663 ns
[31.584s][info ][safepoint      ] Safepoint "ICBufferFull", Time since last: 301653155 ns, Reaching safepoint: 293406 ns, At safepoint: 26600 ns, Total: 320006 ns
[31.587s][info ][gc,start       ] GC(57) Pause Young (Allocation Failure)
[31.605s][debug][gc,phases      ] GC(57) Scavenge 17.976ms
[31.605s][debug][gc,ref         ] GC(57) Skipped phase 1 of Reference Processing: no references
[31.605s][debug][gc,ref         ] GC(57) Skipped phase 3 of Reference Processing: no references
[31.605s][debug][gc,phases      ] GC(57) Reference Processing 0.112ms
[31.607s][debug][gc,phases      ] GC(57) Weak Processing 1.295ms
[31.607s][debug][gc,age         ] GC(57) Desired survivor size 124780544 bytes, new threshold 15 (max threshold 15)
[31.607s][info ][gc,heap        ] GC(57) PSYoungGen: 1882436K(1970688K)->43604K(1965568K) Eden: 1839104K(1839104K)->0K(1839104K) From: 43332K(131584K)->43604K(126464K)
[31.607s][info ][gc,heap        ] GC(57) ParOldGen: 289614K(349696K)->289622K(349696K)
[31.607s][info ][gc,metaspace   ] GC(57) Metaspace: 74033K(74688K)->74033K(74688K) NonClass: 63669K(64000K)->63669K(64000K) Class: 10364K(10688K)->10364K(10688K)
[31.607s][info ][gc             ] GC(57) Pause Young (Allocation Failure) 2121M->325M(2261M) 19.644ms
[31.607s][info ][gc,cpu         ] GC(57) User=0.06s Sys=0.00s Real=0.02s
[31.607s][info ][safepoint      ] Safepoint "ParallelGCFailedAllocation", Time since last: 3000763 ns, Reaching safepoint: 91402 ns, At safepoint: 19806018 ns, Total: 19897420 ns
[31.923s][info ][safepoint      ] Safepoint "ICBufferFull", Time since last: 313959113 ns, Reaching safepoint: 2297949 ns, At safepoint: 39301 ns, Total: 2337250 ns
[32.123s][info ][gc,start       ] GC(58) Pause Young (Allocation Failure)
[32.141s][debug][gc,phases      ] GC(58) Scavenge 17.103ms
[32.141s][debug][gc,ref         ] GC(58) Skipped phase 1 of Reference Processing: no references
[32.141s][debug][gc,ref         ] GC(58) Skipped phase 3 of Reference Processing: no references
[32.141s][debug][gc,phases      ] GC(58) Reference Processing 0.081ms
[32.142s][debug][gc,phases      ] GC(58) Weak Processing 1.040ms
[32.142s][debug][gc,age         ] GC(58) Desired survivor size 120061952 bytes, new threshold 15 (max threshold 15)
[32.142s][info ][gc,heap        ] GC(58) PSYoungGen: 1882708K(1965568K)->42228K(1979904K) Eden: 1839104K(1839104K)->0K(1858048K) From: 43604K(126464K)->42228K(121856K)
[32.142s][info ][gc,heap        ] GC(58) ParOldGen: 289622K(349696K)->289630K(349696K)
[32.142s][info ][gc,metaspace   ] GC(58) Metaspace: 74133K(74752K)->74133K(74752K) NonClass: 63768K(64064K)->63768K(64064K) Class: 10364K(10688K)->10364K(10688K)
[32.142s][info ][gc             ] GC(58) Pause Young (Allocation Failure) 2121M->324M(2275M) 18.561ms
[32.142s][info ][gc,cpu         ] GC(58) User=0.07s Sys=0.00s Real=0.02s
[32.142s][info ][safepoint      ] Safepoint "ParallelGCFailedAllocation", Time since last: 198994392 ns, Reaching safepoint: 1219825 ns, At safepoint: 18746995 ns, Total: 19966820 ns
[32.305s][info ][safepoint      ] Safepoint "ICBufferFull", Time since last: 159948870 ns, Reaching safepoint: 3297769 ns, At safepoint: 28601 ns, Total: 3326370 ns
[32.601s][info ][safepoint      ] Safepoint "ICBufferFull", Time since last: 295822831 ns, Reaching safepoint: 284906 ns, At safepoint: 26301 ns, Total: 311207 ns
[32.722s][info ][gc,start       ] GC(59) Pause Young (Allocation Failure)
[32.758s][debug][gc,phases      ] GC(59) Scavenge 35.763ms
[32.758s][debug][gc,ref         ] GC(59) Skipped phase 1 of Reference Processing: no references
[32.758s][debug][gc,ref         ] GC(59) Skipped phase 3 of Reference Processing: no references
[32.758s][debug][gc,phases      ] GC(59) Reference Processing 0.087ms
[32.759s][debug][gc,phases      ] GC(59) Weak Processing 1.168ms
[32.759s][debug][gc,age         ] GC(59) Desired survivor size 113770496 bytes, new threshold 15 (max threshold 15)
[32.760s][info ][gc,heap        ] GC(59) PSYoungGen: 1900276K(1979904K)->51828K(1975296K) Eden: 1858048K(1858048K)->0K(1858048K) From: 42228K(121856K)->51828K(117248K)
[32.760s][info ][gc,heap        ] GC(59) ParOldGen: 289630K(349696K)->289638K(349696K)
[32.760s][info ][gc,metaspace   ] GC(59) Metaspace: 74796K(75456K)->74796K(75456K) NonClass: 64358K(64704K)->64358K(64704K) Class: 10437K(10752K)->10437K(10752K)
[32.760s][info ][gc             ] GC(59) Pause Young (Allocation Failure) 2138M->333M(2270M) 37.280ms
[32.760s][info ][gc,cpu         ] GC(59) User=0.14s Sys=0.00s Real=0.04s
[32.760s][info ][safepoint      ] Safepoint "ParallelGCFailedAllocation", Time since last: 120538939 ns, Reaching safepoint: 190104 ns, At safepoint: 37464689 ns, Total: 37654793 ns
[33.106s][info ][safepoint      ] Safepoint "ICBufferFull", Time since last: 346494899 ns, Reaching safepoint: 264406 ns, At safepoint: 25800 ns, Total: 290206 ns
[33.221s][info ][gc,start       ] GC(60) Pause Young (Allocation Failure)
[33.249s][debug][gc,phases      ] GC(60) Scavenge 28.062ms
[33.249s][debug][gc,ref         ] GC(60) Skipped phase 1 of Reference Processing: no references
[33.249s][debug][gc,ref         ] GC(60) Skipped phase 3 of Reference Processing: no references
[33.249s][debug][gc,phases      ] GC(60) Reference Processing 0.077ms
[33.250s][debug][gc,phases      ] GC(60) Weak Processing 1.110ms
[33.250s][debug][gc,age         ] GC(60) Desired survivor size 108527616 bytes, new threshold 15 (max threshold 15)
[33.250s][info ][gc,heap        ] GC(60) PSYoungGen: 1909876K(1975296K)->50724K(1991168K) Eden: 1858048K(1858048K)->0K(1880064K) From: 51828K(117248K)->50724K(111104K)
[33.250s][info ][gc,heap        ] GC(60) ParOldGen: 289638K(349696K)->289638K(349696K)
[33.250s][info ][gc,metaspace   ] GC(60) Metaspace: 74859K(75456K)->74859K(75456K) NonClass: 64419K(64704K)->64419K(64704K) Class: 10440K(10752K)->10440K(10752K)
[33.250s][info ][gc             ] GC(60) Pause Young (Allocation Failure) 2147M->332M(2286M) 29.527ms
[33.250s][info ][gc,cpu         ] GC(60) User=0.11s Sys=0.00s Real=0.03s
[33.250s][info ][safepoint      ] Safepoint "ParallelGCFailedAllocation", Time since last: 113873999 ns, Reaching safepoint: 255806 ns, At safepoint: 29724426 ns, Total: 29980232 ns
[33.571s][info ][safepoint      ] Safepoint "ICBufferFull", Time since last: 319582132 ns, Reaching safepoint: 784416 ns, At safepoint: 29901 ns, Total: 814317 ns
[33.836s][info ][gc,start       ] GC(61) Pause Young (Allocation Failure)
[33.861s][debug][gc,phases      ] GC(61) Scavenge 25.337ms
[33.861s][debug][gc,ref         ] GC(61) Skipped phase 1 of Reference Processing: no references
[33.861s][debug][gc,ref         ] GC(61) Skipped phase 3 of Reference Processing: no references
[33.861s][debug][gc,phases      ] GC(61) Reference Processing 0.064ms
[33.862s][debug][gc,phases      ] GC(61) Weak Processing 1.069ms
[33.862s][debug][gc,age         ] GC(61) Desired survivor size 103284736 bytes, new threshold 15 (max threshold 15)
[33.862s][info ][gc,heap        ] GC(61) PSYoungGen: 1930788K(1991168K)->52631K(1986048K) Eden: 1880064K(1880064K)->0K(1880064K) From: 50724K(111104K)->52631K(105984K)
[33.862s][info ][gc,heap        ] GC(61) ParOldGen: 289638K(349696K)->289646K(349696K)
[33.862s][info ][gc,metaspace   ] GC(61) Metaspace: 75074K(75648K)->75074K(75648K) NonClass: 64617K(64896K)->64617K(64896K) Class: 10457K(10752K)->10457K(10752K)
[33.862s][info ][gc             ] GC(61) Pause Young (Allocation Failure) 2168M->334M(2281M) 26.715ms
[33.862s][info ][gc,cpu         ] GC(61) User=0.10s Sys=0.00s Real=0.03s
[33.862s][info ][safepoint      ] Safepoint "ParallelGCFailedAllocation", Time since last: 264230166 ns, Reaching safepoint: 530211 ns, At safepoint: 26899867 ns, Total: 27430078 ns
[34.135s][info ][safepoint      ] Safepoint "ICBufferFull", Time since last: 272332636 ns, Reaching safepoint: 442610 ns, At safepoint: 27800 ns, Total: 470410 ns
[34.350s][info ][gc,start       ] GC(62) Pause Young (Allocation Failure)
[34.378s][debug][gc,phases      ] GC(62) Scavenge 27.494ms
[34.378s][debug][gc,ref         ] GC(62) Skipped phase 1 of Reference Processing: no references
[34.378s][debug][gc,ref         ] GC(62) Skipped phase 3 of Reference Processing: no references
[34.378s][debug][gc,phases      ] GC(62) Reference Processing 0.066ms
[34.379s][debug][gc,phases      ] GC(62) Weak Processing 1.203ms
[34.379s][debug][gc,age         ] GC(62) Desired survivor size 98566144 bytes, new threshold 15 (max threshold 15)
[34.379s][info ][gc,heap        ] GC(62) PSYoungGen: 1932695K(1986048K)->50822K(2000896K) Eden: 1880064K(1880064K)->0K(1900032K) From: 52631K(105984K)->50822K(100864K)
[34.379s][info ][gc,heap        ] GC(62) ParOldGen: 289646K(349696K)->289654K(349696K)
[34.379s][info ][gc,metaspace   ] GC(62) Metaspace: 75154K(75776K)->75154K(75776K) NonClass: 64696K(65024K)->64696K(65024K) Class: 10457K(10752K)->10457K(10752K)
[34.379s][info ][gc             ] GC(62) Pause Young (Allocation Failure) 2170M->332M(2295M) 29.010ms
[34.379s][info ][gc,cpu         ] GC(62) User=0.10s Sys=0.00s Real=0.03s
[34.380s][info ][safepoint      ] Safepoint "ParallelGCFailedAllocation", Time since last: 214953928 ns, Reaching safepoint: 210405 ns, At safepoint: 29178514 ns, Total: 29388919 ns
[34.676s][info ][safepoint      ] Safepoint "ICBufferFull", Time since last: 296033436 ns, Reaching safepoint: 527011 ns, At safepoint: 27001 ns, Total: 554012 ns
[34.850s][info ][gc,start       ] GC(63) Pause Young (Allocation Failure)
[34.876s][debug][gc,phases      ] GC(63) Scavenge 25.908ms
[34.876s][debug][gc,ref         ] GC(63) Skipped phase 1 of Reference Processing: no references
[34.876s][debug][gc,ref         ] GC(63) Skipped phase 3 of Reference Processing: no references
[34.876s][debug][gc,phases      ] GC(63) Reference Processing 0.070ms
[34.878s][debug][gc,phases      ] GC(63) Weak Processing 1.389ms
[34.878s][debug][gc,age         ] GC(63) Desired survivor size 95944704 bytes, new threshold 15 (max threshold 15)
[34.878s][info ][gc,heap        ] GC(63) PSYoungGen: 1950854K(2000896K)->41894K(1996288K) Eden: 1900032K(1900032K)->0K(1900032K) From: 50822K(100864K)->41894K(96256K)
[34.878s][info ][gc,heap        ] GC(63) ParOldGen: 289654K(349696K)->299055K(349696K)
[34.878s][info ][gc,metaspace   ] GC(63) Metaspace: 75227K(75840K)->75227K(75840K) NonClass: 64769K(65088K)->64769K(65088K) Class: 10457K(10752K)->10457K(10752K)
[34.878s][info ][gc             ] GC(63) Pause Young (Allocation Failure) 2187M->332M(2291M) 27.675ms
[34.878s][info ][gc,cpu         ] GC(63) User=0.12s Sys=0.00s Real=0.03s
[34.878s][info ][safepoint      ] Safepoint "ParallelGCFailedAllocation", Time since last: 173771260 ns, Reaching safepoint: 198304 ns, At safepoint: 27861587 ns, Total: 28059891 ns
[35.038s][info ][safepoint      ] Safepoint "ICBufferFull", Time since last: 159562561 ns, Reaching safepoint: 495411 ns, At safepoint: 29801 ns, Total: 525212 ns
[35.318s][info ][safepoint      ] Safepoint "ICBufferFull", Time since last: 279548888 ns, Reaching safepoint: 215005 ns, At safepoint: 27200 ns, Total: 242205 ns
[35.390s][info ][gc,start       ] GC(64) Pause Young (Allocation Failure)
[35.411s][debug][gc,phases      ] GC(64) Scavenge 21.384ms
[35.411s][debug][gc,ref         ] GC(64) Skipped phase 1 of Reference Processing: no references
[35.411s][debug][gc,ref         ] GC(64) Skipped phase 3 of Reference Processing: no references
[35.411s][debug][gc,phases      ] GC(64) Reference Processing 0.050ms
[35.412s][debug][gc,phases      ] GC(64) Weak Processing 1.124ms
[35.412s][debug][gc,age         ] GC(64) Desired survivor size 93847552 bytes, new threshold 15 (max threshold 15)
[35.412s][info ][gc,heap        ] GC(64) PSYoungGen: 1941926K(1996288K)->39174K(2005504K) Eden: 1900032K(1900032K)->0K(1911808K) From: 41894K(96256K)->39174K(93696K)
[35.412s][info ][gc,heap        ] GC(64) ParOldGen: 299055K(349696K)->302564K(349696K)
[35.412s][info ][gc,metaspace   ] GC(64) Metaspace: 75321K(75968K)->75321K(75968K) NonClass: 64860K(65216K)->64860K(65216K) Class: 10460K(10752K)->10460K(10752K)
[35.412s][info ][gc             ] GC(64) Pause Young (Allocation Failure) 2188M->333M(2300M) 22.812ms
[35.412s][info ][gc,cpu         ] GC(64) User=0.08s Sys=0.00s Real=0.02s
[35.413s][info ][safepoint      ] Safepoint "ParallelGCFailedAllocation", Time since last: 71546207 ns, Reaching safepoint: 240105 ns, At safepoint: 22988285 ns, Total: 23228390 ns
[35.630s][info ][safepoint      ] Safepoint "ICBufferFull", Time since last: 216858068 ns, Reaching safepoint: 801916 ns, At safepoint: 23101 ns, Total: 825017 ns
[35.946s][info ][safepoint      ] Safepoint "ICBufferFull", Time since last: 315413644 ns, Reaching safepoint: 229205 ns, At safepoint: 32700 ns, Total: 261905 ns
[35.973s][info ][gc,start       ] GC(65) Pause Young (Allocation Failure)
[35.994s][debug][gc,phases      ] GC(65) Scavenge 21.232ms
[35.995s][debug][gc,ref         ] GC(65) Skipped phase 1 of Reference Processing: no references
[35.995s][debug][gc,ref         ] GC(65) Skipped phase 3 of Reference Processing: no references
[35.995s][debug][gc,phases      ] GC(65) Reference Processing 0.050ms
[35.996s][debug][gc,phases      ] GC(65) Weak Processing 1.160ms
[35.996s][debug][gc,age         ] GC(65) Desired survivor size 92798976 bytes, new threshold 15 (max threshold 15)
[35.996s][info ][gc,heap        ] GC(65) PSYoungGen: 1950982K(2005504K)->34662K(2003456K) Eden: 1911808K(1911808K)->0K(1911808K) From: 39174K(93696K)->34662K(91648K)
[35.996s][info ][gc,heap        ] GC(65) ParOldGen: 302564K(349696K)->308041K(349696K)
[35.996s][info ][gc,metaspace   ] GC(65) Metaspace: 75393K(76032K)->75393K(76032K) NonClass: 64932K(65280K)->64932K(65280K) Class: 10460K(10752K)->10460K(10752K)
[35.996s][info ][gc             ] GC(65) Pause Young (Allocation Failure) 2200M->334M(2298M) 22.684ms
[35.996s][info ][gc,cpu         ] GC(65) User=0.08s Sys=0.00s Real=0.02s
[35.996s][info ][safepoint      ] Safepoint "ParallelGCFailedAllocation", Time since last: 24954626 ns, Reaching safepoint: 2180346 ns, At safepoint: 22852681 ns, Total: 25033027 ns
[36.130s][info ][safepoint      ] Safepoint "ICBufferFull", Time since last: 131489570 ns, Reaching safepoint: 2460552 ns, At safepoint: 34401 ns, Total: 2494953 ns
[36.505s][info ][gc,start       ] GC(66) Pause Young (Allocation Failure)
[36.527s][debug][gc,phases      ] GC(66) Scavenge 22.178ms
[36.527s][debug][gc,ref         ] GC(66) Skipped phase 1 of Reference Processing: no references
[36.527s][debug][gc,ref         ] GC(66) Skipped phase 3 of Reference Processing: no references
[36.527s][debug][gc,phases      ] GC(66) Reference Processing 0.046ms
[36.528s][debug][gc,phases      ] GC(66) Weak Processing 1.110ms
[36.528s][debug][gc,age         ] GC(66) Desired survivor size 91750400 bytes, new threshold 15 (max threshold 15)
[36.529s][info ][gc,heap        ] GC(66) PSYoungGen: 1946470K(2003456K)->30310K(2007552K) Eden: 1911808K(1911808K)->0K(1916928K) From: 34662K(91648K)->30310K(90624K)
[36.529s][info ][gc,heap        ] GC(66) ParOldGen: 308041K(349696K)->313042K(349696K)
[36.529s][info ][gc,metaspace   ] GC(66) Metaspace: 75414K(76032K)->75414K(76032K) NonClass: 64952K(65280K)->64952K(65280K) Class: 10461K(10752K)->10461K(10752K)
[36.529s][info ][gc             ] GC(66) Pause Young (Allocation Failure) 2201M->335M(2302M) 23.601ms
[36.529s][info ][gc,cpu         ] GC(66) User=0.08s Sys=0.00s Real=0.02s
[36.529s][info ][safepoint      ] Safepoint "ParallelGCFailedAllocation", Time since last: 374364785 ns, Reaching safepoint: 615413 ns, At safepoint: 23762801 ns, Total: 24378214 ns
[36.797s][info ][safepoint      ] Safepoint "ICBufferFull", Time since last: 267695339 ns, Reaching safepoint: 595312 ns, At safepoint: 22101 ns, Total: 617413 ns
[37.040s][info ][gc,start       ] GC(67) Pause Young (Allocation Failure)
[37.060s][debug][gc,phases      ] GC(67) Scavenge 19.358ms
[37.060s][debug][gc,ref         ] GC(67) Skipped phase 1 of Reference Processing: no references
[37.060s][debug][gc,ref         ] GC(67) Skipped phase 3 of Reference Processing: no references
[37.060s][debug][gc,phases      ] GC(67) Reference Processing 0.043ms
[37.061s][debug][gc,phases      ] GC(67) Weak Processing 1.235ms
[37.061s][debug][gc,age         ] GC(67) Desired survivor size 90177536 bytes, new threshold 15 (max threshold 15)
[37.061s][info ][gc,heap        ] GC(67) PSYoungGen: 1947238K(2007552K)->29830K(2006528K) Eden: 1916928K(1916928K)->0K(1916928K) From: 30310K(90624K)->29830K(89600K)
[37.061s][info ][gc,heap        ] GC(67) ParOldGen: 313042K(349696K)->313902K(349696K)
[37.061s][info ][gc,metaspace   ] GC(67) Metaspace: 75472K(76096K)->75472K(76096K) NonClass: 65010K(65344K)->65010K(65344K) Class: 10461K(10752K)->10461K(10752K)
[37.061s][info ][gc             ] GC(67) Pause Young (Allocation Failure) 2207M->335M(2301M) 20.917ms
[37.061s][info ][gc,cpu         ] GC(67) User=0.08s Sys=0.00s Real=0.02s
[37.061s][info ][safepoint      ] Safepoint "ParallelGCFailedAllocation", Time since last: 240941775 ns, Reaching safepoint: 2215446 ns, At safepoint: 21107445 ns, Total: 23322891 ns
[37.500s][info ][safepoint      ] Safepoint "ICBufferFull", Time since last: 438094128 ns, Reaching safepoint: 170604 ns, At safepoint: 26200 ns, Total: 196804 ns
[37.525s][info ][gc,start       ] GC(68) Pause Young (Allocation Failure)
[37.544s][debug][gc,phases      ] GC(68) Scavenge 18.828ms
[37.544s][debug][gc,ref         ] GC(68) Skipped phase 1 of Reference Processing: no references
[37.544s][debug][gc,ref         ] GC(68) Skipped phase 3 of Reference Processing: no references
[37.544s][debug][gc,phases      ] GC(68) Reference Processing 0.044ms
[37.545s][debug][gc,phases      ] GC(68) Weak Processing 1.142ms
[37.545s][debug][gc,age         ] GC(68) Desired survivor size 88604672 bytes, new threshold 15 (max threshold 15)
[37.545s][info ][gc,heap        ] GC(68) PSYoungGen: 1946758K(2006528K)->29654K(2010624K) Eden: 1916928K(1916928K)->0K(1922560K) From: 29830K(89600K)->29654K(88064K)
[37.545s][info ][gc,heap        ] GC(68) ParOldGen: 313902K(349696K)->314470K(349696K)
[37.545s][info ][gc,metaspace   ] GC(68) Metaspace: 75481K(76096K)->75481K(76096K) NonClass: 65020K(65344K)->65020K(65344K) Class: 10461K(10752K)->10461K(10752K)
[37.545s][info ][gc             ] GC(68) Pause Young (Allocation Failure) 2207M->336M(2305M) 20.263ms
[37.545s][info ][gc,cpu         ] GC(68) User=0.07s Sys=0.00s Real=0.02s
[37.545s][info ][safepoint      ] Safepoint "ParallelGCFailedAllocation", Time since last: 24556017 ns, Reaching safepoint: 820318 ns, At safepoint: 20440130 ns, Total: 21260448 ns
[37.831s][info ][safepoint      ] Safepoint "ICBufferFull", Time since last: 284988803 ns, Reaching safepoint: 733316 ns, At safepoint: 34800 ns, Total: 768116 ns
[38.096s][info ][gc,start       ] GC(69) Pause Young (Allocation Failure)
[38.116s][debug][gc,phases      ] GC(69) Scavenge 20.581ms
[38.116s][debug][gc,ref         ] GC(69) Skipped phase 1 of Reference Processing: no references
[38.116s][debug][gc,ref         ] GC(69) Skipped phase 3 of Reference Processing: no references
[38.116s][debug][gc,phases      ] GC(69) Reference Processing 0.046ms
[38.118s][debug][gc,phases      ] GC(69) Weak Processing 1.101ms
[38.118s][debug][gc,age         ] GC(69) Desired survivor size 87031808 bytes, new threshold 15 (max threshold 15)
[38.118s][info ][gc,heap        ] GC(69) PSYoungGen: 1952214K(2010624K)->29142K(2009088K) Eden: 1922560K(1922560K)->0K(1922560K) From: 29654K(88064K)->29142K(86528K)
[38.118s][info ][gc,heap        ] GC(69) ParOldGen: 314470K(349696K)->315439K(349696K)
[38.118s][info ][gc,metaspace   ] GC(69) Metaspace: 75541K(76160K)->75541K(76160K) NonClass: 65080K(65408K)->65080K(65408K) Class: 10461K(10752K)->10461K(10752K)
[38.118s][info ][gc             ] GC(69) Pause Young (Allocation Failure) 2213M->336M(2303M) 21.970ms
[38.118s][info ][gc,cpu         ] GC(69) User=0.08s Sys=0.00s Real=0.03s
[38.118s][info ][safepoint      ] Safepoint "ParallelGCFailedAllocation", Time since last: 264271667 ns, Reaching safepoint: 186804 ns, At safepoint: 22149266 ns, Total: 22336070 ns
[38.263s][info ][safepoint      ] Safepoint "ICBufferFull", Time since last: 144823451 ns, Reaching safepoint: 164003 ns, At safepoint: 21501 ns, Total: 185504 ns
[38.409s][info ][safepoint      ] Safepoint "ICBufferFull", Time since last: 145832171 ns, Reaching safepoint: 227005 ns, At safepoint: 29501 ns, Total: 256506 ns
[38.636s][info ][gc,start       ] GC(70) Pause Young (Allocation Failure)
[38.655s][debug][gc,phases      ] GC(70) Scavenge 19.287ms
[38.656s][debug][gc,ref         ] GC(70) Skipped phase 1 of Reference Processing: no references
[38.656s][debug][gc,ref         ] GC(70) Skipped phase 3 of Reference Processing: no references
[38.656s][debug][gc,phases      ] GC(70) Reference Processing 0.037ms
[38.657s][debug][gc,phases      ] GC(70) Weak Processing 1.106ms
[38.657s][debug][gc,age         ] GC(70) Desired survivor size 85458944 bytes, new threshold 15 (max threshold 15)
[38.657s][info ][gc,heap        ] GC(70) PSYoungGen: 1951702K(2009088K)->26453K(2013696K) Eden: 1922560K(1922560K)->0K(1928704K) From: 29142K(86528K)->26453K(84992K)
[38.657s][info ][gc,heap        ] GC(70) ParOldGen: 315439K(349696K)->318552K(349696K)
[38.657s][info ][gc,metaspace   ] GC(70) Metaspace: 75551K(76160K)->75551K(76160K) NonClass: 65090K(65408K)->65090K(65408K) Class: 10461K(10752K)->10461K(10752K)
[38.657s][info ][gc             ] GC(70) Pause Young (Allocation Failure) 2214M->336M(2308M) 20.712ms
[38.657s][info ][gc,cpu         ] GC(70) User=0.06s Sys=0.01s Real=0.03s
[38.657s][info ][safepoint      ] Safepoint "ParallelGCFailedAllocation", Time since last: 226926680 ns, Reaching safepoint: 268205 ns, At safepoint: 20896840 ns, Total: 21165045 ns
[38.957s][info ][safepoint      ] Safepoint "ICBufferFull", Time since last: 299851416 ns, Reaching safepoint: 272606 ns, At safepoint: 33401 ns, Total: 306007 ns
[39.081s][info ][safepoint      ] Safepoint "ICBufferFull", Time since last: 122770386 ns, Reaching safepoint: 1057622 ns, At safepoint: 24901 ns, Total: 1082523 ns
[39.208s][info ][gc,start       ] GC(71) Pause Young (Allocation Failure)
[39.229s][debug][gc,phases      ] GC(71) Scavenge 20.711ms
[39.229s][debug][gc,ref         ] GC(71) Skipped phase 1 of Reference Processing: no references
[39.229s][debug][gc,ref         ] GC(71) Skipped phase 3 of Reference Processing: no references
[39.229s][debug][gc,phases      ] GC(71) Reference Processing 0.038ms
[39.230s][debug][gc,phases      ] GC(71) Weak Processing 1.187ms
[39.230s][debug][gc,age         ] GC(71) Desired survivor size 84410368 bytes, new threshold 15 (max threshold 15)
[39.230s][info ][gc,heap        ] GC(71) PSYoungGen: 1955157K(2013696K)->21698K(2012160K) Eden: 1928704K(1928704K)->0K(1928704K) From: 26453K(84992K)->21698K(83456K)
[39.230s][info ][gc,heap        ] GC(71) ParOldGen: 318552K(349696K)->323751K(349696K)
[39.230s][info ][gc,metaspace   ] GC(71) Metaspace: 75563K(76160K)->75563K(76160K) NonClass: 65102K(65408K)->65102K(65408K) Class: 10461K(10752K)->10461K(10752K)
[39.231s][info ][gc             ] GC(71) Pause Young (Allocation Failure) 2220M->337M(2306M) 22.235ms
[39.231s][info ][gc,cpu         ] GC(71) User=0.06s Sys=0.02s Real=0.02s
[39.231s][info ][safepoint      ] Safepoint "ParallelGCFailedAllocation", Time since last: 125107535 ns, Reaching safepoint: 2193746 ns, At safepoint: 22414272 ns, Total: 24608018 ns
[39.387s][info ][safepoint      ] Safepoint "ICBufferFull", Time since last: 156041687 ns, Reaching safepoint: 182704 ns, At safepoint: 25700 ns, Total: 208404 ns
[39.596s][info ][safepoint      ] Safepoint "ICBufferFull", Time since last: 208975802 ns, Reaching safepoint: 200604 ns, At safepoint: 55001 ns, Total: 255605 ns
[39.782s][info ][gc,start       ] GC(72) Pause Young (Allocation Failure)
[39.800s][debug][gc,phases      ] GC(72) Scavenge 18.458ms
[39.800s][debug][gc,ref         ] GC(72) Skipped phase 1 of Reference Processing: no references
[39.800s][debug][gc,ref         ] GC(72) Skipped phase 3 of Reference Processing: no references
[39.800s][debug][gc,phases      ] GC(72) Reference Processing 0.043ms
[39.801s][debug][gc,phases      ] GC(72) Weak Processing 1.165ms
[39.801s][debug][gc,age         ] GC(72) Desired survivor size 83361792 bytes, new threshold 15 (max threshold 15)
[39.801s][info ][gc,heap        ] GC(72) PSYoungGen: 1950402K(2012160K)->20114K(2015744K) Eden: 1928704K(1928704K)->0K(1933312K) From: 21698K(83456K)->20114K(82432K)
[39.801s][info ][gc,heap        ] GC(72) ParOldGen: 323751K(349696K)->325783K(349696K)
[39.801s][info ][gc,metaspace   ] GC(72) Metaspace: 75585K(76224K)->75585K(76224K) NonClass: 65124K(65472K)->65124K(65472K) Class: 10461K(10752K)->10461K(10752K)
[39.802s][info ][gc             ] GC(72) Pause Young (Allocation Failure) 2220M->337M(2310M) 19.920ms
[39.802s][info ][gc,cpu         ] GC(72) User=0.07s Sys=0.00s Real=0.02s
[39.802s][info ][safepoint      ] Safepoint "ParallelGCFailedAllocation", Time since last: 185178301 ns, Reaching safepoint: 261605 ns, At safepoint: 20085623 ns, Total: 20347228 ns
[40.046s][info ][safepoint      ] Safepoint "ICBufferFull", Time since last: 244155843 ns, Reaching safepoint: 255505 ns, At safepoint: 29501 ns, Total: 285006 ns
[40.271s][info ][gc,start       ] GC(73) Pause Young (Allocation Failure)
[40.289s][debug][gc,phases      ] GC(73) Scavenge 17.820ms
[40.289s][debug][gc,ref         ] GC(73) Skipped phase 1 of Reference Processing: no references
[40.289s][debug][gc,ref         ] GC(73) Skipped phase 3 of Reference Processing: no references
[40.289s][debug][gc,phases      ] GC(73) Reference Processing 0.051ms
[40.290s][debug][gc,phases      ] GC(73) Weak Processing 1.211ms
[40.290s][debug][gc,age         ] GC(73) Desired survivor size 81788928 bytes, new threshold 15 (max threshold 15)
[40.290s][info ][gc,heap        ] GC(73) PSYoungGen: 1953426K(2015744K)->19746K(2014720K) Eden: 1933312K(1933312K)->0K(1933312K) From: 20114K(82432K)->19746K(81408K)
[40.290s][info ][gc,heap        ] GC(73) ParOldGen: 325783K(349696K)->326727K(349696K)
[40.290s][info ][gc,metaspace   ] GC(73) Metaspace: 75588K(76224K)->75588K(76224K) NonClass: 65126K(65472K)->65126K(65472K) Class: 10461K(10752K)->10461K(10752K)
[40.290s][info ][gc             ] GC(73) Pause Young (Allocation Failure) 2225M->338M(2309M) 19.358ms
[40.290s][info ][gc,cpu         ] GC(73) User=0.06s Sys=0.00s Real=0.02s
[40.291s][info ][safepoint      ] Safepoint "ParallelGCFailedAllocation", Time since last: 224767134 ns, Reaching safepoint: 193504 ns, At safepoint: 19536612 ns, Total: 19730116 ns
[40.814s][info ][gc,start       ] GC(74) Pause Young (Allocation Failure)
[40.836s][debug][gc,phases      ] GC(74) Scavenge 21.465ms
[40.836s][debug][gc,ref         ] GC(74) Skipped phase 1 of Reference Processing: no references
[40.836s][debug][gc,ref         ] GC(74) Skipped phase 3 of Reference Processing: no references
[40.836s][debug][gc,phases      ] GC(74) Reference Processing 0.031ms
[40.837s][debug][gc,phases      ] GC(74) Weak Processing 1.114ms
[40.837s][debug][gc,age         ] GC(74) Desired survivor size 81264640 bytes, new threshold 15 (max threshold 15)
[40.837s][info ][gc,heap        ] GC(74) PSYoungGen: 1953058K(2014720K)->10210K(2017792K) Eden: 1933312K(1933312K)->0K(1937920K) From: 19746K(81408K)->10210K(79872K)
[40.837s][info ][gc,heap        ] GC(74) ParOldGen: 326727K(349696K)->336895K(349696K)
[40.837s][info ][gc,metaspace   ] GC(74) Metaspace: 75599K(76224K)->75599K(76224K) NonClass: 65138K(65472K)->65138K(65472K) Class: 10461K(10752K)->10461K(10752K)
[40.837s][info ][gc             ] GC(74) Pause Young (Allocation Failure) 2226M->338M(2312M) 22.885ms
[40.837s][info ][gc,cpu         ] GC(74) User=0.08s Sys=0.02s Real=0.03s
[40.837s][info ][safepoint      ] Safepoint "ParallelGCFailedAllocation", Time since last: 518829928 ns, Reaching safepoint: 4462194 ns, At safepoint: 23065985 ns, Total: 27528179 ns
[41.366s][info ][gc,start       ] GC(75) Pause Young (Allocation Failure)
[41.375s][debug][gc,phases      ] GC(75) Scavenge 8.038ms
[41.375s][debug][gc,ref         ] GC(75) Skipped phase 1 of Reference Processing: no references
[41.375s][debug][gc,ref         ] GC(75) Skipped phase 3 of Reference Processing: no references
[41.375s][debug][gc,phases      ] GC(75) Reference Processing 0.040ms
[41.376s][debug][gc,phases      ] GC(75) Weak Processing 1.170ms
[41.376s][debug][gc,age         ] GC(75) Desired survivor size 80740352 bytes, new threshold 15 (max threshold 15)
[41.376s][info ][gc,heap        ] GC(75) PSYoungGen: 1948130K(2017792K)->9730K(2017280K) Eden: 1937920K(1937920K)->0K(1937920K) From: 10210K(79872K)->9730K(79360K)
[41.376s][info ][gc,heap        ] GC(75) ParOldGen: 336895K(349696K)->338120K(349696K)
[41.376s][info ][gc,metaspace   ] GC(75) Metaspace: 75620K(76224K)->75620K(76224K) NonClass: 65159K(65472K)->65159K(65472K) Class: 10461K(10752K)->10461K(10752K)
[41.376s][info ][gc             ] GC(75) Pause Young (Allocation Failure) 2231M->339M(2311M) 9.503ms
[41.376s][info ][gc,cpu         ] GC(75) User=0.03s Sys=0.00s Real=0.00s
[41.376s][info ][safepoint      ] Safepoint "ParallelGCFailedAllocation", Time since last: 529183446 ns, Reaching safepoint: 227305 ns, At safepoint: 9674604 ns, Total: 9901909 ns
[41.641s][info ][safepoint      ] Safepoint "ICBufferFull", Time since last: 264966781 ns, Reaching safepoint: 423709 ns, At safepoint: 33000 ns, Total: 456709 ns
[41.904s][info ][gc,start       ] GC(76) Pause Young (Allocation Failure)
[41.913s][debug][gc,phases      ] GC(76) Scavenge 8.373ms
[41.913s][debug][gc,ref         ] GC(76) Skipped phase 1 of Reference Processing: no references
[41.913s][debug][gc,ref         ] GC(76) Skipped phase 2 of Reference Processing: no references
[41.913s][debug][gc,ref         ] GC(76) Skipped phase 3 of Reference Processing: no references
[41.913s][debug][gc,phases      ] GC(76) Reference Processing 0.034ms
[41.914s][debug][gc,phases      ] GC(76) Weak Processing 1.079ms
[41.914s][debug][gc,age         ] GC(76) Desired survivor size 79691776 bytes, new threshold 15 (max threshold 15)
[41.914s][info ][gc,heap        ] GC(76) PSYoungGen: 1947650K(2017280K)->7616K(2019328K) Eden: 1937920K(1937920K)->0K(1940480K) From: 9730K(79360K)->7616K(78848K)
[41.914s][info ][gc,heap        ] GC(76) ParOldGen: 338120K(349696K)->341295K(349696K)
[41.914s][info ][gc,metaspace   ] GC(76) Metaspace: 75658K(76288K)->75658K(76288K) NonClass: 65197K(65536K)->65197K(65536K) Class: 10461K(10752K)->10461K(10752K)
[41.914s][info ][gc             ] GC(76) Pause Young (Allocation Failure) 2232M->340M(2313M) 9.740ms
[41.914s][info ][gc,cpu         ] GC(76) User=0.03s Sys=0.01s Real=0.01s
[41.914s][debug][gc,phases      ] GC(77) Pre Compact 0.016ms
[41.914s][info ][gc,start       ] GC(77) Pause Full (Ergonomics)
[41.914s][info ][gc,phases,start] GC(77) Marking Phase
[42.125s][debug][gc,phases      ] GC(77) Par Mark 210.642ms
[42.125s][debug][gc,ref         ] GC(77) Skipped phase 1 of Reference Processing: no references
[42.126s][debug][gc,phases      ] GC(77) Reference Processing 1.155ms
[42.128s][debug][gc,phases      ] GC(77) Weak Processing 1.397ms
[42.128s][debug][gc,phases      ] GC(77) ClassLoaderData 0.133ms
[42.128s][debug][gc,phases      ] GC(77) Trigger cleanups 0.001ms
[42.156s][debug][gc,phases      ] GC(77) Class Unloading 28.183ms
[42.156s][info ][gc,phases      ] GC(77) Marking Phase 241.681ms
[42.156s][info ][gc,phases,start] GC(77) Summary Phase
[42.156s][info ][gc,phases      ] GC(77) Summary Phase 0.059ms
[42.156s][info ][gc,phases,start] GC(77) Adjust Roots
[42.177s][info ][gc,phases      ] GC(77) Adjust Roots 21.350ms
[42.177s][info ][gc,phases,start] GC(77) Compaction Phase
[42.270s][info ][gc,phases      ] GC(77) Compaction Phase 92.206ms
[42.270s][info ][gc,phases,start] GC(77) Post Compact
[42.272s][info ][gc,phases      ] GC(77) Post Compact 2.032ms
[42.272s][info ][gc,heap        ] GC(77) PSYoungGen: 7616K(2019328K)->0K(2018304K) Eden: 0K(1940480K)->0K(1940480K) From: 7616K(78848K)->0K(77824K)
[42.272s][info ][gc,heap        ] GC(77) ParOldGen: 341295K(349696K)->337872K(394240K)
[42.272s][info ][gc,metaspace   ] GC(77) Metaspace: 75658K(76288K)->75658K(76288K) NonClass: 65197K(65536K)->65197K(65536K) Class: 10461K(10752K)->10461K(10752K)
[42.272s][info ][gc             ] GC(77) Pause Full (Ergonomics) 340M->329M(2356M) 357.748ms
[42.272s][info ][gc,cpu         ] GC(77) User=1.26s Sys=0.00s Real=0.36s
[42.272s][info ][safepoint      ] Safepoint "ParallelGCFailedAllocation", Time since last: 260526788 ns, Reaching safepoint: 2305548 ns, At safepoint: 367807047 ns, Total: 370112595 ns
[42.541s][info ][safepoint      ] Safepoint "ICBufferFull", Time since last: 268135048 ns, Reaching safepoint: 389908 ns, At safepoint: 10900 ns, Total: 400808 ns
[42.743s][info ][safepoint      ] Safepoint "ICBufferFull", Time since last: 202284061 ns, Reaching safepoint: 248805 ns, At safepoint: 7400 ns, Total: 256205 ns
[43.291s][info ][safepoint      ] Safepoint "ICBufferFull", Time since last: 547629434 ns, Reaching safepoint: 245405 ns, At safepoint: 16001 ns, Total: 261406 ns
[43.839s][info ][safepoint      ] Safepoint "ICBufferFull", Time since last: 547929040 ns, Reaching safepoint: 394508 ns, At safepoint: 11801 ns, Total: 406309 ns
[44.840s][info ][safepoint      ] Safepoint "Cleanup", Time since last: 1000149164 ns, Reaching safepoint: 288706 ns, At safepoint: 12601 ns, Total: 301307 ns
[45.840s][info ][safepoint      ] Safepoint "Cleanup", Time since last: 1000138964 ns, Reaching safepoint: 181403 ns, At safepoint: 15501 ns, Total: 196904 ns
[46.841s][info ][safepoint      ] Safepoint "Cleanup", Time since last: 1000128863 ns, Reaching safepoint: 299807 ns, At safepoint: 11700 ns, Total: 311507 ns
[47.676s][info ][safepoint      ] Safepoint "ICBufferFull", Time since last: 834574677 ns, Reaching safepoint: 413408 ns, At safepoint: 12601 ns, Total: 426009 ns
[49.138s][info ][safepoint      ] Safepoint "Cleanup", Time since last: 1461685783 ns, Reaching safepoint: 450409 ns, At safepoint: 10601 ns, Total: 461010 ns
[50.138s][info ][safepoint      ] Safepoint "Cleanup", Time since last: 1000148763 ns, Reaching safepoint: 415908 ns, At safepoint: 18501 ns, Total: 434409 ns
[51.139s][info ][safepoint      ] Safepoint "Cleanup", Time since last: 1000140762 ns, Reaching safepoint: 424109 ns, At safepoint: 12900 ns, Total: 437009 ns
[52.139s][info ][safepoint      ] Safepoint "Cleanup", Time since last: 1000150563 ns, Reaching safepoint: 317906 ns, At safepoint: 13601 ns, Total: 331507 ns
[53.140s][info ][safepoint      ] Safepoint "Cleanup", Time since last: 1000130861 ns, Reaching safepoint: 259806 ns, At safepoint: 12400 ns, Total: 272206 ns
[54.790s][info ][safepoint      ] Safepoint "Cleanup", Time since last: 1649923645 ns, Reaching safepoint: 375108 ns, At safepoint: 11000 ns, Total: 386108 ns
[55.791s][info ][safepoint      ] Safepoint "Cleanup", Time since last: 1000166761 ns, Reaching safepoint: 250505 ns, At safepoint: 13901 ns, Total: 264406 ns
[56.791s][info ][safepoint      ] Safepoint "Cleanup", Time since last: 1000142060 ns, Reaching safepoint: 258906 ns, At safepoint: 11300 ns, Total: 270206 ns
[57.792s][info ][safepoint      ] Safepoint "Cleanup", Time since last: 1000142260 ns, Reaching safepoint: 601213 ns, At safepoint: 19501 ns, Total: 620714 ns
[58.792s][info ][safepoint      ] Safepoint "Cleanup", Time since last: 1000146860 ns, Reaching safepoint: 210804 ns, At safepoint: 8900 ns, Total: 219704 ns
[59.792s][info ][safepoint      ] Safepoint "Cleanup", Time since last: 1000158360 ns, Reaching safepoint: 211505 ns, At safepoint: 15800 ns, Total: 227305 ns
[60.793s][info ][safepoint      ] Safepoint "Cleanup", Time since last: 1000155660 ns, Reaching safepoint: 156103 ns, At safepoint: 11200 ns, Total: 167303 ns
[61.793s][info ][safepoint      ] Safepoint "Cleanup", Time since last: 1000136859 ns, Reaching safepoint: 173504 ns, At safepoint: 10500 ns, Total: 184004 ns
[62.793s][info ][safepoint      ] Safepoint "Cleanup", Time since last: 1000154859 ns, Reaching safepoint: 173904 ns, At safepoint: 8200 ns, Total: 182104 ns
[63.794s][info ][safepoint      ] Safepoint "Cleanup", Time since last: 1000124558 ns, Reaching safepoint: 166703 ns, At safepoint: 13501 ns, Total: 180204 ns
[64.794s][info ][safepoint      ] Safepoint "Cleanup", Time since last: 1000101857 ns, Reaching safepoint: 153503 ns, At safepoint: 14501 ns, Total: 168004 ns
[65.794s][info ][safepoint      ] Safepoint "Cleanup", Time since last: 1000099456 ns, Reaching safepoint: 158304 ns, At safepoint: 9600 ns, Total: 167904 ns
[66.795s][info ][safepoint      ] Safepoint "Cleanup", Time since last: 1000138357 ns, Reaching safepoint: 190704 ns, At safepoint: 12601 ns, Total: 203305 ns
[67.795s][info ][safepoint      ] Safepoint "Cleanup", Time since last: 1000142257 ns, Reaching safepoint: 293506 ns, At safepoint: 16800 ns, Total: 310306 ns
[69.662s][info ][safepoint      ] Safepoint "Cleanup", Time since last: 1866146290 ns, Reaching safepoint: 334307 ns, At safepoint: 12800 ns, Total: 347107 ns
[70.795s][info ][safepoint      ] Safepoint "Cleanup", Time since last: 1133535365 ns, Reaching safepoint: 195804 ns, At safepoint: 18300 ns, Total: 214104 ns
[71.796s][info ][safepoint      ] Safepoint "Cleanup", Time since last: 1000145456 ns, Reaching safepoint: 163003 ns, At safepoint: 11301 ns, Total: 174304 ns
[72.796s][info ][safepoint      ] Safepoint "Cleanup", Time since last: 1000143055 ns, Reaching safepoint: 150004 ns, At safepoint: 11200 ns, Total: 161204 ns
[73.796s][info ][safepoint      ] Safepoint "Cleanup", Time since last: 1000133955 ns, Reaching safepoint: 77502 ns, At safepoint: 9900 ns, Total: 87402 ns
[75.797s][info ][safepoint      ] Safepoint "Cleanup", Time since last: 2000212708 ns, Reaching safepoint: 134303 ns, At safepoint: 24500 ns, Total: 158803 ns
[76.797s][info ][safepoint      ] Safepoint "Cleanup", Time since last: 1000142155 ns, Reaching safepoint: 88301 ns, At safepoint: 8901 ns, Total: 97202 ns
[77.797s][info ][safepoint      ] Safepoint "Cleanup", Time since last: 1000104853 ns, Reaching safepoint: 126303 ns, At safepoint: 13600 ns, Total: 139903 ns
[78.797s][info ][safepoint      ] Safepoint "Cleanup", Time since last: 1000135854 ns, Reaching safepoint: 109302 ns, At safepoint: 13600 ns, Total: 122902 ns
[79.798s][info ][safepoint      ] Safepoint "Cleanup", Time since last: 1000149754 ns, Reaching safepoint: 90202 ns, At safepoint: 10000 ns, Total: 100202 ns
[80.798s][info ][safepoint      ] Safepoint "Cleanup", Time since last: 1000147853 ns, Reaching safepoint: 346107 ns, At safepoint: 11301 ns, Total: 357408 ns
[82.187s][info ][safepoint      ] Safepoint "Cleanup", Time since last: 1388828834 ns, Reaching safepoint: 259506 ns, At safepoint: 7000 ns, Total: 266506 ns
[83.187s][info ][safepoint      ] Safepoint "Cleanup", Time since last: 1000128352 ns, Reaching safepoint: 128803 ns, At safepoint: 12400 ns, Total: 141203 ns
[84.188s][info ][safepoint      ] Safepoint "Cleanup", Time since last: 1000144252 ns, Reaching safepoint: 112802 ns, At safepoint: 17201 ns, Total: 130003 ns
[85.188s][info ][safepoint      ] Safepoint "Cleanup", Time since last: 1000129651 ns, Reaching safepoint: 159704 ns, At safepoint: 13500 ns, Total: 173204 ns
[86.188s][info ][safepoint      ] Safepoint "Cleanup", Time since last: 1000150352 ns, Reaching safepoint: 184504 ns, At safepoint: 10000 ns, Total: 194504 ns
[87.189s][info ][safepoint      ] Safepoint "Cleanup", Time since last: 1000143251 ns, Reaching safepoint: 118003 ns, At safepoint: 10800 ns, Total: 128803 ns
[87.639s][info ][gc,start       ] GC(78) Pause Young (Allocation Failure)
[87.653s][debug][gc,phases      ] GC(78) Scavenge 13.613ms
[87.653s][debug][gc,ref         ] GC(78) Skipped phase 1 of Reference Processing: no references
[87.653s][debug][gc,ref         ] GC(78) Skipped phase 3 of Reference Processing: no references
[87.653s][debug][gc,phases      ] GC(78) Reference Processing 0.052ms
[87.654s][debug][gc,phases      ] GC(78) Weak Processing 1.184ms
[87.654s][debug][gc,age         ] GC(78) Desired survivor size 75497472 bytes, new threshold 15 (max threshold 15)
[87.654s][info ][gc,heap        ] GC(78) PSYoungGen: 1940480K(2018304K)->24088K(2023424K) Eden: 1940480K(1940480K)->0K(1945600K) From: 0K(77824K)->24088K(77824K)
[87.654s][info ][gc,heap        ] GC(78) ParOldGen: 337872K(394240K)->337880K(394240K)
[87.654s][info ][gc,metaspace   ] GC(78) Metaspace: 76394K(76992K)->76394K(76992K) NonClass: 65893K(66176K)->65893K(66176K) Class: 10501K(10816K)->10501K(10816K)
[87.654s][info ][gc             ] GC(78) Pause Young (Allocation Failure) 2224M->353M(2361M) 15.111ms
[87.654s][info ][gc,cpu         ] GC(78) User=0.05s Sys=0.00s Real=0.01s
[87.654s][info ][safepoint      ] Safepoint "ParallelGCFailedAllocation", Time since last: 450028372 ns, Reaching safepoint: 112802 ns, At safepoint: 15256921 ns, Total: 15369723 ns
[88.970s][info ][safepoint      ] Safepoint "Cleanup", Time since last: 1315935098 ns, Reaching safepoint: 196604 ns, At safepoint: 14700 ns, Total: 211304 ns
[90.970s][info ][safepoint      ] Safepoint "Cleanup", Time since last: 2000211599 ns, Reaching safepoint: 104803 ns, At safepoint: 9800 ns, Total: 114603 ns
[91.971s][info ][safepoint      ] Safepoint "Cleanup", Time since last: 1000150050 ns, Reaching safepoint: 85801 ns, At safepoint: 6701 ns, Total: 92502 ns
[92.971s][info ][safepoint      ] Safepoint "Cleanup", Time since last: 1000139349 ns, Reaching safepoint: 95702 ns, At safepoint: 7200 ns, Total: 102902 ns
[93.971s][info ][safepoint      ] Safepoint "Cleanup", Time since last: 1000139749 ns, Reaching safepoint: 93502 ns, At safepoint: 13901 ns, Total: 107403 ns
[94.971s][info ][safepoint      ] Safepoint "Cleanup", Time since last: 1000145449 ns, Reaching safepoint: 71801 ns, At safepoint: 5400 ns, Total: 77201 ns
[95.972s][info ][safepoint      ] Safepoint "Cleanup", Time since last: 1000128649 ns, Reaching safepoint: 87701 ns, At safepoint: 10401 ns, Total: 98102 ns
[96.972s][info ][safepoint      ] Safepoint "Cleanup", Time since last: 1000153448 ns, Reaching safepoint: 97502 ns, At safepoint: 11300 ns, Total: 108802 ns
[97.972s][info ][safepoint      ] Safepoint "Cleanup", Time since last: 1000154949 ns, Reaching safepoint: 84201 ns, At safepoint: 9601 ns, Total: 93802 ns
[98.972s][info ][safepoint      ] Safepoint "Cleanup", Time since last: 1000120047 ns, Reaching safepoint: 88002 ns, At safepoint: 7400 ns, Total: 95402 ns
[99.973s][info ][safepoint      ] Safepoint "Cleanup", Time since last: 1000141347 ns, Reaching safepoint: 74902 ns, At safepoint: 7700 ns, Total: 82602 ns
[100.973s][info ][safepoint      ] Safepoint "Cleanup", Time since last: 1000142447 ns, Reaching safepoint: 79002 ns, At safepoint: 7600 ns, Total: 86602 ns
[101.973s][info ][safepoint      ] Safepoint "Cleanup", Time since last: 1000153347 ns, Reaching safepoint: 103702 ns, At safepoint: 13501 ns, Total: 117203 ns
[105.974s][info ][safepoint      ] Safepoint "Cleanup", Time since last: 4000386180 ns, Reaching safepoint: 80402 ns, At safepoint: 10800 ns, Total: 91202 ns
[106.974s][info ][safepoint      ] Safepoint "Cleanup", Time since last: 1000133545 ns, Reaching safepoint: 99402 ns, At safepoint: 11901 ns, Total: 111303 ns
[108.974s][info ][safepoint      ] Safepoint "Cleanup", Time since last: 2000213388 ns, Reaching safepoint: 75802 ns, At safepoint: 9700 ns, Total: 85502 ns
[110.974s][info ][safepoint      ] Safepoint "Cleanup", Time since last: 2000225987 ns, Reaching safepoint: 95702 ns, At safepoint: 6901 ns, Total: 102603 ns
[111.975s][info ][safepoint      ] Safepoint "Cleanup", Time since last: 1000161044 ns, Reaching safepoint: 86502 ns, At safepoint: 10200 ns, Total: 96702 ns
[113.975s][info ][safepoint      ] Safepoint "Cleanup", Time since last: 2000236286 ns, Reaching safepoint: 129903 ns, At safepoint: 7500 ns, Total: 137403 ns
[114.975s][info ][safepoint      ] Safepoint "Cleanup", Time since last: 1000140743 ns, Reaching safepoint: 85502 ns, At safepoint: 11200 ns, Total: 96702 ns
[115.976s][info ][safepoint      ] Safepoint "Cleanup", Time since last: 1000149443 ns, Reaching safepoint: 84502 ns, At safepoint: 10800 ns, Total: 95302 ns
[116.976s][info ][safepoint      ] Safepoint "Cleanup", Time since last: 1000153443 ns, Reaching safepoint: 93202 ns, At safepoint: 13000 ns, Total: 106202 ns
[117.976s][info ][safepoint      ] Safepoint "Cleanup", Time since last: 1000152342 ns, Reaching safepoint: 81602 ns, At safepoint: 10300 ns, Total: 91902 ns
[118.976s][info ][safepoint      ] Safepoint "Cleanup", Time since last: 1000150542 ns, Reaching safepoint: 180104 ns, At safepoint: 13700 ns, Total: 193804 ns
[119.977s][info ][safepoint      ] Safepoint "Cleanup", Time since last: 1000138242 ns, Reaching safepoint: 205104 ns, At safepoint: 10601 ns, Total: 215705 ns
[120.977s][info ][safepoint      ] Safepoint "Cleanup", Time since last: 1000206542 ns, Reaching safepoint: 124803 ns, At safepoint: 7200 ns, Total: 132003 ns
[121.977s][info ][safepoint      ] Safepoint "Cleanup", Time since last: 1000126541 ns, Reaching safepoint: 94102 ns, At safepoint: 8600 ns, Total: 102702 ns
[122.978s][info ][safepoint      ] Safepoint "Cleanup", Time since last: 1000131241 ns, Reaching safepoint: 80001 ns, At safepoint: 6800 ns, Total: 86801 ns
[123.978s][info ][safepoint      ] Safepoint "Cleanup", Time since last: 1000114040 ns, Reaching safepoint: 78702 ns, At safepoint: 6400 ns, Total: 85102 ns
[125.661s][info ][safepoint      ] Safepoint "Cleanup", Time since last: 1682864703 ns, Reaching safepoint: 228605 ns, At safepoint: 10800 ns, Total: 239405 ns
[126.661s][info ][safepoint      ] Safepoint "Cleanup", Time since last: 1000165540 ns, Reaching safepoint: 82202 ns, At safepoint: 10100 ns, Total: 92302 ns
[128.208s][info ][safepoint      ] Safepoint "Cleanup", Time since last: 1546372230 ns, Reaching safepoint: 163104 ns, At safepoint: 9700 ns, Total: 172804 ns
[129.208s][info ][safepoint      ] Safepoint "Cleanup", Time since last: 1000144339 ns, Reaching safepoint: 80302 ns, At safepoint: 8700 ns, Total: 89002 ns
[130.208s][info ][safepoint      ] Safepoint "Cleanup", Time since last: 1000150339 ns, Reaching safepoint: 76002 ns, At safepoint: 14000 ns, Total: 90002 ns
[132.208s][info ][safepoint      ] Safepoint "Cleanup", Time since last: 2000228175 ns, Reaching safepoint: 76002 ns, At safepoint: 4500 ns, Total: 80502 ns
[133.209s][info ][safepoint      ] Safepoint "Cleanup", Time since last: 1000142538 ns, Reaching safepoint: 89302 ns, At safepoint: 7700 ns, Total: 97002 ns
[136.209s][info ][safepoint      ] Safepoint "Cleanup", Time since last: 3000292910 ns, Reaching safepoint: 65601 ns, At safepoint: 4800 ns, Total: 70401 ns
[137.209s][info ][safepoint      ] Safepoint "Cleanup", Time since last: 1000146937 ns, Reaching safepoint: 57001 ns, At safepoint: 8201 ns, Total: 65202 ns
[138.340s][info ][safepoint      ] Safepoint "Cleanup", Time since last: 1130458977 ns, Reaching safepoint: 131603 ns, At safepoint: 6200 ns, Total: 137803 ns
[139.340s][info ][safepoint      ] Safepoint "Cleanup", Time since last: 1000171937 ns, Reaching safepoint: 139203 ns, At safepoint: 6300 ns, Total: 145503 ns
[140.340s][info ][safepoint      ] Safepoint "Cleanup", Time since last: 1000149836 ns, Reaching safepoint: 151103 ns, At safepoint: 9301 ns, Total: 160404 ns
[142.341s][info ][safepoint      ] Safepoint "Cleanup", Time since last: 2000251970 ns, Reaching safepoint: 136103 ns, At safepoint: 14700 ns, Total: 150803 ns
[144.341s][info ][safepoint      ] Safepoint "Cleanup", Time since last: 2000248870 ns, Reaching safepoint: 182504 ns, At safepoint: 14700 ns, Total: 197204 ns
[145.342s][info ][safepoint      ] Safepoint "Cleanup", Time since last: 1000121434 ns, Reaching safepoint: 80402 ns, At safepoint: 24000 ns, Total: 104402 ns
[147.342s][info ][safepoint      ] Safepoint "Cleanup", Time since last: 2000228468 ns, Reaching safepoint: 75401 ns, At safepoint: 11701 ns, Total: 87102 ns
[148.342s][info ][safepoint      ] Safepoint "Cleanup", Time since last: 1000148534 ns, Reaching safepoint: 144703 ns, At safepoint: 10600 ns, Total: 155303 ns
[151.343s][info ][safepoint      ] Safepoint "Cleanup", Time since last: 3000277797 ns, Reaching safepoint: 155403 ns, At safepoint: 17900 ns, Total: 173303 ns
[156.343s][info ][safepoint      ] Safepoint "Cleanup", Time since last: 5000466457 ns, Reaching safepoint: 155903 ns, At safepoint: 12400 ns, Total: 168303 ns
[158.344s][info ][safepoint      ] Safepoint "Cleanup", Time since last: 2000252262 ns, Reaching safepoint: 146803 ns, At safepoint: 12101 ns, Total: 158904 ns
[159.344s][info ][safepoint      ] Safepoint "Cleanup", Time since last: 1000160331 ns, Reaching safepoint: 154803 ns, At safepoint: 13201 ns, Total: 168004 ns
[161.344s][info ][safepoint      ] Safepoint "Cleanup", Time since last: 2000231660 ns, Reaching safepoint: 83401 ns, At safepoint: 4501 ns, Total: 87902 ns
[163.345s][info ][safepoint      ] Safepoint "Cleanup", Time since last: 2000222258 ns, Reaching safepoint: 68902 ns, At safepoint: 5700 ns, Total: 74602 ns
[164.345s][info ][safepoint      ] Safepoint "Cleanup", Time since last: 1000124129 ns, Reaching safepoint: 199904 ns, At safepoint: 20701 ns, Total: 220605 ns
[165.345s][info ][safepoint      ] Safepoint "Cleanup", Time since last: 1000170230 ns, Reaching safepoint: 61701 ns, At safepoint: 4800 ns, Total: 66501 ns
[166.345s][info ][safepoint      ] Safepoint "Cleanup", Time since last: 1000150030 ns, Reaching safepoint: 75301 ns, At safepoint: 12200 ns, Total: 87501 ns
[167.346s][info ][safepoint      ] Safepoint "Cleanup", Time since last: 1000140529 ns, Reaching safepoint: 74902 ns, At safepoint: 7000 ns, Total: 81902 ns
[168.346s][info ][safepoint      ] Safepoint "Cleanup", Time since last: 1000149029 ns, Reaching safepoint: 83202 ns, At safepoint: 12700 ns, Total: 95902 ns
[169.346s][info ][safepoint      ] Safepoint "Cleanup", Time since last: 1000154928 ns, Reaching safepoint: 69402 ns, At safepoint: 4100 ns, Total: 73502 ns
[171.346s][info ][safepoint      ] Safepoint "Cleanup", Time since last: 2000205754 ns, Reaching safepoint: 69102 ns, At safepoint: 5200 ns, Total: 74302 ns
[173.540s][info ][gc,start       ] GC(79) Pause Young (Allocation Failure)
[173.549s][debug][gc,phases      ] GC(79) Scavenge 9.570ms
[173.549s][debug][gc,ref         ] GC(79) Skipped phase 1 of Reference Processing: no references
[173.549s][debug][gc,ref         ] GC(79) Skipped phase 3 of Reference Processing: no references
[173.549s][debug][gc,phases      ] GC(79) Reference Processing 0.052ms
[173.550s][debug][gc,phases      ] GC(79) Weak Processing 0.996ms
[173.550s][debug][gc,age         ] GC(79) Desired survivor size 71303168 bytes, new threshold 15 (max threshold 15)
[173.550s][info ][gc,heap        ] GC(79) PSYoungGen: 1969688K(2023424K)->24200K(2019328K) Eden: 1945600K(1945600K)->0K(1945600K) From: 24088K(77824K)->24200K(73728K)
[173.550s][info ][gc,heap        ] GC(79) ParOldGen: 337880K(394240K)->337888K(394240K)
[173.550s][info ][gc,metaspace   ] GC(79) Metaspace: 76647K(77248K)->76647K(77248K) NonClass: 66125K(66432K)->66125K(66432K) Class: 10521K(10816K)->10521K(10816K)
[173.550s][info ][gc             ] GC(79) Pause Young (Allocation Failure) 2253M->353M(2357M) 10.893ms
[173.550s][info ][gc,cpu         ] GC(79) User=0.04s Sys=0.00s Real=0.01s
[173.550s][info ][safepoint      ] Safepoint "ParallelGCFailedAllocation", Time since last: 2192990706 ns, Reaching safepoint: 72402 ns, At safepoint: 11029932 ns, Total: 11102334 ns
[174.551s][info ][safepoint      ] Safepoint "Cleanup", Time since last: 1000100526 ns, Reaching safepoint: 162103 ns, At safepoint: 8301 ns, Total: 170404 ns
[175.551s][info ][safepoint      ] Safepoint "Cleanup", Time since last: 1000137126 ns, Reaching safepoint: 62602 ns, At safepoint: 4200 ns, Total: 66802 ns
[176.551s][info ][safepoint      ] Safepoint "Cleanup", Time since last: 1000144526 ns, Reaching safepoint: 95702 ns, At safepoint: 6900 ns, Total: 102602 ns
[177.551s][info ][safepoint      ] Safepoint "Cleanup", Time since last: 1000151527 ns, Reaching safepoint: 90602 ns, At safepoint: 13700 ns, Total: 104302 ns
[178.552s][info ][safepoint      ] Safepoint "Cleanup", Time since last: 1000147126 ns, Reaching safepoint: 72902 ns, At safepoint: 5300 ns, Total: 78202 ns
[179.552s][info ][safepoint      ] Safepoint "Cleanup", Time since last: 1000150126 ns, Reaching safepoint: 66001 ns, At safepoint: 8801 ns, Total: 74802 ns
[181.552s][info ][safepoint      ] Safepoint "Cleanup", Time since last: 2000222249 ns, Reaching safepoint: 84702 ns, At safepoint: 8900 ns, Total: 93602 ns
[182.552s][info ][safepoint      ] Safepoint "Cleanup", Time since last: 1000163226 ns, Reaching safepoint: 83401 ns, At safepoint: 5300 ns, Total: 88701 ns
[183.553s][info ][safepoint      ] Safepoint "Cleanup", Time since last: 1000147425 ns, Reaching safepoint: 83202 ns, At safepoint: 16800 ns, Total: 100002 ns
[188.553s][info ][safepoint      ] Safepoint "Cleanup", Time since last: 5000407814 ns, Reaching safepoint: 68202 ns, At safepoint: 7800 ns, Total: 76002 ns
[189.553s][info ][safepoint      ] Safepoint "Cleanup", Time since last: 1000144423 ns, Reaching safepoint: 71502 ns, At safepoint: 9800 ns, Total: 81302 ns
[190.554s][info ][safepoint      ] Safepoint "Cleanup", Time since last: 1000152423 ns, Reaching safepoint: 70302 ns, At safepoint: 7300 ns, Total: 77602 ns
[194.554s][info ][safepoint      ] Safepoint "Cleanup", Time since last: 4000363485 ns, Reaching safepoint: 64702 ns, At safepoint: 8000 ns, Total: 72702 ns
[197.555s][info ][safepoint      ] Safepoint "Cleanup", Time since last: 3000283962 ns, Reaching safepoint: 88502 ns, At safepoint: 9600 ns, Total: 98102 ns
[199.555s][info ][safepoint      ] Safepoint "Cleanup", Time since last: 2000201340 ns, Reaching safepoint: 78602 ns, At safepoint: 10700 ns, Total: 89302 ns
[201.555s][info ][safepoint      ] Safepoint "Cleanup", Time since last: 2000223640 ns, Reaching safepoint: 76401 ns, At safepoint: 4500 ns, Total: 80901 ns
[205.556s][info ][safepoint      ] Safepoint "Cleanup", Time since last: 4000376976 ns, Reaching safepoint: 136302 ns, At safepoint: 12701 ns, Total: 149003 ns
[207.556s][info ][safepoint      ] Safepoint "Cleanup", Time since last: 2000202736 ns, Reaching safepoint: 74202 ns, At safepoint: 5900 ns, Total: 80102 ns
[208.556s][info ][safepoint      ] Safepoint "Cleanup", Time since last: 1000154319 ns, Reaching safepoint: 79001 ns, At safepoint: 4801 ns, Total: 83802 ns
[211.557s][info ][safepoint      ] Safepoint "Cleanup", Time since last: 3000290751 ns, Reaching safepoint: 87902 ns, At safepoint: 7000 ns, Total: 94902 ns
[212.557s][info ][safepoint      ] Safepoint "Cleanup", Time since last: 1000130918 ns, Reaching safepoint: 78202 ns, At safepoint: 25700 ns, Total: 103902 ns
[213.557s][info ][safepoint      ] Safepoint "Cleanup", Time since last: 1000172018 ns, Reaching safepoint: 69902 ns, At safepoint: 4300 ns, Total: 74202 ns
[214.557s][info ][safepoint      ] Safepoint "Cleanup", Time since last: 1000157317 ns, Reaching safepoint: 84102 ns, At safepoint: 8000 ns, Total: 92102 ns
[215.558s][info ][safepoint      ] Safepoint "Cleanup", Time since last: 1000196819 ns, Reaching safepoint: 77301 ns, At safepoint: 7900 ns, Total: 85201 ns
[217.558s][info ][safepoint      ] Safepoint "Cleanup", Time since last: 2000240233 ns, Reaching safepoint: 108002 ns, At safepoint: 12300 ns, Total: 120302 ns
[218.558s][info ][safepoint      ] Safepoint "Cleanup", Time since last: 1000156917 ns, Reaching safepoint: 84802 ns, At safepoint: 8100 ns, Total: 92902 ns
[220.559s][info ][safepoint      ] Safepoint "Cleanup", Time since last: 2000221531 ns, Reaching safepoint: 146203 ns, At safepoint: 6800 ns, Total: 153003 ns
[237.560s][info ][safepoint      ] Safepoint "Cleanup", Time since last: 17001181209 ns, Reaching safepoint: 132703 ns, At safepoint: 16301 ns, Total: 149004 ns
[238.560s][info ][safepoint      ] Safepoint "Cleanup", Time since last: 1000148512 ns, Reaching safepoint: 89301 ns, At safepoint: 5801 ns, Total: 95102 ns
[239.560s][info ][safepoint      ] Safepoint "Cleanup", Time since last: 1000149011 ns, Reaching safepoint: 127403 ns, At safepoint: 11200 ns, Total: 138603 ns
[240.561s][info ][safepoint      ] Safepoint "Cleanup", Time since last: 1000148312 ns, Reaching safepoint: 70201 ns, At safepoint: 5000 ns, Total: 75201 ns
[241.561s][info ][safepoint      ] Safepoint "Cleanup", Time since last: 1000123311 ns, Reaching safepoint: 122103 ns, At safepoint: 7200 ns, Total: 129303 ns
[246.561s][info ][safepoint      ] Safepoint "Cleanup", Time since last: 5000418346 ns, Reaching safepoint: 78702 ns, At safepoint: 4000 ns, Total: 82702 ns
[249.562s][info ][safepoint      ] Safepoint "Cleanup", Time since last: 3000298126 ns, Reaching safepoint: 61501 ns, At safepoint: 7800 ns, Total: 69301 ns
[250.562s][info ][safepoint      ] Safepoint "Cleanup", Time since last: 1000149410 ns, Reaching safepoint: 76001 ns, At safepoint: 9900 ns, Total: 85901 ns
[252.562s][info ][safepoint      ] Safepoint "Cleanup", Time since last: 2000217917 ns, Reaching safepoint: 91402 ns, At safepoint: 12000 ns, Total: 103402 ns
[255.844s][info ][gc,start       ] GC(80) Pause Young (Allocation Failure)
[255.855s][debug][gc,phases      ] GC(80) Scavenge 10.514ms
[255.855s][debug][gc,ref         ] GC(80) Skipped phase 1 of Reference Processing: no references
[255.855s][debug][gc,ref         ] GC(80) Skipped phase 3 of Reference Processing: no references
[255.855s][debug][gc,phases      ] GC(80) Reference Processing 0.059ms
[255.856s][debug][gc,phases      ] GC(80) Weak Processing 1.120ms
[255.856s][debug][gc,age         ] GC(80) Desired survivor size 67108864 bytes, new threshold 15 (max threshold 15)
[255.856s][info ][gc,heap        ] GC(80) PSYoungGen: 1969800K(2019328K)->26888K(2031616K) Eden: 1945600K(1945600K)->0K(1961984K) From: 24200K(73728K)->26888K(69632K)
[255.856s][info ][gc,heap        ] GC(80) ParOldGen: 337888K(394240K)->337896K(394240K)
[255.856s][info ][gc,metaspace   ] GC(80) Metaspace: 76729K(77312K)->76729K(77312K) NonClass: 66203K(66496K)->66203K(66496K) Class: 10526K(10816K)->10526K(10816K)
[255.856s][info ][gc             ] GC(80) Pause Young (Allocation Failure) 2253M->356M(2369M) 11.952ms
[255.856s][info ][gc,cpu         ] GC(80) User=0.04s Sys=0.00s Real=0.01s
[255.856s][info ][safepoint      ] Safepoint "ParallelGCFailedAllocation", Time since last: 3281992539 ns, Reaching safepoint: 64501 ns, At safepoint: 12095554 ns, Total: 12160055 ns
[258.857s][info ][safepoint      ] Safepoint "Cleanup", Time since last: 3000259520 ns, Reaching safepoint: 128602 ns, At safepoint: 9300 ns, Total: 137902 ns
[263.857s][info ][safepoint      ] Safepoint "Cleanup", Time since last: 5000388827 ns, Reaching safepoint: 69002 ns, At safepoint: 4800 ns, Total: 73802 ns
[265.858s][info ][safepoint      ] Safepoint "Cleanup", Time since last: 2000226110 ns, Reaching safepoint: 73002 ns, At safepoint: 4800 ns, Total: 77802 ns
[266.858s][info ][safepoint      ] Safepoint "Cleanup", Time since last: 1000162906 ns, Reaching safepoint: 121403 ns, At safepoint: 11400 ns, Total: 132803 ns
[273.859s][info ][safepoint      ] Safepoint "Cleanup", Time since last: 7000575825 ns, Reaching safepoint: 70301 ns, At safepoint: 6800 ns, Total: 77101 ns
[275.859s][info ][safepoint      ] Safepoint "Cleanup", Time since last: 2000210607 ns, Reaching safepoint: 75601 ns, At safepoint: 9100 ns, Total: 84701 ns
[276.859s][info ][safepoint      ] Safepoint "Cleanup", Time since last: 1000150704 ns, Reaching safepoint: 83602 ns, At safepoint: 10900 ns, Total: 94502 ns
[277.859s][info ][safepoint      ] Safepoint "Cleanup", Time since last: 1000142203 ns, Reaching safepoint: 112803 ns, At safepoint: 5000 ns, Total: 117803 ns
[281.860s][info ][safepoint      ] Safepoint "Cleanup", Time since last: 4000333406 ns, Reaching safepoint: 68602 ns, At safepoint: 7900 ns, Total: 76502 ns
[284.860s][info ][safepoint      ] Safepoint "Cleanup", Time since last: 3000295304 ns, Reaching safepoint: 75801 ns, At safepoint: 8500 ns, Total: 84301 ns
[285.860s][info ][safepoint      ] Safepoint "Cleanup", Time since last: 1000149702 ns, Reaching safepoint: 100002 ns, At safepoint: 11801 ns, Total: 111803 ns
[286.861s][info ][safepoint      ] Safepoint "Cleanup", Time since last: 1000152501 ns, Reaching safepoint: 141203 ns, At safepoint: 8800 ns, Total: 150003 ns
[287.861s][info ][safepoint      ] Safepoint "Cleanup", Time since last: 1000146102 ns, Reaching safepoint: 73901 ns, At safepoint: 7200 ns, Total: 81101 ns
[289.403s][info ][safepoint      ] Safepoint "Cleanup", Time since last: 1542395888 ns, Reaching safepoint: 148703 ns, At safepoint: 12800 ns, Total: 161503 ns
[290.404s][info ][safepoint      ] Safepoint "Cleanup", Time since last: 1000142801 ns, Reaching safepoint: 74002 ns, At safepoint: 7100 ns, Total: 81102 ns
[295.404s][info ][safepoint      ] Safepoint "Cleanup", Time since last: 5000419494 ns, Reaching safepoint: 61502 ns, At safepoint: 4800 ns, Total: 66302 ns
[296.404s][info ][safepoint      ] Safepoint "Cleanup", Time since last: 1000140599 ns, Reaching safepoint: 74102 ns, At safepoint: 7100 ns, Total: 81202 ns
[297.405s][info ][safepoint      ] Safepoint "Cleanup", Time since last: 1000139199 ns, Reaching safepoint: 76502 ns, At safepoint: 5200 ns, Total: 81702 ns
[299.405s][info ][safepoint      ] Safepoint "Cleanup", Time since last: 2000224797 ns, Reaching safepoint: 75202 ns, At safepoint: 14500 ns, Total: 89702 ns
[301.405s][info ][safepoint      ] Safepoint "Cleanup", Time since last: 2000203296 ns, Reaching safepoint: 75501 ns, At safepoint: 7700 ns, Total: 83201 ns
[303.406s][info ][safepoint      ] Safepoint "Cleanup", Time since last: 2000178495 ns, Reaching safepoint: 69101 ns, At safepoint: 5400 ns, Total: 74501 ns
[305.406s][info ][safepoint      ] Safepoint "Cleanup", Time since last: 2000189894 ns, Reaching safepoint: 92902 ns, At safepoint: 14100 ns, Total: 107002 ns
[308.406s][info ][safepoint      ] Safepoint "Cleanup", Time since last: 3000304190 ns, Reaching safepoint: 108602 ns, At safepoint: 6900 ns, Total: 115502 ns
[315.407s][info ][safepoint      ] Safepoint "Cleanup", Time since last: 7000580067 ns, Reaching safepoint: 111902 ns, At safepoint: 10100 ns, Total: 122002 ns
[319.407s][info ][safepoint      ] Safepoint "Cleanup", Time since last: 4000365477 ns, Reaching safepoint: 80202 ns, At safepoint: 8700 ns, Total: 88902 ns
[321.408s][info ][safepoint      ] Safepoint "Cleanup", Time since last: 2000222588 ns, Reaching safepoint: 88002 ns, At safepoint: 10201 ns, Total: 98203 ns
[322.408s][info ][safepoint      ] Safepoint "Cleanup", Time since last: 1000156794 ns, Reaching safepoint: 84602 ns, At safepoint: 9600 ns, Total: 94202 ns
[323.408s][info ][safepoint      ] Safepoint "Cleanup", Time since last: 1000162695 ns, Reaching safepoint: 158603 ns, At safepoint: 12001 ns, Total: 170604 ns
[325.409s][info ][safepoint      ] Safepoint "Cleanup", Time since last: 2000210086 ns, Reaching safepoint: 58801 ns, At safepoint: 6000 ns, Total: 64801 ns
[329.409s][info ][safepoint      ] Safepoint "Cleanup", Time since last: 4000371170 ns, Reaching safepoint: 124803 ns, At safepoint: 9900 ns, Total: 134703 ns
[332.409s][info ][safepoint      ] Safepoint "Cleanup", Time since last: 3000300976 ns, Reaching safepoint: 63001 ns, At safepoint: 5000 ns, Total: 68001 ns
[334.410s][info ][safepoint      ] Safepoint "Cleanup", Time since last: 2000228084 ns, Reaching safepoint: 66801 ns, At safepoint: 4700 ns, Total: 71501 ns
[335.233s][info ][gc,start       ] GC(81) Pause Young (Allocation Failure)
[335.243s][debug][gc,phases      ] GC(81) Scavenge 10.296ms
[335.243s][debug][gc,ref         ] GC(81) Skipped phase 1 of Reference Processing: no references
[335.243s][debug][gc,ref         ] GC(81) Skipped phase 3 of Reference Processing: no references
[335.243s][debug][gc,phases      ] GC(81) Reference Processing 0.047ms
[335.244s][debug][gc,phases      ] GC(81) Weak Processing 1.161ms
[335.244s][debug][gc,age         ] GC(81) Desired survivor size 63438848 bytes, new threshold 15 (max threshold 15)
[335.244s][info ][gc,heap        ] GC(81) PSYoungGen: 1988872K(2031616K)->26968K(2027520K) Eden: 1961984K(1961984K)->0K(1961984K) From: 26888K(69632K)->26968K(65536K)
[335.244s][info ][gc,heap        ] GC(81) ParOldGen: 337896K(394240K)->337896K(394240K)
[335.244s][info ][gc,metaspace   ] GC(81) Metaspace: 76814K(77440K)->76814K(77440K) NonClass: 66284K(66624K)->66284K(66624K) Class: 10530K(10816K)->10530K(10816K)
[335.244s][info ][gc             ] GC(81) Pause Young (Allocation Failure) 2272M->356M(2365M) 11.749ms
[335.244s][info ][gc,cpu         ] GC(81) User=0.04s Sys=0.00s Real=0.01s
[335.244s][info ][safepoint      ] Safepoint "ParallelGCFailedAllocation", Time since last: 822688668 ns, Reaching safepoint: 41901 ns, At safepoint: 11900049 ns, Total: 11941950 ns
[337.245s][info ][safepoint      ] Safepoint "Cleanup", Time since last: 2000187582 ns, Reaching safepoint: 168804 ns, At safepoint: 10500 ns, Total: 179304 ns
[338.245s][info ][safepoint      ] Safepoint "Cleanup", Time since last: 1000149392 ns, Reaching safepoint: 166003 ns, At safepoint: 10400 ns, Total: 176403 ns
[342.246s][info ][safepoint      ] Safepoint "Cleanup", Time since last: 4000375861 ns, Reaching safepoint: 70601 ns, At safepoint: 6900 ns, Total: 77501 ns
[344.246s][info ][safepoint      ] Safepoint "Cleanup", Time since last: 2000211580 ns, Reaching safepoint: 123102 ns, At safepoint: 10800 ns, Total: 133902 ns
[346.246s][info ][safepoint      ] Safepoint "Cleanup", Time since last: 2000203379 ns, Reaching safepoint: 77002 ns, At safepoint: 8900 ns, Total: 85902 ns
[347.246s][info ][safepoint      ] Safepoint "Cleanup", Time since last: 1000148990 ns, Reaching safepoint: 72502 ns, At safepoint: 10200 ns, Total: 82702 ns
[350.247s][info ][safepoint      ] Safepoint "Cleanup", Time since last: 3000277865 ns, Reaching safepoint: 80302 ns, At safepoint: 10000 ns, Total: 90302 ns
[352.247s][info ][safepoint      ] Safepoint "Cleanup", Time since last: 2000220077 ns, Reaching safepoint: 68801 ns, At safepoint: 4300 ns, Total: 73101 ns
[354.247s][info ][safepoint      ] Safepoint "Cleanup", Time since last: 2000188576 ns, Reaching safepoint: 67201 ns, At safepoint: 11601 ns, Total: 78802 ns
[355.248s][info ][safepoint      ] Safepoint "Cleanup", Time since last: 1000185589 ns, Reaching safepoint: 79902 ns, At safepoint: 9300 ns, Total: 89202 ns
[357.248s][info ][safepoint      ] Safepoint "Cleanup", Time since last: 2000229175 ns, Reaching safepoint: 88002 ns, At safepoint: 11700 ns, Total: 99702 ns
[358.248s][info ][safepoint      ] Safepoint "Cleanup", Time since last: 1000098887 ns, Reaching safepoint: 62202 ns, At safepoint: 5400 ns, Total: 67602 ns
[359.248s][info ][safepoint      ] Safepoint "Cleanup", Time since last: 1000135287 ns, Reaching safepoint: 119403 ns, At safepoint: 6600 ns, Total: 126003 ns
[361.249s][info ][safepoint      ] Safepoint "Cleanup", Time since last: 2000210773 ns, Reaching safepoint: 72202 ns, At safepoint: 5000 ns, Total: 77202 ns
[365.249s][info ][safepoint      ] Safepoint "Cleanup", Time since last: 4000368944 ns, Reaching safepoint: 76901 ns, At safepoint: 7700 ns, Total: 84601 ns
[366.249s][info ][safepoint      ] Safepoint "Cleanup", Time since last: 1000147787 ns, Reaching safepoint: 85002 ns, At safepoint: 6700 ns, Total: 91702 ns
[370.250s][info ][safepoint      ] Safepoint "Cleanup", Time since last: 4000397841 ns, Reaching safepoint: 82201 ns, At safepoint: 4701 ns, Total: 86902 ns
[372.250s][info ][safepoint      ] Safepoint "Cleanup", Time since last: 2000228770 ns, Reaching safepoint: 60501 ns, At safepoint: 4400 ns, Total: 64901 ns
[374.250s][info ][safepoint      ] Safepoint "Cleanup", Time since last: 2000193668 ns, Reaching safepoint: 85002 ns, At safepoint: 10500 ns, Total: 95502 ns
[376.251s][info ][safepoint      ] Safepoint "Cleanup", Time since last: 2000211769 ns, Reaching safepoint: 80601 ns, At safepoint: 11801 ns, Total: 92402 ns
[377.251s][info ][safepoint      ] Safepoint "Cleanup", Time since last: 1000153985 ns, Reaching safepoint: 68901 ns, At safepoint: 4200 ns, Total: 73101 ns
[378.251s][info ][safepoint      ] Safepoint "Cleanup", Time since last: 1000121884 ns, Reaching safepoint: 100802 ns, At safepoint: 12600 ns, Total: 113402 ns
[380.251s][info ][safepoint      ] Safepoint "Cleanup", Time since last: 2000191467 ns, Reaching safepoint: 133503 ns, At safepoint: 7500 ns, Total: 141003 ns
[381.252s][info ][safepoint      ] Safepoint "Cleanup", Time since last: 1000152184 ns, Reaching safepoint: 78002 ns, At safepoint: 4100 ns, Total: 82102 ns
[385.252s][info ][safepoint      ] Safepoint "Cleanup", Time since last: 4000353329 ns, Reaching safepoint: 71602 ns, At safepoint: 6800 ns, Total: 78402 ns
[389.253s][info ][safepoint      ] Safepoint "Cleanup", Time since last: 4000357227 ns, Reaching safepoint: 88202 ns, At safepoint: 8500 ns, Total: 96702 ns
[390.253s][info ][safepoint      ] Safepoint "Cleanup", Time since last: 1000150683 ns, Reaching safepoint: 110702 ns, At safepoint: 5000 ns, Total: 115702 ns
[395.253s][info ][safepoint      ] Safepoint "Cleanup", Time since last: 5000436604 ns, Reaching safepoint: 71202 ns, At safepoint: 8900 ns, Total: 80102 ns
[396.254s][info ][safepoint      ] Safepoint "Cleanup", Time since last: 1000154381 ns, Reaching safepoint: 70502 ns, At safepoint: 6400 ns, Total: 76902 ns
[398.254s][info ][safepoint      ] Safepoint "Cleanup", Time since last: 2000209761 ns, Reaching safepoint: 70201 ns, At safepoint: 19101 ns, Total: 89302 ns
[399.254s][info ][safepoint      ] Safepoint "Cleanup", Time since last: 1000126380 ns, Reaching safepoint: 73302 ns, At safepoint: 9300 ns, Total: 82602 ns
[401.254s][info ][safepoint      ] Safepoint "Cleanup", Time since last: 2000173959 ns, Reaching safepoint: 85102 ns, At safepoint: 6200 ns, Total: 91302 ns
[405.255s][info ][safepoint      ] Safepoint "Cleanup", Time since last: 4000383817 ns, Reaching safepoint: 83302 ns, At safepoint: 11500 ns, Total: 94802 ns
[407.255s][info ][safepoint      ] Safepoint "Cleanup", Time since last: 2000231059 ns, Reaching safepoint: 68301 ns, At safepoint: 8700 ns, Total: 77001 ns
[416.240s][info ][gc,start       ] GC(82) Pause Young (Allocation Failure)
[416.251s][debug][gc,phases      ] GC(82) Scavenge 11.129ms
[416.252s][debug][gc,ref         ] GC(82) Skipped phase 1 of Reference Processing: no references
[416.252s][debug][gc,ref         ] GC(82) Skipped phase 3 of Reference Processing: no references
[416.252s][debug][gc,phases      ] GC(82) Reference Processing 0.045ms
[416.253s][debug][gc,phases      ] GC(82) Weak Processing 1.149ms
[416.253s][debug][gc,age         ] GC(82) Desired survivor size 59768832 bytes, new threshold 15 (max threshold 15)
[416.253s][info ][gc,heap        ] GC(82) PSYoungGen: 1988952K(2027520K)->27256K(2038784K) Eden: 1961984K(1961984K)->0K(1976832K) From: 26968K(65536K)->27256K(61952K)
[416.253s][info ][gc,heap        ] GC(82) ParOldGen: 337896K(394240K)->337904K(394240K)
[416.253s][info ][gc,metaspace   ] GC(82) Metaspace: 76894K(77504K)->76894K(77504K) NonClass: 66356K(66688K)->66356K(66688K) Class: 10538K(10816K)->10538K(10816K)
[416.253s][info ][gc             ] GC(82) Pause Young (Allocation Failure) 2272M->356M(2376M) 12.584ms
[416.253s][info ][gc,cpu         ] GC(82) User=0.04s Sys=0.00s Real=0.01s
[416.253s][info ][safepoint      ] Safepoint "ParallelGCFailedAllocation", Time since last: 8984899566 ns, Reaching safepoint: 86402 ns, At safepoint: 12762168 ns, Total: 12848570 ns
[418.253s][info ][safepoint      ] Safepoint "Cleanup", Time since last: 2000177054 ns, Reaching safepoint: 63501 ns, At safepoint: 4400 ns, Total: 67901 ns
[419.253s][info ][safepoint      ] Safepoint "Cleanup", Time since last: 1000154278 ns, Reaching safepoint: 75602 ns, At safepoint: 4900 ns, Total: 80502 ns
[420.320s][info ][safepoint      ] Safepoint "Cleanup", Time since last: 1065946157 ns, Reaching safepoint: 192004 ns, At safepoint: 14001 ns, Total: 206005 ns
[423.320s][info ][safepoint      ] Safepoint "Cleanup", Time since last: 3000233028 ns, Reaching safepoint: 73301 ns, At safepoint: 9200 ns, Total: 82501 ns
[426.320s][info ][safepoint      ] Safepoint "Cleanup", Time since last: 3000293328 ns, Reaching safepoint: 117602 ns, At safepoint: 5200 ns, Total: 122802 ns
[428.321s][info ][safepoint      ] Safepoint "Cleanup", Time since last: 2000196951 ns, Reaching safepoint: 65902 ns, At safepoint: 10500 ns, Total: 76402 ns
[433.321s][info ][safepoint      ] Safepoint "Cleanup", Time since last: 5000411473 ns, Reaching safepoint: 76902 ns, At safepoint: 7400 ns, Total: 84302 ns
[439.056s][info ][safepoint      ] Safepoint "Cleanup", Time since last: 5735249180 ns, Reaching safepoint: 95802 ns, At safepoint: 8700 ns, Total: 104502 ns
[446.057s][info ][safepoint      ] Safepoint "Cleanup", Time since last: 7000536309 ns, Reaching safepoint: 72202 ns, At safepoint: 13900 ns, Total: 86102 ns
[447.057s][info ][safepoint      ] Safepoint "Cleanup", Time since last: 1000120273 ns, Reaching safepoint: 95202 ns, At safepoint: 12700 ns, Total: 107902 ns
[448.057s][info ][safepoint      ] Safepoint "Cleanup", Time since last: 1000130674 ns, Reaching safepoint: 87201 ns, At safepoint: 7800 ns, Total: 95001 ns
[451.058s][info ][safepoint      ] Safepoint "Cleanup", Time since last: 3000285017 ns, Reaching safepoint: 115202 ns, At safepoint: 9500 ns, Total: 124702 ns
[452.058s][info ][safepoint      ] Safepoint "Cleanup", Time since last: 1000103872 ns, Reaching safepoint: 73402 ns, At safepoint: 12700 ns, Total: 86102 ns
[453.058s][info ][safepoint      ] Safepoint "Cleanup", Time since last: 1000144273 ns, Reaching safepoint: 77401 ns, At safepoint: 9501 ns, Total: 86902 ns
[454.059s][info ][safepoint      ] Safepoint "Cleanup", Time since last: 1000149972 ns, Reaching safepoint: 93102 ns, At safepoint: 10000 ns, Total: 103102 ns
[456.059s][info ][safepoint      ] Safepoint "Cleanup", Time since last: 2000215843 ns, Reaching safepoint: 60402 ns, At safepoint: 4300 ns, Total: 64702 ns
[457.931s][info ][safepoint      ] Safepoint "Cleanup", Time since last: 1872385962 ns, Reaching safepoint: 61701 ns, At safepoint: 10200 ns, Total: 71901 ns
[459.932s][info ][safepoint      ] Safepoint "Cleanup", Time since last: 2000186642 ns, Reaching safepoint: 73501 ns, At safepoint: 18401 ns, Total: 91902 ns
[460.932s][info ][safepoint      ] Safepoint "Cleanup", Time since last: 1000139371 ns, Reaching safepoint: 67501 ns, At safepoint: 4000 ns, Total: 71501 ns
[463.932s][info ][safepoint      ] Safepoint "Cleanup", Time since last: 3000250810 ns, Reaching safepoint: 58201 ns, At safepoint: 7701 ns, Total: 65902 ns
[466.933s][info ][safepoint      ] Safepoint "Cleanup", Time since last: 3000274509 ns, Reaching safepoint: 233405 ns, At safepoint: 11800 ns, Total: 245205 ns
[470.933s][info ][safepoint      ] Safepoint "Cleanup", Time since last: 4000370377 ns, Reaching safepoint: 78801 ns, At safepoint: 17201 ns, Total: 96002 ns
[472.933s][info ][safepoint      ] Safepoint "Cleanup", Time since last: 2000224938 ns, Reaching safepoint: 78302 ns, At safepoint: 10500 ns, Total: 88802 ns
[474.934s][info ][safepoint      ] Safepoint "Cleanup", Time since last: 2000209837 ns, Reaching safepoint: 107403 ns, At safepoint: 8500 ns, Total: 115903 ns
[475.934s][info ][safepoint      ] Safepoint "Cleanup", Time since last: 1000121669 ns, Reaching safepoint: 70201 ns, At safepoint: 3600 ns, Total: 73801 ns
[477.934s][info ][safepoint      ] Safepoint "Cleanup", Time since last: 2000238238 ns, Reaching safepoint: 108302 ns, At safepoint: 7000 ns, Total: 115302 ns
[478.935s][info ][safepoint      ] Safepoint "Cleanup", Time since last: 1000118568 ns, Reaching safepoint: 97102 ns, At safepoint: 7801 ns, Total: 104903 ns
[481.935s][info ][safepoint      ] Safepoint "Cleanup", Time since last: 3000303803 ns, Reaching safepoint: 64601 ns, At safepoint: 3800 ns, Total: 68401 ns
[482.935s][info ][safepoint      ] Safepoint "Cleanup", Time since last: 1000141869 ns, Reaching safepoint: 133702 ns, At safepoint: 6701 ns, Total: 140403 ns
[486.936s][info ][safepoint      ] Safepoint "Cleanup", Time since last: 4000365367 ns, Reaching safepoint: 144203 ns, At safepoint: 9200 ns, Total: 153403 ns
[496.937s][info ][safepoint      ] Safepoint "Cleanup", Time since last: 10000775157 ns, Reaching safepoint: 144103 ns, At safepoint: 9001 ns, Total: 153104 ns
[498.334s][info ][gc,start       ] GC(83) Pause Young (Allocation Failure)
[498.345s][debug][gc,phases      ] GC(83) Scavenge 10.145ms
[498.345s][debug][gc,ref         ] GC(83) Skipped phase 1 of Reference Processing: no references
[498.345s][debug][gc,ref         ] GC(83) Skipped phase 3 of Reference Processing: no references
[498.345s][debug][gc,phases      ] GC(83) Reference Processing 0.044ms
[498.346s][debug][gc,phases      ] GC(83) Weak Processing 0.905ms
[498.346s][debug][gc,age         ] GC(83) Desired survivor size 56623104 bytes, new threshold 15 (max threshold 15)
[498.346s][info ][gc,heap        ] GC(83) PSYoungGen: 2004088K(2038784K)->27464K(2035200K) Eden: 1976832K(1976832K)->0K(1976832K) From: 27256K(61952K)->27464K(58368K)
[498.346s][info ][gc,heap        ] GC(83) ParOldGen: 337904K(394240K)->337912K(394240K)
[498.346s][info ][gc,metaspace   ] GC(83) Metaspace: 76935K(77568K)->76935K(77568K) NonClass: 66396K(66752K)->66396K(66752K) Class: 10538K(10816K)->10538K(10816K)
[498.346s][info ][gc             ] GC(83) Pause Young (Allocation Failure) 2287M->356M(2372M) 11.358ms
[498.346s][info ][gc,cpu         ] GC(83) User=0.04s Sys=0.00s Real=0.02s
[498.346s][info ][safepoint      ] Safepoint "ParallelGCFailedAllocation", Time since last: 1397723600 ns, Reaching safepoint: 61002 ns, At safepoint: 11498741 ns, Total: 11559743 ns
[499.346s][info ][safepoint      ] Safepoint "Cleanup", Time since last: 1000100365 ns, Reaching safepoint: 84502 ns, At safepoint: 11700 ns, Total: 96202 ns
[513.347s][info ][safepoint      ] Safepoint "Cleanup", Time since last: 14001113036 ns, Reaching safepoint: 128502 ns, At safepoint: 8901 ns, Total: 137403 ns
[515.348s][info ][safepoint      ] Safepoint "Cleanup", Time since last: 2000222262 ns, Reaching safepoint: 177103 ns, At safepoint: 10100 ns, Total: 187203 ns
[519.348s][info ][safepoint      ] Safepoint "Cleanup", Time since last: 4000362126 ns, Reaching safepoint: 77902 ns, At safepoint: 8600 ns, Total: 86502 ns
[530.349s][info ][safepoint      ] Safepoint "Cleanup", Time since last: 11000899975 ns, Reaching safepoint: 106403 ns, At safepoint: 20900 ns, Total: 127303 ns
[534.350s][info ][safepoint      ] Safepoint "Cleanup", Time since last: 4000365808 ns, Reaching safepoint: 72402 ns, At safepoint: 6700 ns, Total: 79102 ns
[535.350s][info ][safepoint      ] Safepoint "Cleanup", Time since last: 1000131754 ns, Reaching safepoint: 67701 ns, At safepoint: 3900 ns, Total: 71601 ns
[569.353s][info ][safepoint      ] Safepoint "Cleanup", Time since last: 34002590886 ns, Reaching safepoint: 371008 ns, At safepoint: 15501 ns, Total: 386509 ns
[570.353s][info ][safepoint      ] Safepoint "Cleanup", Time since last: 1000140942 ns, Reaching safepoint: 98502 ns, At safepoint: 8200 ns, Total: 106702 ns
[575.354s][info ][safepoint      ] Safepoint "Cleanup", Time since last: 5000475501 ns, Reaching safepoint: 108103 ns, At safepoint: 5700 ns, Total: 113803 ns
[576.354s][info ][safepoint      ] Safepoint "Cleanup", Time since last: 1000143440 ns, Reaching safepoint: 81102 ns, At safepoint: 8700 ns, Total: 89802 ns
[579.355s][info ][safepoint      ] Safepoint "Cleanup", Time since last: 3000436819 ns, Reaching safepoint: 135303 ns, At safepoint: 16300 ns, Total: 151603 ns
[579.581s][info ][gc,start       ] GC(84) Pause Young (Allocation Failure)
[579.601s][debug][gc,phases      ] GC(84) Scavenge 19.973ms
[579.601s][debug][gc,ref         ] GC(84) Skipped phase 1 of Reference Processing: no references
[579.601s][debug][gc,ref         ] GC(84) Skipped phase 3 of Reference Processing: no references
[579.601s][debug][gc,phases      ] GC(84) Reference Processing 0.078ms
[579.602s][debug][gc,phases      ] GC(84) Weak Processing 1.467ms
[579.602s][debug][gc,age         ] GC(84) Desired survivor size 54001664 bytes, new threshold 15 (max threshold 15)
[579.602s][info ][gc,heap        ] GC(84) PSYoungGen: 2004296K(2035200K)->27464K(2044416K) Eden: 1976832K(1976832K)->0K(1989120K) From: 27464K(58368K)->27464K(55296K)
[579.602s][info ][gc,heap        ] GC(84) ParOldGen: 337912K(394240K)->337920K(394240K)
[579.602s][info ][gc,metaspace   ] GC(84) Metaspace: 76981K(77632K)->76981K(77632K) NonClass: 66437K(66752K)->66437K(66752K) Class: 10543K(10880K)->10543K(10880K)
[579.603s][info ][gc             ] GC(84) Pause Young (Allocation Failure) 2287M->356M(2381M) 21.815ms
[579.603s][info ][gc,cpu         ] GC(84) User=0.04s Sys=0.01s Real=0.02s
[579.603s][info ][safepoint      ] Safepoint "ParallelGCFailedAllocation", Time since last: 225976754 ns, Reaching safepoint: 127603 ns, At safepoint: 21987362 ns, Total: 22114965 ns
[590.604s][info ][safepoint      ] Safepoint "Cleanup", Time since last: 11000923697 ns, Reaching safepoint: 152604 ns, At safepoint: 13800 ns, Total: 166404 ns
[596.604s][info ][safepoint      ] Safepoint "Cleanup", Time since last: 6000546101 ns, Reaching safepoint: 102003 ns, At safepoint: 14500 ns, Total: 116503 ns
[600.605s][info ][safepoint      ] Safepoint "Cleanup", Time since last: 4000380428 ns, Reaching safepoint: 89502 ns, At safepoint: 8500 ns, Total: 98002 ns
[603.605s][info ][safepoint      ] Safepoint "Cleanup", Time since last: 3000323594 ns, Reaching safepoint: 115503 ns, At safepoint: 8900 ns, Total: 124403 ns
[607.606s][info ][safepoint      ] Safepoint "Cleanup", Time since last: 4000416521 ns, Reaching safepoint: 91302 ns, At safepoint: 4900 ns, Total: 96202 ns
[610.606s][info ][safepoint      ] Safepoint "Cleanup", Time since last: 3000300187 ns, Reaching safepoint: 107802 ns, At safepoint: 11501 ns, Total: 119303 ns
[616.607s][info ][safepoint      ] Safepoint "Cleanup", Time since last: 6000574765 ns, Reaching safepoint: 144303 ns, At safepoint: 5500 ns, Total: 149803 ns
[618.607s][info ][safepoint      ] Safepoint "Cleanup", Time since last: 2000223554 ns, Reaching safepoint: 88502 ns, At safepoint: 5100 ns, Total: 93602 ns
[622.608s][info ][safepoint      ] Safepoint "Cleanup", Time since last: 4000388502 ns, Reaching safepoint: 95502 ns, At safepoint: 10400 ns, Total: 105902 ns
[623.617s][info ][safepoint      ] Safepoint "Cleanup", Time since last: 1000973844 ns, Reaching safepoint: 7985967 ns, At safepoint: 24801 ns, Total: 8010768 ns
[626.621s][info ][safepoint      ] Safepoint "Cleanup", Time since last: 3004080752 ns, Reaching safepoint: 80402 ns, At safepoint: 5500 ns, Total: 85902 ns
[638.622s][info ][safepoint      ] Safepoint "Cleanup", Time since last: 12000898959 ns, Reaching safepoint: 101903 ns, At safepoint: 6200 ns, Total: 108103 ns
[658.144s][info ][gc,start       ] GC(85) Pause Young (Allocation Failure)
[658.160s][debug][gc,phases      ] GC(85) Scavenge 15.636ms
[658.160s][debug][gc,ref         ] GC(85) Skipped phase 1 of Reference Processing: no references
[658.160s][debug][gc,ref         ] GC(85) Skipped phase 3 of Reference Processing: no references
[658.160s][debug][gc,phases      ] GC(85) Reference Processing 0.054ms
[658.161s][debug][gc,phases      ] GC(85) Weak Processing 1.455ms
[658.161s][debug][gc,age         ] GC(85) Desired survivor size 51380224 bytes, new threshold 15 (max threshold 15)
[658.161s][info ][gc,heap        ] GC(85) PSYoungGen: 2016584K(2044416K)->27512K(2041856K) Eden: 1989120K(1989120K)->0K(1989120K) From: 27464K(55296K)->27512K(52736K)
[658.161s][info ][gc,heap        ] GC(85) ParOldGen: 337920K(394240K)->337928K(394240K)
[658.161s][info ][gc,metaspace   ] GC(85) Metaspace: 77018K(77696K)->77018K(77696K) NonClass: 66474K(66816K)->66474K(66816K) Class: 10543K(10880K)->10543K(10880K)
[658.161s][info ][gc             ] GC(85) Pause Young (Allocation Failure) 2299M->356M(2379M) 17.451ms
[658.161s][info ][gc,cpu         ] GC(85) User=0.05s Sys=0.00s Real=0.02s
[658.161s][info ][safepoint      ] Safepoint "ParallelGCFailedAllocation", Time since last: 19521613557 ns, Reaching safepoint: 224805 ns, At safepoint: 17604870 ns, Total: 17829675 ns
[659.162s][info ][safepoint      ] Safepoint "Cleanup", Time since last: 1000080415 ns, Reaching safepoint: 61801 ns, At safepoint: 6500 ns, Total: 68301 ns
[668.162s][info ][safepoint      ] Safepoint "Cleanup", Time since last: 9000629915 ns, Reaching safepoint: 121603 ns, At safepoint: 10600 ns, Total: 132203 ns
[674.163s][info ][safepoint      ] Safepoint "Cleanup", Time since last: 6000447266 ns, Reaching safepoint: 69401 ns, At safepoint: 5100 ns, Total: 74501 ns
[675.163s][info ][safepoint      ] Safepoint "Cleanup", Time since last: 1000162812 ns, Reaching safepoint: 75102 ns, At safepoint: 8600 ns, Total: 83702 ns
[677.163s][info ][safepoint      ] Safepoint "Cleanup", Time since last: 2000204720 ns, Reaching safepoint: 65802 ns, At safepoint: 3800 ns, Total: 69602 ns
[680.164s][info ][safepoint      ] Safepoint "Cleanup", Time since last: 3000271727 ns, Reaching safepoint: 62802 ns, At safepoint: 4100 ns, Total: 66902 ns
[684.164s][info ][safepoint      ] Safepoint "Cleanup", Time since last: 4000333333 ns, Reaching safepoint: 62201 ns, At safepoint: 8100 ns, Total: 70301 ns
[699.165s][info ][safepoint      ] Safepoint "Cleanup", Time since last: 15001074383 ns, Reaching safepoint: 73601 ns, At safepoint: 4000 ns, Total: 77601 ns
[704.166s][info ][safepoint      ] Safepoint "Cleanup", Time since last: 5000395916 ns, Reaching safepoint: 99802 ns, At safepoint: 6100 ns, Total: 105902 ns
[710.166s][info ][safepoint      ] Safepoint "Cleanup", Time since last: 6000474710 ns, Reaching safepoint: 62502 ns, At safepoint: 4600 ns, Total: 67102 ns
[711.166s][info ][safepoint      ] Safepoint "Cleanup", Time since last: 1000094601 ns, Reaching safepoint: 67301 ns, At safepoint: 9401 ns, Total: 76702 ns
[735.393s][info ][gc,start       ] GC(86) Pause Young (Allocation Failure)
[735.406s][debug][gc,phases      ] GC(86) Scavenge 12.131ms
[735.406s][debug][gc,ref         ] GC(86) Skipped phase 1 of Reference Processing: no references
[735.406s][debug][gc,ref         ] GC(86) Skipped phase 3 of Reference Processing: no references
[735.406s][debug][gc,phases      ] GC(86) Reference Processing 0.049ms
[735.407s][debug][gc,phases      ] GC(86) Weak Processing 1.125ms
[735.407s][debug][gc,age         ] GC(86) Desired survivor size 49283072 bytes, new threshold 15 (max threshold 15)
[735.407s][info ][gc,heap        ] GC(86) PSYoungGen: 2016632K(2041856K)->27560K(2049024K) Eden: 1989120K(1989120K)->0K(1998848K) From: 27512K(52736K)->27560K(50176K)
[735.407s][info ][gc,heap        ] GC(86) ParOldGen: 337928K(394240K)->337936K(394240K)
[735.407s][info ][gc,metaspace   ] GC(86) Metaspace: 77070K(77760K)->77070K(77760K) NonClass: 66526K(66880K)->66526K(66880K) Class: 10543K(10880K)->10543K(10880K)
[735.407s][info ][gc             ] GC(86) Pause Young (Allocation Failure) 2299M->356M(2386M) 13.543ms
[735.407s][info ][gc,cpu         ] GC(86) User=0.03s Sys=0.01s Real=0.02s
[735.407s][info ][safepoint      ] Safepoint "ParallelGCFailedAllocation", Time since last: 24226899171 ns, Reaching safepoint: 110302 ns, At safepoint: 13682888 ns, Total: 13793190 ns
[738.407s][info ][safepoint      ] Safepoint "Cleanup", Time since last: 3000253484 ns, Reaching safepoint: 89701 ns, At safepoint: 6201 ns, Total: 95902 ns
[739.408s][info ][safepoint      ] Safepoint "Cleanup", Time since last: 1000163895 ns, Reaching safepoint: 93402 ns, At safepoint: 7001 ns, Total: 100403 ns
[740.408s][info ][safepoint      ] Safepoint "Cleanup", Time since last: 1000195296 ns, Reaching safepoint: 141703 ns, At safepoint: 12100 ns, Total: 153803 ns
[749.409s][info ][safepoint      ] Safepoint "Cleanup", Time since last: 9000664333 ns, Reaching safepoint: 138403 ns, At safepoint: 14500 ns, Total: 152903 ns
[750.409s][info ][safepoint      ] Safepoint "Cleanup", Time since last: 1000137493 ns, Reaching safepoint: 82702 ns, At safepoint: 4000 ns, Total: 86702 ns
[758.410s][info ][safepoint      ] Safepoint "Cleanup", Time since last: 8000654625 ns, Reaching safepoint: 85001 ns, At safepoint: 9501 ns, Total: 94502 ns
[759.410s][info ][safepoint      ] Safepoint "Cleanup", Time since last: 1000161791 ns, Reaching safepoint: 102502 ns, At safepoint: 7800 ns, Total: 110302 ns
[764.411s][info ][safepoint      ] Safepoint "Cleanup", Time since last: 5000401744 ns, Reaching safepoint: 86702 ns, At safepoint: 11200 ns, Total: 97902 ns
[767.411s][info ][safepoint      ] Safepoint "Cleanup", Time since last: 3000278865 ns, Reaching safepoint: 136003 ns, At safepoint: 9100 ns, Total: 145103 ns
[798.413s][info ][safepoint      ] Safepoint "Cleanup", Time since last: 31002156306 ns, Reaching safepoint: 103302 ns, At safepoint: 4000 ns, Total: 107302 ns
[806.414s][info ][safepoint      ] Safepoint "Cleanup", Time since last: 8000700642 ns, Reaching safepoint: 116303 ns, At safepoint: 6800 ns, Total: 123103 ns
[810.415s][info ][safepoint      ] Safepoint "Cleanup", Time since last: 4000344416 ns, Reaching safepoint: 83802 ns, At safepoint: 9600 ns, Total: 93402 ns
[813.415s][info ][safepoint      ] Safepoint "Cleanup", Time since last: 3000307636 ns, Reaching safepoint: 69902 ns, At safepoint: 4400 ns, Total: 74302 ns
[816.415s][info ][safepoint      ] Safepoint "Cleanup", Time since last: 3000298834 ns, Reaching safepoint: 75201 ns, At safepoint: 8900 ns, Total: 84101 ns
[817.836s][info ][gc,start       ] GC(87) Pause Young (Allocation Failure)
[817.847s][debug][gc,phases      ] GC(87) Scavenge 11.536ms
[817.847s][debug][gc,ref         ] GC(87) Skipped phase 1 of Reference Processing: no references
[817.847s][debug][gc,ref         ] GC(87) Skipped phase 3 of Reference Processing: no references
[817.847s][debug][gc,phases      ] GC(87) Reference Processing 0.046ms
[817.848s][debug][gc,phases      ] GC(87) Weak Processing 0.999ms
[817.848s][debug][gc,age         ] GC(87) Desired survivor size 47185920 bytes, new threshold 15 (max threshold 15)
[817.848s][info ][gc,heap        ] GC(87) PSYoungGen: 2026408K(2049024K)->27288K(2046976K) Eden: 1998848K(1998848K)->0K(1998848K) From: 27560K(50176K)->27288K(48128K)
[817.848s][info ][gc,heap        ] GC(87) ParOldGen: 337936K(394240K)->337936K(394240K)
[817.848s][info ][gc,metaspace   ] GC(87) Metaspace: 77079K(77760K)->77079K(77760K) NonClass: 66535K(66880K)->66535K(66880K) Class: 10543K(10880K)->10543K(10880K)
[817.848s][info ][gc             ] GC(87) Pause Young (Allocation Failure) 2308M->356M(2384M) 12.843ms
[817.848s][info ][gc,cpu         ] GC(87) User=0.05s Sys=0.00s Real=0.02s
[817.848s][info ][safepoint      ] Safepoint "ParallelGCFailedAllocation", Time since last: 1420043587 ns, Reaching safepoint: 58401 ns, At safepoint: 12984972 ns, Total: 13043373 ns
[826.849s][info ][safepoint      ] Safepoint "Cleanup", Time since last: 9000640884 ns, Reaching safepoint: 74901 ns, At safepoint: 8300 ns, Total: 83201 ns
[830.850s][info ][safepoint      ] Safepoint "Cleanup", Time since last: 4000382001 ns, Reaching safepoint: 96502 ns, At safepoint: 13200 ns, Total: 109702 ns
[832.850s][info ][safepoint      ] Safepoint "Cleanup", Time since last: 2000189149 ns, Reaching safepoint: 113603 ns, At safepoint: 6500 ns, Total: 120103 ns
[835.850s][info ][safepoint      ] Safepoint "Cleanup", Time since last: 3000256821 ns, Reaching safepoint: 84602 ns, At safepoint: 10500 ns, Total: 95102 ns
[845.851s][info ][safepoint      ] Safepoint "Cleanup", Time since last: 10000802926 ns, Reaching safepoint: 76701 ns, At safepoint: 7700 ns, Total: 84401 ns
[879.854s][info ][safepoint      ] Safepoint "Cleanup", Time since last: 34002338518 ns, Reaching safepoint: 114102 ns, At safepoint: 4600 ns, Total: 118702 ns
[880.854s][info ][safepoint      ] Safepoint "Cleanup", Time since last: 1000163267 ns, Reaching safepoint: 65602 ns, At safepoint: 4800 ns, Total: 70402 ns
[883.854s][info ][safepoint      ] Safepoint "Cleanup", Time since last: 3000269395 ns, Reaching safepoint: 68102 ns, At safepoint: 4700 ns, Total: 72802 ns
[884.854s][info ][safepoint      ] Safepoint "Cleanup", Time since last: 1000127365 ns, Reaching safepoint: 88202 ns, At safepoint: 7400 ns, Total: 95602 ns
[897.856s][info ][safepoint      ] Safepoint "Cleanup", Time since last: 13001042923 ns, Reaching safepoint: 125503 ns, At safepoint: 9100 ns, Total: 134603 ns
[906.856s][info ][safepoint      ] Safepoint "Cleanup", Time since last: 9000699352 ns, Reaching safepoint: 87102 ns, At safepoint: 10700 ns, Total: 97802 ns
[908.294s][info ][gc,start       ] GC(88) Pause Young (Allocation Failure)
[908.305s][debug][gc,phases      ] GC(88) Scavenge 11.001ms
[908.305s][debug][gc,ref         ] GC(88) Skipped phase 1 of Reference Processing: no references
[908.305s][debug][gc,ref         ] GC(88) Skipped phase 3 of Reference Processing: no references
[908.305s][debug][gc,phases      ] GC(88) Reference Processing 0.052ms
[908.306s][debug][gc,phases      ] GC(88) Weak Processing 1.171ms
[908.306s][debug][gc,age         ] GC(88) Desired survivor size 45088768 bytes, new threshold 15 (max threshold 15)
[908.306s][info ][gc,heap        ] GC(88) PSYoungGen: 2026136K(2046976K)->27320K(2053120K) Eden: 1998848K(1998848K)->0K(2007040K) From: 27288K(48128K)->27320K(46080K)
[908.306s][info ][gc,heap        ] GC(88) ParOldGen: 337936K(394240K)->337936K(394240K)
[908.306s][info ][gc,metaspace   ] GC(88) Metaspace: 77086K(77760K)->77086K(77760K) NonClass: 66542K(66880K)->66542K(66880K) Class: 10544K(10880K)->10544K(10880K)
[908.306s][info ][gc             ] GC(88) Pause Young (Allocation Failure) 2308M->356M(2390M) 12.483ms
[908.306s][info ][gc,cpu         ] GC(88) User=0.05s Sys=0.00s Real=0.02s
[908.306s][info ][safepoint      ] Safepoint "ParallelGCFailedAllocation", Time since last: 1437170022 ns, Reaching safepoint: 43701 ns, At safepoint: 12616464 ns, Total: 12660165 ns
[909.306s][info ][safepoint      ] Safepoint "Cleanup", Time since last: 1000104861 ns, Reaching safepoint: 76502 ns, At safepoint: 4600 ns, Total: 81102 ns
[910.307s][info ][safepoint      ] Safepoint "Cleanup", Time since last: 1000144661 ns, Reaching safepoint: 57801 ns, At safepoint: 4100 ns, Total: 61901 ns
[912.307s][info ][safepoint      ] Safepoint "Cleanup", Time since last: 2000233022 ns, Reaching safepoint: 68501 ns, At safepoint: 3500 ns, Total: 72001 ns
[915.307s][info ][safepoint      ] Safepoint "Cleanup", Time since last: 3000283780 ns, Reaching safepoint: 73601 ns, At safepoint: 4400 ns, Total: 78001 ns
[923.308s][info ][safepoint      ] Safepoint "Cleanup", Time since last: 8000583468 ns, Reaching safepoint: 100002 ns, At safepoint: 10600 ns, Total: 110602 ns
[924.308s][info ][safepoint      ] Safepoint "Cleanup", Time since last: 1000150859 ns, Reaching safepoint: 86502 ns, At safepoint: 2800 ns, Total: 89302 ns
[938.309s][info ][safepoint      ] Safepoint "Cleanup", Time since last: 14001059392 ns, Reaching safepoint: 79702 ns, At safepoint: 4400 ns, Total: 84102 ns
[939.310s][info ][safepoint      ] Safepoint "Cleanup", Time since last: 1000081355 ns, Reaching safepoint: 69502 ns, At safepoint: 6300 ns, Total: 75802 ns
[952.311s][info ][safepoint      ] Safepoint "Cleanup", Time since last: 13000926504 ns, Reaching safepoint: 72801 ns, At safepoint: 5100 ns, Total: 77901 ns
[958.311s][info ][safepoint      ] Safepoint "Cleanup", Time since last: 6000527819 ns, Reaching safepoint: 131902 ns, At safepoint: 10401 ns, Total: 142303 ns
[959.311s][info ][safepoint      ] Safepoint "Cleanup", Time since last: 1000138253 ns, Reaching safepoint: 62501 ns, At safepoint: 4201 ns, Total: 66702 ns
[971.312s][info ][safepoint      ] Safepoint "Cleanup", Time since last: 12000891914 ns, Reaching safepoint: 78402 ns, At safepoint: 9700 ns, Total: 88102 ns
[972.313s][info ][safepoint      ] Safepoint "Cleanup", Time since last: 1000179853 ns, Reaching safepoint: 125502 ns, At safepoint: 10501 ns, Total: 136003 ns
[973.313s][info ][safepoint      ] Safepoint "Cleanup", Time since last: 1000130651 ns, Reaching safepoint: 115102 ns, At safepoint: 9301 ns, Total: 124403 ns
[975.313s][info ][safepoint      ] Safepoint "Cleanup", Time since last: 2000213201 ns, Reaching safepoint: 81301 ns, At safepoint: 9401 ns, Total: 90702 ns
[976.313s][info ][safepoint      ] Safepoint "Cleanup", Time since last: 1000143051 ns, Reaching safepoint: 65901 ns, At safepoint: 4200 ns, Total: 70101 ns
[977.314s][info ][safepoint      ] Safepoint "Cleanup", Time since last: 1000138651 ns, Reaching safepoint: 90002 ns, At safepoint: 7300 ns, Total: 97302 ns
[979.314s][info ][safepoint      ] Safepoint "Cleanup", Time since last: 2000221000 ns, Reaching safepoint: 79302 ns, At safepoint: 8400 ns, Total: 87702 ns
[980.314s][info ][safepoint      ] Safepoint "Cleanup", Time since last: 1000143351 ns, Reaching safepoint: 66701 ns, At safepoint: 4800 ns, Total: 71501 ns
[981.315s][info ][safepoint      ] Safepoint "Cleanup", Time since last: 1000145851 ns, Reaching safepoint: 101802 ns, At safepoint: 13700 ns, Total: 115502 ns
[982.315s][info ][safepoint      ] Safepoint "Cleanup", Time since last: 1000133250 ns, Reaching safepoint: 69101 ns, At safepoint: 6701 ns, Total: 75802 ns
[985.315s][info ][safepoint      ] Safepoint "Cleanup", Time since last: 3000254946 ns, Reaching safepoint: 79001 ns, At safepoint: 10401 ns, Total: 89402 ns
[986.315s][info ][safepoint      ] Safepoint "Cleanup", Time since last: 1000162150 ns, Reaching safepoint: 129602 ns, At safepoint: 5101 ns, Total: 134703 ns
[986.885s][info ][gc,start       ] GC(89) Pause Young (Allocation Failure)
[986.895s][debug][gc,phases      ] GC(89) Scavenge 10.222ms
[986.895s][debug][gc,ref         ] GC(89) Skipped phase 1 of Reference Processing: no references
[986.895s][debug][gc,ref         ] GC(89) Skipped phase 3 of Reference Processing: no references
[986.895s][debug][gc,phases      ] GC(89) Reference Processing 0.043ms
[986.896s][debug][gc,phases      ] GC(89) Weak Processing 0.927ms
[986.896s][debug][gc,age         ] GC(89) Desired survivor size 43515904 bytes, new threshold 15 (max threshold 15)
[986.896s][info ][gc,heap        ] GC(89) PSYoungGen: 2034360K(2053120K)->26872K(2051072K) Eden: 2007040K(2007040K)->0K(2007040K) From: 27320K(46080K)->26872K(44032K)
[986.896s][info ][gc,heap        ] GC(89) ParOldGen: 337936K(394240K)->337944K(394240K)
[986.896s][info ][gc,metaspace   ] GC(89) Metaspace: 77111K(77760K)->77111K(77760K) NonClass: 66566K(66880K)->66566K(66880K) Class: 10544K(10880K)->10544K(10880K)
[986.896s][info ][gc             ] GC(89) Pause Young (Allocation Failure) 2316M->356M(2388M) 11.442ms
[986.896s][info ][gc,cpu         ] GC(89) User=0.04s Sys=0.00s Real=0.00s
[986.896s][info ][safepoint      ] Safepoint "ParallelGCFailedAllocation", Time since last: 569217323 ns, Reaching safepoint: 54501 ns, At safepoint: 11574342 ns, Total: 11628843 ns
[988.897s][info ][safepoint      ] Safepoint "Cleanup", Time since last: 2000178397 ns, Reaching safepoint: 111602 ns, At safepoint: 9000 ns, Total: 120602 ns
[989.897s][info ][safepoint      ] Safepoint "Cleanup", Time since last: 1000148349 ns, Reaching safepoint: 96402 ns, At safepoint: 7101 ns, Total: 103503 ns
[991.897s][info ][safepoint      ] Safepoint "Cleanup", Time since last: 2000226596 ns, Reaching safepoint: 81502 ns, At safepoint: 7000 ns, Total: 88502 ns
[992.897s][info ][safepoint      ] Safepoint "Cleanup", Time since last: 1000151049 ns, Reaching safepoint: 66401 ns, At safepoint: 4100 ns, Total: 70501 ns
[1002.898s][info ][safepoint      ] Safepoint "Cleanup", Time since last: 10000829867 ns, Reaching safepoint: 111103 ns, At safepoint: 8900 ns, Total: 120003 ns
[1017.900s][info ][safepoint      ] Safepoint "Cleanup", Time since last: 15001247650 ns, Reaching safepoint: 119302 ns, At safepoint: 5600 ns, Total: 124902 ns
[1020.900s][info ][safepoint      ] Safepoint "Cleanup", Time since last: 3000309005 ns, Reaching safepoint: 91202 ns, At safepoint: 11300 ns, Total: 102502 ns
[1021.900s][info ][safepoint      ] Safepoint "Cleanup", Time since last: 1000167322 ns, Reaching safepoint: 78302 ns, At safepoint: 14300 ns, Total: 92602 ns
[1025.901s][info ][safepoint      ] Safepoint "Cleanup", Time since last: 4000361479 ns, Reaching safepoint: 86002 ns, At safepoint: 5100 ns, Total: 91102 ns
[1026.901s][info ][safepoint      ] Safepoint "Cleanup", Time since last: 1000148220 ns, Reaching safepoint: 71601 ns, At safepoint: 6701 ns, Total: 78302 ns
[1027.901s][info ][safepoint      ] Safepoint "Cleanup", Time since last: 1000105118 ns, Reaching safepoint: 88502 ns, At safepoint: 9600 ns, Total: 98102 ns
[1028.901s][info ][safepoint      ] Safepoint "Cleanup", Time since last: 1000149819 ns, Reaching safepoint: 58001 ns, At safepoint: 4100 ns, Total: 62101 ns
[1029.902s][info ][safepoint      ] Safepoint "Cleanup", Time since last: 1000144018 ns, Reaching safepoint: 77402 ns, At safepoint: 10800 ns, Total: 88202 ns
[1042.903s][info ][safepoint      ] Safepoint "Cleanup", Time since last: 13001051375 ns, Reaching safepoint: 72701 ns, At safepoint: 7000 ns, Total: 79701 ns
[1046.903s][info ][safepoint      ] Safepoint "Cleanup", Time since last: 4000364639 ns, Reaching safepoint: 123202 ns, At safepoint: 8600 ns, Total: 131802 ns
[1062.904s][info ][safepoint      ] Safepoint "Cleanup", Time since last: 16001160872 ns, Reaching safepoint: 73302 ns, At safepoint: 4400 ns, Total: 77702 ns
[1076.886s][info ][gc,start       ] GC(90) Pause Young (Allocation Failure)
[1076.913s][debug][gc,phases      ] GC(90) Scavenge 26.942ms
[1076.913s][debug][gc,ref         ] GC(90) Skipped phase 1 of Reference Processing: no references
[1076.913s][debug][gc,ref         ] GC(90) Skipped phase 3 of Reference Processing: no references
[1076.913s][debug][gc,phases      ] GC(90) Reference Processing 0.068ms
[1076.914s][debug][gc,phases      ] GC(90) Weak Processing 1.405ms
[1076.914s][debug][gc,age         ] GC(90) Desired survivor size 41943040 bytes, new threshold 15 (max threshold 15)
[1076.914s][info ][gc,heap        ] GC(90) PSYoungGen: 2033912K(2051072K)->26824K(2056192K) Eden: 2007040K(2007040K)->0K(2013696K) From: 26872K(44032K)->26824K(42496K)
[1076.914s][info ][gc,heap        ] GC(90) ParOldGen: 337944K(394240K)->337952K(394240K)
[1076.914s][info ][gc,metaspace   ] GC(90) Metaspace: 77132K(77760K)->77132K(77760K) NonClass: 66588K(66880K)->66588K(66880K) Class: 10544K(10880K)->10544K(10880K)
[1076.915s][info ][gc             ] GC(90) Pause Young (Allocation Failure) 2316M->356M(2393M) 28.721ms
[1076.915s][info ][gc,cpu         ] GC(90) User=0.05s Sys=0.00s Real=0.02s
[1076.915s][info ][safepoint      ] Safepoint "ParallelGCFailedAllocation", Time since last: 13981056846 ns, Reaching safepoint: 174303 ns, At safepoint: 28887710 ns, Total: 29062013 ns
[1090.916s][info ][safepoint      ] Safepoint "Cleanup", Time since last: 14001199314 ns, Reaching safepoint: 100502 ns, At safepoint: 8800 ns, Total: 109302 ns
[1121.922s][info ][safepoint      ] Safepoint "Cleanup", Time since last: 31005921633 ns, Reaching safepoint: 106302 ns, At safepoint: 3300 ns, Total: 109602 ns
[1153.924s][info ][safepoint      ] Safepoint "Cleanup", Time since last: 32002291899 ns, Reaching safepoint: 97202 ns, At safepoint: 10900 ns, Total: 108102 ns
[1154.925s][info ][safepoint      ] Safepoint "Cleanup", Time since last: 1000127890 ns, Reaching safepoint: 85102 ns, At safepoint: 7300 ns, Total: 92402 ns
[1159.925s][info ][safepoint      ] Safepoint "Cleanup", Time since last: 5000429843 ns, Reaching safepoint: 142603 ns, At safepoint: 12500 ns, Total: 155103 ns
[1173.926s][info ][safepoint      ] Safepoint "Cleanup", Time since last: 14001034178 ns, Reaching safepoint: 74402 ns, At safepoint: 6600 ns, Total: 81002 ns
[1175.927s][info ][safepoint      ] Safepoint "Cleanup", Time since last: 2000189663 ns, Reaching safepoint: 71401 ns, At safepoint: 4400 ns, Total: 75801 ns
[1176.927s][info ][safepoint      ] Safepoint "Cleanup", Time since last: 1000193583 ns, Reaching safepoint: 77502 ns, At safepoint: 4100 ns, Total: 81602 ns
[1177.790s][info ][gc,start       ] GC(91) Pause Young (Allocation Failure)
[1177.799s][debug][gc,phases      ] GC(91) Scavenge 9.614ms
[1177.799s][debug][gc,ref         ] GC(91) Skipped phase 1 of Reference Processing: no references
[1177.799s][debug][gc,ref         ] GC(91) Skipped phase 3 of Reference Processing: no references
[1177.799s][debug][gc,phases      ] GC(91) Reference Processing 0.043ms
[1177.800s][debug][gc,phases      ] GC(91) Weak Processing 1.096ms
[1177.800s][debug][gc,age         ] GC(91) Desired survivor size 40894464 bytes, new threshold 15 (max threshold 15)
[1177.800s][info ][gc,heap        ] GC(91) PSYoungGen: 2040520K(2056192K)->26969K(2054656K) Eden: 2013696K(2013696K)->0K(2013696K) From: 26824K(42496K)->26969K(40960K)
[1177.800s][info ][gc,heap        ] GC(91) ParOldGen: 337952K(394240K)->337952K(394240K)
[1177.801s][info ][gc,metaspace   ] GC(91) Metaspace: 77142K(77824K)->77142K(77824K) NonClass: 66595K(66944K)->66595K(66944K) Class: 10546K(10880K)->10546K(10880K)
[1177.801s][info ][gc             ] GC(91) Pause Young (Allocation Failure) 2322M->356M(2391M) 10.994ms
[1177.801s][info ][gc,cpu         ] GC(91) User=0.04s Sys=0.00s Real=0.01s
[1177.801s][info ][safepoint      ] Safepoint "ParallelGCFailedAllocation", Time since last: 862623382 ns, Reaching safepoint: 44101 ns, At safepoint: 11113834 ns, Total: 11157935 ns
[1187.546s][info ][safepoint      ] Safepoint "Cleanup", Time since last: 9745006186 ns, Reaching safepoint: 216105 ns, At safepoint: 11200 ns, Total: 227305 ns
[1190.546s][info ][safepoint      ] Safepoint "Cleanup", Time since last: 3000265626 ns, Reaching safepoint: 76002 ns, At safepoint: 4500 ns, Total: 80502 ns
[1191.546s][info ][safepoint      ] Safepoint "Cleanup", Time since last: 1000150075 ns, Reaching safepoint: 154604 ns, At safepoint: 12600 ns, Total: 167204 ns
[1192.547s][info ][safepoint      ] Safepoint "Cleanup", Time since last: 1000149875 ns, Reaching safepoint: 89802 ns, At safepoint: 10000 ns, Total: 99802 ns
[1193.547s][info ][safepoint      ] Safepoint "Cleanup", Time since last: 1000144375 ns, Reaching safepoint: 145103 ns, At safepoint: 7100 ns, Total: 152203 ns
[1194.547s][info ][safepoint      ] Safepoint "Cleanup", Time since last: 1000121174 ns, Reaching safepoint: 186004 ns, At safepoint: 8800 ns, Total: 194804 ns
[1195.549s][info ][safepoint      ] Safepoint "Cleanup", Time since last: 1001111695 ns, Reaching safepoint: 110802 ns, At safepoint: 3600 ns, Total: 114402 ns
[1201.553s][info ][safepoint      ] Safepoint "Cleanup", Time since last: 6004252207 ns, Reaching safepoint: 90202 ns, At safepoint: 3700 ns, Total: 93902 ns
[1223.564s][info ][safepoint      ] Safepoint "Cleanup", Time since last: 22008955698 ns, Reaching safepoint: 2202847 ns, At safepoint: 16500 ns, Total: 2219347 ns
[1224.564s][info ][safepoint      ] Safepoint "Cleanup", Time since last: 1000140663 ns, Reaching safepoint: 111202 ns, At safepoint: 10200 ns, Total: 121402 ns
[1225.565s][info ][safepoint      ] Safepoint "Cleanup", Time since last: 1000172763 ns, Reaching safepoint: 117203 ns, At safepoint: 13500 ns, Total: 130703 ns
[1227.565s][info ][safepoint      ] Safepoint "Cleanup", Time since last: 2000273123 ns, Reaching safepoint: 114103 ns, At safepoint: 5000 ns, Total: 119103 ns
[1237.566s][info ][safepoint      ] Safepoint "Cleanup", Time since last: 10000873482 ns, Reaching safepoint: 134703 ns, At safepoint: 5200 ns, Total: 139903 ns
[1240.566s][info ][safepoint      ] Safepoint "Cleanup", Time since last: 3000299369 ns, Reaching safepoint: 81801 ns, At safepoint: 26101 ns, Total: 107902 ns
[1243.567s][info ][safepoint      ] Safepoint "Cleanup", Time since last: 3000282965 ns, Reaching safepoint: 70301 ns, At safepoint: 4400 ns, Total: 74701 ns
[1268.569s][info ][safepoint      ] Safepoint "Cleanup", Time since last: 25001881936 ns, Reaching safepoint: 136503 ns, At safepoint: 4400 ns, Total: 140903 ns
[1270.138s][info ][gc,start       ] GC(92) Pause Young (Allocation Failure)
[1270.151s][debug][gc,phases      ] GC(92) Scavenge 12.833ms
[1270.151s][debug][gc,ref         ] GC(92) Skipped phase 1 of Reference Processing: no references
[1270.151s][debug][gc,ref         ] GC(92) Skipped phase 3 of Reference Processing: no references
[1270.151s][debug][gc,phases      ] GC(92) Reference Processing 0.056ms
[1270.152s][debug][gc,phases      ] GC(92) Weak Processing 1.063ms
[1270.152s][debug][gc,age         ] GC(92) Desired survivor size 39845888 bytes, new threshold 15 (max threshold 15)
[1270.152s][info ][gc,heap        ] GC(92) PSYoungGen: 2040665K(2054656K)->26968K(2058240K) Eden: 2013696K(2013696K)->0K(2018304K) From: 26969K(40960K)->26968K(39936K)
[1270.152s][info ][gc,heap        ] GC(92) ParOldGen: 337952K(394240K)->337952K(394240K)
[1270.152s][info ][gc,metaspace   ] GC(92) Metaspace: 77172K(77824K)->77172K(77824K) NonClass: 66623K(66944K)->66623K(66944K) Class: 10548K(10880K)->10548K(10880K)
[1270.152s][info ][gc             ] GC(92) Pause Young (Allocation Failure) 2322M->356M(2395M) 14.199ms
[1270.152s][info ][gc,cpu         ] GC(92) User=0.05s Sys=0.00s Real=0.01s
[1270.152s][info ][safepoint      ] Safepoint "ParallelGCFailedAllocation", Time since last: 1568963416 ns, Reaching safepoint: 65902 ns, At safepoint: 14328001 ns, Total: 14393903 ns
[1275.153s][info ][safepoint      ] Safepoint "Cleanup", Time since last: 5000386518 ns, Reaching safepoint: 78402 ns, At safepoint: 20801 ns, Total: 99203 ns
[1277.153s][info ][safepoint      ] Safepoint "Cleanup", Time since last: 2000203485 ns, Reaching safepoint: 99603 ns, At safepoint: 8700 ns, Total: 108303 ns
[1279.153s][info ][safepoint      ] Safepoint "Cleanup", Time since last: 2000213584 ns, Reaching safepoint: 79402 ns, At safepoint: 9900 ns, Total: 89302 ns
[1287.154s][info ][safepoint      ] Safepoint "Cleanup", Time since last: 8000653422 ns, Reaching safepoint: 74401 ns, At safepoint: 7400 ns, Total: 81801 ns
[1288.154s][info ][safepoint      ] Safepoint "Cleanup", Time since last: 1000162041 ns, Reaching safepoint: 71301 ns, At safepoint: 4200 ns, Total: 75501 ns
[1290.155s][info ][safepoint      ] Safepoint "Cleanup", Time since last: 2000219878 ns, Reaching safepoint: 76501 ns, At safepoint: 8100 ns, Total: 84601 ns
[1304.156s][info ][safepoint      ] Safepoint "Cleanup", Time since last: 14001087396 ns, Reaching safepoint: 127203 ns, At safepoint: 3800 ns, Total: 131003 ns
[1305.156s][info ][safepoint      ] Safepoint "Cleanup", Time since last: 1000133934 ns, Reaching safepoint: 66501 ns, At safepoint: 4300 ns, Total: 70801 ns
[1323.157s][info ][safepoint      ] Safepoint "Cleanup", Time since last: 18001307436 ns, Reaching safepoint: 65002 ns, At safepoint: 4800 ns, Total: 69802 ns
[1331.158s][info ][safepoint      ] Safepoint "Cleanup", Time since last: 8000692908 ns, Reaching safepoint: 149703 ns, At safepoint: 51901 ns, Total: 201604 ns
[1333.159s][info ][safepoint      ] Safepoint "Cleanup", Time since last: 2000192949 ns, Reaching safepoint: 66701 ns, At safepoint: 4101 ns, Total: 70802 ns
[1361.162s][info ][safepoint      ] Safepoint "Cleanup", Time since last: 28003167972 ns, Reaching safepoint: 206705 ns, At safepoint: 7400 ns, Total: 214105 ns
[1365.887s][info ][gc,start       ] GC(93) Pause Young (Allocation Failure)
[1365.905s][debug][gc,phases      ] GC(93) Scavenge 18.167ms
[1365.905s][debug][gc,ref         ] GC(93) Skipped phase 1 of Reference Processing: no references
[1365.905s][debug][gc,ref         ] GC(93) Skipped phase 3 of Reference Processing: no references
[1365.905s][debug][gc,ref         ] GC(93) Skipped phase 4 of Reference Processing: no references
[1365.905s][debug][gc,phases      ] GC(93) Reference Processing 0.084ms
[1365.907s][debug][gc,phases      ] GC(93) Weak Processing 1.541ms
[1365.907s][debug][gc,age         ] GC(93) Desired survivor size 42467328 bytes, new threshold 15 (max threshold 15)
[1365.907s][info ][gc,heap        ] GC(93) PSYoungGen: 2045272K(2058240K)->3968K(2022400K) Eden: 2018304K(2018304K)->0K(2018304K) From: 26968K(39936K)->3968K(4096K)
[1365.907s][info ][gc,heap        ] GC(93) ParOldGen: 337952K(394240K)->360785K(394240K)
[1365.907s][info ][gc,metaspace   ] GC(93) Metaspace: 77178K(77824K)->77178K(77824K) NonClass: 66629K(66944K)->66629K(66944K) Class: 10548K(10880K)->10548K(10880K)
[1365.907s][info ][gc             ] GC(93) Pause Young (Allocation Failure) 2327M->356M(2360M) 20.049ms
[1365.907s][info ][gc,cpu         ] GC(93) User=0.05s Sys=0.01s Real=0.02s
[1365.907s][info ][safepoint      ] Safepoint "ParallelGCFailedAllocation", Time since last: 4724543078 ns, Reaching safepoint: 59601 ns, At safepoint: 20175924 ns, Total: 20235525 ns
[1368.907s][info ][safepoint      ] Safepoint "Cleanup", Time since last: 3000283542 ns, Reaching safepoint: 81702 ns, At safepoint: 7600 ns, Total: 89302 ns
[1395.909s][info ][safepoint      ] Safepoint "Cleanup", Time since last: 27001847453 ns, Reaching safepoint: 142203 ns, At safepoint: 9500 ns, Total: 151703 ns
[1396.909s][info ][safepoint      ] Safepoint "Cleanup", Time since last: 1000139207 ns, Reaching safepoint: 67501 ns, At safepoint: 4400 ns, Total: 71901 ns
[1400.910s][info ][safepoint      ] Safepoint "Cleanup", Time since last: 4000332921 ns, Reaching safepoint: 74001 ns, At safepoint: 5500 ns, Total: 79501 ns
[1405.910s][info ][safepoint      ] Safepoint "Cleanup", Time since last: 5000454321 ns, Reaching safepoint: 94802 ns, At safepoint: 9400 ns, Total: 104202 ns
[1418.911s][info ][safepoint      ] Safepoint "Cleanup", Time since last: 13001031318 ns, Reaching safepoint: 87702 ns, At safepoint: 5100 ns, Total: 92802 ns
[1421.912s][info ][safepoint      ] Safepoint "Cleanup", Time since last: 3000287999 ns, Reaching safepoint: 126703 ns, At safepoint: 8900 ns, Total: 135603 ns
[1422.912s][info ][safepoint      ] Safepoint "Cleanup", Time since last: 1000141200 ns, Reaching safepoint: 76202 ns, At safepoint: 8500 ns, Total: 84702 ns
[1425.912s][info ][safepoint      ] Safepoint "Cleanup", Time since last: 3000225595 ns, Reaching safepoint: 69701 ns, At safepoint: 4500 ns, Total: 74201 ns
[1426.913s][info ][safepoint      ] Safepoint "Cleanup", Time since last: 1000157400 ns, Reaching safepoint: 92802 ns, At safepoint: 4800 ns, Total: 97602 ns
[1429.913s][info ][safepoint      ] Safepoint "Cleanup", Time since last: 3000300493 ns, Reaching safepoint: 90202 ns, At safepoint: 9900 ns, Total: 100102 ns
[1446.914s][info ][safepoint      ] Safepoint "Cleanup", Time since last: 17001253009 ns, Reaching safepoint: 69002 ns, At safepoint: 5000 ns, Total: 74002 ns
[1449.915s][info ][safepoint      ] Safepoint "Cleanup", Time since last: 3000287878 ns, Reaching safepoint: 90202 ns, At safepoint: 14200 ns, Total: 104402 ns
[1450.915s][info ][safepoint      ] Safepoint "Cleanup", Time since last: 1000122193 ns, Reaching safepoint: 76101 ns, At safepoint: 4900 ns, Total: 81001 ns
[1451.915s][info ][safepoint      ] Safepoint "Cleanup", Time since last: 1000112993 ns, Reaching safepoint: 81101 ns, At safepoint: 7200 ns, Total: 88301 ns
[1452.236s][info ][gc,start       ] GC(94) Pause Young (Allocation Failure)
[1452.239s][debug][gc,phases      ] GC(94) Scavenge 3.535ms
[1452.239s][debug][gc,ref         ] GC(94) Skipped phase 1 of Reference Processing: no references
[1452.239s][debug][gc,ref         ] GC(94) Skipped phase 3 of Reference Processing: no references
[1452.239s][debug][gc,phases      ] GC(94) Reference Processing 0.038ms
[1452.240s][debug][gc,phases      ] GC(94) Weak Processing 0.994ms
[1452.240s][debug][gc,age         ] GC(94) Desired survivor size 44564480 bytes, new threshold 15 (max threshold 15)
[1452.240s][info ][gc,heap        ] GC(94) PSYoungGen: 2022272K(2022400K)->4096K(2051584K) Eden: 2018304K(2018304K)->0K(2010112K) From: 3968K(4096K)->4096K(41472K)
[1452.240s][info ][gc,heap        ] GC(94) ParOldGen: 360785K(394240K)->360881K(394240K)
[1452.240s][info ][gc,metaspace   ] GC(94) Metaspace: 77188K(77824K)->77188K(77824K) NonClass: 66639K(66944K)->66639K(66944K) Class: 10548K(10880K)->10548K(10880K)
[1452.240s][info ][gc             ] GC(94) Pause Young (Allocation Failure) 2327M->356M(2388M) 4.802ms
[1452.240s][info ][gc,cpu         ] GC(94) User=0.01s Sys=0.00s Real=0.01s
[1452.240s][info ][safepoint      ] Safepoint "ParallelGCFailedAllocation", Time since last: 320291123 ns, Reaching safepoint: 82302 ns, At safepoint: 4972204 ns, Total: 5054506 ns
[1455.241s][info ][safepoint      ] Safepoint "Cleanup", Time since last: 3000249974 ns, Reaching safepoint: 136902 ns, At safepoint: 7101 ns, Total: 144003 ns
[1456.241s][info ][safepoint      ] Safepoint "Cleanup", Time since last: 1000143191 ns, Reaching safepoint: 91202 ns, At safepoint: 16101 ns, Total: 107303 ns
[1458.241s][info ][safepoint      ] Safepoint "Cleanup", Time since last: 2000229781 ns, Reaching safepoint: 135903 ns, At safepoint: 8901 ns, Total: 144804 ns
[1462.242s][info ][safepoint      ] Safepoint "Cleanup", Time since last: 4000401959 ns, Reaching safepoint: 139503 ns, At safepoint: 11100 ns, Total: 150603 ns
[1464.242s][info ][safepoint      ] Safepoint "Cleanup", Time since last: 2000213679 ns, Reaching safepoint: 144203 ns, At safepoint: 7500 ns, Total: 151703 ns
[1479.244s][info ][safepoint      ] Safepoint "Cleanup", Time since last: 15001182400 ns, Reaching safepoint: 140803 ns, At safepoint: 9600 ns, Total: 150403 ns
[1489.245s][info ][safepoint      ] Safepoint "Cleanup", Time since last: 10000826939 ns, Reaching safepoint: 122803 ns, At safepoint: 20700 ns, Total: 143503 ns
[1523.247s][info ][safepoint      ] Safepoint "Cleanup", Time since last: 34002315475 ns, Reaching safepoint: 102002 ns, At safepoint: 9500 ns, Total: 111502 ns
[1541.690s][info ][gc,start       ] GC(95) Pause Young (Allocation Failure)
[1541.695s][debug][gc,phases      ] GC(95) Scavenge 4.327ms
[1541.695s][debug][gc,ref         ] GC(95) Skipped phase 1 of Reference Processing: no references
[1541.695s][debug][gc,ref         ] GC(95) Skipped phase 3 of Reference Processing: no references
[1541.695s][debug][gc,phases      ] GC(95) Reference Processing 0.058ms
[1541.696s][debug][gc,phases      ] GC(95) Weak Processing 1.018ms
[1541.696s][debug][gc,age         ] GC(95) Desired survivor size 46137344 bytes, new threshold 15 (max threshold 15)
[1541.696s][info ][gc,heap        ] GC(95) PSYoungGen: 2014208K(2051584K)->1856K(2012160K) Eden: 2010112K(2010112K)->0K(2010112K) From: 4096K(41472K)->1856K(2048K)
[1541.696s][info ][gc,heap        ] GC(95) ParOldGen: 360881K(394240K)->363079K(394240K)
[1541.696s][info ][gc,metaspace   ] GC(95) Metaspace: 77194K(77824K)->77194K(77824K) NonClass: 66645K(66944K)->66645K(66944K) Class: 10548K(10880K)->10548K(10880K)
[1541.696s][info ][gc             ] GC(95) Pause Young (Allocation Failure) 2319M->356M(2350M) 5.662ms
[1541.696s][info ][gc,cpu         ] GC(95) User=0.02s Sys=0.00s Real=0.00s
[1541.696s][info ][safepoint      ] Safepoint "ParallelGCFailedAllocation", Time since last: 18443101782 ns, Reaching safepoint: 67102 ns, At safepoint: 5806921 ns, Total: 5874023 ns
[1559.698s][info ][safepoint      ] Safepoint "Cleanup", Time since last: 18001310550 ns, Reaching safepoint: 129203 ns, At safepoint: 4500 ns, Total: 133703 ns
[1573.699s][info ][safepoint      ] Safepoint "Cleanup", Time since last: 14001071729 ns, Reaching safepoint: 92002 ns, At safepoint: 6900 ns, Total: 98902 ns
[1618.702s][info ][safepoint      ] Safepoint "Cleanup", Time since last: 45003151230 ns, Reaching safepoint: 122303 ns, At safepoint: 4700 ns, Total: 127003 ns
[1640.536s][info ][gc,start       ] GC(96) Pause Young (Allocation Failure)
[1640.539s][debug][gc,phases      ] GC(96) Scavenge 2.788ms
[1640.539s][debug][gc,ref         ] GC(96) Skipped phase 1 of Reference Processing: no references
[1640.539s][debug][gc,ref         ] GC(96) Skipped phase 3 of Reference Processing: no references
[1640.539s][debug][gc,ref         ] GC(96) Skipped phase 4 of Reference Processing: no references
[1640.539s][debug][gc,phases      ] GC(96) Reference Processing 0.033ms
[1640.540s][debug][gc,phases      ] GC(96) Weak Processing 1.164ms
[1640.540s][debug][gc,age         ] GC(96) Desired survivor size 46661632 bytes, new threshold 15 (max threshold 15)
[1640.540s][info ][gc,heap        ] GC(96) PSYoungGen: 2011968K(2012160K)->1808K(2051072K) Eden: 2010112K(2010112K)->0K(2006016K) From: 1856K(2048K)->1808K(45056K)
[1640.540s][info ][gc,heap        ] GC(96) ParOldGen: 363079K(394240K)->363151K(394240K)
[1640.540s][info ][gc,metaspace   ] GC(96) Metaspace: 77199K(77824K)->77199K(77824K) NonClass: 66650K(66944K)->66650K(66944K) Class: 10548K(10880K)->10548K(10880K)
[1640.540s][info ][gc             ] GC(96) Pause Young (Allocation Failure) 2319M->356M(2388M) 4.224ms
[1640.540s][info ][gc,cpu         ] GC(96) User=0.01s Sys=0.00s Real=0.01s
[1640.540s][info ][safepoint      ] Safepoint "ParallelGCFailedAllocation", Time since last: 21833405080 ns, Reaching safepoint: 179104 ns, At safepoint: 4362792 ns, Total: 4541896 ns
[1681.543s][info ][safepoint      ] Safepoint "Cleanup", Time since last: 41003077232 ns, Reaching safepoint: 126703 ns, At safepoint: 4300 ns, Total: 131003 ns
[1692.544s][info ][safepoint      ] Safepoint "Cleanup", Time since last: 11000887302 ns, Reaching safepoint: 165403 ns, At safepoint: 11000 ns, Total: 176403 ns
[1735.237s][info ][gc,start       ] GC(97) Pause Young (Allocation Failure)
[1735.240s][debug][gc,phases      ] GC(97) Scavenge 2.485ms
[1735.240s][debug][gc,ref         ] GC(97) Skipped phase 1 of Reference Processing: no references
[1735.240s][debug][gc,ref         ] GC(97) Skipped phase 3 of Reference Processing: no references
[1735.240s][debug][gc,phases      ] GC(97) Reference Processing 0.032ms
[1735.241s][debug][gc,phases      ] GC(97) Weak Processing 1.006ms
[1735.241s][debug][gc,age         ] GC(97) Desired survivor size 47185920 bytes, new threshold 15 (max threshold 15)
[1735.241s][info ][gc,heap        ] GC(97) PSYoungGen: 2007824K(2051072K)->1888K(2008064K) Eden: 2006016K(2006016K)->0K(2006016K) From: 1808K(45056K)->1888K(2048K)
[1735.241s][info ][gc,heap        ] GC(97) ParOldGen: 363151K(394240K)->363215K(394240K)
[1735.241s][info ][gc,metaspace   ] GC(97) Metaspace: 77206K(77824K)->77206K(77824K) NonClass: 66657K(66944K)->66657K(66944K) Class: 10548K(10880K)->10548K(10880K)
[1735.241s][info ][gc             ] GC(97) Pause Young (Allocation Failure) 2315M->356M(2346M) 3.710ms
[1735.241s][info ][gc,cpu         ] GC(97) User=0.01s Sys=0.00s Real=0.00s
[1735.241s][info ][safepoint      ] Safepoint "ParallelGCFailedAllocation", Time since last: 42692895285 ns, Reaching safepoint: 113902 ns, At safepoint: 3833381 ns, Total: 3947283 ns
[1808.247s][info ][safepoint      ] Safepoint "Cleanup", Time since last: 73005467694 ns, Reaching safepoint: 94202 ns, At safepoint: 3200 ns, Total: 97402 ns
[1823.261s][info ][safepoint      ] Safepoint "Cleanup", Time since last: 15010877968 ns, Reaching safepoint: 3001064 ns, At safepoint: 17500 ns, Total: 3018564 ns
[1829.261s][info ][safepoint      ] Safepoint "Cleanup", Time since last: 6000502121 ns, Reaching safepoint: 142203 ns, At safepoint: 5600 ns, Total: 147803 ns
[1836.843s][info ][gc,start       ] GC(98) Pause Young (Allocation Failure)
[1836.846s][debug][gc,phases      ] GC(98) Scavenge 2.824ms
[1836.846s][debug][gc,ref         ] GC(98) Skipped phase 1 of Reference Processing: no references
[1836.846s][debug][gc,ref         ] GC(98) Skipped phase 3 of Reference Processing: no references
[1836.846s][debug][gc,phases      ] GC(98) Reference Processing 0.038ms
[1836.847s][debug][gc,phases      ] GC(98) Weak Processing 1.096ms
[1836.847s][debug][gc,age         ] GC(98) Desired survivor size 46661632 bytes, new threshold 15 (max threshold 15)
[1836.847s][info ][gc,heap        ] GC(98) PSYoungGen: 2007904K(2008064K)->1440K(2051584K) Eden: 2006016K(2006016K)->0K(2005504K) From: 1888K(2048K)->1440K(46080K)
[1836.847s][info ][gc,heap        ] GC(98) ParOldGen: 363215K(394240K)->363664K(394240K)
[1836.847s][info ][gc,metaspace   ] GC(98) Metaspace: 77221K(77888K)->77221K(77888K) NonClass: 66673K(67008K)->66673K(67008K) Class: 10548K(10880K)->10548K(10880K)
[1836.847s][info ][gc             ] GC(98) Pause Young (Allocation Failure) 2315M->356M(2388M) 4.196ms
[1836.847s][info ][gc,cpu         ] GC(98) User=0.01s Sys=0.00s Real=0.01s
[1836.847s][info ][safepoint      ] Safepoint "ParallelGCFailedAllocation", Time since last: 7581460677 ns, Reaching safepoint: 143203 ns, At safepoint: 4388494 ns, Total: 4531697 ns
[1883.852s][info ][safepoint      ] Safepoint "Cleanup", Time since last: 47004514428 ns, Reaching safepoint: 61001 ns, At safepoint: 56701 ns, Total: 117702 ns
[1885.852s][info ][safepoint      ] Safepoint "Cleanup", Time since last: 2000165062 ns, Reaching safepoint: 122102 ns, At safepoint: 13200 ns, Total: 135302 ns
[1929.855s][info ][safepoint      ] Safepoint "Cleanup", Time since last: 44003097053 ns, Reaching safepoint: 121003 ns, At safepoint: 24200 ns, Total: 145203 ns
[1930.856s][info ][safepoint      ] Safepoint "Cleanup", Time since last: 1000151993 ns, Reaching safepoint: 89602 ns, At safepoint: 8100 ns, Total: 97702 ns
[1932.856s][info ][safepoint      ] Safepoint "Cleanup", Time since last: 2000236582 ns, Reaching safepoint: 123503 ns, At safepoint: 12100 ns, Total: 135603 ns
[1933.856s][info ][safepoint      ] Safepoint "Cleanup", Time since last: 1000138390 ns, Reaching safepoint: 84602 ns, At safepoint: 5200 ns, Total: 89802 ns
[1936.323s][info ][gc,start       ] GC(99) Pause Young (Allocation Failure)
[1936.325s][debug][gc,phases      ] GC(99) Scavenge 2.499ms
[1936.325s][debug][gc,ref         ] GC(99) Skipped phase 1 of Reference Processing: no references
[1936.325s][debug][gc,ref         ] GC(99) Skipped phase 3 of Reference Processing: no references
[1936.325s][debug][gc,phases      ] GC(99) Reference Processing 0.042ms
[1936.326s][debug][gc,phases      ] GC(99) Weak Processing 1.086ms
[1936.326s][debug][gc,age         ] GC(99) Desired survivor size 46137344 bytes, new threshold 15 (max threshold 15)
[1936.326s][info ][gc,heap        ] GC(99) PSYoungGen: 2006944K(2051584K)->1392K(2051072K) Eden: 2005504K(2005504K)->0K(2005504K) From: 1440K(46080K)->1392K(45568K)
[1936.326s][info ][gc,heap        ] GC(99) ParOldGen: 363664K(394240K)->363728K(394240K)
[1936.326s][info ][gc,metaspace   ] GC(99) Metaspace: 77245K(77952K)->77245K(77952K) NonClass: 66695K(67072K)->66695K(67072K) Class: 10549K(10880K)->10549K(10880K)
[1936.326s][info ][gc             ] GC(99) Pause Young (Allocation Failure) 2315M->356M(2388M) 3.860ms
[1936.326s][info ][gc,cpu         ] GC(99) User=0.02s Sys=0.00s Real=0.01s
[1936.326s][info ][safepoint      ] Safepoint "ParallelGCFailedAllocation", Time since last: 2466182895 ns, Reaching safepoint: 67701 ns, At safepoint: 3992485 ns, Total: 4060186 ns
[1945.327s][info ][safepoint      ] Safepoint "Cleanup", Time since last: 9000676445 ns, Reaching safepoint: 71502 ns, At safepoint: 10900 ns, Total: 82402 ns
[1969.329s][info ][safepoint      ] Safepoint "Cleanup", Time since last: 24001680969 ns, Reaching safepoint: 110702 ns, At safepoint: 3700 ns, Total: 114402 ns
[1971.329s][info ][safepoint      ] Safepoint "Cleanup", Time since last: 2000161319 ns, Reaching safepoint: 68802 ns, At safepoint: 5300 ns, Total: 74102 ns
[1994.331s][info ][safepoint      ] Safepoint "Cleanup", Time since last: 23001557550 ns, Reaching safepoint: 66702 ns, At safepoint: 9700 ns, Total: 76402 ns
[1996.331s][info ][safepoint      ] Safepoint "Cleanup", Time since last: 2000177782 ns, Reaching safepoint: 65902 ns, At safepoint: 4000 ns, Total: 69902 ns
[2031.241s][info ][gc,start       ] GC(100) Pause Young (Allocation Failure)
[2031.244s][debug][gc,phases      ] GC(100) Scavenge 2.684ms
[2031.244s][debug][gc,ref         ] GC(100) Skipped phase 1 of Reference Processing: no references
[2031.244s][debug][gc,ref         ] GC(100) Skipped phase 3 of Reference Processing: no references
[2031.244s][debug][gc,phases      ] GC(100) Reference Processing 0.030ms
[2031.245s][debug][gc,phases      ] GC(100) Weak Processing 1.011ms
[2031.245s][debug][gc,age         ] GC(100) Desired survivor size 45088768 bytes, new threshold 15 (max threshold 15)
[2031.245s][info ][gc,heap        ] GC(100) PSYoungGen: 2006896K(2051072K)->1472K(2053120K) Eden: 2005504K(2005504K)->0K(2008064K) From: 1392K(45568K)->1472K(45056K)
[2031.245s][info ][gc,heap        ] GC(100) ParOldGen: 363728K(394240K)->363784K(394240K)
[2031.245s][info ][gc,metaspace   ] GC(100) Metaspace: 77246K(77952K)->77246K(77952K) NonClass: 66696K(67072K)->66696K(67072K) Class: 10549K(10880K)->10549K(10880K)
[2031.245s][info ][gc             ] GC(100) Pause Young (Allocation Failure) 2315M->356M(2390M) 3.933ms
[2031.245s][info ][gc,cpu         ] GC(100) User=0.01s Sys=0.00s Real=0.01s
[2031.245s][info ][safepoint      ] Safepoint "ParallelGCFailedAllocation", Time since last: 34909662701 ns, Reaching safepoint: 184204 ns, At safepoint: 4062686 ns, Total: 4246890 ns
[2066.248s][info ][safepoint      ] Safepoint "Cleanup", Time since last: 35002533043 ns, Reaching safepoint: 71402 ns, At safepoint: 5300 ns, Total: 76702 ns
[2068.248s][info ][safepoint      ] Safepoint "Cleanup", Time since last: 2000233886 ns, Reaching safepoint: 89602 ns, At safepoint: 9800 ns, Total: 99402 ns
[2073.249s][info ][safepoint      ] Safepoint "Cleanup", Time since last: 5000419651 ns, Reaching safepoint: 129703 ns, At safepoint: 7300 ns, Total: 137003 ns
[2123.252s][info ][safepoint      ] Safepoint "Cleanup", Time since last: 50003411159 ns, Reaching safepoint: 85602 ns, At safepoint: 7200 ns, Total: 92802 ns
[2129.740s][info ][gc,start       ] GC(101) Pause Young (Allocation Failure)
[2129.743s][debug][gc,phases      ] GC(101) Scavenge 2.853ms
[2129.743s][debug][gc,ref         ] GC(101) Skipped phase 1 of Reference Processing: no references
[2129.743s][debug][gc,ref         ] GC(101) Skipped phase 3 of Reference Processing: no references
[2129.743s][debug][gc,phases      ] GC(101) Reference Processing 0.031ms
[2129.744s][debug][gc,phases      ] GC(101) Weak Processing 1.051ms
[2129.744s][debug][gc,age         ] GC(101) Desired survivor size 44040192 bytes, new threshold 15 (max threshold 15)
[2129.744s][info ][gc,heap        ] GC(101) PSYoungGen: 2009536K(2053120K)->1440K(2052096K) Eden: 2008064K(2008064K)->0K(2008064K) From: 1472K(45056K)->1440K(44032K)
[2129.744s][info ][gc,heap        ] GC(101) ParOldGen: 363784K(394240K)->363848K(394240K)
[2129.744s][info ][gc,metaspace   ] GC(101) Metaspace: 77257K(77952K)->77257K(77952K) NonClass: 66707K(67072K)->66707K(67072K) Class: 10549K(10880K)->10549K(10880K)
[2129.744s][info ][gc             ] GC(101) Pause Young (Allocation Failure) 2317M->356M(2389M) 4.125ms
[2129.744s][info ][gc,cpu         ] GC(101) User=0.01s Sys=0.00s Real=0.00s
[2129.744s][info ][safepoint      ] Safepoint "ParallelGCFailedAllocation", Time since last: 6488076557 ns, Reaching safepoint: 132603 ns, At safepoint: 4252490 ns, Total: 4385093 ns
[2153.746s][info ][safepoint      ] Safepoint "Cleanup", Time since last: 24001696660 ns, Reaching safepoint: 120603 ns, At safepoint: 10300 ns, Total: 130903 ns
[2155.747s][info ][safepoint      ] Safepoint "Cleanup", Time since last: 2000226185 ns, Reaching safepoint: 73401 ns, At safepoint: 10900 ns, Total: 84301 ns
[2157.747s][info ][safepoint      ] Safepoint "Cleanup", Time since last: 2000224083 ns, Reaching safepoint: 62301 ns, At safepoint: 4900 ns, Total: 67201 ns
[2158.747s][info ][safepoint      ] Safepoint "Cleanup", Time since last: 1000116640 ns, Reaching safepoint: 81302 ns, At safepoint: 8200 ns, Total: 89502 ns
[2159.747s][info ][safepoint      ] Safepoint "Cleanup", Time since last: 1000152241 ns, Reaching safepoint: 85302 ns, At safepoint: 8700 ns, Total: 94002 ns
[2161.748s][info ][safepoint      ] Safepoint "Cleanup", Time since last: 2000222478 ns, Reaching safepoint: 69002 ns, At safepoint: 4500 ns, Total: 73502 ns
[2162.748s][info ][safepoint      ] Safepoint "Cleanup", Time since last: 1000147639 ns, Reaching safepoint: 91602 ns, At safepoint: 52901 ns, Total: 144503 ns
[2163.748s][info ][safepoint      ] Safepoint "Cleanup", Time since last: 1000128538 ns, Reaching safepoint: 84602 ns, At safepoint: 9800 ns, Total: 94402 ns
[2165.748s][info ][safepoint      ] Safepoint "Cleanup", Time since last: 2000222174 ns, Reaching safepoint: 77701 ns, At safepoint: 6600 ns, Total: 84301 ns
[2167.749s][info ][safepoint      ] Safepoint "Cleanup", Time since last: 2000263373 ns, Reaching safepoint: 78402 ns, At safepoint: 8400 ns, Total: 86802 ns
[2171.749s][info ][safepoint      ] Safepoint "Cleanup", Time since last: 4000386336 ns, Reaching safepoint: 88702 ns, At safepoint: 13900 ns, Total: 102602 ns
[2172.750s][info ][safepoint      ] Safepoint "Cleanup", Time since last: 1000126033 ns, Reaching safepoint: 63902 ns, At safepoint: 10500 ns, Total: 74402 ns
[2173.750s][info ][safepoint      ] Safepoint "Cleanup", Time since last: 1000151833 ns, Reaching safepoint: 76002 ns, At safepoint: 16100 ns, Total: 92102 ns
[2176.750s][info ][safepoint      ] Safepoint "Cleanup", Time since last: 3000292894 ns, Reaching safepoint: 148903 ns, At safepoint: 8900 ns, Total: 157803 ns
[2177.750s][info ][safepoint      ] Safepoint "Cleanup", Time since last: 1000151132 ns, Reaching safepoint: 71101 ns, At safepoint: 9100 ns, Total: 80201 ns
[2187.751s][info ][safepoint      ] Safepoint "Cleanup", Time since last: 10000861172 ns, Reaching safepoint: 75101 ns, At safepoint: 5001 ns, Total: 80102 ns
[2189.752s][info ][safepoint      ] Safepoint "Cleanup", Time since last: 2000224749 ns, Reaching safepoint: 72402 ns, At safepoint: 4900 ns, Total: 77302 ns
[2191.752s][info ][safepoint      ] Safepoint "Cleanup", Time since last: 2000229947 ns, Reaching safepoint: 93602 ns, At safepoint: 9100 ns, Total: 102702 ns
[2194.752s][info ][safepoint      ] Safepoint "Cleanup", Time since last: 3000244266 ns, Reaching safepoint: 121002 ns, At safepoint: 4501 ns, Total: 125503 ns
[2201.753s][info ][safepoint      ] Safepoint "Cleanup", Time since last: 7000550035 ns, Reaching safepoint: 82601 ns, At safepoint: 6401 ns, Total: 89002 ns
[2202.753s][info ][safepoint      ] Safepoint "Cleanup", Time since last: 1000147618 ns, Reaching safepoint: 146803 ns, At safepoint: 7601 ns, Total: 154404 ns
[2209.754s][info ][safepoint      ] Safepoint "Cleanup", Time since last: 7000590009 ns, Reaching safepoint: 68801 ns, At safepoint: 4600 ns, Total: 73401 ns
[2219.755s][info ][safepoint      ] Safepoint "Cleanup", Time since last: 10000823215 ns, Reaching safepoint: 79201 ns, At safepoint: 9501 ns, Total: 88702 ns
[2223.755s][info ][safepoint      ] Safepoint "Cleanup", Time since last: 4000353433 ns, Reaching safepoint: 126702 ns, At safepoint: 12801 ns, Total: 139503 ns
[2226.394s][info ][gc,start       ] GC(102) Pause Young (Allocation Failure)
[2226.397s][debug][gc,phases      ] GC(102) Scavenge 2.611ms
[2226.397s][debug][gc,ref         ] GC(102) Skipped phase 1 of Reference Processing: no references
[2226.397s][debug][gc,ref         ] GC(102) Skipped phase 3 of Reference Processing: no references
[2226.397s][debug][gc,phases      ] GC(102) Reference Processing 0.036ms
[2226.398s][debug][gc,phases      ] GC(102) Weak Processing 1.020ms
[2226.398s][debug][gc,age         ] GC(102) Desired survivor size 42467328 bytes, new threshold 15 (max threshold 15)
[2226.398s][info ][gc,heap        ] GC(102) PSYoungGen: 2009504K(2052096K)->1424K(2055680K) Eden: 2008064K(2008064K)->0K(2012672K) From: 1440K(44032K)->1424K(43008K)
[2226.398s][info ][gc,heap        ] GC(102) ParOldGen: 363848K(394240K)->363904K(394240K)
[2226.398s][info ][gc,metaspace   ] GC(102) Metaspace: 77457K(78144K)->77457K(78144K) NonClass: 66882K(67264K)->66882K(67264K) Class: 10575K(10880K)->10575K(10880K)
[2226.398s][info ][gc             ] GC(102) Pause Young (Allocation Failure) 2317M->356M(2392M) 3.879ms
[2226.398s][info ][gc,cpu         ] GC(102) User=0.01s Sys=0.00s Real=0.01s
[2226.398s][info ][safepoint      ] Safepoint "ParallelGCFailedAllocation", Time since last: 2638345982 ns, Reaching safepoint: 83401 ns, At safepoint: 4025785 ns, Total: 4109186 ns
[2233.398s][info ][safepoint      ] Safepoint "Cleanup", Time since last: 7000513830 ns, Reaching safepoint: 74301 ns, At safepoint: 9701 ns, Total: 84002 ns
[2240.399s][info ][safepoint      ] Safepoint "Cleanup", Time since last: 7000588591 ns, Reaching safepoint: 124103 ns, At safepoint: 8100 ns, Total: 132203 ns
[2243.400s][info ][safepoint      ] Safepoint "Cleanup", Time since last: 3000295371 ns, Reaching safepoint: 90502 ns, At safepoint: 7300 ns, Total: 97802 ns
[2276.402s][info ][safepoint      ] Safepoint "Cleanup", Time since last: 33002595044 ns, Reaching safepoint: 110802 ns, At safepoint: 5401 ns, Total: 116203 ns
[2323.943s][info ][gc,start       ] GC(103) Pause Young (Allocation Failure)
[2323.949s][debug][gc,phases      ] GC(103) Scavenge 6.018ms
[2323.949s][debug][gc,ref         ] GC(103) Skipped phase 1 of Reference Processing: no references
[2323.949s][debug][gc,ref         ] GC(103) Skipped phase 3 of Reference Processing: no references
[2323.949s][debug][gc,ref         ] GC(103) Skipped phase 4 of Reference Processing: no references
[2323.949s][debug][gc,phases      ] GC(103) Reference Processing 0.046ms
[2323.950s][debug][gc,phases      ] GC(103) Weak Processing 1.206ms
[2323.950s][debug][gc,age         ] GC(103) Desired survivor size 41418752 bytes, new threshold 15 (max threshold 15)
[2323.950s][info ][gc,heap        ] GC(103) PSYoungGen: 2014096K(2055680K)->1424K(2054144K) Eden: 2012672K(2012672K)->0K(2012672K) From: 1424K(43008K)->1424K(41472K)
[2323.950s][info ][gc,heap        ] GC(103) ParOldGen: 363904K(394240K)->364008K(394240K)
[2323.950s][info ][gc,metaspace   ] GC(103) Metaspace: 77457K(78144K)->77457K(78144K) NonClass: 66882K(67264K)->66882K(67264K) Class: 10575K(10880K)->10575K(10880K)
[2323.950s][info ][gc             ] GC(103) Pause Young (Allocation Failure) 2322M->356M(2391M) 7.485ms
[2323.950s][info ][gc,cpu         ] GC(103) User=0.01s Sys=0.00s Real=0.01s
[2323.950s][info ][safepoint      ] Safepoint "ParallelGCFailedAllocation", Time since last: 47540160272 ns, Reaching safepoint: 149203 ns, At safepoint: 7624062 ns, Total: 7773265 ns
[2350.952s][info ][safepoint      ] Safepoint "Cleanup", Time since last: 27002103202 ns, Reaching safepoint: 122002 ns, At safepoint: 7100 ns, Total: 129102 ns
[2379.955s][info ][safepoint      ] Safepoint "Cleanup", Time since last: 29002157995 ns, Reaching safepoint: 69602 ns, At safepoint: 4800 ns, Total: 74402 ns
[2390.956s][info ][safepoint      ] Safepoint "Cleanup", Time since last: 11000773109 ns, Reaching safepoint: 90402 ns, At safepoint: 8800 ns, Total: 99202 ns
[2421.140s][info ][gc,start       ] GC(104) Pause Young (Allocation Failure)
[2421.143s][debug][gc,phases      ] GC(104) Scavenge 2.788ms
[2421.143s][debug][gc,ref         ] GC(104) Skipped phase 1 of Reference Processing: no references
[2421.143s][debug][gc,ref         ] GC(104) Skipped phase 3 of Reference Processing: no references
[2421.143s][debug][gc,phases      ] GC(104) Reference Processing 0.032ms
[2421.144s][debug][gc,phases      ] GC(104) Weak Processing 1.082ms
[2421.144s][debug][gc,age         ] GC(104) Desired survivor size 39321600 bytes, new threshold 15 (max threshold 15)
[2421.144s][info ][gc,heap        ] GC(104) PSYoungGen: 2014096K(2054144K)->1408K(2058752K) Eden: 2012672K(2012672K)->0K(2018304K) From: 1424K(41472K)->1408K(40448K)
[2421.144s][info ][gc,heap        ] GC(104) ParOldGen: 364008K(394240K)->364064K(394240K)
[2421.144s][info ][gc,metaspace   ] GC(104) Metaspace: 77460K(78144K)->77460K(78144K) NonClass: 66885K(67264K)->66885K(67264K) Class: 10575K(10880K)->10575K(10880K)
[2421.144s][info ][gc             ] GC(104) Pause Young (Allocation Failure) 2322M->356M(2395M) 4.052ms
[2421.144s][info ][gc,cpu         ] GC(104) User=0.01s Sys=0.00s Real=0.00s
[2421.144s][info ][safepoint      ] Safepoint "ParallelGCFailedAllocation", Time since last: 30184235944 ns, Reaching safepoint: 95002 ns, At safepoint: 4171589 ns, Total: 4266591 ns
[2422.144s][info ][safepoint      ] Safepoint "Cleanup", Time since last: 1000099986 ns, Reaching safepoint: 68702 ns, At safepoint: 7400 ns, Total: 76102 ns
[2423.144s][info ][safepoint      ] Safepoint "Cleanup", Time since last: 1000110886 ns, Reaching safepoint: 67802 ns, At safepoint: 10100 ns, Total: 77902 ns
[2468.148s][info ][safepoint      ] Safepoint "Cleanup", Time since last: 45003133802 ns, Reaching safepoint: 125703 ns, At safepoint: 5600 ns, Total: 131303 ns
[2469.148s][info ][safepoint      ] Safepoint "Cleanup", Time since last: 1000167959 ns, Reaching safepoint: 70102 ns, At safepoint: 11400 ns, Total: 81502 ns
[2470.999s][info ][safepoint      ] Safepoint "Cleanup", Time since last: 1850808454 ns, Reaching safepoint: 146303 ns, At safepoint: 10701 ns, Total: 157004 ns
[2472.290s][info ][safepoint      ] Safepoint "Cleanup", Time since last: 1290596701 ns, Reaching safepoint: 148803 ns, At safepoint: 16701 ns, Total: 165504 ns
[2473.290s][info ][safepoint      ] Safepoint "Cleanup", Time since last: 1000154556 ns, Reaching safepoint: 143203 ns, At safepoint: 6901 ns, Total: 150104 ns
[2475.290s][info ][safepoint      ] Safepoint "Cleanup", Time since last: 2000173209 ns, Reaching safepoint: 147503 ns, At safepoint: 10500 ns, Total: 158003 ns
[2477.291s][info ][safepoint      ] Safepoint "Cleanup", Time since last: 2000181307 ns, Reaching safepoint: 143203 ns, At safepoint: 6200 ns, Total: 149403 ns
[2478.291s][info ][safepoint      ] Safepoint "Cleanup", Time since last: 1000145154 ns, Reaching safepoint: 140203 ns, At safepoint: 8600 ns, Total: 148803 ns
[2479.291s][info ][safepoint      ] Safepoint "Cleanup", Time since last: 1000137353 ns, Reaching safepoint: 132203 ns, At safepoint: 5800 ns, Total: 138003 ns
[2482.292s][info ][safepoint      ] Safepoint "Cleanup", Time since last: 3000286953 ns, Reaching safepoint: 99602 ns, At safepoint: 8900 ns, Total: 108502 ns
[2483.292s][info ][safepoint      ] Safepoint "Cleanup", Time since last: 1000150051 ns, Reaching safepoint: 134003 ns, At safepoint: 6700 ns, Total: 140703 ns
[2485.292s][info ][safepoint      ] Safepoint "Cleanup", Time since last: 2000199198 ns, Reaching safepoint: 174204 ns, At safepoint: 10000 ns, Total: 184204 ns
[2488.293s][info ][safepoint      ] Safepoint "Cleanup", Time since last: 3000267142 ns, Reaching safepoint: 143103 ns, At safepoint: 6801 ns, Total: 149904 ns
[2491.293s][info ][safepoint      ] Safepoint "Cleanup", Time since last: 3000282737 ns, Reaching safepoint: 72702 ns, At safepoint: 4800 ns, Total: 77502 ns
[2494.293s][info ][safepoint      ] Safepoint "Cleanup", Time since last: 3000251732 ns, Reaching safepoint: 84702 ns, At safepoint: 6500 ns, Total: 91202 ns
[2500.294s][info ][safepoint      ] Safepoint "Cleanup", Time since last: 6000463448 ns, Reaching safepoint: 74302 ns, At safepoint: 9900 ns, Total: 84202 ns
[2508.232s][info ][gc,start       ] GC(105) Pause Young (Allocation Failure)
[2508.235s][debug][gc,phases      ] GC(105) Scavenge 3.119ms
[2508.235s][debug][gc,ref         ] GC(105) Skipped phase 1 of Reference Processing: no references
[2508.235s][debug][gc,ref         ] GC(105) Skipped phase 3 of Reference Processing: no references
[2508.235s][debug][gc,phases      ] GC(105) Reference Processing 0.028ms
[2508.236s][debug][gc,phases      ] GC(105) Weak Processing 1.044ms
[2508.236s][debug][gc,age         ] GC(105) Desired survivor size 37748736 bytes, new threshold 15 (max threshold 15)
[2508.236s][info ][gc,heap        ] GC(105) PSYoungGen: 2019712K(2058752K)->1744K(2056704K) Eden: 2018304K(2018304K)->0K(2018304K) From: 1408K(40448K)->1744K(38400K)
[2508.236s][info ][gc,heap        ] GC(105) ParOldGen: 364064K(394240K)->364128K(394240K)
[2508.236s][info ][gc,metaspace   ] GC(105) Metaspace: 77467K(78144K)->77467K(78144K) NonClass: 66891K(67264K)->66891K(67264K) Class: 10575K(10880K)->10575K(10880K)
[2508.236s][info ][gc             ] GC(105) Pause Young (Allocation Failure) 2327M->357M(2393M) 4.395ms
[2508.236s][info ][gc,cpu         ] GC(105) User=0.01s Sys=0.00s Real=0.00s
[2508.236s][info ][safepoint      ] Safepoint "ParallelGCFailedAllocation", Time since last: 7937464366 ns, Reaching safepoint: 58001 ns, At safepoint: 4522196 ns, Total: 4580197 ns
[2510.236s][info ][safepoint      ] Safepoint "Cleanup", Time since last: 2000174370 ns, Reaching safepoint: 132003 ns, At safepoint: 6500 ns, Total: 138503 ns
[2521.237s][info ][safepoint      ] Safepoint "Cleanup", Time since last: 11000724043 ns, Reaching safepoint: 193504 ns, At safepoint: 15000 ns, Total: 208504 ns
[2525.238s][info ][safepoint      ] Safepoint "Cleanup", Time since last: 4000379612 ns, Reaching safepoint: 129502 ns, At safepoint: 6501 ns, Total: 136003 ns
[2531.238s][info ][safepoint      ] Safepoint "Cleanup", Time since last: 6000494650 ns, Reaching safepoint: 142903 ns, At safepoint: 7000 ns, Total: 149903 ns
[2534.239s][info ][safepoint      ] Safepoint "Cleanup", Time since last: 3000289569 ns, Reaching safepoint: 140803 ns, At safepoint: 10900 ns, Total: 151703 ns
[2544.897s][info ][safepoint      ] Safepoint "Cleanup", Time since last: 10658221675 ns, Reaching safepoint: 78901 ns, At safepoint: 8400 ns, Total: 87301 ns
[2545.897s][info ][safepoint      ] Safepoint "Cleanup", Time since last: 1000151718 ns, Reaching safepoint: 125403 ns, At safepoint: 10000 ns, Total: 135403 ns
[2546.898s][info ][safepoint      ] Safepoint "Cleanup", Time since last: 1000129317 ns, Reaching safepoint: 66401 ns, At safepoint: 3500 ns, Total: 69901 ns
[2549.898s][info ][safepoint      ] Safepoint "Cleanup", Time since last: 3000269345 ns, Reaching safepoint: 66601 ns, At safepoint: 3601 ns, Total: 70202 ns
[2550.898s][info ][safepoint      ] Safepoint "Cleanup", Time since last: 1000131114 ns, Reaching safepoint: 59202 ns, At safepoint: 3900 ns, Total: 63102 ns
[2552.898s][info ][safepoint      ] Safepoint "Cleanup", Time since last: 2000189526 ns, Reaching safepoint: 71502 ns, At safepoint: 4500 ns, Total: 76002 ns
[2553.899s][info ][safepoint      ] Safepoint "Cleanup", Time since last: 1000142813 ns, Reaching safepoint: 68802 ns, At safepoint: 8600 ns, Total: 77402 ns
[2554.899s][info ][safepoint      ] Safepoint "Cleanup", Time since last: 1000146613 ns, Reaching safepoint: 71702 ns, At safepoint: 6700 ns, Total: 78402 ns
[2555.899s][info ][safepoint      ] Safepoint "Cleanup", Time since last: 1000140612 ns, Reaching safepoint: 77802 ns, At safepoint: 9200 ns, Total: 87002 ns
[2558.899s][info ][safepoint      ] Safepoint "Cleanup", Time since last: 3000265832 ns, Reaching safepoint: 79501 ns, At safepoint: 4301 ns, Total: 83802 ns
[2571.900s][info ][safepoint      ] Safepoint "Cleanup", Time since last: 13000906780 ns, Reaching safepoint: 71102 ns, At safepoint: 8100 ns, Total: 79202 ns
[2579.901s][info ][safepoint      ] Safepoint "Cleanup", Time since last: 8000579510 ns, Reaching safepoint: 105202 ns, At safepoint: 3800 ns, Total: 109002 ns
[2595.189s][info ][gc,start       ] GC(106) Pause Young (Allocation Failure)
[2595.192s][debug][gc,phases      ] GC(106) Scavenge 2.866ms
[2595.192s][debug][gc,ref         ] GC(106) Skipped phase 1 of Reference Processing: no references
[2595.192s][debug][gc,ref         ] GC(106) Skipped phase 3 of Reference Processing: no references
[2595.192s][debug][gc,phases      ] GC(106) Reference Processing 0.031ms
[2595.193s][debug][gc,phases      ] GC(106) Weak Processing 1.038ms
[2595.193s][debug][gc,age         ] GC(106) Desired survivor size 36175872 bytes, new threshold 15 (max threshold 15)
[2595.193s][info ][gc,heap        ] GC(106) PSYoungGen: 2020048K(2056704K)->1536K(2061824K) Eden: 2018304K(2018304K)->0K(2024960K) From: 1744K(38400K)->1536K(36864K)
[2595.193s][info ][gc,heap        ] GC(106) ParOldGen: 364128K(394240K)->364184K(394240K)
[2595.193s][info ][gc,metaspace   ] GC(106) Metaspace: 77473K(78144K)->77473K(78144K) NonClass: 66898K(67264K)->66898K(67264K) Class: 10575K(10880K)->10575K(10880K)
[2595.193s][info ][gc             ] GC(106) Pause Young (Allocation Failure) 2328M->357M(2398M) 4.087ms
[2595.193s][info ][gc,cpu         ] GC(106) User=0.01s Sys=0.00s Real=0.00s
[2595.193s][info ][safepoint      ] Safepoint "ParallelGCFailedAllocation", Time since last: 15287943789 ns, Reaching safepoint: 119103 ns, At safepoint: 4201188 ns, Total: 4320291 ns
[2679.199s][info ][safepoint      ] Safepoint "Cleanup", Time since last: 84005755534 ns, Reaching safepoint: 130403 ns, At safepoint: 3600 ns, Total: 134003 ns
[2679.807s][info ][safepoint      ] Safepoint "ICBufferFull", Time since last: 607444290 ns, Reaching safepoint: 361908 ns, At safepoint: 15700 ns, Total: 377608 ns
[2680.807s][info ][safepoint      ] Safepoint "Cleanup", Time since last: 1000182259 ns, Reaching safepoint: 158703 ns, At safepoint: 17101 ns, Total: 175804 ns
[2681.808s][info ][safepoint      ] Safepoint "Cleanup", Time since last: 1000082856 ns, Reaching safepoint: 107803 ns, At safepoint: 8900 ns, Total: 116703 ns
[2682.808s][info ][safepoint      ] Safepoint "Cleanup", Time since last: 1000132957 ns, Reaching safepoint: 105002 ns, At safepoint: 14301 ns, Total: 119303 ns
[2684.360s][info ][gc,start       ] GC(107) Pause Young (Allocation Failure)
[2684.368s][debug][gc,phases      ] GC(107) Scavenge 8.248ms
[2684.368s][debug][gc,ref         ] GC(107) Skipped phase 1 of Reference Processing: no references
[2684.369s][debug][gc,ref         ] GC(107) Skipped phase 3 of Reference Processing: no references
[2684.369s][debug][gc,phases      ] GC(107) Reference Processing 0.062ms
[2684.370s][debug][gc,phases      ] GC(107) Weak Processing 1.225ms
[2684.370s][debug][gc,age         ] GC(107) Desired survivor size 39845888 bytes, new threshold 15 (max threshold 15)
[2684.370s][info ][gc,heap        ] GC(107) PSYoungGen: 2026496K(2061824K)->24480K(2049536K) Eden: 2024960K(2024960K)->0K(2024960K) From: 1536K(36864K)->24480K(24576K)
[2684.370s][info ][gc,heap        ] GC(107) ParOldGen: 364184K(394240K)->364240K(394240K)
[2684.370s][info ][gc,metaspace   ] GC(107) Metaspace: 77548K(78208K)->77548K(78208K) NonClass: 66970K(67328K)->66970K(67328K) Class: 10577K(10880K)->10577K(10880K)
[2684.370s][info ][gc             ] GC(107) Pause Young (Allocation Failure) 2334M->379M(2386M) 9.792ms
[2684.370s][info ][gc,cpu         ] GC(107) User=0.03s Sys=0.00s Real=0.01s
[2684.370s][info ][safepoint      ] Safepoint "ParallelGCFailedAllocation", Time since last: 1552031476 ns, Reaching safepoint: 56501 ns, At safepoint: 9971910 ns, Total: 10028411 ns
[2686.370s][info ][safepoint      ] Safepoint "Cleanup", Time since last: 2000168411 ns, Reaching safepoint: 79501 ns, At safepoint: 6600 ns, Total: 86101 ns
[2687.370s][info ][safepoint      ] Safepoint "Cleanup", Time since last: 1000149056 ns, Reaching safepoint: 88902 ns, At safepoint: 9200 ns, Total: 98102 ns
[2688.371s][info ][safepoint      ] Safepoint "Cleanup", Time since last: 1000150456 ns, Reaching safepoint: 94402 ns, At safepoint: 7700 ns, Total: 102102 ns
[2689.371s][info ][safepoint      ] Safepoint "Cleanup", Time since last: 1000128455 ns, Reaching safepoint: 76101 ns, At safepoint: 6100 ns, Total: 82201 ns
[2690.371s][info ][safepoint      ] Safepoint "Cleanup", Time since last: 1000123555 ns, Reaching safepoint: 86801 ns, At safepoint: 3901 ns, Total: 90702 ns
[2691.376s][info ][safepoint      ] Safepoint "Cleanup", Time since last: 1004660049 ns, Reaching safepoint: 106202 ns, At safepoint: 8400 ns, Total: 114602 ns
[2692.376s][info ][safepoint      ] Safepoint "Cleanup", Time since last: 1000126054 ns, Reaching safepoint: 76401 ns, At safepoint: 4101 ns, Total: 80502 ns
[2693.376s][info ][safepoint      ] Safepoint "Cleanup", Time since last: 1000128253 ns, Reaching safepoint: 81501 ns, At safepoint: 5301 ns, Total: 86802 ns
[2694.377s][info ][safepoint      ] Safepoint "Cleanup", Time since last: 1000132452 ns, Reaching safepoint: 98103 ns, At safepoint: 8400 ns, Total: 106503 ns
[2695.377s][info ][safepoint      ] Safepoint "Cleanup", Time since last: 1000144352 ns, Reaching safepoint: 71202 ns, At safepoint: 7200 ns, Total: 78402 ns
[2698.379s][info ][safepoint      ] Safepoint "Cleanup", Time since last: 3001825986 ns, Reaching safepoint: 73601 ns, At safepoint: 4900 ns, Total: 78501 ns
[2702.379s][info ][safepoint      ] Safepoint "Cleanup", Time since last: 4000387499 ns, Reaching safepoint: 122803 ns, At safepoint: 6200 ns, Total: 129003 ns
[2703.629s][info ][safepoint      ] Safepoint "Cleanup", Time since last: 1249636701 ns, Reaching safepoint: 195804 ns, At safepoint: 11900 ns, Total: 207704 ns
[2705.629s][info ][safepoint      ] Safepoint "Cleanup", Time since last: 2000152496 ns, Reaching safepoint: 60801 ns, At safepoint: 4300 ns, Total: 65101 ns
[2706.630s][info ][safepoint      ] Safepoint "Cleanup", Time since last: 1000183649 ns, Reaching safepoint: 68602 ns, At safepoint: 4600 ns, Total: 73202 ns
[2707.630s][info ][safepoint      ] Safepoint "Cleanup", Time since last: 1000133648 ns, Reaching safepoint: 72401 ns, At safepoint: 10401 ns, Total: 82802 ns
[2708.630s][info ][safepoint      ] Safepoint "Cleanup", Time since last: 1000134047 ns, Reaching safepoint: 68302 ns, At safepoint: 8400 ns, Total: 76702 ns
[2709.630s][info ][safepoint      ] Safepoint "Cleanup", Time since last: 1000132647 ns, Reaching safepoint: 83102 ns, At safepoint: 9600 ns, Total: 92702 ns
[2710.630s][info ][safepoint      ] Safepoint "Cleanup", Time since last: 1000147647 ns, Reaching safepoint: 64302 ns, At safepoint: 5900 ns, Total: 70202 ns
[2711.631s][info ][safepoint      ] Safepoint "Cleanup", Time since last: 1000162847 ns, Reaching safepoint: 73402 ns, At safepoint: 8400 ns, Total: 81802 ns
[2713.631s][info ][safepoint      ] Safepoint "Cleanup", Time since last: 2000173590 ns, Reaching safepoint: 74702 ns, At safepoint: 45300 ns, Total: 120002 ns
[2720.632s][info ][safepoint      ] Safepoint "Cleanup", Time since last: 7000571104 ns, Reaching safepoint: 70101 ns, At safepoint: 13301 ns, Total: 83402 ns
[2721.632s][info ][safepoint      ] Safepoint "Cleanup", Time since last: 1000138043 ns, Reaching safepoint: 89802 ns, At safepoint: 11000 ns, Total: 100802 ns
[2722.632s][info ][safepoint      ] Safepoint "Cleanup", Time since last: 1000127742 ns, Reaching safepoint: 74702 ns, At safepoint: 9200 ns, Total: 83902 ns
[2723.632s][info ][safepoint      ] Safepoint "Cleanup", Time since last: 1000113242 ns, Reaching safepoint: 73802 ns, At safepoint: 3900 ns, Total: 77702 ns
[2724.632s][info ][safepoint      ] Safepoint "Cleanup", Time since last: 1000140842 ns, Reaching safepoint: 61301 ns, At safepoint: 3900 ns, Total: 65201 ns
[2725.633s][info ][safepoint      ] Safepoint "Cleanup", Time since last: 1000148542 ns, Reaching safepoint: 66401 ns, At safepoint: 4700 ns, Total: 71101 ns
[2730.633s][info ][safepoint      ] Safepoint "Cleanup", Time since last: 5000427098 ns, Reaching safepoint: 147703 ns, At safepoint: 6500 ns, Total: 154203 ns
[2731.633s][info ][safepoint      ] Safepoint "Cleanup", Time since last: 1000122040 ns, Reaching safepoint: 61501 ns, At safepoint: 9500 ns, Total: 71001 ns
[2732.634s][info ][safepoint      ] Safepoint "Cleanup", Time since last: 1000139439 ns, Reaching safepoint: 61102 ns, At safepoint: 6200 ns, Total: 67302 ns
[2734.634s][info ][safepoint      ] Safepoint "Cleanup", Time since last: 2000200276 ns, Reaching safepoint: 65601 ns, At safepoint: 4500 ns, Total: 70101 ns
[2735.634s][info ][safepoint      ] Safepoint "Cleanup", Time since last: 1000146038 ns, Reaching safepoint: 76402 ns, At safepoint: 7400 ns, Total: 83802 ns
[2736.634s][info ][safepoint      ] Safepoint "Cleanup", Time since last: 1000149738 ns, Reaching safepoint: 75102 ns, At safepoint: 5200 ns, Total: 80302 ns
[2737.635s][info ][safepoint      ] Safepoint "Cleanup", Time since last: 1000130437 ns, Reaching safepoint: 69102 ns, At safepoint: 4900 ns, Total: 74002 ns
[2737.803s][info ][gc,start       ] GC(108) Pause Young (Allocation Failure)
[2737.812s][debug][gc,phases      ] GC(108) Scavenge 9.674ms
[2737.812s][debug][gc,ref         ] GC(108) Skipped phase 1 of Reference Processing: no references
[2737.813s][debug][gc,phases      ] GC(108) Reference Processing 0.094ms
[2737.813s][debug][gc,phases      ] GC(108) Weak Processing 0.923ms
[2737.813s][debug][gc,age         ] GC(108) Desired survivor size 44564480 bytes, new threshold 15 (max threshold 15)
[2737.813s][info ][gc,heap        ] GC(108) PSYoungGen: 2049440K(2049536K)->29505K(2049024K) Eden: 2024960K(2024960K)->0K(2010112K) From: 24480K(24576K)->29505K(38912K)
[2737.813s][info ][gc,heap        ] GC(108) ParOldGen: 364240K(394240K)->364296K(394240K)
[2737.813s][info ][gc,metaspace   ] GC(108) Metaspace: 77625K(78272K)->77625K(78272K) NonClass: 67039K(67392K)->67039K(67392K) Class: 10586K(10880K)->10586K(10880K)
[2737.814s][info ][gc             ] GC(108) Pause Young (Allocation Failure) 2357M->384M(2386M) 10.956ms
[2737.814s][info ][gc,cpu         ] GC(108) User=0.04s Sys=0.00s Real=0.01s
[2737.814s][info ][safepoint      ] Safepoint "ParallelGCFailedAllocation", Time since last: 167645126 ns, Reaching safepoint: 302307 ns, At safepoint: 11088933 ns, Total: 11391240 ns
[2738.814s][info ][safepoint      ] Safepoint "Cleanup", Time since last: 1000096236 ns, Reaching safepoint: 69101 ns, At safepoint: 6701 ns, Total: 75802 ns
[2739.814s][info ][safepoint      ] Safepoint "Cleanup", Time since last: 1000125936 ns, Reaching safepoint: 63901 ns, At safepoint: 4501 ns, Total: 68402 ns
[2740.814s][info ][safepoint      ] Safepoint "Cleanup", Time since last: 1000131836 ns, Reaching safepoint: 117202 ns, At safepoint: 8901 ns, Total: 126103 ns
[2741.814s][info ][safepoint      ] Safepoint "Cleanup", Time since last: 1000135436 ns, Reaching safepoint: 76401 ns, At safepoint: 5900 ns, Total: 82301 ns
[2742.815s][info ][safepoint      ] Safepoint "Cleanup", Time since last: 1000140836 ns, Reaching safepoint: 104902 ns, At safepoint: 6600 ns, Total: 111502 ns
[2745.815s][info ][safepoint      ] Safepoint "Cleanup", Time since last: 3000309303 ns, Reaching safepoint: 74502 ns, At safepoint: 4400 ns, Total: 78902 ns
[2746.815s][info ][safepoint      ] Safepoint "Cleanup", Time since last: 1000145835 ns, Reaching safepoint: 87601 ns, At safepoint: 6601 ns, Total: 94202 ns
[2748.816s][info ][safepoint      ] Safepoint "Cleanup", Time since last: 2000221066 ns, Reaching safepoint: 65902 ns, At safepoint: 6300 ns, Total: 72202 ns
[2752.816s][info ][safepoint      ] Safepoint "Cleanup", Time since last: 4000338427 ns, Reaching safepoint: 60901 ns, At safepoint: 3800 ns, Total: 64701 ns
[2753.816s][info ][safepoint      ] Safepoint "Cleanup", Time since last: 1000167333 ns, Reaching safepoint: 70201 ns, At safepoint: 4200 ns, Total: 74401 ns
[2755.817s][info ][safepoint      ] Safepoint "Cleanup", Time since last: 2000218062 ns, Reaching safepoint: 64902 ns, At safepoint: 7100 ns, Total: 72002 ns
[2758.817s][info ][safepoint      ] Safepoint "Cleanup", Time since last: 3000278089 ns, Reaching safepoint: 60501 ns, At safepoint: 3800 ns, Total: 64301 ns
[2760.817s][info ][safepoint      ] Safepoint "Cleanup", Time since last: 2000178958 ns, Reaching safepoint: 121403 ns, At safepoint: 15700 ns, Total: 137103 ns
[2762.818s][info ][safepoint      ] Safepoint "Cleanup", Time since last: 2000258758 ns, Reaching safepoint: 84102 ns, At safepoint: 8500 ns, Total: 92602 ns
[2765.818s][info ][safepoint      ] Safepoint "Cleanup", Time since last: 3000279094 ns, Reaching safepoint: 136903 ns, At safepoint: 9600 ns, Total: 146503 ns
[2766.818s][info ][safepoint      ] Safepoint "Cleanup", Time since last: 1000316064 ns, Reaching safepoint: 85502 ns, At safepoint: 12100 ns, Total: 97602 ns
[2767.819s][info ][safepoint      ] Safepoint "Cleanup", Time since last: 1000156360 ns, Reaching safepoint: 87302 ns, At safepoint: 4400 ns, Total: 91702 ns
[2773.819s][info ][safepoint      ] Safepoint "Cleanup", Time since last: 6000502362 ns, Reaching safepoint: 115202 ns, At safepoint: 6100 ns, Total: 121302 ns
[2775.733s][info ][safepoint      ] Safepoint "Cleanup", Time since last: 1914036544 ns, Reaching safepoint: 91002 ns, At safepoint: 11000 ns, Total: 102002 ns
[2776.734s][info ][safepoint      ] Safepoint "Cleanup", Time since last: 1000123463 ns, Reaching safepoint: 145904 ns, At safepoint: 14400 ns, Total: 160304 ns
[2782.964s][info ][safepoint      ] Safepoint "Cleanup", Time since last: 6229815719 ns, Reaching safepoint: 118803 ns, At safepoint: 10400 ns, Total: 129203 ns
[2785.484s][info ][safepoint      ] Safepoint "ParallelGCFailedAllocation", Time since last: 2520141975 ns, Reaching safepoint: 123202 ns, At safepoint: 25901 ns, Total: 149103 ns
[2785.484s][info ][gc,start       ] GC(109) Pause Young (GCLocker Initiated GC)
[2785.492s][debug][gc,phases      ] GC(109) Scavenge 8.082ms
[2785.492s][debug][gc,ref         ] GC(109) Skipped phase 1 of Reference Processing: no references
[2785.492s][debug][gc,ref         ] GC(109) Skipped phase 3 of Reference Processing: no references
[2785.492s][debug][gc,phases      ] GC(109) Reference Processing 0.100ms
[2785.494s][debug][gc,phases      ] GC(109) Weak Processing 1.199ms
[2785.494s][debug][gc,age         ] GC(109) Desired survivor size 45088768 bytes, new threshold 15 (max threshold 15)
[2785.494s][info ][gc,heap        ] GC(109) PSYoungGen: 2039617K(2049024K)->21184K(2031616K) Eden: 2010112K(2010112K)->0K(2010112K) From: 29505K(38912K)->21184K(21504K)
[2785.494s][info ][gc,heap        ] GC(109) ParOldGen: 364296K(394240K)->364416K(394240K)
[2785.494s][info ][gc,metaspace   ] GC(109) Metaspace: 77645K(78272K)->77645K(78272K) NonClass: 67059K(67392K)->67059K(67392K) Class: 10586K(10880K)->10586K(10880K)
[2785.494s][info ][gc             ] GC(109) Pause Young (GCLocker Initiated GC) 2347M->376M(2369M) 9.582ms
[2785.494s][info ][gc,cpu         ] GC(109) User=0.03s Sys=0.00s Real=0.01s
[2785.494s][info ][safepoint      ] Safepoint "ParallelGCSystemGC", Time since last: 93402 ns, Reaching safepoint: 16000 ns, At safepoint: 9700000 ns, Total: 9716000 ns
[2786.494s][info ][safepoint      ] Safepoint "Cleanup", Time since last: 1000100767 ns, Reaching safepoint: 67001 ns, At safepoint: 5600 ns, Total: 72601 ns
[2787.494s][info ][safepoint      ] Safepoint "Cleanup", Time since last: 1000130967 ns, Reaching safepoint: 74402 ns, At safepoint: 9000 ns, Total: 83402 ns
[2801.495s][info ][safepoint      ] Safepoint "Cleanup", Time since last: 14001037060 ns, Reaching safepoint: 78402 ns, At safepoint: 12200 ns, Total: 90602 ns
[2807.496s][info ][safepoint      ] Safepoint "Cleanup", Time since last: 6000476033 ns, Reaching safepoint: 63701 ns, At safepoint: 4500 ns, Total: 68201 ns
[2815.497s][info ][safepoint      ] Safepoint "Cleanup", Time since last: 8000654697 ns, Reaching safepoint: 108403 ns, At safepoint: 9200 ns, Total: 117603 ns
[2827.502s][info ][safepoint      ] Safepoint "Cleanup", Time since last: 12000989736 ns, Reaching safepoint: 4328989 ns, At safepoint: 28501 ns, Total: 4357490 ns
[2837.504s][info ][safepoint      ] Safepoint "Cleanup", Time since last: 10001924439 ns, Reaching safepoint: 81001 ns, At safepoint: 5301 ns, Total: 86302 ns
[2842.086s][info ][gc,start       ] GC(110) Pause Young (Allocation Failure)
[2842.101s][debug][gc,phases      ] GC(110) Scavenge 14.345ms
[2842.101s][debug][gc,ref         ] GC(110) Skipped phase 1 of Reference Processing: no references
[2842.101s][debug][gc,ref         ] GC(110) Skipped phase 3 of Reference Processing: no references
[2842.101s][debug][gc,phases      ] GC(110) Reference Processing 0.060ms
[2842.102s][debug][gc,phases      ] GC(110) Weak Processing 1.353ms
[2842.102s][debug][gc,age         ] GC(110) Desired survivor size 46137344 bytes, new threshold 15 (max threshold 15)
[2842.102s][info ][gc,heap        ] GC(110) PSYoungGen: 2031296K(2031616K)->24608K(2051072K) Eden: 2010112K(2010112K)->0K(2007040K) From: 21184K(21504K)->24608K(44032K)
[2842.102s][info ][gc,heap        ] GC(110) ParOldGen: 364418K(394240K)->364474K(394240K)
[2842.102s][info ][gc,metaspace   ] GC(110) Metaspace: 77650K(78272K)->77650K(78272K) NonClass: 67063K(67392K)->67063K(67392K) Class: 10586K(10880K)->10586K(10880K)
[2842.102s][info ][gc             ] GC(110) Pause Young (Allocation Failure) 2339M->379M(2388M) 16.041ms
[2842.102s][info ][gc,cpu         ] GC(110) User=0.04s Sys=0.00s Real=0.01s
[2842.102s][info ][safepoint      ] Safepoint "ParallelGCFailedAllocation", Time since last: 4582247671 ns, Reaching safepoint: 89602 ns, At safepoint: 16202535 ns, Total: 16292137 ns
[2856.104s][info ][safepoint      ] Safepoint "Cleanup", Time since last: 14001132017 ns, Reaching safepoint: 95202 ns, At safepoint: 10400 ns, Total: 105602 ns
[2861.104s][info ][safepoint      ] Safepoint "Cleanup", Time since last: 5000354048 ns, Reaching safepoint: 67802 ns, At safepoint: 4000 ns, Total: 71802 ns
[2868.105s][info ][safepoint      ] Safepoint "Cleanup", Time since last: 7000574042 ns, Reaching safepoint: 60101 ns, At safepoint: 4200 ns, Total: 64301 ns
[2875.106s][info ][safepoint      ] Safepoint "Cleanup", Time since last: 7000661959 ns, Reaching safepoint: 78602 ns, At safepoint: 9300 ns, Total: 87902 ns
[2885.106s][info ][safepoint      ] Safepoint "Cleanup", Time since last: 10000783564 ns, Reaching safepoint: 112102 ns, At safepoint: 6500 ns, Total: 118602 ns
[2886.107s][info ][safepoint      ] Safepoint "Cleanup", Time since last: 1000134199 ns, Reaching safepoint: 77402 ns, At safepoint: 13900 ns, Total: 91302 ns
[2890.107s][info ][safepoint      ] Safepoint "Cleanup", Time since last: 4000384197 ns, Reaching safepoint: 78401 ns, At safepoint: 5800 ns, Total: 84201 ns
[2904.436s][info ][gc,start       ] GC(111) Pause Young (Allocation Failure)
[2904.444s][debug][gc,phases      ] GC(111) Scavenge 7.835ms
[2904.444s][debug][gc,ref         ] GC(111) Skipped phase 1 of Reference Processing: no references
[2904.444s][debug][gc,ref         ] GC(111) Skipped phase 3 of Reference Processing: no references
[2904.444s][debug][gc,phases      ] GC(111) Reference Processing 0.049ms
[2904.445s][debug][gc,phases      ] GC(111) Weak Processing 1.191ms
[2904.445s][debug][gc,age         ] GC(111) Desired survivor size 47185920 bytes, new threshold 15 (max threshold 15)
[2904.445s][info ][gc,heap        ] GC(111) PSYoungGen: 2031648K(2051072K)->24592K(2032128K) Eden: 2007040K(2007040K)->0K(2007040K) From: 24608K(44032K)->24592K(25088K)
[2904.445s][info ][gc,heap        ] GC(111) ParOldGen: 364474K(394240K)->364514K(394240K)
[2904.445s][info ][gc,metaspace   ] GC(111) Metaspace: 77654K(78272K)->77654K(78272K) NonClass: 67067K(67392K)->67067K(67392K) Class: 10586K(10880K)->10586K(10880K)
[2904.445s][info ][gc             ] GC(111) Pause Young (Allocation Failure) 2339M->379M(2369M) 9.350ms
[2904.445s][info ][gc,cpu         ] GC(111) User=0.03s Sys=0.00s Real=0.02s
[2904.445s][info ][safepoint      ] Safepoint "ParallelGCFailedAllocation", Time since last: 14328461496 ns, Reaching safepoint: 75801 ns, At safepoint: 9508997 ns, Total: 9584798 ns
[2925.447s][info ][safepoint      ] Safepoint "Cleanup", Time since last: 21001481030 ns, Reaching safepoint: 69702 ns, At safepoint: 12700 ns, Total: 82402 ns
[2948.449s][info ][safepoint      ] Safepoint "Cleanup", Time since last: 23001760783 ns, Reaching safepoint: 94902 ns, At safepoint: 3400 ns, Total: 98302 ns
[2949.449s][info ][safepoint      ] Safepoint "Cleanup", Time since last: 1000111416 ns, Reaching safepoint: 75202 ns, At safepoint: 7800 ns, Total: 83002 ns
[2950.449s][info ][safepoint      ] Safepoint "Cleanup", Time since last: 1000138917 ns, Reaching safepoint: 78501 ns, At safepoint: 9301 ns, Total: 87802 ns
[2952.449s][info ][safepoint      ] Safepoint "Cleanup", Time since last: 2000198633 ns, Reaching safepoint: 66601 ns, At safepoint: 11300 ns, Total: 77901 ns
[2959.450s][info ][safepoint      ] Safepoint "Cleanup", Time since last: 7000557122 ns, Reaching safepoint: 66501 ns, At safepoint: 8200 ns, Total: 74701 ns
[2961.450s][info ][safepoint      ] Safepoint "Cleanup", Time since last: 2000198638 ns, Reaching safepoint: 50701 ns, At safepoint: 4200 ns, Total: 54901 ns
[2964.529s][info ][gc,start       ] GC(112) Pause Young (Allocation Failure)
[2964.537s][debug][gc,phases      ] GC(112) Scavenge 7.893ms
[2964.537s][debug][gc,ref         ] GC(112) Skipped phase 1 of Reference Processing: no references
[2964.537s][debug][gc,ref         ] GC(112) Skipped phase 3 of Reference Processing: no references
[2964.537s][debug][gc,phases      ] GC(112) Reference Processing 0.051ms
[2964.538s][debug][gc,phases      ] GC(112) Weak Processing 1.029ms
[2964.538s][debug][gc,age         ] GC(112) Desired survivor size 47710208 bytes, new threshold 15 (max threshold 15)
[2964.538s][info ][gc,heap        ] GC(112) PSYoungGen: 2031632K(2032128K)->24608K(2050048K) Eden: 2007040K(2007040K)->0K(2003968K) From: 24592K(25088K)->24608K(46080K)
[2964.538s][info ][gc,heap        ] GC(112) ParOldGen: 364514K(394240K)->364546K(394240K)
[2964.538s][info ][gc,metaspace   ] GC(112) Metaspace: 77711K(78336K)->77711K(78336K) NonClass: 67118K(67456K)->67118K(67456K) Class: 10593K(10880K)->10593K(10880K)
[2964.538s][info ][gc             ] GC(112) Pause Young (Allocation Failure) 2339M->380M(2387M) 9.242ms
[2964.538s][info ][gc,cpu         ] GC(112) User=0.02s Sys=0.01s Real=0.01s
[2964.538s][info ][safepoint      ] Safepoint "ParallelGCFailedAllocation", Time since last: 3078726783 ns, Reaching safepoint: 39401 ns, At safepoint: 9384695 ns, Total: 9424096 ns
[2982.540s][info ][safepoint      ] Safepoint "Cleanup", Time since last: 18001246487 ns, Reaching safepoint: 132803 ns, At safepoint: 15300 ns, Total: 148103 ns
[3001.541s][info ][safepoint      ] Safepoint "Cleanup", Time since last: 19001353296 ns, Reaching safepoint: 170303 ns, At safepoint: 13301 ns, Total: 183604 ns
[3002.542s][info ][safepoint      ] Safepoint "Cleanup", Time since last: 1000156630 ns, Reaching safepoint: 143203 ns, At safepoint: 12800 ns, Total: 156003 ns
[3004.542s][info ][safepoint      ] Safepoint "Cleanup", Time since last: 2000201259 ns, Reaching safepoint: 135503 ns, At safepoint: 11700 ns, Total: 147203 ns
[3006.542s][info ][safepoint      ] Safepoint "Cleanup", Time since last: 2000215660 ns, Reaching safepoint: 146803 ns, At safepoint: 10300 ns, Total: 157103 ns
[3007.543s][info ][safepoint      ] Safepoint "Cleanup", Time since last: 1000154031 ns, Reaching safepoint: 147404 ns, At safepoint: 9300 ns, Total: 156704 ns
[3009.543s][info ][safepoint      ] Safepoint "Cleanup", Time since last: 2000213561 ns, Reaching safepoint: 138703 ns, At safepoint: 9200 ns, Total: 147903 ns
[3011.543s][info ][safepoint      ] Safepoint "Cleanup", Time since last: 2000222763 ns, Reaching safepoint: 143503 ns, At safepoint: 9900 ns, Total: 153403 ns
[3012.544s][info ][safepoint      ] Safepoint "Cleanup", Time since last: 1000125432 ns, Reaching safepoint: 82201 ns, At safepoint: 7801 ns, Total: 90002 ns
[3014.086s][info ][gc,start       ] GC(113) Pause Young (Allocation Failure)
[3014.103s][debug][gc,phases      ] GC(113) Scavenge 16.763ms
[3014.103s][debug][gc,ref         ] GC(113) Skipped phase 1 of Reference Processing: no references
[3014.103s][debug][gc,ref         ] GC(113) Skipped phase 3 of Reference Processing: no references
[3014.103s][debug][gc,phases      ] GC(113) Reference Processing 0.056ms
[3014.104s][debug][gc,phases      ] GC(113) Weak Processing 1.049ms
[3014.104s][debug][gc,age         ] GC(113) Desired survivor size 57671680 bytes, new threshold 14 (max threshold 15)
[3014.104s][info ][gc,heap        ] GC(113) PSYoungGen: 2028576K(2050048K)->46560K(2050560K) Eden: 2003968K(2003968K)->0K(2003968K) From: 24608K(46080K)->46560K(46592K)
[3014.104s][info ][gc,heap        ] GC(113) ParOldGen: 364546K(394240K)->368297K(394240K)
[3014.104s][info ][gc,metaspace   ] GC(113) Metaspace: 77720K(78336K)->77720K(78336K) NonClass: 67127K(67456K)->67127K(67456K) Class: 10593K(10880K)->10593K(10880K)
[3014.104s][info ][gc             ] GC(113) Pause Young (Allocation Failure) 2337M->405M(2387M) 18.124ms
[3014.104s][info ][gc,cpu         ] GC(113) User=0.06s Sys=0.00s Real=0.01s
[3014.104s][info ][safepoint      ] Safepoint "ParallelGCFailedAllocation", Time since last: 1542060866 ns, Reaching safepoint: 56001 ns, At safepoint: 18259179 ns, Total: 18315180 ns
[3019.104s][info ][safepoint      ] Safepoint "Cleanup", Time since last: 5000369559 ns, Reaching safepoint: 86102 ns, At safepoint: 10200 ns, Total: 96302 ns
[3023.105s][info ][safepoint      ] Safepoint "Cleanup", Time since last: 4000320232 ns, Reaching safepoint: 82302 ns, At safepoint: 9900 ns, Total: 92202 ns
[3024.105s][info ][safepoint      ] Safepoint "Cleanup", Time since last: 1000124134 ns, Reaching safepoint: 87002 ns, At safepoint: 12500 ns, Total: 99502 ns
[3026.105s][info ][safepoint      ] Safepoint "Cleanup", Time since last: 2000246270 ns, Reaching safepoint: 124903 ns, At safepoint: 13200 ns, Total: 138103 ns
[3027.106s][info ][safepoint      ] Safepoint "Cleanup", Time since last: 1000161036 ns, Reaching safepoint: 83601 ns, At safepoint: 7001 ns, Total: 90602 ns
[3030.106s][info ][safepoint      ] Safepoint "Cleanup", Time since last: 3000326105 ns, Reaching safepoint: 123203 ns, At safepoint: 12000 ns, Total: 135203 ns
[3031.109s][info ][safepoint      ] Safepoint "Cleanup", Time since last: 1000168337 ns, Reaching safepoint: 2294348 ns, At safepoint: 17100 ns, Total: 2311448 ns
[3032.109s][info ][safepoint      ] Safepoint "Cleanup", Time since last: 1000097036 ns, Reaching safepoint: 97002 ns, At safepoint: 11000 ns, Total: 108002 ns
[3033.109s][info ][safepoint      ] Safepoint "Cleanup", Time since last: 1000130837 ns, Reaching safepoint: 70701 ns, At safepoint: 5000 ns, Total: 75701 ns
[3038.110s][info ][safepoint      ] Safepoint "Cleanup", Time since last: 5000415482 ns, Reaching safepoint: 73901 ns, At safepoint: 4700 ns, Total: 78601 ns
[3039.110s][info ][safepoint      ] Safepoint "Cleanup", Time since last: 1000128438 ns, Reaching safepoint: 73202 ns, At safepoint: 7000 ns, Total: 80202 ns
[3054.111s][info ][safepoint      ] Safepoint "Cleanup", Time since last: 15001328482 ns, Reaching safepoint: 103002 ns, At safepoint: 9800 ns, Total: 112802 ns
[3056.112s][info ][safepoint      ] Safepoint "Cleanup", Time since last: 2000266783 ns, Reaching safepoint: 101802 ns, At safepoint: 7900 ns, Total: 109702 ns
[3058.112s][info ][safepoint      ] Safepoint "Cleanup", Time since last: 2000264784 ns, Reaching safepoint: 91702 ns, At safepoint: 8000 ns, Total: 99702 ns
[3062.295s][info ][gc,start       ] GC(114) Pause Young (Allocation Failure)
[3062.309s][debug][gc,phases      ] GC(114) Scavenge 14.757ms
[3062.310s][debug][gc,ref         ] GC(114) Skipped phase 1 of Reference Processing: no references
[3062.310s][debug][gc,ref         ] GC(114) Skipped phase 3 of Reference Processing: no references
[3062.310s][debug][gc,phases      ] GC(114) Reference Processing 0.074ms
[3062.311s][debug][gc,phases      ] GC(114) Weak Processing 1.185ms
[3062.311s][debug][gc,age         ] GC(114) Desired survivor size 62914560 bytes, new threshold 15 (max threshold 15)
[3062.311s][info ][gc,heap        ] GC(114) PSYoungGen: 2050528K(2050560K)->42208K(2020864K) Eden: 2003968K(2003968K)->0K(1974272K) From: 46560K(46592K)->42208K(46592K)
[3062.311s][info ][gc,heap        ] GC(114) ParOldGen: 368297K(394240K)->368385K(394240K)
[3062.311s][info ][gc,metaspace   ] GC(114) Metaspace: 77735K(78336K)->77735K(78336K) NonClass: 67141K(67456K)->67141K(67456K) Class: 10593K(10880K)->10593K(10880K)
[3062.311s][info ][gc             ] GC(114) Pause Young (Allocation Failure) 2362M->400M(2358M) 16.288ms
[3062.311s][info ][gc,cpu         ] GC(114) User=0.06s Sys=0.00s Real=0.02s
[3062.311s][info ][safepoint      ] Safepoint "ParallelGCFailedAllocation", Time since last: 4182466144 ns, Reaching safepoint: 176904 ns, At safepoint: 16449641 ns, Total: 16626545 ns
[3075.313s][info ][safepoint      ] Safepoint "Cleanup", Time since last: 13001809178 ns, Reaching safepoint: 83402 ns, At safepoint: 5100 ns, Total: 88502 ns
[3084.321s][info ][safepoint      ] Safepoint "Cleanup", Time since last: 9000769011 ns, Reaching safepoint: 7558356 ns, At safepoint: 16801 ns, Total: 7575157 ns
[3085.325s][info ][safepoint      ] Safepoint "Cleanup", Time since last: 1003481517 ns, Reaching safepoint: 152103 ns, At safepoint: 9400 ns, Total: 161503 ns
[3086.595s][info ][safepoint      ] Safepoint "Cleanup", Time since last: 1270155450 ns, Reaching safepoint: 130202 ns, At safepoint: 6301 ns, Total: 136503 ns
[3095.596s][info ][safepoint      ] Safepoint "Cleanup", Time since last: 9000735230 ns, Reaching safepoint: 67401 ns, At safepoint: 4600 ns, Total: 72001 ns
[3100.596s][info ][safepoint      ] Safepoint "Cleanup", Time since last: 5000371045 ns, Reaching safepoint: 52201 ns, At safepoint: 8100 ns, Total: 60301 ns
[3116.536s][info ][gc,start       ] GC(115) Pause Young (Allocation Failure)
[3116.543s][debug][gc,phases      ] GC(115) Scavenge 7.132ms
[3116.543s][debug][gc,ref         ] GC(115) Skipped phase 1 of Reference Processing: no references
[3116.543s][debug][gc,ref         ] GC(115) Skipped phase 3 of Reference Processing: no references
[3116.543s][debug][gc,phases      ] GC(115) Reference Processing 0.085ms
[3116.544s][debug][gc,phases      ] GC(115) Weak Processing 1.023ms
[3116.544s][debug][gc,age         ] GC(115) Desired survivor size 59768832 bytes, new threshold 15 (max threshold 15)
[3116.544s][info ][gc,heap        ] GC(115) PSYoungGen: 2016480K(2020864K)->24640K(2035712K) Eden: 1974272K(1974272K)->0K(1974272K) From: 42208K(46592K)->24640K(61440K)
[3116.544s][info ][gc,heap        ] GC(115) ParOldGen: 368385K(394240K)->368385K(394240K)
[3116.544s][info ][gc,metaspace   ] GC(115) Metaspace: 77746K(78336K)->77746K(78336K) NonClass: 67152K(67456K)->67152K(67456K) Class: 10593K(10880K)->10593K(10880K)
[3116.544s][info ][gc             ] GC(115) Pause Young (Allocation Failure) 2328M->383M(2373M) 8.484ms
[3116.544s][info ][gc,cpu         ] GC(115) User=0.03s Sys=0.00s Real=0.01s
[3116.544s][info ][safepoint      ] Safepoint "ParallelGCFailedAllocation", Time since last: 15939163830 ns, Reaching safepoint: 194704 ns, At safepoint: 8631979 ns, Total: 8826683 ns
[3173.586s][info ][gc,start       ] GC(116) Pause Young (Allocation Failure)
[3173.593s][debug][gc,phases      ] GC(116) Scavenge 7.322ms
[3173.593s][debug][gc,ref         ] GC(116) Skipped phase 1 of Reference Processing: no references
[3173.593s][debug][gc,ref         ] GC(116) Skipped phase 3 of Reference Processing: no references
[3173.593s][debug][gc,phases      ] GC(116) Reference Processing 0.054ms
[3173.595s][debug][gc,phases      ] GC(116) Weak Processing 1.135ms
[3173.595s][debug][gc,age         ] GC(116) Desired survivor size 57147392 bytes, new threshold 15 (max threshold 15)
[3173.595s][info ][gc,heap        ] GC(116) PSYoungGen: 1998912K(2035712K)->24608K(2041344K) Eden: 1974272K(1974272K)->0K(1982976K) From: 24640K(61440K)->24608K(58368K)
[3173.595s][info ][gc,heap        ] GC(116) ParOldGen: 368385K(394240K)->368409K(394240K)
[3173.595s][info ][gc,metaspace   ] GC(116) Metaspace: 77751K(78336K)->77751K(78336K) NonClass: 67157K(67456K)->67157K(67456K) Class: 10593K(10880K)->10593K(10880K)
[3173.595s][info ][gc             ] GC(116) Pause Young (Allocation Failure) 2311M->383M(2378M) 8.753ms
[3173.595s][info ][gc,cpu         ] GC(116) User=0.03s Sys=0.00s Real=0.00s
[3173.595s][info ][safepoint      ] Safepoint "ParallelGCFailedAllocation", Time since last: 57041300056 ns, Reaching safepoint: 172103 ns, At safepoint: 8901785 ns, Total: 9073888 ns
[3181.595s][info ][safepoint      ] Safepoint "Cleanup", Time since last: 8000589006 ns, Reaching safepoint: 65202 ns, At safepoint: 7700 ns, Total: 72902 ns
[3190.596s][info ][safepoint      ] Safepoint "Cleanup", Time since last: 9000675782 ns, Reaching safepoint: 77202 ns, At safepoint: 13800 ns, Total: 91002 ns
[3191.596s][info ][safepoint      ] Safepoint "Cleanup", Time since last: 1000150467 ns, Reaching safepoint: 65902 ns, At safepoint: 7700 ns, Total: 73602 ns
[3202.597s][info ][safepoint      ] Safepoint "Cleanup", Time since last: 11000825331 ns, Reaching safepoint: 116602 ns, At safepoint: 5300 ns, Total: 121902 ns
[3212.598s][info ][safepoint      ] Safepoint "Cleanup", Time since last: 10000758882 ns, Reaching safepoint: 66901 ns, At safepoint: 7801 ns, Total: 74702 ns
[3227.087s][info ][gc,start       ] GC(117) Pause Young (Allocation Failure)
[3227.094s][debug][gc,phases      ] GC(117) Scavenge 7.090ms
[3227.094s][debug][gc,ref         ] GC(117) Skipped phase 1 of Reference Processing: no references
[3227.094s][debug][gc,ref         ] GC(117) Skipped phase 3 of Reference Processing: no references
[3227.094s][debug][gc,phases      ] GC(117) Reference Processing 0.039ms
[3227.095s][debug][gc,phases      ] GC(117) Weak Processing 1.015ms
[3227.095s][debug][gc,age         ] GC(117) Desired survivor size 55050240 bytes, new threshold 15 (max threshold 15)
[3227.095s][info ][gc,heap        ] GC(117) PSYoungGen: 2007584K(2041344K)->24672K(2038784K) Eden: 1982976K(1982976K)->0K(1982976K) From: 24608K(58368K)->24672K(55808K)
[3227.095s][info ][gc,heap        ] GC(117) ParOldGen: 368409K(394240K)->368465K(394240K)
[3227.095s][info ][gc,metaspace   ] GC(117) Metaspace: 77751K(78336K)->77751K(78336K) NonClass: 67157K(67456K)->67157K(67456K) Class: 10593K(10880K)->10593K(10880K)
[3227.095s][info ][gc             ] GC(117) Pause Young (Allocation Failure) 2320M->383M(2376M) 8.402ms
[3227.095s][info ][gc,cpu         ] GC(117) User=0.03s Sys=0.01s Real=0.00s
[3227.095s][info ][safepoint      ] Safepoint "ParallelGCFailedAllocation", Time since last: 14488345600 ns, Reaching safepoint: 44501 ns, At safepoint: 8522877 ns, Total: 8567378 ns
[3276.987s][info ][gc,start       ] GC(118) Pause Young (Allocation Failure)
[3276.994s][debug][gc,phases      ] GC(118) Scavenge 6.844ms
[3276.994s][debug][gc,ref         ] GC(118) Skipped phase 1 of Reference Processing: no references
[3276.994s][debug][gc,ref         ] GC(118) Skipped phase 3 of Reference Processing: no references
[3276.994s][debug][gc,phases      ] GC(118) Reference Processing 0.041ms
[3276.995s][debug][gc,phases      ] GC(118) Weak Processing 1.007ms
[3276.995s][debug][gc,age         ] GC(118) Desired survivor size 52428800 bytes, new threshold 15 (max threshold 15)
[3276.995s][info ][gc,heap        ] GC(118) PSYoungGen: 2007648K(2038784K)->24624K(2045952K) Eden: 1982976K(1982976K)->0K(1992192K) From: 24672K(55808K)->24624K(53760K)
[3276.995s][info ][gc,heap        ] GC(118) ParOldGen: 368465K(394240K)->368521K(394240K)
[3276.995s][info ][gc,metaspace   ] GC(118) Metaspace: 77754K(78336K)->77754K(78336K) NonClass: 67161K(67456K)->67161K(67456K) Class: 10593K(10880K)->10593K(10880K)
[3276.995s][info ][gc             ] GC(118) Pause Young (Allocation Failure) 2320M->383M(2383M) 8.130ms
[3276.995s][info ][gc,cpu         ] GC(118) User=0.03s Sys=0.00s Real=0.00s
[3276.995s][info ][safepoint      ] Safepoint "ParallelGCFailedAllocation", Time since last: 49891815314 ns, Reaching safepoint: 105802 ns, At safepoint: 8273472 ns, Total: 8379274 ns
[3284.996s][info ][safepoint      ] Safepoint "Cleanup", Time since last: 8000556630 ns, Reaching safepoint: 81002 ns, At safepoint: 13500 ns, Total: 94502 ns
[3312.998s][info ][safepoint      ] Safepoint "Cleanup", Time since last: 28002100775 ns, Reaching safepoint: 110102 ns, At safepoint: 12400 ns, Total: 122502 ns
[3329.986s][info ][gc,start       ] GC(119) Pause Young (Allocation Failure)
[3329.993s][debug][gc,phases      ] GC(119) Scavenge 7.308ms
[3329.993s][debug][gc,ref         ] GC(119) Skipped phase 1 of Reference Processing: no references
[3329.993s][debug][gc,ref         ] GC(119) Skipped phase 3 of Reference Processing: no references
[3329.993s][debug][gc,phases      ] GC(119) Reference Processing 0.043ms
[3329.994s][debug][gc,phases      ] GC(119) Weak Processing 1.047ms
[3329.994s][debug][gc,age         ] GC(119) Desired survivor size 50331648 bytes, new threshold 15 (max threshold 15)
[3329.994s][info ][gc,heap        ] GC(119) PSYoungGen: 2016816K(2045952K)->24576K(2043392K) Eden: 1992192K(1992192K)->0K(1992192K) From: 24624K(53760K)->24576K(51200K)
[3329.994s][info ][gc,heap        ] GC(119) ParOldGen: 368521K(394240K)->368577K(394240K)
[3329.994s][info ][gc,metaspace   ] GC(119) Metaspace: 77756K(78336K)->77756K(78336K) NonClass: 67163K(67456K)->67163K(67456K) Class: 10593K(10880K)->10593K(10880K)
[3329.994s][info ][gc             ] GC(119) Pause Young (Allocation Failure) 2329M->383M(2380M) 8.641ms
[3329.994s][info ][gc,cpu         ] GC(119) User=0.03s Sys=0.00s Real=0.00s
[3329.994s][info ][safepoint      ] Safepoint "ParallelGCFailedAllocation", Time since last: 16987339641 ns, Reaching safepoint: 131602 ns, At safepoint: 8786583 ns, Total: 8918185 ns
[3347.996s][info ][safepoint      ] Safepoint "Cleanup", Time since last: 18001263351 ns, Reaching safepoint: 66802 ns, At safepoint: 6000 ns, Total: 72802 ns
[3354.996s][info ][safepoint      ] Safepoint "Cleanup", Time since last: 7000536915 ns, Reaching safepoint: 117302 ns, At safepoint: 4400 ns, Total: 121702 ns
[3390.436s][info ][gc,start       ] GC(120) Pause Young (Allocation Failure)
[3390.444s][debug][gc,phases      ] GC(120) Scavenge 7.970ms
[3390.444s][debug][gc,ref         ] GC(120) Skipped phase 1 of Reference Processing: no references
[3390.444s][debug][gc,ref         ] GC(120) Skipped phase 3 of Reference Processing: no references
[3390.444s][debug][gc,phases      ] GC(120) Reference Processing 0.080ms
[3390.445s][debug][gc,phases      ] GC(120) Weak Processing 1.056ms
[3390.445s][debug][gc,age         ] GC(120) Desired survivor size 48234496 bytes, new threshold 15 (max threshold 15)
[3390.445s][info ][gc,heap        ] GC(120) PSYoungGen: 2016768K(2043392K)->24544K(2050048K) Eden: 1992192K(1992192K)->0K(2000896K) From: 24576K(51200K)->24544K(49152K)
[3390.445s][info ][gc,heap        ] GC(120) ParOldGen: 368577K(394240K)->368601K(394240K)
[3390.445s][info ][gc,metaspace   ] GC(120) Metaspace: 77756K(78336K)->77756K(78336K) NonClass: 67163K(67456K)->67163K(67456K) Class: 10593K(10880K)->10593K(10880K)
[3390.445s][info ][gc             ] GC(120) Pause Young (Allocation Failure) 2329M->383M(2387M) 9.358ms
[3390.445s][info ][gc,cpu         ] GC(120) User=0.03s Sys=0.00s Real=0.02s
[3390.445s][info ][safepoint      ] Safepoint "ParallelGCFailedAllocation", Time since last: 35439204834 ns, Reaching safepoint: 67501 ns, At safepoint: 9492898 ns, Total: 9560399 ns
[3412.447s][info ][safepoint      ] Safepoint "Cleanup", Time since last: 22001667355 ns, Reaching safepoint: 69601 ns, At safepoint: 4600 ns, Total: 74201 ns
[3418.448s][info ][safepoint      ] Safepoint "Cleanup", Time since last: 6000510271 ns, Reaching safepoint: 125203 ns, At safepoint: 6800 ns, Total: 132003 ns
[3419.448s][info ][safepoint      ] Safepoint "Cleanup", Time since last: 1000143996 ns, Reaching safepoint: 73302 ns, At safepoint: 5300 ns, Total: 78602 ns
[3424.448s][info ][safepoint      ] Safepoint "Cleanup", Time since last: 5000427179 ns, Reaching safepoint: 67801 ns, At safepoint: 4001 ns, Total: 71802 ns
[3441.743s][info ][gc,start       ] GC(121) Pause Young (Allocation Failure)
[3441.751s][debug][gc,phases      ] GC(121) Scavenge 7.741ms
[3441.751s][debug][gc,ref         ] GC(121) Skipped phase 1 of Reference Processing: no references
[3441.751s][debug][gc,ref         ] GC(121) Skipped phase 3 of Reference Processing: no references
[3441.751s][debug][gc,phases      ] GC(121) Reference Processing 0.042ms
[3441.752s][debug][gc,phases      ] GC(121) Weak Processing 0.993ms
[3441.752s][debug][gc,age         ] GC(121) Desired survivor size 46661632 bytes, new threshold 15 (max threshold 15)
[3441.752s][info ][gc,heap        ] GC(121) PSYoungGen: 2025440K(2050048K)->24576K(2048000K) Eden: 2000896K(2000896K)->0K(2000896K) From: 24544K(49152K)->24576K(47104K)
[3441.752s][info ][gc,heap        ] GC(121) ParOldGen: 368601K(394240K)->368625K(394240K)
[3441.752s][info ][gc,metaspace   ] GC(121) Metaspace: 77756K(78336K)->77756K(78336K) NonClass: 67163K(67456K)->67163K(67456K) Class: 10593K(10880K)->10593K(10880K)
[3441.752s][info ][gc             ] GC(121) Pause Young (Allocation Failure) 2337M->383M(2385M) 9.033ms
[3441.752s][info ][gc,cpu         ] GC(121) User=0.04s Sys=0.00s Real=0.01s
[3441.752s][info ][safepoint      ] Safepoint "ParallelGCFailedAllocation", Time since last: 17294298137 ns, Reaching safepoint: 140503 ns, At safepoint: 9182191 ns, Total: 9322694 ns
[3470.754s][info ][safepoint      ] Safepoint "Cleanup", Time since last: 29001945865 ns, Reaching safepoint: 117303 ns, At safepoint: 8900 ns, Total: 126203 ns
[3473.754s][info ][safepoint      ] Safepoint "Cleanup", Time since last: 3000266002 ns, Reaching safepoint: 72502 ns, At safepoint: 4600 ns, Total: 77102 ns
[3497.286s][info ][gc,start       ] GC(122) Pause Young (Allocation Failure)
[3497.294s][debug][gc,phases      ] GC(122) Scavenge 8.496ms
[3497.294s][debug][gc,ref         ] GC(122) Skipped phase 1 of Reference Processing: no references
[3497.294s][debug][gc,ref         ] GC(122) Skipped phase 3 of Reference Processing: no references
[3497.294s][debug][gc,phases      ] GC(122) Reference Processing 0.049ms
[3497.295s][debug][gc,phases      ] GC(122) Weak Processing 1.088ms
[3497.295s][debug][gc,age         ] GC(122) Desired survivor size 47185920 bytes, new threshold 15 (max threshold 15)
[3497.296s][info ][gc,heap        ] GC(122) PSYoungGen: 2025472K(2048000K)->6416K(2050560K) Eden: 2000896K(2000896K)->0K(2004992K) From: 24576K(47104K)->6416K(45568K)
[3497.296s][info ][gc,heap        ] GC(122) ParOldGen: 368625K(394240K)->386831K(394240K)
[3497.296s][info ][gc,metaspace   ] GC(122) Metaspace: 77757K(78336K)->77757K(78336K) NonClass: 67164K(67456K)->67164K(67456K) Class: 10593K(10880K)->10593K(10880K)
[3497.296s][info ][gc             ] GC(122) Pause Young (Allocation Failure) 2337M->384M(2387M) 9.912ms
[3497.296s][info ][gc,cpu         ] GC(122) User=0.03s Sys=0.00s Real=0.00s
[3497.296s][debug][gc,phases      ] GC(123) Pre Compact 0.016ms
[3497.296s][info ][gc,start       ] GC(123) Pause Full (Ergonomics)
[3497.296s][info ][gc,phases,start] GC(123) Marking Phase
[3497.519s][debug][gc,phases      ] GC(123) Par Mark 223.313ms
[3497.521s][debug][gc,ref         ] GC(123) Skipped phase 3 of Reference Processing: no references
[3497.521s][debug][gc,phases      ] GC(123) Reference Processing 2.212ms
[3497.523s][debug][gc,phases      ] GC(123) Weak Processing 1.243ms
[3497.523s][debug][gc,phases      ] GC(123) ClassLoaderData 0.629ms
[3497.523s][debug][gc,phases      ] GC(123) Trigger cleanups 0.001ms
[3497.577s][debug][gc,phases      ] GC(123) Class Unloading 54.816ms
[3497.578s][info ][gc,phases      ] GC(123) Marking Phase 281.880ms
[3497.578s][info ][gc,phases,start] GC(123) Summary Phase
[3497.578s][info ][gc,phases      ] GC(123) Summary Phase 0.060ms
[3497.578s][info ][gc,phases,start] GC(123) Adjust Roots
[3497.608s][info ][gc,phases      ] GC(123) Adjust Roots 30.265ms
[3497.608s][info ][gc,phases,start] GC(123) Compaction Phase
[3497.737s][info ][gc,phases      ] GC(123) Compaction Phase 128.953ms
[3497.737s][info ][gc,phases,start] GC(123) Post Compact
[3497.739s][info ][gc,phases      ] GC(123) Post Compact 2.356ms
[3497.740s][info ][gc,heap        ] GC(123) PSYoungGen: 6416K(2050560K)->0K(2051072K) Eden: 0K(2004992K)->0K(2004992K) From: 6416K(45568K)->0K(46080K)
[3497.740s][info ][gc,heap        ] GC(123) ParOldGen: 386831K(394240K)->369690K(443392K)
[3497.740s][info ][gc,metaspace   ] GC(123) Metaspace: 77757K(78336K)->77594K(78336K) NonClass: 67164K(67456K)->67038K(67456K) Class: 10593K(10880K)->10556K(10880K)
[3497.740s][info ][gc             ] GC(123) Pause Full (Ergonomics) 384M->361M(2436M) 443.970ms
[3497.740s][info ][gc,cpu         ] GC(123) User=1.49s Sys=0.00s Real=0.45s
[3497.740s][info ][safepoint      ] Safepoint "ParallelGCFailedAllocation", Time since last: 23531092850 ns, Reaching safepoint: 110402 ns, At safepoint: 454119947 ns, Total: 454230349 ns
[3497.762s][info ][safepoint      ] Safepoint "ICBufferFull", Time since last: 21339843 ns, Reaching safepoint: 1452531 ns, At safepoint: 10200 ns, Total: 1462731 ns
[3498.763s][info ][safepoint      ] Safepoint "Cleanup", Time since last: 1000159305 ns, Reaching safepoint: 133802 ns, At safepoint: 10301 ns, Total: 144103 ns
[3499.763s][info ][safepoint      ] Safepoint "Cleanup", Time since last: 1000176405 ns, Reaching safepoint: 185503 ns, At safepoint: 12401 ns, Total: 197904 ns
[3500.763s][info ][safepoint      ] Safepoint "Cleanup", Time since last: 1000138604 ns, Reaching safepoint: 80202 ns, At safepoint: 4400 ns, Total: 84602 ns
[3501.764s][info ][safepoint      ] Safepoint "Cleanup", Time since last: 1000156705 ns, Reaching safepoint: 138803 ns, At safepoint: 8600 ns, Total: 147403 ns
[3503.764s][info ][safepoint      ] Safepoint "Cleanup", Time since last: 2000213808 ns, Reaching safepoint: 90501 ns, At safepoint: 4501 ns, Total: 95002 ns
[3512.765s][info ][safepoint      ] Safepoint "Cleanup", Time since last: 9000706434 ns, Reaching safepoint: 124002 ns, At safepoint: 4301 ns, Total: 128303 ns
[3513.765s][info ][safepoint      ] Safepoint "Cleanup", Time since last: 1000136505 ns, Reaching safepoint: 142803 ns, At safepoint: 7000 ns, Total: 149803 ns
[3515.765s][info ][safepoint      ] Safepoint "Cleanup", Time since last: 2000212810 ns, Reaching safepoint: 67701 ns, At safepoint: 4101 ns, Total: 71802 ns
[3518.766s][info ][safepoint      ] Safepoint "Cleanup", Time since last: 3000310015 ns, Reaching safepoint: 71001 ns, At safepoint: 4300 ns, Total: 75301 ns
[3519.766s][info ][safepoint      ] Safepoint "Cleanup", Time since last: 1000173807 ns, Reaching safepoint: 62701 ns, At safepoint: 4501 ns, Total: 67202 ns
[3521.766s][info ][safepoint      ] Safepoint "Cleanup", Time since last: 2000226511 ns, Reaching safepoint: 83301 ns, At safepoint: 4201 ns, Total: 87502 ns
[3522.767s][info ][safepoint      ] Safepoint "Cleanup", Time since last: 1000151606 ns, Reaching safepoint: 80902 ns, At safepoint: 8500 ns, Total: 89402 ns
[3527.767s][info ][safepoint      ] Safepoint "Cleanup", Time since last: 5000427727 ns, Reaching safepoint: 121903 ns, At safepoint: 4800 ns, Total: 126703 ns
[3528.767s][info ][safepoint      ] Safepoint "Cleanup", Time since last: 1000152507 ns, Reaching safepoint: 156603 ns, At safepoint: 9600 ns, Total: 166203 ns
[3530.768s][info ][safepoint      ] Safepoint "Cleanup", Time since last: 2000245713 ns, Reaching safepoint: 108203 ns, At safepoint: 8400 ns, Total: 116603 ns
[3533.768s][info ][safepoint      ] Safepoint "Cleanup", Time since last: 3000285918 ns, Reaching safepoint: 73002 ns, At safepoint: 4400 ns, Total: 77402 ns
[3547.769s][info ][safepoint      ] Safepoint "Cleanup", Time since last: 14001105092 ns, Reaching safepoint: 122902 ns, At safepoint: 9101 ns, Total: 132003 ns
[3552.687s][info ][gc,start       ] GC(124) Pause Young (Allocation Failure)
[3552.689s][debug][gc,phases      ] GC(124) Scavenge 2.426ms
[3552.689s][debug][gc,ref         ] GC(124) Skipped phase 1 of Reference Processing: no references
[3552.689s][debug][gc,ref         ] GC(124) Skipped phase 2 of Reference Processing: no references
[3552.689s][debug][gc,ref         ] GC(124) Skipped phase 3 of Reference Processing: no references
[3552.689s][debug][gc,ref         ] GC(124) Skipped phase 4 of Reference Processing: no references
[3552.689s][debug][gc,phases      ] GC(124) Reference Processing 0.030ms
[3552.690s][debug][gc,phases      ] GC(124) Weak Processing 0.971ms
[3552.690s][debug][gc,age         ] GC(124) Desired survivor size 48234496 bytes, new threshold 15 (max threshold 15)
[3552.690s][info ][gc,heap        ] GC(124) PSYoungGen: 2004992K(2051072K)->736K(2049024K) Eden: 2004992K(2004992K)->0K(2002944K) From: 0K(46080K)->736K(46080K)
[3552.690s][info ][gc,heap        ] GC(124) ParOldGen: 369690K(443392K)->369690K(443392K)
[3552.690s][info ][gc,metaspace   ] GC(124) Metaspace: 77595K(78336K)->77595K(78336K) NonClass: 67039K(67456K)->67039K(67456K) Class: 10556K(10880K)->10556K(10880K)
[3552.690s][info ][gc             ] GC(124) Pause Young (Allocation Failure) 2319M->361M(2434M) 3.617ms
[3552.690s][info ][gc,cpu         ] GC(124) User=0.01s Sys=0.00s Real=0.00s
[3552.690s][info ][safepoint      ] Safepoint "ParallelGCFailedAllocation", Time since last: 4916965100 ns, Reaching safepoint: 42101 ns, At safepoint: 3737078 ns, Total: 3779179 ns
[3553.690s][info ][safepoint      ] Safepoint "Cleanup", Time since last: 1000103508 ns, Reaching safepoint: 142203 ns, At safepoint: 8700 ns, Total: 150903 ns
[3554.691s][info ][safepoint      ] Safepoint "Cleanup", Time since last: 1000157510 ns, Reaching safepoint: 333707 ns, At safepoint: 7600 ns, Total: 341307 ns
[3555.691s][info ][safepoint      ] Safepoint "Cleanup", Time since last: 1000143309 ns, Reaching safepoint: 134303 ns, At safepoint: 7900 ns, Total: 142203 ns
[3570.693s][info ][safepoint      ] Safepoint "Cleanup", Time since last: 15001180925 ns, Reaching safepoint: 236705 ns, At safepoint: 9400 ns, Total: 246105 ns
[3574.693s][info ][safepoint      ] Safepoint "Cleanup", Time since last: 4000353337 ns, Reaching safepoint: 129903 ns, At safepoint: 7800 ns, Total: 137703 ns
[3576.693s][info ][safepoint      ] Safepoint "Cleanup", Time since last: 2000224820 ns, Reaching safepoint: 84902 ns, At safepoint: 8500 ns, Total: 93402 ns
[3577.694s][info ][safepoint      ] Safepoint "Cleanup", Time since last: 1000153811 ns, Reaching safepoint: 75202 ns, At safepoint: 5000 ns, Total: 80202 ns
[3591.695s][info ][safepoint      ] Safepoint "Cleanup", Time since last: 14001119440 ns, Reaching safepoint: 82802 ns, At safepoint: 5800 ns, Total: 88602 ns
[3602.696s][info ][safepoint      ] Safepoint "Cleanup", Time since last: 11000814919 ns, Reaching safepoint: 108702 ns, At safepoint: 8500 ns, Total: 117202 ns
[3604.472s][info ][gc,start       ] GC(125) Pause Young (Allocation Failure)
[3604.475s][debug][gc,phases      ] GC(125) Scavenge 2.273ms
[3604.475s][debug][gc,ref         ] GC(125) Skipped phase 1 of Reference Processing: no references
[3604.475s][debug][gc,ref         ] GC(125) Skipped phase 2 of Reference Processing: no references
[3604.475s][debug][gc,ref         ] GC(125) Skipped phase 3 of Reference Processing: no references
[3604.475s][debug][gc,ref         ] GC(125) Skipped phase 4 of Reference Processing: no references
[3604.475s][debug][gc,phases      ] GC(125) Reference Processing 0.031ms
[3604.476s][debug][gc,phases      ] GC(125) Weak Processing 1.031ms
[3604.476s][debug][gc,age         ] GC(125) Desired survivor size 48758784 bytes, new threshold 15 (max threshold 15)
[3604.476s][info ][gc,heap        ] GC(125) PSYoungGen: 2003680K(2049024K)->800K(2003968K) Eden: 2002944K(2002944K)->0K(2002944K) From: 736K(46080K)->800K(1024K)
[3604.476s][info ][gc,heap        ] GC(125) ParOldGen: 369690K(443392K)->369690K(443392K)
[3604.476s][info ][gc,metaspace   ] GC(125) Metaspace: 77595K(78336K)->77595K(78336K) NonClass: 67039K(67456K)->67039K(67456K) Class: 10556K(10880K)->10556K(10880K)
[3604.476s][info ][gc             ] GC(125) Pause Young (Allocation Failure) 2317M->361M(2390M) 3.503ms
[3604.476s][info ][gc,cpu         ] GC(125) User=0.01s Sys=0.00s Real=0.00s
[3604.476s][info ][safepoint      ] Safepoint "ParallelGCFailedAllocation", Time since last: 1776426767 ns, Reaching safepoint: 42701 ns, At safepoint: 3609675 ns, Total: 3652376 ns
[3609.476s][info ][safepoint      ] Safepoint "Cleanup", Time since last: 5000373058 ns, Reaching safepoint: 65301 ns, At safepoint: 4500 ns, Total: 69801 ns
[3612.477s][info ][safepoint      ] Safepoint "Cleanup", Time since last: 3000285037 ns, Reaching safepoint: 102302 ns, At safepoint: 4700 ns, Total: 107002 ns
[3614.477s][info ][safepoint      ] Safepoint "Cleanup", Time since last: 2000216126 ns, Reaching safepoint: 72901 ns, At safepoint: 4000 ns, Total: 76901 ns
[3623.478s][info ][safepoint      ] Safepoint "Cleanup", Time since last: 9000660512 ns, Reaching safepoint: 232905 ns, At safepoint: 9800 ns, Total: 242705 ns
[3633.479s][info ][safepoint      ] Safepoint "Cleanup", Time since last: 10000693229 ns, Reaching safepoint: 128903 ns, At safepoint: 9500 ns, Total: 138403 ns
[3650.480s][info ][safepoint      ] Safepoint "Cleanup", Time since last: 17001174136 ns, Reaching safepoint: 75301 ns, At safepoint: 11400 ns, Total: 86701 ns
[3652.480s][info ][safepoint      ] Safepoint "Cleanup", Time since last: 2000169130 ns, Reaching safepoint: 68702 ns, At safepoint: 7100 ns, Total: 75802 ns
[3653.471s][info ][gc,start       ] GC(126) Pause Young (Allocation Failure)
[3653.474s][debug][gc,phases      ] GC(126) Scavenge 2.167ms
[3653.474s][debug][gc,ref         ] GC(126) Skipped phase 1 of Reference Processing: no references
[3653.474s][debug][gc,ref         ] GC(126) Skipped phase 3 of Reference Processing: no references
[3653.474s][debug][gc,phases      ] GC(126) Reference Processing 0.025ms
[3653.475s][debug][gc,phases      ] GC(126) Weak Processing 0.871ms
[3653.475s][debug][gc,age         ] GC(126) Desired survivor size 48758784 bytes, new threshold 15 (max threshold 15)
[3653.475s][info ][gc,heap        ] GC(126) PSYoungGen: 2003744K(2003968K)->864K(2049536K) Eden: 2002944K(2002944K)->0K(2001920K) From: 800K(1024K)->864K(47616K)
[3653.475s][info ][gc,heap        ] GC(126) ParOldGen: 369690K(443392K)->369690K(443392K)
[3653.475s][info ][gc,metaspace   ] GC(126) Metaspace: 77602K(78336K)->77602K(78336K) NonClass: 67046K(67456K)->67046K(67456K) Class: 10556K(10880K)->10556K(10880K)
[3653.475s][info ][gc             ] GC(126) Pause Young (Allocation Failure) 2317M->361M(2434M) 3.281ms
[3653.475s][info ][gc,cpu         ] GC(126) User=0.01s Sys=0.00s Real=0.00s
[3653.475s][info ][safepoint      ] Safepoint "ParallelGCFailedAllocation", Time since last: 990999625 ns, Reaching safepoint: 58002 ns, At safepoint: 3401070 ns, Total: 3459072 ns
[3658.475s][info ][safepoint      ] Safepoint "Cleanup", Time since last: 5000379575 ns, Reaching safepoint: 64101 ns, At safepoint: 4300 ns, Total: 68401 ns
[3662.476s][info ][safepoint      ] Safepoint "Cleanup", Time since last: 4000362363 ns, Reaching safepoint: 125002 ns, At safepoint: 8600 ns, Total: 133602 ns
[3666.476s][info ][safepoint      ] Safepoint "Cleanup", Time since last: 4000343963 ns, Reaching safepoint: 133703 ns, At safepoint: 13400 ns, Total: 147103 ns
[3667.476s][info ][safepoint      ] Safepoint "Cleanup", Time since last: 1000114217 ns, Reaching safepoint: 114502 ns, At safepoint: 7900 ns, Total: 122402 ns
[3690.479s][info ][safepoint      ] Safepoint "Cleanup", Time since last: 23002370990 ns, Reaching safepoint: 97202 ns, At safepoint: 8000 ns, Total: 105202 ns
[3699.480s][info ][safepoint      ] Safepoint "Cleanup", Time since last: 9000657456 ns, Reaching safepoint: 303206 ns, At safepoint: 7100 ns, Total: 310306 ns
[3702.590s][info ][gc,start       ] GC(127) Pause Young (Allocation Failure)
[3702.592s][debug][gc,phases      ] GC(127) Scavenge 1.862ms
[3702.592s][debug][gc,ref         ] GC(127) Skipped phase 1 of Reference Processing: no references
[3702.592s][debug][gc,ref         ] GC(127) Skipped phase 3 of Reference Processing: no references
[3702.592s][debug][gc,phases      ] GC(127) Reference Processing 0.028ms
[3702.593s][debug][gc,phases      ] GC(127) Weak Processing 0.881ms
[3702.593s][debug][gc,age         ] GC(127) Desired survivor size 47710208 bytes, new threshold 15 (max threshold 15)
[3702.593s][info ][gc,heap        ] GC(127) PSYoungGen: 2002784K(2049536K)->928K(2049536K) Eden: 2001920K(2001920K)->0K(2001920K) From: 864K(47616K)->928K(47616K)
[3702.593s][info ][gc,heap        ] GC(127) ParOldGen: 369690K(443392K)->369690K(443392K)
[3702.593s][info ][gc,metaspace   ] GC(127) Metaspace: 77603K(78336K)->77603K(78336K) NonClass: 67047K(67456K)->67047K(67456K) Class: 10556K(10880K)->10556K(10880K)
[3702.593s][info ][gc             ] GC(127) Pause Young (Allocation Failure) 2316M->361M(2434M) 2.931ms
[3702.593s][info ][gc,cpu         ] GC(127) User=0.01s Sys=0.00s Real=0.00s
[3702.593s][info ][safepoint      ] Safepoint "ParallelGCFailedAllocation", Time since last: 3110007939 ns, Reaching safepoint: 129903 ns, At safepoint: 3051063 ns, Total: 3180966 ns
[3710.594s][info ][safepoint      ] Safepoint "Cleanup", Time since last: 8000576544 ns, Reaching safepoint: 85802 ns, At safepoint: 4500 ns, Total: 90302 ns
[3714.594s][info ][safepoint      ] Safepoint "Cleanup", Time since last: 4000357275 ns, Reaching safepoint: 164603 ns, At safepoint: 10300 ns, Total: 174903 ns
[3715.594s][info ][safepoint      ] Safepoint "Cleanup", Time since last: 1000142520 ns, Reaching safepoint: 106702 ns, At safepoint: 11001 ns, Total: 117703 ns
[3716.595s][info ][safepoint      ] Safepoint "Cleanup", Time since last: 1000137119 ns, Reaching safepoint: 153604 ns, At safepoint: 9400 ns, Total: 163004 ns
[3717.595s][info ][safepoint      ] Safepoint "Cleanup", Time since last: 1000160620 ns, Reaching safepoint: 264506 ns, At safepoint: 10600 ns, Total: 275106 ns
[3724.596s][info ][safepoint      ] Safepoint "Cleanup", Time since last: 7000597134 ns, Reaching safepoint: 127502 ns, At safepoint: 27101 ns, Total: 154603 ns
[3742.597s][info ][safepoint      ] Safepoint "Cleanup", Time since last: 18001280951 ns, Reaching safepoint: 65302 ns, At safepoint: 4300 ns, Total: 69602 ns
[3756.094s][info ][gc,start       ] GC(128) Pause Young (Allocation Failure)
[3756.096s][debug][gc,phases      ] GC(128) Scavenge 2.344ms
[3756.096s][debug][gc,ref         ] GC(128) Skipped phase 1 of Reference Processing: no references
[3756.097s][debug][gc,ref         ] GC(128) Skipped phase 3 of Reference Processing: no references
[3756.097s][debug][gc,phases      ] GC(128) Reference Processing 0.058ms
[3756.097s][debug][gc,phases      ] GC(128) Weak Processing 0.932ms
[3756.097s][debug][gc,age         ] GC(128) Desired survivor size 47185920 bytes, new threshold 15 (max threshold 15)
[3756.098s][info ][gc,heap        ] GC(128) PSYoungGen: 2002848K(2049536K)->1024K(2051072K) Eden: 2001920K(2001920K)->0K(2004480K) From: 928K(47616K)->1024K(46592K)
[3756.098s][info ][gc,heap        ] GC(128) ParOldGen: 369690K(443392K)->369690K(443392K)
[3756.098s][info ][gc,metaspace   ] GC(128) Metaspace: 77676K(78336K)->77676K(78336K) NonClass: 67112K(67456K)->67112K(67456K) Class: 10563K(10880K)->10563K(10880K)
[3756.098s][info ][gc             ] GC(128) Pause Young (Allocation Failure) 2316M->362M(2436M) 3.500ms
[3756.098s][info ][gc,cpu         ] GC(128) User=0.01s Sys=0.00s Real=0.01s
[3756.098s][info ][safepoint      ] Safepoint "ParallelGCFailedAllocation", Time since last: 13496545583 ns, Reaching safepoint: 103002 ns, At safepoint: 3618775 ns, Total: 3721777 ns
[3776.099s][info ][safepoint      ] Safepoint "Cleanup", Time since last: 20001461127 ns, Reaching safepoint: 72301 ns, At safepoint: 7201 ns, Total: 79502 ns
[3813.693s][info ][gc,start       ] GC(129) Pause Young (Allocation Failure)
[3813.695s][debug][gc,phases      ] GC(129) Scavenge 2.340ms
[3813.695s][debug][gc,ref         ] GC(129) Skipped phase 1 of Reference Processing: no references
[3813.695s][debug][gc,ref         ] GC(129) Skipped phase 3 of Reference Processing: no references
[3813.695s][debug][gc,phases      ] GC(129) Reference Processing 0.040ms
[3813.696s][debug][gc,phases      ] GC(129) Weak Processing 0.891ms
[3813.696s][debug][gc,age         ] GC(129) Desired survivor size 45613056 bytes, new threshold 15 (max threshold 15)
[3813.696s][info ][gc,heap        ] GC(129) PSYoungGen: 2005504K(2051072K)->1024K(2050560K) Eden: 2004480K(2004480K)->0K(2004480K) From: 1024K(46592K)->1024K(46080K)
[3813.696s][info ][gc,heap        ] GC(129) ParOldGen: 369690K(443392K)->369690K(443392K)
[3813.696s][info ][gc,metaspace   ] GC(129) Metaspace: 77677K(78336K)->77677K(78336K) NonClass: 67113K(67456K)->67113K(67456K) Class: 10563K(10880K)->10563K(10880K)
[3813.696s][info ][gc             ] GC(129) Pause Young (Allocation Failure) 2319M->362M(2435M) 3.439ms
[3813.696s][info ][gc,cpu         ] GC(129) User=0.01s Sys=0.00s Real=0.00s
[3813.696s][info ][safepoint      ] Safepoint "ParallelGCFailedAllocation", Time since last: 37593632046 ns, Reaching safepoint: 114703 ns, At safepoint: 3563974 ns, Total: 3678677 ns
[3828.698s][info ][safepoint      ] Safepoint "Cleanup", Time since last: 15001084961 ns, Reaching safepoint: 67201 ns, At safepoint: 5600 ns, Total: 72801 ns
[3839.699s][info ][safepoint      ] Safepoint "Cleanup", Time since last: 11000892274 ns, Reaching safepoint: 73701 ns, At safepoint: 8900 ns, Total: 82601 ns
[3843.699s][info ][safepoint      ] Safepoint "Cleanup", Time since last: 4000346301 ns, Reaching safepoint: 66002 ns, At safepoint: 4500 ns, Total: 70502 ns
[3844.699s][info ][safepoint      ] Safepoint "Cleanup", Time since last: 1000145727 ns, Reaching safepoint: 127202 ns, At safepoint: 15201 ns, Total: 142403 ns
[3848.700s][info ][safepoint      ] Safepoint "Cleanup", Time since last: 4000358002 ns, Reaching safepoint: 78001 ns, At safepoint: 5801 ns, Total: 83802 ns
[3857.701s][info ][safepoint      ] Safepoint "Cleanup", Time since last: 9000747331 ns, Reaching safepoint: 68302 ns, At safepoint: 4300 ns, Total: 72602 ns
[3868.036s][info ][gc,start       ] GC(130) Pause Young (Allocation Failure)
[3868.038s][debug][gc,phases      ] GC(130) Scavenge 2.491ms
[3868.038s][debug][gc,ref         ] GC(130) Skipped phase 1 of Reference Processing: no references
[3868.038s][debug][gc,ref         ] GC(130) Skipped phase 3 of Reference Processing: no references
[3868.038s][debug][gc,phases      ] GC(130) Reference Processing 0.035ms
[3868.039s][debug][gc,phases      ] GC(130) Weak Processing 1.014ms
[3868.039s][debug][gc,age         ] GC(130) Desired survivor size 44040192 bytes, new threshold 15 (max threshold 15)
[3868.039s][info ][gc,heap        ] GC(130) PSYoungGen: 2005504K(2050560K)->992K(2054144K) Eden: 2004480K(2004480K)->0K(2009600K) From: 1024K(46080K)->992K(44544K)
[3868.039s][info ][gc,heap        ] GC(130) ParOldGen: 369690K(443392K)->369690K(443392K)
[3868.039s][info ][gc,metaspace   ] GC(130) Metaspace: 77683K(78336K)->77683K(78336K) NonClass: 67119K(67456K)->67119K(67456K) Class: 10564K(10880K)->10564K(10880K)
[3868.039s][info ][gc             ] GC(130) Pause Young (Allocation Failure) 2319M->361M(2439M) 3.712ms
[3868.039s][info ][gc,cpu         ] GC(130) User=0.01s Sys=0.00s Real=0.01s
[3868.040s][info ][safepoint      ] Safepoint "ParallelGCFailedAllocation", Time since last: 10335106522 ns, Reaching safepoint: 50302 ns, At safepoint: 3828579 ns, Total: 3878881 ns
[3872.040s][info ][safepoint      ] Safepoint "Cleanup", Time since last: 4000317506 ns, Reaching safepoint: 147203 ns, At safepoint: 10000 ns, Total: 157203 ns
[3875.040s][info ][safepoint      ] Safepoint "Cleanup", Time since last: 3000286781 ns, Reaching safepoint: 181104 ns, At safepoint: 11200 ns, Total: 192304 ns
[3876.041s][info ][safepoint      ] Safepoint "Cleanup", Time since last: 1000129627 ns, Reaching safepoint: 100903 ns, At safepoint: 8500 ns, Total: 109403 ns
[3884.041s][info ][safepoint      ] Safepoint "Cleanup", Time since last: 8000591013 ns, Reaching safepoint: 138703 ns, At safepoint: 10800 ns, Total: 149503 ns
[3887.042s][info ][safepoint      ] Safepoint "Cleanup", Time since last: 3000263482 ns, Reaching safepoint: 202104 ns, At safepoint: 12401 ns, Total: 214505 ns
[3889.042s][info ][safepoint      ] Safepoint "Cleanup", Time since last: 2000239856 ns, Reaching safepoint: 162303 ns, At safepoint: 12100 ns, Total: 174403 ns
[3891.043s][info ][safepoint      ] Safepoint "Cleanup", Time since last: 2000222256 ns, Reaching safepoint: 136703 ns, At safepoint: 8400 ns, Total: 145103 ns
[3895.043s][info ][safepoint      ] Safepoint "Cleanup", Time since last: 4000345310 ns, Reaching safepoint: 136703 ns, At safepoint: 6100 ns, Total: 142803 ns
[3897.044s][info ][safepoint      ] Safepoint "Cleanup", Time since last: 2000208556 ns, Reaching safepoint: 73802 ns, At safepoint: 4800 ns, Total: 78602 ns
[3904.044s][info ][safepoint      ] Safepoint "Cleanup", Time since last: 7000615195 ns, Reaching safepoint: 125902 ns, At safepoint: 13800 ns, Total: 139702 ns
[3910.045s][info ][safepoint      ] Safepoint "Cleanup", Time since last: 6000510269 ns, Reaching safepoint: 130902 ns, At safepoint: 10101 ns, Total: 141003 ns
[3911.045s][info ][safepoint      ] Safepoint "Cleanup", Time since last: 1000132129 ns, Reaching safepoint: 76901 ns, At safepoint: 5901 ns, Total: 82802 ns
[3919.786s][info ][gc,start       ] GC(131) Pause Young (Allocation Failure)
[3919.788s][debug][gc,phases      ] GC(131) Scavenge 2.209ms
[3919.788s][debug][gc,ref         ] GC(131) Skipped phase 1 of Reference Processing: no references
[3919.788s][debug][gc,ref         ] GC(131) Skipped phase 3 of Reference Processing: no references
[3919.788s][debug][gc,phases      ] GC(131) Reference Processing 0.028ms
[3919.789s][debug][gc,phases      ] GC(131) Weak Processing 1.058ms
[3919.789s][debug][gc,age         ] GC(131) Desired survivor size 42467328 bytes, new threshold 15 (max threshold 15)
[3919.789s][info ][gc,heap        ] GC(131) PSYoungGen: 2010592K(2054144K)->1056K(2052608K) Eden: 2009600K(2009600K)->0K(2009600K) From: 992K(44544K)->1056K(43008K)
[3919.789s][info ][gc,heap        ] GC(131) ParOldGen: 369690K(443392K)->369690K(443392K)
[3919.789s][info ][gc,metaspace   ] GC(131) Metaspace: 77696K(78400K)->77696K(78400K) NonClass: 67132K(67520K)->67132K(67520K) Class: 10564K(10880K)->10564K(10880K)
[3919.789s][info ][gc             ] GC(131) Pause Young (Allocation Failure) 2324M->362M(2437M) 3.433ms
[3919.789s][info ][gc,cpu         ] GC(131) User=0.01s Sys=0.00s Real=0.00s
[3919.789s][info ][safepoint      ] Safepoint "ParallelGCFailedAllocation", Time since last: 8740523335 ns, Reaching safepoint: 131203 ns, At safepoint: 3553474 ns, Total: 3684677 ns
[3923.790s][info ][safepoint      ] Safepoint "Cleanup", Time since last: 4000354014 ns, Reaching safepoint: 132303 ns, At safepoint: 6900 ns, Total: 139203 ns
[3926.790s][info ][safepoint      ] Safepoint "Cleanup", Time since last: 3000288687 ns, Reaching safepoint: 131703 ns, At safepoint: 6700 ns, Total: 138403 ns
[3928.791s][info ][safepoint      ] Safepoint "Cleanup", Time since last: 2000215659 ns, Reaching safepoint: 135203 ns, At safepoint: 12500 ns, Total: 147703 ns
[3967.444s][info ][gc,start       ] GC(132) Pause Young (Allocation Failure)
[3967.447s][debug][gc,phases      ] GC(132) Scavenge 2.425ms
[3967.447s][debug][gc,ref         ] GC(132) Skipped phase 1 of Reference Processing: no references
[3967.447s][debug][gc,ref         ] GC(132) Skipped phase 3 of Reference Processing: no references
[3967.447s][debug][gc,phases      ] GC(132) Reference Processing 0.036ms
[3967.448s][debug][gc,phases      ] GC(132) Weak Processing 1.033ms
[3967.448s][debug][gc,age         ] GC(132) Desired survivor size 40894464 bytes, new threshold 15 (max threshold 15)
[3967.448s][info ][gc,heap        ] GC(132) PSYoungGen: 2010656K(2052608K)->1056K(2057216K) Eden: 2009600K(2009600K)->0K(2015744K) From: 1056K(43008K)->1056K(41472K)
[3967.448s][info ][gc,heap        ] GC(132) ParOldGen: 369690K(443392K)->369690K(443392K)
[3967.448s][info ][gc,metaspace   ] GC(132) Metaspace: 77704K(78464K)->77704K(78464K) NonClass: 67140K(67584K)->67140K(67584K) Class: 10564K(10880K)->10564K(10880K)
[3967.448s][info ][gc             ] GC(132) Pause Young (Allocation Failure) 2324M->362M(2442M) 3.660ms
[3967.448s][info ][gc,cpu         ] GC(132) User=0.01s Sys=0.00s Real=0.01s
[3967.448s][info ][safepoint      ] Safepoint "ParallelGCFailedAllocation", Time since last: 38653385767 ns, Reaching safepoint: 115902 ns, At safepoint: 3787679 ns, Total: 3903581 ns
[3979.449s][info ][safepoint      ] Safepoint "Cleanup", Time since last: 12000812962 ns, Reaching safepoint: 136703 ns, At safepoint: 17300 ns, Total: 154003 ns
[4003.451s][info ][safepoint      ] Safepoint "Cleanup", Time since last: 24001776942 ns, Reaching safepoint: 65502 ns, At safepoint: 6400 ns, Total: 71902 ns
[4013.452s][info ][safepoint      ] Safepoint "Cleanup", Time since last: 10000781415 ns, Reaching safepoint: 67902 ns, At safepoint: 6700 ns, Total: 74602 ns
[4020.089s][info ][gc,start       ] GC(133) Pause Young (Allocation Failure)
[4020.092s][debug][gc,phases      ] GC(133) Scavenge 2.347ms
[4020.092s][debug][gc,ref         ] GC(133) Skipped phase 1 of Reference Processing: no references
[4020.092s][debug][gc,ref         ] GC(133) Skipped phase 3 of Reference Processing: no references
[4020.092s][debug][gc,phases      ] GC(133) Reference Processing 0.030ms
[4020.093s][debug][gc,phases      ] GC(133) Weak Processing 1.001ms
[4020.093s][debug][gc,age         ] GC(133) Desired survivor size 39321600 bytes, new threshold 15 (max threshold 15)
[4020.093s][info ][gc,heap        ] GC(133) PSYoungGen: 2016800K(2057216K)->1120K(2055680K) Eden: 2015744K(2015744K)->0K(2015744K) From: 1056K(41472K)->1120K(39936K)
[4020.093s][info ][gc,heap        ] GC(133) ParOldGen: 369690K(443392K)->369690K(443392K)
[4020.093s][info ][gc,metaspace   ] GC(133) Metaspace: 77707K(78464K)->77707K(78464K) NonClass: 67143K(67584K)->67143K(67584K) Class: 10564K(10880K)->10564K(10880K)
[4020.093s][info ][gc             ] GC(133) Pause Young (Allocation Failure) 2330M->362M(2440M) 3.566ms
[4020.093s][info ][gc,cpu         ] GC(133) User=0.01s Sys=0.00s Real=0.00s
[4020.093s][info ][safepoint      ] Safepoint "ParallelGCFailedAllocation", Time since last: 6637658264 ns, Reaching safepoint: 62301 ns, At safepoint: 3684677 ns, Total: 3746978 ns
[4027.094s][info ][safepoint      ] Safepoint "Cleanup", Time since last: 7000528224 ns, Reaching safepoint: 76201 ns, At safepoint: 6201 ns, Total: 82402 ns
[4050.095s][info ][safepoint      ] Safepoint "Cleanup", Time since last: 23001636444 ns, Reaching safepoint: 149603 ns, At safepoint: 13101 ns, Total: 162704 ns
[4064.097s][info ][safepoint      ] Safepoint "Cleanup", Time since last: 14001008861 ns, Reaching safepoint: 169304 ns, At safepoint: 15900 ns, Total: 185204 ns
[4065.097s][info ][safepoint      ] Safepoint "Cleanup", Time since last: 1000147835 ns, Reaching safepoint: 227905 ns, At safepoint: 13500 ns, Total: 241405 ns
[4071.098s][info ][safepoint      ] Safepoint "Cleanup", Time since last: 6000461800 ns, Reaching safepoint: 82102 ns, At safepoint: 8800 ns, Total: 90902 ns
[4077.391s][info ][gc,start       ] GC(134) Pause Young (Allocation Failure)
[4077.398s][debug][gc,phases      ] GC(134) Scavenge 6.808ms
[4077.398s][debug][gc,ref         ] GC(134) Skipped phase 1 of Reference Processing: no references
[4077.398s][debug][gc,ref         ] GC(134) Skipped phase 3 of Reference Processing: no references
[4077.398s][debug][gc,phases      ] GC(134) Reference Processing 0.047ms
[4077.399s][debug][gc,phases      ] GC(134) Weak Processing 1.009ms
[4077.399s][debug][gc,age         ] GC(134) Desired survivor size 38797312 bytes, new threshold 15 (max threshold 15)
[4077.399s][info ][gc,heap        ] GC(134) PSYoungGen: 2016864K(2055680K)->15264K(2059264K) Eden: 2015744K(2015744K)->0K(2020864K) From: 1120K(39936K)->15264K(38400K)
[4077.399s][info ][gc,heap        ] GC(134) ParOldGen: 369690K(443392K)->369698K(443392K)
[4077.399s][info ][gc,metaspace   ] GC(134) Metaspace: 77724K(78464K)->77724K(78464K) NonClass: 67160K(67584K)->67160K(67584K) Class: 10564K(10880K)->10564K(10880K)
[4077.399s][info ][gc             ] GC(134) Pause Young (Allocation Failure) 2330M->375M(2444M) 8.101ms
[4077.399s][info ][gc,cpu         ] GC(134) User=0.03s Sys=0.00s Real=0.01s
[4077.399s][info ][safepoint      ] Safepoint "ParallelGCFailedAllocation", Time since last: 6293489006 ns, Reaching safepoint: 123702 ns, At safepoint: 8233072 ns, Total: 8356774 ns
[4091.400s][info ][safepoint      ] Safepoint "Cleanup", Time since last: 14000921371 ns, Reaching safepoint: 180003 ns, At safepoint: 8700 ns, Total: 188703 ns
[4092.401s][info ][safepoint      ] Safepoint "Cleanup", Time since last: 1000139436 ns, Reaching safepoint: 71901 ns, At safepoint: 5700 ns, Total: 77601 ns
[4094.401s][info ][safepoint      ] Safepoint "Cleanup", Time since last: 2000223470 ns, Reaching safepoint: 94202 ns, At safepoint: 7800 ns, Total: 102002 ns
[4101.402s][info ][safepoint      ] Safepoint "Cleanup", Time since last: 7000763645 ns, Reaching safepoint: 81201 ns, At safepoint: 4600 ns, Total: 85801 ns
[4102.402s][info ][safepoint      ] Safepoint "Cleanup", Time since last: 1000157036 ns, Reaching safepoint: 68902 ns, At safepoint: 4600 ns, Total: 73502 ns
[4103.402s][info ][safepoint      ] Safepoint "Cleanup", Time since last: 1000152836 ns, Reaching safepoint: 70401 ns, At safepoint: 4800 ns, Total: 75201 ns
[4113.403s][info ][safepoint      ] Safepoint "Cleanup", Time since last: 10000768546 ns, Reaching safepoint: 69401 ns, At safepoint: 4700 ns, Total: 74101 ns
[4115.403s][info ][safepoint      ] Safepoint "Cleanup", Time since last: 2000193270 ns, Reaching safepoint: 90202 ns, At safepoint: 9900 ns, Total: 100102 ns
[4121.404s][info ][safepoint      ] Safepoint "Cleanup", Time since last: 6000523710 ns, Reaching safepoint: 108003 ns, At safepoint: 8500 ns, Total: 116503 ns
[4132.186s][info ][gc,start       ] GC(135) Pause Young (Allocation Failure)
[4132.188s][debug][gc,phases      ] GC(135) Scavenge 2.329ms
[4132.188s][debug][gc,ref         ] GC(135) Skipped phase 1 of Reference Processing: no references
[4132.188s][debug][gc,ref         ] GC(135) Skipped phase 3 of Reference Processing: no references
[4132.188s][debug][gc,phases      ] GC(135) Reference Processing 0.027ms
[4132.189s][debug][gc,phases      ] GC(135) Weak Processing 0.985ms
[4132.189s][debug][gc,age         ] GC(135) Desired survivor size 37224448 bytes, new threshold 15 (max threshold 15)
[4132.189s][info ][gc,heap        ] GC(135) PSYoungGen: 2036128K(2059264K)->1216K(2058752K) Eden: 2020864K(2020864K)->0K(2020864K) From: 15264K(38400K)->1216K(37888K)
[4132.189s][info ][gc,heap        ] GC(135) ParOldGen: 369698K(443392K)->369698K(443392K)
[4132.189s][info ][gc,metaspace   ] GC(135) Metaspace: 77730K(78464K)->77730K(78464K) NonClass: 67165K(67584K)->67165K(67584K) Class: 10564K(10880K)->10564K(10880K)
[4132.189s][info ][gc             ] GC(135) Pause Young (Allocation Failure) 2349M->362M(2443M) 3.563ms
[4132.189s][info ][gc,cpu         ] GC(135) User=0.01s Sys=0.01s Real=0.00s
[4132.189s][info ][safepoint      ] Safepoint "ParallelGCFailedAllocation", Time since last: 10781535516 ns, Reaching safepoint: 118402 ns, At safepoint: 3676477 ns, Total: 3794879 ns
[4139.190s][info ][safepoint      ] Safepoint "Cleanup", Time since last: 7000513346 ns, Reaching safepoint: 130803 ns, At safepoint: 9000 ns, Total: 139803 ns
[4146.197s][info ][safepoint      ] Safepoint "Cleanup", Time since last: 7006753477 ns, Reaching safepoint: 99802 ns, At safepoint: 7400 ns, Total: 107202 ns
[4153.198s][info ][safepoint      ] Safepoint "Cleanup", Time since last: 7000580550 ns, Reaching safepoint: 126803 ns, At safepoint: 5600 ns, Total: 132403 ns
[4186.200s][info ][safepoint      ] Safepoint "Cleanup", Time since last: 33002331086 ns, Reaching safepoint: 132203 ns, At safepoint: 10600 ns, Total: 142803 ns
[4190.736s][info ][gc,start       ] GC(136) Pause Young (Allocation Failure)
[4190.738s][debug][gc,phases      ] GC(136) Scavenge 2.429ms
[4190.738s][debug][gc,ref         ] GC(136) Skipped phase 1 of Reference Processing: no references
[4190.738s][debug][gc,ref         ] GC(136) Skipped phase 3 of Reference Processing: no references
[4190.738s][debug][gc,phases      ] GC(136) Reference Processing 0.049ms
[4190.739s][debug][gc,phases      ] GC(136) Weak Processing 1.020ms
[4190.739s][debug][gc,age         ] GC(136) Desired survivor size 35651584 bytes, new threshold 15 (max threshold 15)
[4190.739s][info ][gc,heap        ] GC(136) PSYoungGen: 2022080K(2058752K)->1248K(2062336K) Eden: 2020864K(2020864K)->0K(2025984K) From: 1216K(37888K)->1248K(36352K)
[4190.739s][info ][gc,heap        ] GC(136) ParOldGen: 369698K(443392K)->369698K(443392K)
[4190.739s][info ][gc,metaspace   ] GC(136) Metaspace: 77734K(78464K)->77734K(78464K) NonClass: 67170K(67584K)->67170K(67584K) Class: 10564K(10880K)->10564K(10880K)
[4190.739s][info ][gc             ] GC(136) Pause Young (Allocation Failure) 2335M->362M(2447M) 3.674ms
[4190.739s][info ][gc,cpu         ] GC(136) User=0.01s Sys=0.00s Real=0.01s
[4190.740s][info ][safepoint      ] Safepoint "ParallelGCFailedAllocation", Time since last: 4535447396 ns, Reaching safepoint: 129802 ns, At safepoint: 3797979 ns, Total: 3927781 ns
[4213.741s][info ][safepoint      ] Safepoint "Cleanup", Time since last: 23001729447 ns, Reaching safepoint: 166203 ns, At safepoint: 23601 ns, Total: 189804 ns
[4222.742s][info ][safepoint      ] Safepoint "Cleanup", Time since last: 9000738135 ns, Reaching safepoint: 84302 ns, At safepoint: 7100 ns, Total: 91402 ns
[4223.743s][info ][safepoint      ] Safepoint "Cleanup", Time since last: 1000127638 ns, Reaching safepoint: 140003 ns, At safepoint: 9900 ns, Total: 149903 ns
[4251.147s][info ][gc,start       ] GC(137) Pause Young (Allocation Failure)
[4251.150s][debug][gc,phases      ] GC(137) Scavenge 2.646ms
[4251.150s][debug][gc,ref         ] GC(137) Skipped phase 1 of Reference Processing: no references
[4251.150s][debug][gc,ref         ] GC(137) Skipped phase 3 of Reference Processing: no references
[4251.150s][debug][gc,phases      ] GC(137) Reference Processing 0.029ms
[4251.151s][debug][gc,phases      ] GC(137) Weak Processing 1.019ms
[4251.151s][debug][gc,age         ] GC(137) Desired survivor size 33554432 bytes, new threshold 15 (max threshold 15)
[4251.151s][info ][gc,heap        ] GC(137) PSYoungGen: 2027232K(2062336K)->1280K(2060800K) Eden: 2025984K(2025984K)->0K(2025984K) From: 1248K(36352K)->1280K(34816K)
[4251.151s][info ][gc,heap        ] GC(137) ParOldGen: 369698K(443392K)->369698K(443392K)
[4251.151s][info ][gc,metaspace   ] GC(137) Metaspace: 77738K(78464K)->77738K(78464K) NonClass: 67173K(67584K)->67173K(67584K) Class: 10564K(10880K)->10564K(10880K)
[4251.151s][info ][gc             ] GC(137) Pause Young (Allocation Failure) 2340M->362M(2445M) 3.889ms
[4251.151s][info ][gc,cpu         ] GC(137) User=0.01s Sys=0.00s Real=0.00s
[4251.151s][info ][safepoint      ] Safepoint "ParallelGCFailedAllocation", Time since last: 27404321396 ns, Reaching safepoint: 118903 ns, At safepoint: 4002283 ns, Total: 4121186 ns
[4300.155s][info ][safepoint      ] Safepoint "Cleanup", Time since last: 49003431872 ns, Reaching safepoint: 79202 ns, At safepoint: 5700 ns, Total: 84902 ns
[4301.155s][info ][safepoint      ] Safepoint "Cleanup", Time since last: 1000165041 ns, Reaching safepoint: 149903 ns, At safepoint: 14100 ns, Total: 164003 ns
[4305.155s][info ][safepoint      ] Safepoint "Cleanup", Time since last: 4000446259 ns, Reaching safepoint: 128602 ns, At safepoint: 18101 ns, Total: 146703 ns
[4306.736s][info ][gc,start       ] GC(138) Pause Young (Allocation Failure)
[4306.739s][debug][gc,phases      ] GC(138) Scavenge 2.656ms
[4306.739s][debug][gc,ref         ] GC(138) Skipped phase 1 of Reference Processing: no references
[4306.739s][debug][gc,ref         ] GC(138) Skipped phase 3 of Reference Processing: no references
[4306.739s][debug][gc,phases      ] GC(138) Reference Processing 0.027ms
[4306.740s][debug][gc,phases      ] GC(138) Weak Processing 0.933ms
[4306.740s][debug][gc,age         ] GC(138) Desired survivor size 31981568 bytes, new threshold 15 (max threshold 15)
[4306.740s][info ][gc,heap        ] GC(138) PSYoungGen: 2027264K(2060800K)->1344K(2065920K) Eden: 2025984K(2025984K)->0K(2033152K) From: 1280K(34816K)->1344K(32768K)
[4306.740s][info ][gc,heap        ] GC(138) ParOldGen: 369698K(443392K)->369698K(443392K)
[4306.740s][info ][gc,metaspace   ] GC(138) Metaspace: 77743K(78464K)->77743K(78464K) NonClass: 67178K(67584K)->67178K(67584K) Class: 10564K(10880K)->10564K(10880K)
[4306.740s][info ][gc             ] GC(138) Pause Young (Allocation Failure) 2340M->362M(2450M) 3.795ms
[4306.740s][info ][gc,cpu         ] GC(138) User=0.01s Sys=0.00s Real=0.01s
[4306.740s][info ][safepoint      ] Safepoint "ParallelGCFailedAllocation", Time since last: 1580244328 ns, Reaching safepoint: 137503 ns, At safepoint: 3923781 ns, Total: 4061284 ns
[4362.741s][info ][gc,start       ] GC(139) Pause Young (Allocation Failure)
[4362.744s][debug][gc,phases      ] GC(139) Scavenge 2.433ms
[4362.744s][debug][gc,ref         ] GC(139) Skipped phase 1 of Reference Processing: no references
[4362.744s][debug][gc,ref         ] GC(139) Skipped phase 3 of Reference Processing: no references
[4362.744s][debug][gc,phases      ] GC(139) Reference Processing 0.035ms
[4362.745s][debug][gc,phases      ] GC(139) Weak Processing 0.999ms
[4362.745s][debug][gc,age         ] GC(139) Desired survivor size 30408704 bytes, new threshold 15 (max threshold 15)
[4362.745s][info ][gc,heap        ] GC(139) PSYoungGen: 2034496K(2065920K)->1312K(2064384K) Eden: 2033152K(2033152K)->0K(2033152K) From: 1344K(32768K)->1312K(31232K)
[4362.745s][info ][gc,heap        ] GC(139) ParOldGen: 369698K(443392K)->369762K(443392K)
[4362.745s][info ][gc,metaspace   ] GC(139) Metaspace: 77743K(78464K)->77743K(78464K) NonClass: 67178K(67584K)->67178K(67584K) Class: 10564K(10880K)->10564K(10880K)
[4362.745s][info ][gc             ] GC(139) Pause Young (Allocation Failure) 2347M->362M(2449M) 3.716ms
[4362.745s][info ][gc,cpu         ] GC(139) User=0.00s Sys=0.01s Real=0.01s
[4362.745s][info ][safepoint      ] Safepoint "ParallelGCFailedAllocation", Time since last: 56001200244 ns, Reaching safepoint: 106002 ns, At safepoint: 3863081 ns, Total: 3969083 ns
[4386.747s][info ][safepoint      ] Safepoint "Cleanup", Time since last: 24001619857 ns, Reaching safepoint: 106803 ns, At safepoint: 5200 ns, Total: 112003 ns
[4388.747s][info ][safepoint      ] Safepoint "Cleanup", Time since last: 2000190081 ns, Reaching safepoint: 70602 ns, At safepoint: 5100 ns, Total: 75702 ns
[4389.747s][info ][safepoint      ] Safepoint "Cleanup", Time since last: 1000149141 ns, Reaching safepoint: 79302 ns, At safepoint: 8300 ns, Total: 87602 ns
[4407.749s][info ][safepoint      ] Safepoint "Cleanup", Time since last: 18001406129 ns, Reaching safepoint: 132803 ns, At safepoint: 4800 ns, Total: 137603 ns
[4413.947s][info ][gc,start       ] GC(140) Pause Young (Allocation Failure)
[4413.950s][debug][gc,phases      ] GC(140) Scavenge 2.978ms
[4413.950s][debug][gc,ref         ] GC(140) Skipped phase 1 of Reference Processing: no references
[4413.950s][debug][gc,ref         ] GC(140) Skipped phase 3 of Reference Processing: no references
[4413.950s][debug][gc,phases      ] GC(140) Reference Processing 0.030ms
[4413.951s][debug][gc,phases      ] GC(140) Weak Processing 0.996ms
[4413.951s][debug][gc,age         ] GC(140) Desired survivor size 28835840 bytes, new threshold 15 (max threshold 15)
[4413.951s][info ][gc,heap        ] GC(140) PSYoungGen: 2034464K(2064384K)->1504K(2068992K) Eden: 2033152K(2033152K)->0K(2039296K) From: 1312K(31232K)->1504K(29696K)
[4413.951s][info ][gc,heap        ] GC(140) ParOldGen: 369762K(443392K)->369810K(443392K)
[4413.951s][info ][gc,metaspace   ] GC(140) Metaspace: 77745K(78464K)->77745K(78464K) NonClass: 67181K(67584K)->67181K(67584K) Class: 10564K(10880K)->10564K(10880K)
[4413.951s][info ][gc             ] GC(140) Pause Young (Allocation Failure) 2347M->362M(2453M) 4.178ms
[4413.951s][info ][gc,cpu         ] GC(140) User=0.01s Sys=0.00s Real=0.00s
[4413.951s][info ][safepoint      ] Safepoint "ParallelGCFailedAllocation", Time since last: 6198025261 ns, Reaching safepoint: 134003 ns, At safepoint: 4320190 ns, Total: 4454193 ns
[4419.952s][info ][safepoint      ] Safepoint "Cleanup", Time since last: 6000391943 ns, Reaching safepoint: 83602 ns, At safepoint: 10900 ns, Total: 94502 ns
[4465.955s][info ][safepoint      ] Safepoint "Cleanup", Time since last: 46003110183 ns, Reaching safepoint: 108002 ns, At safepoint: 14500 ns, Total: 122502 ns
[4467.955s][info ][safepoint      ] Safepoint "Cleanup", Time since last: 2000239085 ns, Reaching safepoint: 71101 ns, At safepoint: 8501 ns, Total: 79602 ns
[4472.956s][info ][safepoint      ] Safepoint "Cleanup", Time since last: 5000414008 ns, Reaching safepoint: 83601 ns, At safepoint: 11501 ns, Total: 95102 ns
[4477.956s][info ][safepoint      ] Safepoint "Cleanup", Time since last: 5000384808 ns, Reaching safepoint: 63601 ns, At safepoint: 3800 ns, Total: 67401 ns
[4481.957s][info ][safepoint      ] Safepoint "Cleanup", Time since last: 4000329367 ns, Reaching safepoint: 98002 ns, At safepoint: 8400 ns, Total: 106402 ns
[4482.521s][info ][safepoint      ] Safepoint "ICBufferFull", Time since last: 563812650 ns, Reaching safepoint: 504410 ns, At safepoint: 16801 ns, Total: 521211 ns
[4482.539s][info ][gc,start       ] GC(141) Pause Young (Allocation Failure)
[4482.544s][debug][gc,phases      ] GC(141) Scavenge 5.160ms
[4482.544s][debug][gc,ref         ] GC(141) Skipped phase 1 of Reference Processing: no references
[4482.544s][debug][gc,ref         ] GC(141) Skipped phase 3 of Reference Processing: no references
[4482.544s][debug][gc,phases      ] GC(141) Reference Processing 0.036ms
[4482.545s][debug][gc,phases      ] GC(141) Weak Processing 1.000ms
[4482.545s][debug][gc,age         ] GC(141) Desired survivor size 27787264 bytes, new threshold 15 (max threshold 15)
[4482.545s][info ][gc,heap        ] GC(141) PSYoungGen: 2040800K(2068992K)->8416K(2067456K) Eden: 2039296K(2039296K)->0K(2039296K) From: 1504K(29696K)->8416K(28160K)
[4482.545s][info ][gc,heap        ] GC(141) ParOldGen: 369810K(443392K)->369850K(443392K)
[4482.545s][info ][gc,metaspace   ] GC(141) Metaspace: 77785K(78464K)->77785K(78464K) NonClass: 67219K(67584K)->67219K(67584K) Class: 10566K(10880K)->10566K(10880K)
[4482.545s][info ][gc             ] GC(141) Pause Young (Allocation Failure) 2354M->369M(2452M) 6.443ms
[4482.545s][info ][gc,cpu         ] GC(141) User=0.02s Sys=0.00s Real=0.01s
[4482.545s][info ][safepoint      ] Safepoint "ParallelGCFailedAllocation", Time since last: 17698869 ns, Reaching safepoint: 168303 ns, At safepoint: 6602738 ns, Total: 6771041 ns
[4483.808s][info ][safepoint      ] Safepoint "Cleanup", Time since last: 1262059801 ns, Reaching safepoint: 177604 ns, At safepoint: 10100 ns, Total: 187704 ns
[4488.808s][info ][safepoint      ] Safepoint "Cleanup", Time since last: 5000446210 ns, Reaching safepoint: 53301 ns, At safepoint: 5500 ns, Total: 58801 ns
[4489.808s][info ][safepoint      ] Safepoint "Cleanup", Time since last: 1000127543 ns, Reaching safepoint: 121402 ns, At safepoint: 9201 ns, Total: 130603 ns
[4490.809s][info ][safepoint      ] Safepoint "Cleanup", Time since last: 1000139243 ns, Reaching safepoint: 56701 ns, At safepoint: 4600 ns, Total: 61301 ns
[4493.809s][info ][safepoint      ] Safepoint "Cleanup", Time since last: 3000282226 ns, Reaching safepoint: 73502 ns, At safepoint: 6200 ns, Total: 79702 ns
[4494.809s][info ][safepoint      ] Safepoint "Cleanup", Time since last: 1000120943 ns, Reaching safepoint: 73501 ns, At safepoint: 9901 ns, Total: 83402 ns
[4496.809s][info ][safepoint      ] Safepoint "Cleanup", Time since last: 2000175184 ns, Reaching safepoint: 70701 ns, At safepoint: 9800 ns, Total: 80501 ns
[4500.810s][info ][safepoint      ] Safepoint "Cleanup", Time since last: 4000407370 ns, Reaching safepoint: 110602 ns, At safepoint: 8200 ns, Total: 118802 ns
[4503.810s][info ][safepoint      ] Safepoint "Cleanup", Time since last: 3000268327 ns, Reaching safepoint: 83802 ns, At safepoint: 8600 ns, Total: 92402 ns
[4523.812s][info ][safepoint      ] Safepoint "Cleanup", Time since last: 20001439539 ns, Reaching safepoint: 90402 ns, At safepoint: 8900 ns, Total: 99302 ns
[4535.431s][info ][safepoint      ] Safepoint "Cleanup", Time since last: 11618776942 ns, Reaching safepoint: 80502 ns, At safepoint: 11600 ns, Total: 92102 ns
[4540.431s][info ][safepoint      ] Safepoint "Cleanup", Time since last: 5000325311 ns, Reaching safepoint: 72801 ns, At safepoint: 9901 ns, Total: 82702 ns
[4541.286s][info ][gc,start       ] GC(142) Pause Young (Allocation Failure)
[4541.291s][debug][gc,phases      ] GC(142) Scavenge 5.816ms
[4541.292s][debug][gc,ref         ] GC(142) Skipped phase 1 of Reference Processing: no references
[4541.292s][debug][gc,phases      ] GC(142) Reference Processing 0.088ms
[4541.293s][debug][gc,phases      ] GC(142) Weak Processing 1.023ms
[4541.293s][debug][gc,age         ] GC(142) Desired survivor size 30408704 bytes, new threshold 15 (max threshold 15)
[4541.293s][info ][gc,heap        ] GC(142) PSYoungGen: 2047712K(2067456K)->18704K(2064896K) Eden: 2039296K(2039296K)->0K(2037760K) From: 8416K(28160K)->18704K(27136K)
[4541.293s][info ][gc,heap        ] GC(142) ParOldGen: 369850K(443392K)->369898K(443392K)
[4541.293s][info ][gc,metaspace   ] GC(142) Metaspace: 77795K(78464K)->77795K(78464K) NonClass: 67229K(67584K)->67229K(67584K) Class: 10566K(10880K)->10566K(10880K)
[4541.293s][info ][gc             ] GC(142) Pause Young (Allocation Failure) 2360M->379M(2449M) 7.205ms
[4541.293s][info ][gc,cpu         ] GC(142) User=0.02s Sys=0.00s Real=0.00s
[4541.293s][info ][safepoint      ] Safepoint "ParallelGCFailedAllocation", Time since last: 854280103 ns, Reaching safepoint: 77002 ns, At safepoint: 7355953 ns, Total: 7432955 ns
[4549.294s][info ][safepoint      ] Safepoint "Cleanup", Time since last: 8000592039 ns, Reaching safepoint: 61001 ns, At safepoint: 4801 ns, Total: 65802 ns
[4563.295s][info ][safepoint      ] Safepoint "Cleanup", Time since last: 14001058895 ns, Reaching safepoint: 117002 ns, At safepoint: 4600 ns, Total: 121602 ns
[4588.297s][info ][safepoint      ] Safepoint "Cleanup", Time since last: 25001761466 ns, Reaching safepoint: 67301 ns, At safepoint: 3801 ns, Total: 71102 ns
[4591.297s][info ][safepoint      ] Safepoint "Cleanup", Time since last: 3000276029 ns, Reaching safepoint: 61901 ns, At safepoint: 6901 ns, Total: 68802 ns
[4604.286s][info ][gc,start       ] GC(143) Pause Young (Allocation Failure)
[4604.292s][debug][gc,phases      ] GC(143) Scavenge 5.973ms
[4604.292s][debug][gc,ref         ] GC(143) Skipped phase 1 of Reference Processing: no references
[4604.292s][debug][gc,ref         ] GC(143) Skipped phase 3 of Reference Processing: no references
[4604.292s][debug][gc,phases      ] GC(143) Reference Processing 0.081ms
[4604.293s][debug][gc,phases      ] GC(143) Weak Processing 0.963ms
[4604.293s][debug][gc,age         ] GC(143) Desired survivor size 32505856 bytes, new threshold 15 (max threshold 15)
[4604.293s][info ][gc,heap        ] GC(143) PSYoungGen: 2056464K(2064896K)->18560K(2056704K) Eden: 2037760K(2037760K)->0K(2037760K) From: 18704K(27136K)->18560K(18944K)
[4604.293s][info ][gc,heap        ] GC(143) ParOldGen: 369898K(443392K)->369954K(443392K)
[4604.293s][info ][gc,metaspace   ] GC(143) Metaspace: 77796K(78464K)->77796K(78464K) NonClass: 67230K(67584K)->67230K(67584K) Class: 10566K(10880K)->10566K(10880K)
[4604.293s][info ][gc             ] GC(143) Pause Young (Allocation Failure) 2369M->379M(2441M) 7.262ms
[4604.293s][info ][gc,cpu         ] GC(143) User=0.02s Sys=0.00s Real=0.00s
[4604.293s][info ][safepoint      ] Safepoint "ParallelGCFailedAllocation", Time since last: 12988683402 ns, Reaching safepoint: 136403 ns, At safepoint: 7428955 ns, Total: 7565358 ns
[4637.296s][info ][safepoint      ] Safepoint "Cleanup", Time since last: 33002342222 ns, Reaching safepoint: 127903 ns, At safepoint: 11300 ns, Total: 139203 ns
[4676.298s][info ][safepoint      ] Safepoint "Cleanup", Time since last: 39002668592 ns, Reaching safepoint: 70401 ns, At safepoint: 9701 ns, Total: 80102 ns
[4678.936s][info ][gc,start       ] GC(144) Pause Young (Allocation Failure)
[4678.942s][debug][gc,phases      ] GC(144) Scavenge 6.207ms
[4678.942s][debug][gc,ref         ] GC(144) Skipped phase 1 of Reference Processing: no references
[4678.942s][debug][gc,ref         ] GC(144) Skipped phase 3 of Reference Processing: no references
[4678.942s][debug][gc,phases      ] GC(144) Reference Processing 0.035ms
[4678.943s][debug][gc,phases      ] GC(144) Weak Processing 0.971ms
[4678.943s][debug][gc,age         ] GC(144) Desired survivor size 34078720 bytes, new threshold 15 (max threshold 15)
[4678.943s][info ][gc,heap        ] GC(144) PSYoungGen: 2056320K(2056704K)->18496K(2062336K) Eden: 2037760K(2037760K)->0K(2030592K) From: 18560K(18944K)->18496K(31744K)
[4678.943s][info ][gc,heap        ] GC(144) ParOldGen: 369954K(443392K)->369994K(443392K)
[4678.943s][info ][gc,metaspace   ] GC(144) Metaspace: 77800K(78464K)->77800K(78464K) NonClass: 67234K(67584K)->67234K(67584K) Class: 10566K(10880K)->10566K(10880K)
[4678.943s][info ][gc             ] GC(144) Pause Young (Allocation Failure) 2369M->379M(2447M) 7.458ms
[4678.943s][info ][gc,cpu         ] GC(144) User=0.02s Sys=0.00s Real=0.01s
[4678.943s][info ][safepoint      ] Safepoint "ParallelGCFailedAllocation", Time since last: 2637201965 ns, Reaching safepoint: 78601 ns, At safepoint: 7596959 ns, Total: 7675560 ns
[4681.944s][info ][safepoint      ] Safepoint "Cleanup", Time since last: 3000239331 ns, Reaching safepoint: 90002 ns, At safepoint: 7200 ns, Total: 97202 ns
[4683.944s][info ][safepoint      ] Safepoint "Cleanup", Time since last: 2000208989 ns, Reaching safepoint: 150803 ns, At safepoint: 7500 ns, Total: 158303 ns
[4684.944s][info ][safepoint      ] Safepoint "Cleanup", Time since last: 1000139945 ns, Reaching safepoint: 60302 ns, At safepoint: 4600 ns, Total: 64902 ns
[4685.944s][info ][safepoint      ] Safepoint "Cleanup", Time since last: 1000118544 ns, Reaching safepoint: 64502 ns, At safepoint: 3300 ns, Total: 67802 ns
[4686.944s][info ][safepoint      ] Safepoint "Cleanup", Time since last: 1000097944 ns, Reaching safepoint: 67402 ns, At safepoint: 5700 ns, Total: 73102 ns
[4689.945s][info ][safepoint      ] Safepoint "Cleanup", Time since last: 3000241031 ns, Reaching safepoint: 141503 ns, At safepoint: 7001 ns, Total: 148504 ns
[4745.949s][info ][safepoint      ] Safepoint "Cleanup", Time since last: 56004164066 ns, Reaching safepoint: 66801 ns, At safepoint: 5101 ns, Total: 71902 ns
[4763.986s][info ][gc,start       ] GC(145) Pause Young (Allocation Failure)
[4763.992s][debug][gc,phases      ] GC(145) Scavenge 6.536ms
[4763.992s][debug][gc,ref         ] GC(145) Skipped phase 1 of Reference Processing: no references
[4763.992s][debug][gc,ref         ] GC(145) Skipped phase 3 of Reference Processing: no references
[4763.992s][debug][gc,phases      ] GC(145) Reference Processing 0.090ms
[4763.994s][debug][gc,phases      ] GC(145) Weak Processing 1.040ms
[4763.994s][debug][gc,age         ] GC(145) Desired survivor size 35127296 bytes, new threshold 15 (max threshold 15)
[4763.994s][info ][gc,heap        ] GC(145) PSYoungGen: 2049088K(2062336K)->18528K(2049536K) Eden: 2030592K(2030592K)->0K(2030592K) From: 18496K(31744K)->18528K(18944K)
[4763.994s][info ][gc,heap        ] GC(145) ParOldGen: 369994K(443392K)->370034K(443392K)
[4763.994s][info ][gc,metaspace   ] GC(145) Metaspace: 77814K(78464K)->77814K(78464K) NonClass: 67247K(67584K)->67247K(67584K) Class: 10567K(10880K)->10567K(10880K)
[4763.994s][info ][gc             ] GC(145) Pause Young (Allocation Failure) 2362M->379M(2434M) 7.920ms
[4763.994s][info ][gc,cpu         ] GC(145) User=0.02s Sys=0.00s Real=0.00s
[4763.994s][info ][safepoint      ] Safepoint "ParallelGCFailedAllocation", Time since last: 18036353427 ns, Reaching safepoint: 135903 ns, At safepoint: 8062368 ns, Total: 8198271 ns
[4815.997s][info ][safepoint      ] Safepoint "Cleanup", Time since last: 52003524612 ns, Reaching safepoint: 86002 ns, At safepoint: 6200 ns, Total: 92202 ns
[4816.998s][info ][safepoint      ] Safepoint "Cleanup", Time since last: 1000150546 ns, Reaching safepoint: 123103 ns, At safepoint: 11200 ns, Total: 134303 ns
[4819.998s][info ][safepoint      ] Safepoint "Cleanup", Time since last: 3000285636 ns, Reaching safepoint: 65401 ns, At safepoint: 4900 ns, Total: 70301 ns
[4823.998s][info ][safepoint      ] Safepoint "Cleanup", Time since last: 4000335880 ns, Reaching safepoint: 64302 ns, At safepoint: 7800 ns, Total: 72102 ns
[4828.999s][info ][safepoint      ] Safepoint "Cleanup", Time since last: 5000439881 ns, Reaching safepoint: 120303 ns, At safepoint: 4300 ns, Total: 124603 ns
[4837.488s][info ][gc,start       ] GC(146) Pause Young (Allocation Failure)
[4837.497s][debug][gc,phases      ] GC(146) Scavenge 8.537ms
[4837.497s][debug][gc,ref         ] GC(146) Skipped phase 1 of Reference Processing: no references
[4837.497s][debug][gc,phases      ] GC(146) Reference Processing 0.106ms
[4837.498s][debug][gc,phases      ] GC(146) Weak Processing 1.031ms
[4837.498s][debug][gc,age         ] GC(146) Desired survivor size 42467328 bytes, new threshold 14 (max threshold 15)
[4837.498s][info ][gc,heap        ] GC(146) PSYoungGen: 2049120K(2049536K)->34272K(2048512K) Eden: 2030592K(2030592K)->0K(2014208K) From: 18528K(18944K)->34272K(34304K)
[4837.498s][info ][gc,heap        ] GC(146) ParOldGen: 370034K(443392K)->371207K(443392K)
[4837.498s][info ][gc,metaspace   ] GC(146) Metaspace: 77899K(78528K)->77899K(78528K) NonClass: 67332K(67648K)->67332K(67648K) Class: 10567K(10880K)->10567K(10880K)
[4837.498s][info ][gc             ] GC(146) Pause Young (Allocation Failure) 2362M->395M(2433M) 9.925ms
[4837.498s][info ][gc,cpu         ] GC(146) User=0.03s Sys=0.01s Real=0.01s
[4837.498s][info ][safepoint      ] Safepoint "ParallelGCFailedAllocation", Time since last: 8489002823 ns, Reaching safepoint: 56401 ns, At safepoint: 10061318 ns, Total: 10117719 ns
[4852.499s][info ][safepoint      ] Safepoint "Cleanup", Time since last: 15001025424 ns, Reaching safepoint: 54401 ns, At safepoint: 5600 ns, Total: 60001 ns
[4867.500s][info ][safepoint      ] Safepoint "Cleanup", Time since last: 15001097925 ns, Reaching safepoint: 104002 ns, At safepoint: 10300 ns, Total: 114302 ns
[4871.501s][info ][safepoint      ] Safepoint "Cleanup", Time since last: 4000333671 ns, Reaching safepoint: 83402 ns, At safepoint: 11600 ns, Total: 95002 ns
[4876.501s][info ][safepoint      ] Safepoint "Cleanup", Time since last: 5000423986 ns, Reaching safepoint: 77901 ns, At safepoint: 5101 ns, Total: 83002 ns
[4888.724s][info ][gc,start       ] GC(147) Pause Young (Allocation Failure)
[4888.734s][debug][gc,phases      ] GC(147) Scavenge 10.087ms
[4888.734s][debug][gc,ref         ] GC(147) Skipped phase 1 of Reference Processing: no references
[4888.734s][debug][gc,ref         ] GC(147) Skipped phase 3 of Reference Processing: no references
[4888.734s][debug][gc,phases      ] GC(147) Reference Processing 0.070ms
[4888.735s][debug][gc,phases      ] GC(147) Weak Processing 1.063ms
[4888.735s][debug][gc,age         ] GC(147) Desired survivor size 48758784 bytes, new threshold 15 (max threshold 15)
[4888.735s][info ][gc,heap        ] GC(147) PSYoungGen: 2048480K(2048512K)->37248K(2051584K) Eden: 2014208K(2014208K)->0K(2014208K) From: 34272K(34304K)->37248K(37376K)
[4888.735s][info ][gc,heap        ] GC(147) ParOldGen: 371207K(443392K)->371247K(443392K)
[4888.735s][info ][gc,metaspace   ] GC(147) Metaspace: 77903K(78528K)->77903K(78528K) NonClass: 67335K(67648K)->67335K(67648K) Class: 10567K(10880K)->10567K(10880K)
[4888.735s][info ][gc             ] GC(147) Pause Young (Allocation Failure) 2362M->398M(2436M) 11.518ms
[4888.735s][info ][gc,cpu         ] GC(147) User=0.04s Sys=0.00s Real=0.01s
[4888.735s][info ][safepoint      ] Safepoint "ParallelGCFailedAllocation", Time since last: 12222227097 ns, Reaching safepoint: 135302 ns, At safepoint: 11660653 ns, Total: 11795955 ns
[4913.737s][info ][safepoint      ] Safepoint "Cleanup", Time since last: 25001699469 ns, Reaching safepoint: 157904 ns, At safepoint: 7500 ns, Total: 165404 ns
[4948.237s][info ][gc,start       ] GC(148) Pause Young (Allocation Failure)
[4948.253s][debug][gc,phases      ] GC(148) Scavenge 16.122ms
[4948.253s][debug][gc,ref         ] GC(148) Skipped phase 1 of Reference Processing: no references
[4948.253s][debug][gc,ref         ] GC(148) Skipped phase 3 of Reference Processing: no references
[4948.253s][debug][gc,phases      ] GC(148) Reference Processing 0.060ms
[4948.254s][debug][gc,phases      ] GC(148) Weak Processing 1.339ms
[4948.254s][debug][gc,age         ] GC(148) Desired survivor size 52953088 bytes, new threshold 15 (max threshold 15)
[4948.254s][info ][gc,heap        ] GC(148) PSYoungGen: 2051456K(2051584K)->35520K(2039296K) Eden: 2014208K(2014208K)->0K(1993728K) From: 37248K(37376K)->35520K(45568K)
[4948.254s][info ][gc,heap        ] GC(148) ParOldGen: 371247K(443392K)->371247K(443392K)
[4948.254s][info ][gc,metaspace   ] GC(148) Metaspace: 77903K(78528K)->77903K(78528K) NonClass: 67335K(67648K)->67335K(67648K) Class: 10567K(10880K)->10567K(10880K)
[4948.254s][info ][gc             ] GC(148) Pause Young (Allocation Failure) 2365M->397M(2424M) 17.788ms
[4948.254s][info ][gc,cpu         ] GC(148) User=0.04s Sys=0.00s Real=0.02s
[4948.254s][info ][safepoint      ] Safepoint "ParallelGCFailedAllocation", Time since last: 34499249221 ns, Reaching safepoint: 107202 ns, At safepoint: 17971287 ns, Total: 18078489 ns
[4964.256s][info ][safepoint      ] Safepoint "Cleanup", Time since last: 16001299536 ns, Reaching safepoint: 125502 ns, At safepoint: 10901 ns, Total: 136403 ns
[4984.257s][info ][safepoint      ] Safepoint "Cleanup", Time since last: 20001405704 ns, Reaching safepoint: 115802 ns, At safepoint: 8300 ns, Total: 124102 ns
[4985.258s][info ][safepoint      ] Safepoint "Cleanup", Time since last: 1000153812 ns, Reaching safepoint: 398308 ns, At safepoint: 11700 ns, Total: 410008 ns
[4986.258s][info ][safepoint      ] Safepoint "Cleanup", Time since last: 1000124210 ns, Reaching safepoint: 64901 ns, At safepoint: 4500 ns, Total: 69401 ns
[4987.258s][info ][safepoint      ] Safepoint "Cleanup", Time since last: 1000139409 ns, Reaching safepoint: 74701 ns, At safepoint: 7701 ns, Total: 82402 ns
[4989.259s][info ][safepoint      ] Safepoint "Cleanup", Time since last: 2000204412 ns, Reaching safepoint: 93002 ns, At safepoint: 8501 ns, Total: 101503 ns
[4996.259s][info ][safepoint      ] Safepoint "Cleanup", Time since last: 7000559408 ns, Reaching safepoint: 85702 ns, At safepoint: 8700 ns, Total: 94402 ns
[5005.260s][info ][safepoint      ] Safepoint "Cleanup", Time since last: 9000676238 ns, Reaching safepoint: 78302 ns, At safepoint: 7100 ns, Total: 85402 ns
[5008.261s][info ][safepoint      ] Safepoint "Cleanup", Time since last: 3000309864 ns, Reaching safepoint: 83201 ns, At safepoint: 4800 ns, Total: 88001 ns
[5015.936s][info ][gc,start       ] GC(149) Pause Young (Allocation Failure)
[5015.944s][debug][gc,phases      ] GC(149) Scavenge 8.634ms
[5015.945s][debug][gc,ref         ] GC(149) Skipped phase 1 of Reference Processing: no references
[5015.945s][debug][gc,ref         ] GC(149) Skipped phase 3 of Reference Processing: no references
[5015.945s][debug][gc,phases      ] GC(149) Reference Processing 0.038ms
[5015.946s][debug][gc,phases      ] GC(149) Weak Processing 1.047ms
[5015.946s][debug][gc,age         ] GC(149) Desired survivor size 56623104 bytes, new threshold 15 (max threshold 15)
[5015.946s][info ][gc,heap        ] GC(149) PSYoungGen: 2029248K(2039296K)->35520K(2029568K) Eden: 1993728K(1993728K)->0K(1993728K) From: 35520K(45568K)->35520K(35840K)
[5015.946s][info ][gc,heap        ] GC(149) ParOldGen: 371247K(443392K)->371303K(443392K)
[5015.946s][info ][gc,metaspace   ] GC(149) Metaspace: 77923K(78528K)->77923K(78528K) NonClass: 67353K(67648K)->67353K(67648K) Class: 10570K(10880K)->10570K(10880K)
[5015.946s][info ][gc             ] GC(149) Pause Young (Allocation Failure) 2344M->397M(2415M) 9.946ms
[5015.946s][info ][gc,cpu         ] GC(149) User=0.04s Sys=0.00s Real=0.02s
[5015.946s][info ][safepoint      ] Safepoint "ParallelGCFailedAllocation", Time since last: 7675038662 ns, Reaching safepoint: 118703 ns, At safepoint: 10081817 ns, Total: 10200520 ns
[5022.946s][info ][safepoint      ] Safepoint "Cleanup", Time since last: 7000421121 ns, Reaching safepoint: 77901 ns, At safepoint: 3500 ns, Total: 81401 ns
[5042.948s][info ][safepoint      ] Safepoint "Cleanup", Time since last: 20001462639 ns, Reaching safepoint: 169704 ns, At safepoint: 18600 ns, Total: 188304 ns
[5045.948s][info ][safepoint      ] Safepoint "Cleanup", Time since last: 3000285655 ns, Reaching safepoint: 149203 ns, At safepoint: 18101 ns, Total: 167304 ns
[5046.949s][info ][safepoint      ] Safepoint "Cleanup", Time since last: 1000159551 ns, Reaching safepoint: 55401 ns, At safepoint: 4700 ns, Total: 60101 ns
[5072.952s][info ][safepoint      ] Safepoint "Cleanup", Time since last: 26002927891 ns, Reaching safepoint: 65502 ns, At safepoint: 3400 ns, Total: 68902 ns
[5073.806s][info ][gc,start       ] GC(150) Pause Young (Allocation Failure)
[5073.817s][debug][gc,phases      ] GC(150) Scavenge 10.918ms
[5073.817s][debug][gc,ref         ] GC(150) Skipped phase 1 of Reference Processing: no references
[5073.817s][debug][gc,ref         ] GC(150) Skipped phase 3 of Reference Processing: no references
[5073.817s][debug][gc,phases      ] GC(150) Reference Processing 0.037ms
[5073.818s][debug][gc,phases      ] GC(150) Weak Processing 1.017ms
[5073.818s][debug][gc,age         ] GC(150) Desired survivor size 59244544 bytes, new threshold 15 (max threshold 15)
[5073.818s][info ][gc,heap        ] GC(150) PSYoungGen: 2029248K(2029568K)->35936K(2036736K) Eden: 1993728K(1993728K)->0K(1981440K) From: 35520K(35840K)->35936K(55296K)
[5073.818s][info ][gc,heap        ] GC(150) ParOldGen: 371303K(443392K)->371343K(443392K)
[5073.818s][info ][gc,metaspace   ] GC(150) Metaspace: 77928K(78528K)->77928K(78528K) NonClass: 67358K(67648K)->67358K(67648K) Class: 10570K(10880K)->10570K(10880K)
[5073.819s][info ][gc             ] GC(150) Pause Young (Allocation Failure) 2344M->397M(2422M) 12.183ms
[5073.819s][info ][gc,cpu         ] GC(150) User=0.04s Sys=0.00s Real=0.01s
[5073.819s][info ][safepoint      ] Safepoint "ParallelGCFailedAllocation", Time since last: 854583708 ns, Reaching safepoint: 79902 ns, At safepoint: 12338364 ns, Total: 12418266 ns
[5079.819s][info ][safepoint      ] Safepoint "Cleanup", Time since last: 6000481636 ns, Reaching safepoint: 75301 ns, At safepoint: 5401 ns, Total: 80702 ns
[5086.820s][info ][safepoint      ] Safepoint "Cleanup", Time since last: 7000574719 ns, Reaching safepoint: 77302 ns, At safepoint: 5400 ns, Total: 82702 ns
[5123.823s][info ][safepoint      ] Safepoint "Cleanup", Time since last: 37003325864 ns, Reaching safepoint: 72801 ns, At safepoint: 6200 ns, Total: 79001 ns
[5128.390s][info ][gc,start       ] GC(151) Pause Young (Allocation Failure)
[5128.400s][debug][gc,phases      ] GC(151) Scavenge 10.220ms
[5128.400s][debug][gc,ref         ] GC(151) Skipped phase 1 of Reference Processing: no references
[5128.400s][debug][gc,ref         ] GC(151) Skipped phase 3 of Reference Processing: no references
[5128.400s][debug][gc,phases      ] GC(151) Reference Processing 0.040ms
[5128.401s][debug][gc,phases      ] GC(151) Weak Processing 1.086ms
[5128.401s][debug][gc,age         ] GC(151) Desired survivor size 61341696 bytes, new threshold 15 (max threshold 15)
[5128.401s][info ][gc,heap        ] GC(151) PSYoungGen: 2017376K(2036736K)->36032K(2017792K) Eden: 1981440K(1981440K)->0K(1981440K) From: 35936K(55296K)->36032K(36352K)
[5128.401s][info ][gc,heap        ] GC(151) ParOldGen: 371343K(443392K)->371383K(443392K)
[5128.401s][info ][gc,metaspace   ] GC(151) Metaspace: 77931K(78592K)->77931K(78592K) NonClass: 67361K(67712K)->67361K(67712K) Class: 10570K(10880K)->10570K(10880K)
[5128.401s][info ][gc             ] GC(151) Pause Young (Allocation Failure) 2332M->397M(2403M) 11.626ms
[5128.401s][info ][gc,cpu         ] GC(151) User=0.04s Sys=0.01s Real=0.01s
[5128.401s][info ][safepoint      ] Safepoint "ParallelGCFailedAllocation", Time since last: 4566232629 ns, Reaching safepoint: 43700 ns, At safepoint: 11773352 ns, Total: 11817052 ns
[5187.341s][info ][gc,start       ] GC(152) Pause Young (Allocation Failure)
[5187.350s][debug][gc,phases      ] GC(152) Scavenge 9.499ms
[5187.350s][debug][gc,ref         ] GC(152) Skipped phase 1 of Reference Processing: no references
[5187.350s][debug][gc,ref         ] GC(152) Skipped phase 3 of Reference Processing: no references
[5187.351s][debug][gc,phases      ] GC(152) Reference Processing 0.052ms
[5187.352s][debug][gc,phases      ] GC(152) Weak Processing 1.062ms
[5187.352s][debug][gc,age         ] GC(152) Desired survivor size 62914560 bytes, new threshold 15 (max threshold 15)
[5187.352s][info ][gc,heap        ] GC(152) PSYoungGen: 2017472K(2017792K)->35968K(2034176K) Eden: 1981440K(1981440K)->0K(1974272K) From: 36032K(36352K)->35968K(59904K)
[5187.352s][info ][gc,heap        ] GC(152) ParOldGen: 371383K(443392K)->371415K(443392K)
[5187.352s][info ][gc,metaspace   ] GC(152) Metaspace: 77934K(78592K)->77934K(78592K) NonClass: 67364K(67712K)->67364K(67712K) Class: 10570K(10880K)->10570K(10880K)
[5187.352s][info ][gc             ] GC(152) Pause Young (Allocation Failure) 2332M->397M(2419M) 10.844ms
[5187.352s][info ][gc,cpu         ] GC(152) User=0.04s Sys=0.00s Real=0.01s
[5187.352s][info ][safepoint      ] Safepoint "ParallelGCFailedAllocation", Time since last: 58939368501 ns, Reaching safepoint: 112703 ns, At safepoint: 10992335 ns, Total: 11105038 ns
[5194.352s][info ][safepoint      ] Safepoint "Cleanup", Time since last: 7000536629 ns, Reaching safepoint: 67301 ns, At safepoint: 4600 ns, Total: 71901 ns
[5216.354s][info ][safepoint      ] Safepoint "Cleanup", Time since last: 22001554354 ns, Reaching safepoint: 114702 ns, At safepoint: 9401 ns, Total: 124103 ns
[5234.355s][info ][safepoint      ] Safepoint "Cleanup", Time since last: 18001266553 ns, Reaching safepoint: 111802 ns, At safepoint: 4900 ns, Total: 116702 ns
[5246.356s][info ][safepoint      ] Safepoint "Cleanup", Time since last: 12000824871 ns, Reaching safepoint: 84401 ns, At safepoint: 6801 ns, Total: 91202 ns
[5247.357s][info ][safepoint      ] Safepoint "Cleanup", Time since last: 1000150178 ns, Reaching safepoint: 74101 ns, At safepoint: 6600 ns, Total: 80701 ns
[5251.437s][info ][gc,start       ] GC(153) Pause Young (Allocation Failure)
[5251.448s][debug][gc,phases      ] GC(153) Scavenge 10.263ms
[5251.448s][debug][gc,ref         ] GC(153) Skipped phase 1 of Reference Processing: no references
[5251.448s][debug][gc,ref         ] GC(153) Skipped phase 3 of Reference Processing: no references
[5251.448s][debug][gc,phases      ] GC(153) Reference Processing 0.044ms
[5251.449s][debug][gc,phases      ] GC(153) Weak Processing 1.089ms
[5251.449s][debug][gc,age         ] GC(153) Desired survivor size 63438848 bytes, new threshold 15 (max threshold 15)
[5251.449s][info ][gc,heap        ] GC(153) PSYoungGen: 2010240K(2034176K)->36000K(2010624K) Eden: 1974272K(1974272K)->0K(1974272K) From: 35968K(59904K)->36000K(36352K)
[5251.449s][info ][gc,heap        ] GC(153) ParOldGen: 371415K(443392K)->371439K(443392K)
[5251.449s][info ][gc,metaspace   ] GC(153) Metaspace: 77940K(78592K)->77940K(78592K) NonClass: 67369K(67712K)->67369K(67712K) Class: 10570K(10880K)->10570K(10880K)
[5251.449s][info ][gc             ] GC(153) Pause Young (Allocation Failure) 2325M->397M(2396M) 11.685ms
[5251.449s][info ][gc,cpu         ] GC(153) User=0.04s Sys=0.00s Real=0.01s
[5251.449s][info ][safepoint      ] Safepoint "ParallelGCFailedAllocation", Time since last: 4080666416 ns, Reaching safepoint: 63801 ns, At safepoint: 11821853 ns, Total: 11885654 ns
[5293.452s][info ][safepoint      ] Safepoint "Cleanup", Time since last: 42002908560 ns, Reaching safepoint: 115202 ns, At safepoint: 10000 ns, Total: 125202 ns
[5323.686s][info ][gc,start       ] GC(154) Pause Young (Allocation Failure)
[5323.695s][debug][gc,phases      ] GC(154) Scavenge 9.188ms
[5323.695s][debug][gc,ref         ] GC(154) Skipped phase 1 of Reference Processing: no references
[5323.695s][debug][gc,ref         ] GC(154) Skipped phase 3 of Reference Processing: no references
[5323.695s][debug][gc,phases      ] GC(154) Reference Processing 0.038ms
[5323.696s][debug][gc,phases      ] GC(154) Weak Processing 1.005ms
[5323.696s][debug][gc,age         ] GC(154) Desired survivor size 63963136 bytes, new threshold 15 (max threshold 15)
[5323.696s][info ][gc,heap        ] GC(154) PSYoungGen: 2010272K(2010624K)->36032K(2034176K) Eden: 1974272K(1974272K)->0K(1972224K) From: 36000K(36352K)->36032K(61952K)
[5323.696s][info ][gc,heap        ] GC(154) ParOldGen: 371439K(443392K)->371471K(443392K)
[5323.696s][info ][gc,metaspace   ] GC(154) Metaspace: 77950K(78592K)->77950K(78592K) NonClass: 67379K(67712K)->67379K(67712K) Class: 10570K(10880K)->10570K(10880K)
[5323.696s][info ][gc             ] GC(154) Pause Young (Allocation Failure) 2325M->397M(2419M) 10.462ms
[5323.696s][info ][gc,cpu         ] GC(154) User=0.04s Sys=0.00s Real=0.00s
[5323.696s][info ][safepoint      ] Safepoint "ParallelGCFailedAllocation", Time since last: 30233359483 ns, Reaching safepoint: 177304 ns, At safepoint: 10596926 ns, Total: 10774230 ns
[5328.697s][info ][safepoint      ] Safepoint "Cleanup", Time since last: 5000348020 ns, Reaching safepoint: 61601 ns, At safepoint: 4600 ns, Total: 66201 ns
[5393.702s][info ][safepoint      ] Safepoint "Cleanup", Time since last: 65004737639 ns, Reaching safepoint: 80502 ns, At safepoint: 4300 ns, Total: 84802 ns
[5394.986s][info ][gc,start       ] GC(155) Pause Young (Allocation Failure)
[5395.009s][debug][gc,phases      ] GC(155) Scavenge 22.876ms
[5395.009s][debug][gc,ref         ] GC(155) Skipped phase 1 of Reference Processing: no references
[5395.009s][debug][gc,ref         ] GC(155) Skipped phase 3 of Reference Processing: no references
[5395.009s][debug][gc,phases      ] GC(155) Reference Processing 0.045ms
[5395.010s][debug][gc,phases      ] GC(155) Weak Processing 1.207ms
[5395.010s][debug][gc,age         ] GC(155) Desired survivor size 63963136 bytes, new threshold 15 (max threshold 15)
[5395.010s][info ][gc,heap        ] GC(155) PSYoungGen: 2008256K(2034176K)->36032K(2034688K) Eden: 1972224K(1972224K)->0K(1972224K) From: 36032K(61952K)->36032K(62464K)
[5395.010s][info ][gc,heap        ] GC(155) ParOldGen: 371471K(443392K)->371527K(443392K)
[5395.010s][info ][gc,metaspace   ] GC(155) Metaspace: 77960K(78592K)->77960K(78592K) NonClass: 67389K(67712K)->67389K(67712K) Class: 10570K(10880K)->10570K(10880K)
[5395.010s][info ][gc             ] GC(155) Pause Young (Allocation Failure) 2323M->398M(2420M) 24.382ms
[5395.010s][info ][gc,cpu         ] GC(155) User=0.04s Sys=0.00s Real=0.02s
[5395.010s][info ][safepoint      ] Safepoint "ParallelGCFailedAllocation", Time since last: 1284209533 ns, Reaching safepoint: 56001 ns, At safepoint: 24528522 ns, Total: 24584523 ns
[5398.011s][info ][safepoint      ] Safepoint "Cleanup", Time since last: 3000303554 ns, Reaching safepoint: 96002 ns, At safepoint: 9701 ns, Total: 105703 ns
[5424.013s][info ][safepoint      ] Safepoint "Cleanup", Time since last: 26002157095 ns, Reaching safepoint: 78602 ns, At safepoint: 6200 ns, Total: 84802 ns
[5430.014s][info ][safepoint      ] Safepoint "Cleanup", Time since last: 6000501812 ns, Reaching safepoint: 68702 ns, At safepoint: 9500 ns, Total: 78202 ns
[5434.014s][info ][safepoint      ] Safepoint "Cleanup", Time since last: 4000374865 ns, Reaching safepoint: 66402 ns, At safepoint: 6700 ns, Total: 73102 ns
[5440.015s][info ][safepoint      ] Safepoint "Cleanup", Time since last: 6000513682 ns, Reaching safepoint: 80302 ns, At safepoint: 5100 ns, Total: 85402 ns
[5454.773s][info ][gc,start       ] GC(156) Pause Young (Allocation Failure)
[5454.795s][debug][gc,phases      ] GC(156) Scavenge 22.245ms
[5454.795s][debug][gc,ref         ] GC(156) Skipped phase 1 of Reference Processing: no references
[5454.795s][debug][gc,ref         ] GC(156) Skipped phase 3 of Reference Processing: no references
[5454.795s][debug][gc,phases      ] GC(156) Reference Processing 0.061ms
[5454.797s][debug][gc,phases      ] GC(156) Weak Processing 1.173ms
[5454.797s][debug][gc,age         ] GC(156) Desired survivor size 63963136 bytes, new threshold 15 (max threshold 15)
[5454.797s][info ][gc,heap        ] GC(156) PSYoungGen: 2008256K(2034688K)->36064K(2034688K) Eden: 1972224K(1972224K)->0K(1972224K) From: 36032K(62464K)->36064K(62464K)
[5454.797s][info ][gc,heap        ] GC(156) ParOldGen: 371527K(443392K)->371655K(443392K)
[5454.797s][info ][gc,metaspace   ] GC(156) Metaspace: 77963K(78592K)->77963K(78592K) NonClass: 67392K(67712K)->67392K(67712K) Class: 10571K(10880K)->10571K(10880K)
[5454.797s][info ][gc             ] GC(156) Pause Young (Allocation Failure) 2324M->398M(2420M) 23.736ms
[5454.797s][info ][gc,cpu         ] GC(156) User=0.03s Sys=0.00s Real=0.03s
[5454.797s][info ][safepoint      ] Safepoint "ParallelGCFailedAllocation", Time since last: 14758288915 ns, Reaching safepoint: 106002 ns, At safepoint: 23909309 ns, Total: 24015311 ns
[5497.800s][info ][safepoint      ] Safepoint "Cleanup", Time since last: 43003093234 ns, Reaching safepoint: 101702 ns, At safepoint: 6000 ns, Total: 107702 ns
[5498.800s][info ][safepoint      ] Safepoint "Cleanup", Time since last: 1000078735 ns, Reaching safepoint: 165204 ns, At safepoint: 13200 ns, Total: 178404 ns
[5499.801s][info ][safepoint      ] Safepoint "Cleanup", Time since last: 1000149936 ns, Reaching safepoint: 56902 ns, At safepoint: 4600 ns, Total: 61502 ns
[5500.801s][info ][safepoint      ] Safepoint "Cleanup", Time since last: 1000154536 ns, Reaching safepoint: 97202 ns, At safepoint: 9800 ns, Total: 107002 ns
[5502.801s][info ][safepoint      ] Safepoint "Cleanup", Time since last: 2000217969 ns, Reaching safepoint: 72001 ns, At safepoint: 5800 ns, Total: 77801 ns
[5503.801s][info ][safepoint      ] Safepoint "Cleanup", Time since last: 1000144435 ns, Reaching safepoint: 72602 ns, At safepoint: 8900 ns, Total: 81502 ns
[5504.802s][info ][safepoint      ] Safepoint "Cleanup", Time since last: 1000131434 ns, Reaching safepoint: 67601 ns, At safepoint: 4700 ns, Total: 72301 ns
[5505.802s][info ][safepoint      ] Safepoint "Cleanup", Time since last: 1000143434 ns, Reaching safepoint: 129102 ns, At safepoint: 19101 ns, Total: 148203 ns
[5506.802s][info ][safepoint      ] Safepoint "Cleanup", Time since last: 1000137433 ns, Reaching safepoint: 65801 ns, At safepoint: 7700 ns, Total: 73501 ns
[5507.455s][info ][gc,start       ] GC(157) Pause Young (Allocation Failure)
[5507.469s][debug][gc,phases      ] GC(157) Scavenge 13.345ms
[5507.469s][debug][gc,ref         ] GC(157) Skipped phase 1 of Reference Processing: no references
[5507.469s][debug][gc,phases      ] GC(157) Reference Processing 0.107ms
[5507.470s][debug][gc,phases      ] GC(157) Weak Processing 1.015ms
[5507.470s][debug][gc,age         ] GC(157) Desired survivor size 63963136 bytes, new threshold 15 (max threshold 15)
[5507.470s][info ][gc,heap        ] GC(157) PSYoungGen: 2008288K(2034688K)->37360K(2034688K) Eden: 1972224K(1972224K)->0K(1972224K) From: 36064K(62464K)->37360K(62464K)
[5507.470s][info ][gc,heap        ] GC(157) ParOldGen: 371655K(443392K)->388083K(443392K)
[5507.470s][info ][gc,metaspace   ] GC(157) Metaspace: 78002K(78592K)->78002K(78592K) NonClass: 67430K(67712K)->67430K(67712K) Class: 10571K(10880K)->10571K(10880K)
[5507.470s][info ][gc             ] GC(157) Pause Young (Allocation Failure) 2324M->415M(2420M) 14.745ms
[5507.470s][info ][gc,cpu         ] GC(157) User=0.05s Sys=0.01s Real=0.02s
[5507.470s][info ][safepoint      ] Safepoint "ParallelGCFailedAllocation", Time since last: 653117866 ns, Reaching safepoint: 94902 ns, At safepoint: 14895616 ns, Total: 14990518 ns
[5508.470s][info ][safepoint      ] Safepoint "Cleanup", Time since last: 1000112032 ns, Reaching safepoint: 75002 ns, At safepoint: 4600 ns, Total: 79602 ns
[5511.471s][info ][safepoint      ] Safepoint "Cleanup", Time since last: 3000304892 ns, Reaching safepoint: 86702 ns, At safepoint: 12400 ns, Total: 99102 ns
[5513.471s][info ][safepoint      ] Safepoint "Cleanup", Time since last: 2000229160 ns, Reaching safepoint: 83502 ns, At safepoint: 11500 ns, Total: 95002 ns
[5514.471s][info ][safepoint      ] Safepoint "Cleanup", Time since last: 1000153830 ns, Reaching safepoint: 79602 ns, At safepoint: 9000 ns, Total: 88602 ns
[5516.472s][info ][safepoint      ] Safepoint "Cleanup", Time since last: 2000241858 ns, Reaching safepoint: 93802 ns, At safepoint: 9000 ns, Total: 102802 ns
[5537.473s][info ][safepoint      ] Safepoint "Cleanup", Time since last: 21001619886 ns, Reaching safepoint: 135403 ns, At safepoint: 15800 ns, Total: 151203 ns
[5538.028s][info ][safepoint      ] Safepoint "ICBufferFull", Time since last: 554640168 ns, Reaching safepoint: 108103 ns, At safepoint: 7400 ns, Total: 115503 ns
[5538.029s][info ][safepoint      ] Safepoint "ICBufferFull", Time since last: 1263827 ns, Reaching safepoint: 31600 ns, At safepoint: 5700 ns, Total: 37300 ns
[5538.031s][info ][safepoint      ] Safepoint "ICBufferFull", Time since last: 1134024 ns, Reaching safepoint: 32801 ns, At safepoint: 6800 ns, Total: 39601 ns
[5538.033s][info ][safepoint      ] Safepoint "ICBufferFull", Time since last: 1933841 ns, Reaching safepoint: 39901 ns, At safepoint: 1700 ns, Total: 41601 ns
[5538.034s][info ][safepoint      ] Safepoint "ICBufferFull", Time since last: 894919 ns, Reaching safepoint: 23301 ns, At safepoint: 1500 ns, Total: 24801 ns
[5538.034s][info ][safepoint      ] Safepoint "ICBufferFull", Time since last: 840118 ns, Reaching safepoint: 41800 ns, At safepoint: 1500 ns, Total: 43300 ns
[5538.035s][info ][safepoint      ] Safepoint "ICBufferFull", Time since last: 890119 ns, Reaching safepoint: 106803 ns, At safepoint: 4200 ns, Total: 111003 ns
[5538.040s][info ][safepoint      ] Safepoint "ICBufferFull", Time since last: 4725600 ns, Reaching safepoint: 57301 ns, At safepoint: 2500 ns, Total: 59801 ns
[5538.041s][info ][safepoint      ] Safepoint "ICBufferFull", Time since last: 858418 ns, Reaching safepoint: 40801 ns, At safepoint: 2200 ns, Total: 43001 ns
[5538.042s][info ][safepoint      ] Safepoint "ICBufferFull", Time since last: 827618 ns, Reaching safepoint: 31001 ns, At safepoint: 1500 ns, Total: 32501 ns
[5538.043s][info ][safepoint      ] Safepoint "ICBufferFull", Time since last: 804817 ns, Reaching safepoint: 35700 ns, At safepoint: 1300 ns, Total: 37000 ns
[5538.044s][info ][safepoint      ] Safepoint "ICBufferFull", Time since last: 813118 ns, Reaching safepoint: 39801 ns, At safepoint: 5000 ns, Total: 44801 ns
[5538.057s][info ][safepoint      ] Safepoint "ICBufferFull", Time since last: 13085777 ns, Reaching safepoint: 85802 ns, At safepoint: 7600 ns, Total: 93402 ns
[5538.058s][info ][safepoint      ] Safepoint "ICBufferFull", Time since last: 1334629 ns, Reaching safepoint: 57301 ns, At safepoint: 1600 ns, Total: 58901 ns
[5538.065s][info ][safepoint      ] Safepoint "ICBufferFull", Time since last: 6000727 ns, Reaching safepoint: 279806 ns, At safepoint: 12700 ns, Total: 292506 ns
[5538.066s][info ][safepoint      ] Safepoint "ICBufferFull", Time since last: 1320828 ns, Reaching safepoint: 45101 ns, At safepoint: 6400 ns, Total: 51501 ns
[5538.068s][info ][safepoint      ] Safepoint "ICBufferFull", Time since last: 2448552 ns, Reaching safepoint: 55402 ns, At safepoint: 6000 ns, Total: 61402 ns
[5538.075s][info ][safepoint      ] Safepoint "ICBufferFull", Time since last: 6778944 ns, Reaching safepoint: 62001 ns, At safepoint: 6200 ns, Total: 68201 ns
[5538.077s][info ][safepoint      ] Safepoint "ICBufferFull", Time since last: 1029422 ns, Reaching safepoint: 257605 ns, At safepoint: 5100 ns, Total: 262705 ns
[5538.078s][info ][safepoint      ] Safepoint "ICBufferFull", Time since last: 1557333 ns, Reaching safepoint: 39301 ns, At safepoint: 1700 ns, Total: 41001 ns
[5538.079s][info ][safepoint      ] Safepoint "ICBufferFull", Time since last: 1054523 ns, Reaching safepoint: 119402 ns, At safepoint: 6400 ns, Total: 125802 ns
[5538.084s][info ][safepoint      ] Safepoint "ICBufferFull", Time since last: 4562197 ns, Reaching safepoint: 71702 ns, At safepoint: 3500 ns, Total: 75202 ns
[5538.085s][info ][safepoint      ] Safepoint "ICBufferFull", Time since last: 1062622 ns, Reaching safepoint: 113603 ns, At safepoint: 8100 ns, Total: 121703 ns
[5538.087s][info ][safepoint      ] Safepoint "ICBufferFull", Time since last: 2144045 ns, Reaching safepoint: 72302 ns, At safepoint: 5900 ns, Total: 78202 ns
[5538.092s][info ][safepoint      ] Safepoint "ICBufferFull", Time since last: 4226190 ns, Reaching safepoint: 67201 ns, At safepoint: 3800 ns, Total: 71001 ns
[5538.093s][info ][safepoint      ] Safepoint "ICBufferFull", Time since last: 1186025 ns, Reaching safepoint: 36601 ns, At safepoint: 1600 ns, Total: 38201 ns
[5538.095s][info ][safepoint      ] Safepoint "ICBufferFull", Time since last: 1881640 ns, Reaching safepoint: 39901 ns, At safepoint: 1500 ns, Total: 41401 ns
[5538.096s][info ][safepoint      ] Safepoint "ICBufferFull", Time since last: 1046622 ns, Reaching safepoint: 34801 ns, At safepoint: 1500 ns, Total: 36301 ns
[5538.102s][info ][safepoint      ] Safepoint "ICBufferFull", Time since last: 6040328 ns, Reaching safepoint: 55601 ns, At safepoint: 3300 ns, Total: 58901 ns
[5538.104s][info ][safepoint      ] Safepoint "ICBufferFull", Time since last: 1504132 ns, Reaching safepoint: 29801 ns, At safepoint: 5000 ns, Total: 34801 ns
[5538.105s][info ][safepoint      ] Safepoint "ICBufferFull", Time since last: 1072323 ns, Reaching safepoint: 102702 ns, At safepoint: 7500 ns, Total: 110202 ns
[5538.123s][info ][safepoint      ] Safepoint "ICBufferFull", Time since last: 17938181 ns, Reaching safepoint: 84201 ns, At safepoint: 8001 ns, Total: 92202 ns
[5538.124s][info ][safepoint      ] Safepoint "ICBufferFull", Time since last: 879418 ns, Reaching safepoint: 99802 ns, At safepoint: 4501 ns, Total: 104303 ns
[5538.125s][info ][safepoint      ] Safepoint "ICBufferFull", Time since last: 1361128 ns, Reaching safepoint: 40301 ns, At safepoint: 4700 ns, Total: 45001 ns
[5538.126s][info ][safepoint      ] Safepoint "ICBufferFull", Time since last: 783517 ns, Reaching safepoint: 28101 ns, At safepoint: 1200 ns, Total: 29301 ns
[5538.132s][info ][safepoint      ] Safepoint "ICBufferFull", Time since last: 5696820 ns, Reaching safepoint: 50802 ns, At safepoint: 2500 ns, Total: 53302 ns
[5538.133s][info ][safepoint      ] Safepoint "ICBufferFull", Time since last: 1539832 ns, Reaching safepoint: 40901 ns, At safepoint: 1400 ns, Total: 42301 ns
[5538.134s][info ][safepoint      ] Safepoint "ICBufferFull", Time since last: 1092123 ns, Reaching safepoint: 62302 ns, At safepoint: 7500 ns, Total: 69802 ns
[5538.138s][info ][safepoint      ] Safepoint "ICBufferFull", Time since last: 3799680 ns, Reaching safepoint: 46401 ns, At safepoint: 2900 ns, Total: 49301 ns
[5538.139s][info ][safepoint      ] Safepoint "ICBufferFull", Time since last: 915620 ns, Reaching safepoint: 36601 ns, At safepoint: 1800 ns, Total: 38401 ns
[5538.141s][info ][safepoint      ] Safepoint "ICBufferFull", Time since last: 1257226 ns, Reaching safepoint: 33001 ns, At safepoint: 1400 ns, Total: 34401 ns
[5538.141s][info ][safepoint      ] Safepoint "ICBufferFull", Time since last: 832718 ns, Reaching safepoint: 26500 ns, At safepoint: 2800 ns, Total: 29300 ns
[5538.145s][info ][safepoint      ] Safepoint "ICBufferFull", Time since last: 3439573 ns, Reaching safepoint: 93702 ns, At safepoint: 7301 ns, Total: 101003 ns
[5538.146s][info ][safepoint      ] Safepoint "ICBufferFull", Time since last: 1433730 ns, Reaching safepoint: 76202 ns, At safepoint: 10800 ns, Total: 87002 ns
[5538.147s][info ][safepoint      ] Safepoint "ICBufferFull", Time since last: 887819 ns, Reaching safepoint: 33000 ns, At safepoint: 1600 ns, Total: 34600 ns
[5538.152s][info ][safepoint      ] Safepoint "ICBufferFull", Time since last: 4233290 ns, Reaching safepoint: 39401 ns, At safepoint: 1600 ns, Total: 41001 ns
[5538.153s][info ][safepoint      ] Safepoint "ICBufferFull", Time since last: 1183225 ns, Reaching safepoint: 32601 ns, At safepoint: 1500 ns, Total: 34101 ns
[5538.154s][info ][safepoint      ] Safepoint "ICBufferFull", Time since last: 1550933 ns, Reaching safepoint: 35101 ns, At safepoint: 5400 ns, Total: 40501 ns
[5538.159s][info ][safepoint      ] Safepoint "ICBufferFull", Time since last: 4122387 ns, Reaching safepoint: 66202 ns, At safepoint: 4400 ns, Total: 70602 ns
[5538.160s][info ][safepoint      ] Safepoint "ICBufferFull", Time since last: 1011421 ns, Reaching safepoint: 28201 ns, At safepoint: 1500 ns, Total: 29701 ns
[5538.161s][info ][safepoint      ] Safepoint "ICBufferFull", Time since last: 1594934 ns, Reaching safepoint: 87501 ns, At safepoint: 2600 ns, Total: 90101 ns
[5538.162s][info ][safepoint      ] Safepoint "ICBufferFull", Time since last: 794017 ns, Reaching safepoint: 33501 ns, At safepoint: 3000 ns, Total: 36501 ns
[5538.182s][info ][safepoint      ] Safepoint "ICBufferFull", Time since last: 19269209 ns, Reaching safepoint: 67101 ns, At safepoint: 5300 ns, Total: 72401 ns
[5538.183s][info ][safepoint      ] Safepoint "ICBufferFull", Time since last: 879719 ns, Reaching safepoint: 44001 ns, At safepoint: 1700 ns, Total: 45701 ns
[5538.184s][info ][safepoint      ] Safepoint "ICBufferFull", Time since last: 1374329 ns, Reaching safepoint: 34301 ns, At safepoint: 1500 ns, Total: 35801 ns
[5538.188s][info ][safepoint      ] Safepoint "ICBufferFull", Time since last: 3939284 ns, Reaching safepoint: 54401 ns, At safepoint: 2000 ns, Total: 56401 ns
[5538.189s][info ][safepoint      ] Safepoint "ICBufferFull", Time since last: 1028522 ns, Reaching safepoint: 35400 ns, At safepoint: 2600 ns, Total: 38000 ns
[5538.190s][info ][safepoint      ] Safepoint "ICBufferFull", Time since last: 1156925 ns, Reaching safepoint: 28301 ns, At safepoint: 1300 ns, Total: 29601 ns
[5538.191s][info ][safepoint      ] Safepoint "ICBufferFull", Time since last: 751816 ns, Reaching safepoint: 35800 ns, At safepoint: 1400 ns, Total: 37200 ns
[5538.194s][info ][safepoint      ] Safepoint "ICBufferFull", Time since last: 2966463 ns, Reaching safepoint: 34501 ns, At safepoint: 1800 ns, Total: 36301 ns
[5538.195s][info ][safepoint      ] Safepoint "ICBufferFull", Time since last: 1116724 ns, Reaching safepoint: 41801 ns, At safepoint: 1500 ns, Total: 43301 ns
[5538.196s][info ][safepoint      ] Safepoint "ICBufferFull", Time since last: 757816 ns, Reaching safepoint: 34200 ns, At safepoint: 1300 ns, Total: 35500 ns
[5538.199s][info ][safepoint      ] Safepoint "ICBufferFull", Time since last: 3151367 ns, Reaching safepoint: 32401 ns, At safepoint: 1300 ns, Total: 33701 ns
[5538.200s][info ][safepoint      ] Safepoint "ICBufferFull", Time since last: 966621 ns, Reaching safepoint: 32500 ns, At safepoint: 1300 ns, Total: 33800 ns
[5538.201s][info ][safepoint      ] Safepoint "ICBufferFull", Time since last: 1201126 ns, Reaching safepoint: 33400 ns, At safepoint: 1701 ns, Total: 35101 ns
[5538.202s][info ][safepoint      ] Safepoint "ICBufferFull", Time since last: 767016 ns, Reaching safepoint: 21900 ns, At safepoint: 1100 ns, Total: 23000 ns
[5538.206s][info ][safepoint      ] Safepoint "ICBufferFull", Time since last: 3569776 ns, Reaching safepoint: 33701 ns, At safepoint: 1500 ns, Total: 35201 ns
[5538.207s][info ][safepoint      ] Safepoint "ICBufferFull", Time since last: 1105723 ns, Reaching safepoint: 26101 ns, At safepoint: 1300 ns, Total: 27401 ns
[5538.208s][info ][safepoint      ] Safepoint "ICBufferFull", Time since last: 811017 ns, Reaching safepoint: 33301 ns, At safepoint: 1300 ns, Total: 34601 ns
[5538.210s][info ][safepoint      ] Safepoint "ICBufferFull", Time since last: 1775537 ns, Reaching safepoint: 48401 ns, At safepoint: 6101 ns, Total: 54502 ns
[5538.210s][info ][safepoint      ] Safepoint "ICBufferFull", Time since last: 842317 ns, Reaching safepoint: 40101 ns, At safepoint: 8500 ns, Total: 48601 ns
[5538.214s][info ][safepoint      ] Safepoint "ICBufferFull", Time since last: 3441574 ns, Reaching safepoint: 55101 ns, At safepoint: 3100 ns, Total: 58201 ns
[5538.215s][info ][safepoint      ] Safepoint "ICBufferFull", Time since last: 1347428 ns, Reaching safepoint: 30601 ns, At safepoint: 1400 ns, Total: 32001 ns
[5538.216s][info ][safepoint      ] Safepoint "ICBufferFull", Time since last: 910019 ns, Reaching safepoint: 32101 ns, At safepoint: 1200 ns, Total: 33301 ns
[5538.218s][info ][safepoint      ] Safepoint "ICBufferFull", Time since last: 2182346 ns, Reaching safepoint: 40801 ns, At safepoint: 2600 ns, Total: 43401 ns
[5538.223s][info ][safepoint      ] Safepoint "ICBufferFull", Time since last: 1928941 ns, Reaching safepoint: 2781859 ns, At safepoint: 15301 ns, Total: 2797160 ns
[5538.225s][info ][safepoint      ] Safepoint "ICBufferFull", Time since last: 2046143 ns, Reaching safepoint: 123303 ns, At safepoint: 10200 ns, Total: 133503 ns
[5538.227s][info ][safepoint      ] Safepoint "ICBufferFull", Time since last: 1659135 ns, Reaching safepoint: 37701 ns, At safepoint: 5600 ns, Total: 43301 ns
[5538.229s][info ][safepoint      ] Safepoint "ICBufferFull", Time since last: 1488031 ns, Reaching safepoint: 47301 ns, At safepoint: 1601 ns, Total: 48902 ns
[5538.241s][info ][safepoint      ] Safepoint "ICBufferFull", Time since last: 12310561 ns, Reaching safepoint: 56801 ns, At safepoint: 4300 ns, Total: 61101 ns
[5538.243s][info ][safepoint      ] Safepoint "ICBufferFull", Time since last: 1565033 ns, Reaching safepoint: 20601 ns, At safepoint: 1800 ns, Total: 22401 ns
[5538.244s][info ][safepoint      ] Safepoint "ICBufferFull", Time since last: 1680835 ns, Reaching safepoint: 31501 ns, At safepoint: 2600 ns, Total: 34101 ns
[5538.246s][info ][safepoint      ] Safepoint "ICBufferFull", Time since last: 1220626 ns, Reaching safepoint: 88102 ns, At safepoint: 5600 ns, Total: 93702 ns
[5538.247s][info ][safepoint      ] Safepoint "ICBufferFull", Time since last: 1204426 ns, Reaching safepoint: 31100 ns, At safepoint: 7200 ns, Total: 38300 ns
[5538.248s][info ][safepoint      ] Safepoint "ICBufferFull", Time since last: 1341829 ns, Reaching safepoint: 31200 ns, At safepoint: 4701 ns, Total: 35901 ns
[5538.250s][info ][safepoint      ] Safepoint "ICBufferFull", Time since last: 1268626 ns, Reaching safepoint: 25001 ns, At safepoint: 1800 ns, Total: 26801 ns
[5538.251s][info ][safepoint      ] Safepoint "ICBufferFull", Time since last: 1267327 ns, Reaching safepoint: 31901 ns, At safepoint: 2400 ns, Total: 34301 ns
[5538.252s][info ][safepoint      ] Safepoint "ICBufferFull", Time since last: 1584033 ns, Reaching safepoint: 46801 ns, At safepoint: 2000 ns, Total: 48801 ns
[5538.254s][info ][safepoint      ] Safepoint "ICBufferFull", Time since last: 1598134 ns, Reaching safepoint: 21601 ns, At safepoint: 1600 ns, Total: 23201 ns
[5538.256s][info ][safepoint      ] Safepoint "ICBufferFull", Time since last: 2340449 ns, Reaching safepoint: 24401 ns, At safepoint: 1400 ns, Total: 25801 ns
[5538.260s][info ][safepoint      ] Safepoint "ICBufferFull", Time since last: 3776780 ns, Reaching safepoint: 104702 ns, At safepoint: 14101 ns, Total: 118803 ns
[5538.262s][info ][safepoint      ] Safepoint "ICBufferFull", Time since last: 2010542 ns, Reaching safepoint: 23401 ns, At safepoint: 1500 ns, Total: 24901 ns
[5539.263s][info ][safepoint      ] Safepoint "Cleanup", Time since last: 1000133319 ns, Reaching safepoint: 74702 ns, At safepoint: 8900 ns, Total: 83602 ns
[5550.586s][info ][gc,start       ] GC(158) Pause Young (Allocation Failure)
[5550.596s][debug][gc,phases      ] GC(158) Scavenge 9.749ms
[5550.596s][debug][gc,ref         ] GC(158) Skipped phase 1 of Reference Processing: no references
[5550.596s][debug][gc,ref         ] GC(158) Skipped phase 3 of Reference Processing: no references
[5550.596s][debug][gc,phases      ] GC(158) Reference Processing 0.048ms
[5550.597s][debug][gc,phases      ] GC(158) Weak Processing 1.031ms
[5550.597s][debug][gc,age         ] GC(158) Desired survivor size 65011712 bytes, new threshold 15 (max threshold 15)
[5550.597s][info ][gc,heap        ] GC(158) PSYoungGen: 2009584K(2034688K)->40704K(2032640K) Eden: 1972224K(1972224K)->0K(1970176K) From: 37360K(62464K)->40704K(62464K)
[5550.597s][info ][gc,heap        ] GC(158) ParOldGen: 388083K(443392K)->388123K(443392K)
[5550.597s][info ][gc,metaspace   ] GC(158) Metaspace: 78072K(78656K)->78072K(78656K) NonClass: 67494K(67776K)->67494K(67776K) Class: 10578K(10880K)->10578K(10880K)
[5550.597s][info ][gc             ] GC(158) Pause Young (Allocation Failure) 2341M->418M(2418M) 11.087ms
[5550.597s][info ][gc,cpu         ] GC(158) User=0.04s Sys=0.00s Real=0.01s
[5550.597s][info ][safepoint      ] Safepoint "ParallelGCFailedAllocation", Time since last: 11323071711 ns, Reaching safepoint: 139003 ns, At safepoint: 11235938 ns, Total: 11374941 ns
[5576.599s][info ][safepoint      ] Safepoint "Cleanup", Time since last: 26001626216 ns, Reaching safepoint: 76902 ns, At safepoint: 6700 ns, Total: 83602 ns
[5577.599s][info ][safepoint      ] Safepoint "Cleanup", Time since last: 1000130305 ns, Reaching safepoint: 84602 ns, At safepoint: 13700 ns, Total: 98302 ns
[5578.599s][info ][safepoint      ] Safepoint "Cleanup", Time since last: 1000155105 ns, Reaching safepoint: 71301 ns, At safepoint: 4700 ns, Total: 76001 ns
[5609.986s][info ][gc,start       ] GC(159) Pause Young (Allocation Failure)
[5609.995s][debug][gc,phases      ] GC(159) Scavenge 9.071ms
[5609.995s][debug][gc,ref         ] GC(159) Skipped phase 1 of Reference Processing: no references
[5609.995s][debug][gc,ref         ] GC(159) Skipped phase 3 of Reference Processing: no references
[5609.995s][debug][gc,phases      ] GC(159) Reference Processing 0.046ms
[5609.996s][debug][gc,phases      ] GC(159) Weak Processing 1.005ms
[5609.996s][debug][gc,age         ] GC(159) Desired survivor size 65011712 bytes, new threshold 15 (max threshold 15)
[5609.996s][info ][gc,heap        ] GC(159) PSYoungGen: 2010880K(2032640K)->39264K(2033664K) Eden: 1970176K(1970176K)->0K(1970176K) From: 40704K(62464K)->39264K(63488K)
[5609.996s][info ][gc,heap        ] GC(159) ParOldGen: 388123K(443392K)->388139K(443392K)
[5609.996s][info ][gc,metaspace   ] GC(159) Metaspace: 78075K(78656K)->78075K(78656K) NonClass: 67497K(67776K)->67497K(67776K) Class: 10578K(10880K)->10578K(10880K)
[5609.996s][info ][gc             ] GC(159) Pause Young (Allocation Failure) 2342M->417M(2419M) 10.358ms
[5609.996s][info ][gc,cpu         ] GC(159) User=0.03s Sys=0.00s Real=0.00s
[5609.996s][info ][safepoint      ] Safepoint "ParallelGCFailedAllocation", Time since last: 31386408654 ns, Reaching safepoint: 119003 ns, At safepoint: 10509923 ns, Total: 10628926 ns
[5670.391s][info ][gc,start       ] GC(160) Pause Young (Allocation Failure)
[5670.400s][debug][gc,phases      ] GC(160) Scavenge 9.312ms
[5670.400s][debug][gc,ref         ] GC(160) Skipped phase 1 of Reference Processing: no references
[5670.400s][debug][gc,ref         ] GC(160) Skipped phase 3 of Reference Processing: no references
[5670.400s][debug][gc,phases      ] GC(160) Reference Processing 0.053ms
[5670.401s][debug][gc,phases      ] GC(160) Weak Processing 1.036ms
[5670.401s][debug][gc,age         ] GC(160) Desired survivor size 65011712 bytes, new threshold 15 (max threshold 15)
[5670.401s][info ][gc,heap        ] GC(160) PSYoungGen: 2009440K(2033664K)->39232K(2033664K) Eden: 1970176K(1970176K)->0K(1970176K) From: 39264K(63488K)->39232K(63488K)
[5670.401s][info ][gc,heap        ] GC(160) ParOldGen: 388139K(443392K)->388195K(443392K)
[5670.401s][info ][gc,metaspace   ] GC(160) Metaspace: 78076K(78656K)->78076K(78656K) NonClass: 67497K(67776K)->67497K(67776K) Class: 10578K(10880K)->10578K(10880K)
[5670.401s][info ][gc             ] GC(160) Pause Young (Allocation Failure) 2341M->417M(2419M) 10.676ms
[5670.401s][info ][gc,cpu         ] GC(160) User=0.04s Sys=0.00s Real=0.01s
[5670.402s][info ][safepoint      ] Safepoint "ParallelGCFailedAllocation", Time since last: 60394294343 ns, Reaching safepoint: 132303 ns, At safepoint: 10874030 ns, Total: 11006333 ns
[5699.404s][info ][safepoint      ] Safepoint "Cleanup", Time since last: 29001914346 ns, Reaching safepoint: 118402 ns, At safepoint: 7600 ns, Total: 126002 ns
[5723.405s][info ][safepoint      ] Safepoint "Cleanup", Time since last: 24001578123 ns, Reaching safepoint: 78902 ns, At safepoint: 7500 ns, Total: 86402 ns
[5733.510s][info ][gc,start       ] GC(161) Pause Young (Allocation Failure)
[5733.526s][debug][gc,phases      ] GC(161) Scavenge 15.406ms
[5733.526s][debug][gc,ref         ] GC(161) Skipped phase 1 of Reference Processing: no references
[5733.526s][debug][gc,ref         ] GC(161) Skipped phase 3 of Reference Processing: no references
[5733.526s][debug][gc,phases      ] GC(161) Reference Processing 0.051ms
[5733.527s][debug][gc,phases      ] GC(161) Weak Processing 1.188ms
[5733.527s][debug][gc,age         ] GC(161) Desired survivor size 63438848 bytes, new threshold 15 (max threshold 15)
[5733.527s][info ][gc,heap        ] GC(161) PSYoungGen: 2009408K(2033664K)->22304K(2033664K) Eden: 1970176K(1970176K)->0K(1970176K) From: 39232K(63488K)->22304K(63488K)
[5733.527s][info ][gc,heap        ] GC(161) ParOldGen: 388195K(443392K)->405169K(443392K)
[5733.527s][info ][gc,metaspace   ] GC(161) Metaspace: 78078K(78656K)->78078K(78656K) NonClass: 67499K(67776K)->67499K(67776K) Class: 10578K(10880K)->10578K(10880K)
[5733.527s][info ][gc             ] GC(161) Pause Young (Allocation Failure) 2341M->417M(2419M) 16.924ms
[5733.527s][info ][gc,cpu         ] GC(161) User=0.04s Sys=0.00s Real=0.02s
[5733.527s][info ][safepoint      ] Safepoint "ParallelGCFailedAllocation", Time since last: 10104972152 ns, Reaching safepoint: 62801 ns, At safepoint: 17099362 ns, Total: 17162163 ns
[5743.528s][info ][safepoint      ] Safepoint "Cleanup", Time since last: 10000727718 ns, Reaching safepoint: 76102 ns, At safepoint: 17900 ns, Total: 94002 ns
[5773.531s][info ][safepoint      ] Safepoint "Cleanup", Time since last: 30002224197 ns, Reaching safepoint: 121303 ns, At safepoint: 4000 ns, Total: 125303 ns
[5791.986s][info ][gc,start       ] GC(162) Pause Young (Allocation Failure)
[5791.995s][debug][gc,phases      ] GC(162) Scavenge 8.793ms
[5791.995s][debug][gc,ref         ] GC(162) Skipped phase 1 of Reference Processing: no references
[5791.995s][debug][gc,ref         ] GC(162) Skipped phase 3 of Reference Processing: no references
[5791.995s][debug][gc,phases      ] GC(162) Reference Processing 0.037ms
[5791.996s][debug][gc,phases      ] GC(162) Weak Processing 0.971ms
[5791.996s][debug][gc,age         ] GC(162) Desired survivor size 61865984 bytes, new threshold 15 (max threshold 15)
[5791.996s][info ][gc,heap        ] GC(162) PSYoungGen: 1992480K(2033664K)->21312K(2036736K) Eden: 1970176K(1970176K)->0K(1974784K) From: 22304K(63488K)->21312K(61952K)
[5791.996s][info ][gc,heap        ] GC(162) ParOldGen: 405169K(443392K)->406158K(443392K)
[5791.996s][info ][gc,metaspace   ] GC(162) Metaspace: 78080K(78656K)->78080K(78656K) NonClass: 67501K(67776K)->67501K(67776K) Class: 10578K(10880K)->10578K(10880K)
[5791.996s][info ][gc             ] GC(162) Pause Young (Allocation Failure) 2341M->417M(2422M) 10.032ms
[5791.996s][info ][gc,cpu         ] GC(162) User=0.03s Sys=0.00s Real=0.00s
[5791.996s][info ][safepoint      ] Safepoint "ParallelGCFailedAllocation", Time since last: 18455147620 ns, Reaching safepoint: 119003 ns, At safepoint: 10180515 ns, Total: 10299518 ns
[5804.997s][info ][safepoint      ] Safepoint "Cleanup", Time since last: 13000913173 ns, Reaching safepoint: 62302 ns, At safepoint: 4300 ns, Total: 66602 ns
[5852.842s][info ][gc,start       ] GC(163) Pause Young (Allocation Failure)
[5852.849s][debug][gc,phases      ] GC(163) Scavenge 7.107ms
[5852.849s][debug][gc,ref         ] GC(163) Skipped phase 1 of Reference Processing: no references
[5852.849s][debug][gc,ref         ] GC(163) Skipped phase 3 of Reference Processing: no references
[5852.849s][debug][gc,phases      ] GC(163) Reference Processing 0.041ms
[5852.850s][debug][gc,phases      ] GC(163) Weak Processing 1.026ms
[5852.850s][debug][gc,age         ] GC(163) Desired survivor size 60293120 bytes, new threshold 15 (max threshold 15)
[5852.850s][info ][gc,heap        ] GC(163) PSYoungGen: 1996096K(2036736K)->21248K(2035200K) Eden: 1974784K(1974784K)->0K(1974784K) From: 21312K(61952K)->21248K(60416K)
[5852.850s][info ][gc,heap        ] GC(163) ParOldGen: 406158K(443392K)->406278K(443392K)
[5852.850s][info ][gc,metaspace   ] GC(163) Metaspace: 78080K(78656K)->78080K(78656K) NonClass: 67501K(67776K)->67501K(67776K) Class: 10578K(10880K)->10578K(10880K)
[5852.850s][info ][gc             ] GC(163) Pause Young (Allocation Failure) 2345M->417M(2420M) 8.415ms
[5852.850s][info ][gc,cpu         ] GC(163) User=0.03s Sys=0.00s Real=0.01s
[5852.850s][info ][safepoint      ] Safepoint "ParallelGCFailedAllocation", Time since last: 47844529752 ns, Reaching safepoint: 96702 ns, At safepoint: 8571881 ns, Total: 8668583 ns
[5902.854s][info ][safepoint      ] Safepoint "Cleanup", Time since last: 50003385833 ns, Reaching safepoint: 110902 ns, At safepoint: 7700 ns, Total: 118602 ns
[5909.787s][info ][gc,start       ] GC(164) Pause Young (Allocation Failure)
[5909.796s][debug][gc,phases      ] GC(164) Scavenge 8.308ms
[5909.796s][debug][gc,ref         ] GC(164) Skipped phase 1 of Reference Processing: no references
[5909.796s][debug][gc,ref         ] GC(164) Skipped phase 3 of Reference Processing: no references
[5909.796s][debug][gc,phases      ] GC(164) Reference Processing 0.034ms
[5909.797s][debug][gc,phases      ] GC(164) Weak Processing 1.011ms
[5909.797s][debug][gc,age         ] GC(164) Desired survivor size 58720256 bytes, new threshold 15 (max threshold 15)
[5909.797s][info ][gc,heap        ] GC(164) PSYoungGen: 1996032K(2035200K)->20832K(2039808K) Eden: 1974784K(1974784K)->0K(1980928K) From: 21248K(60416K)->20832K(58880K)
[5909.797s][info ][gc,heap        ] GC(164) ParOldGen: 406278K(443392K)->406342K(443392K)
[5909.797s][info ][gc,metaspace   ] GC(164) Metaspace: 78080K(78656K)->78080K(78656K) NonClass: 67501K(67776K)->67501K(67776K) Class: 10578K(10880K)->10578K(10880K)
[5909.797s][info ][gc             ] GC(164) Pause Young (Allocation Failure) 2346M->417M(2425M) 9.585ms
[5909.797s][info ][gc,cpu         ] GC(164) User=0.04s Sys=0.00s Real=0.01s
[5909.797s][info ][safepoint      ] Safepoint "ParallelGCFailedAllocation", Time since last: 6933437575 ns, Reaching safepoint: 105803 ns, At safepoint: 9726505 ns, Total: 9832308 ns
[5911.797s][info ][safepoint      ] Safepoint "Cleanup", Time since last: 2000166225 ns, Reaching safepoint: 73501 ns, At safepoint: 8600 ns, Total: 82101 ns
[5912.797s][info ][safepoint      ] Safepoint "Cleanup", Time since last: 1000149314 ns, Reaching safepoint: 60001 ns, At safepoint: 4900 ns, Total: 64901 ns
[5949.800s][info ][safepoint      ] Safepoint "Cleanup", Time since last: 37002531202 ns, Reaching safepoint: 118702 ns, At safepoint: 10600 ns, Total: 129302 ns
[5971.236s][info ][gc,start       ] GC(165) Pause Young (Allocation Failure)
[5971.244s][debug][gc,phases      ] GC(165) Scavenge 7.455ms
[5971.244s][debug][gc,ref         ] GC(165) Skipped phase 1 of Reference Processing: no references
[5971.244s][debug][gc,ref         ] GC(165) Skipped phase 3 of Reference Processing: no references
[5971.244s][debug][gc,phases      ] GC(165) Reference Processing 0.037ms
[5971.245s][debug][gc,phases      ] GC(165) Weak Processing 1.070ms
[5971.245s][debug][gc,age         ] GC(165) Desired survivor size 57147392 bytes, new threshold 15 (max threshold 15)
[5971.245s][info ][gc,heap        ] GC(165) PSYoungGen: 2001760K(2039808K)->20896K(2038272K) Eden: 1980928K(1980928K)->0K(1980928K) From: 20832K(58880K)->20896K(57344K)
[5971.245s][info ][gc,heap        ] GC(165) ParOldGen: 406342K(443392K)->406398K(443392K)
[5971.245s][info ][gc,metaspace   ] GC(165) Metaspace: 78080K(78656K)->78080K(78656K) NonClass: 67502K(67776K)->67502K(67776K) Class: 10578K(10880K)->10578K(10880K)
[5971.245s][info ][gc             ] GC(165) Pause Young (Allocation Failure) 2351M->417M(2423M) 8.836ms
[5971.245s][info ][gc,cpu         ] GC(165) User=0.03s Sys=0.00s Real=0.02s
[5971.245s][info ][safepoint      ] Safepoint "ParallelGCFailedAllocation", Time since last: 21435746925 ns, Reaching safepoint: 117902 ns, At safepoint: 8991790 ns, Total: 9109692 ns
[5984.246s][info ][safepoint      ] Safepoint "Cleanup", Time since last: 13000907298 ns, Reaching safepoint: 72702 ns, At safepoint: 4200 ns, Total: 76902 ns
[5986.246s][info ][safepoint      ] Safepoint "Cleanup", Time since last: 2000223099 ns, Reaching safepoint: 64801 ns, At safepoint: 9201 ns, Total: 74002 ns
[6023.249s][info ][safepoint      ] Safepoint "Cleanup", Time since last: 37002510829 ns, Reaching safepoint: 75201 ns, At safepoint: 7501 ns, Total: 82702 ns
[6030.187s][info ][gc,start       ] GC(166) Pause Young (Allocation Failure)
[6030.194s][debug][gc,phases      ] GC(166) Scavenge 7.535ms
[6030.195s][debug][gc,ref         ] GC(166) Skipped phase 1 of Reference Processing: no references
[6030.195s][debug][gc,ref         ] GC(166) Skipped phase 3 of Reference Processing: no references
[6030.195s][debug][gc,phases      ] GC(166) Reference Processing 0.039ms
[6030.196s][debug][gc,phases      ] GC(166) Weak Processing 0.977ms
[6030.196s][debug][gc,age         ] GC(166) Desired survivor size 55574528 bytes, new threshold 15 (max threshold 15)
[6030.196s][info ][gc,heap        ] GC(166) PSYoungGen: 2001824K(2038272K)->20864K(2042880K) Eden: 1980928K(1980928K)->0K(1987072K) From: 20896K(57344K)->20864K(55808K)
[6030.196s][info ][gc,heap        ] GC(166) ParOldGen: 406398K(443392K)->406446K(443392K)
[6030.196s][info ][gc,metaspace   ] GC(166) Metaspace: 78088K(78656K)->78088K(78656K) NonClass: 67507K(67776K)->67507K(67776K) Class: 10580K(10880K)->10580K(10880K)
[6030.196s][info ][gc             ] GC(166) Pause Young (Allocation Failure) 2351M->417M(2428M) 8.770ms
[6030.196s][info ][gc,cpu         ] GC(166) User=0.03s Sys=0.00s Real=0.00s
[6030.196s][info ][safepoint      ] Safepoint "ParallelGCFailedAllocation", Time since last: 6937868522 ns, Reaching safepoint: 98103 ns, At safepoint: 8905387 ns, Total: 9003490 ns
[6062.198s][info ][safepoint      ] Safepoint "Cleanup", Time since last: 32002084645 ns, Reaching safepoint: 119902 ns, At safepoint: 12701 ns, Total: 132603 ns
[6087.463s][info ][gc,start       ] GC(167) Pause Young (Allocation Failure)
[6087.471s][debug][gc,phases      ] GC(167) Scavenge 7.481ms
[6087.471s][debug][gc,ref         ] GC(167) Skipped phase 1 of Reference Processing: no references
[6087.471s][debug][gc,ref         ] GC(167) Skipped phase 3 of Reference Processing: no references
[6087.471s][debug][gc,phases      ] GC(167) Reference Processing 0.036ms
[6087.472s][debug][gc,phases      ] GC(167) Weak Processing 1.081ms
[6087.472s][debug][gc,age         ] GC(167) Desired survivor size 53477376 bytes, new threshold 15 (max threshold 15)
[6087.472s][info ][gc,heap        ] GC(167) PSYoungGen: 2007936K(2042880K)->20832K(2041344K) Eden: 1987072K(1987072K)->0K(1987072K) From: 20864K(55808K)->20832K(54272K)
[6087.472s][info ][gc,heap        ] GC(167) ParOldGen: 406446K(443392K)->406534K(443392K)
[6087.472s][info ][gc,metaspace   ] GC(167) Metaspace: 78089K(78656K)->78089K(78656K) NonClass: 67508K(67776K)->67508K(67776K) Class: 10580K(10880K)->10580K(10880K)
[6087.472s][info ][gc             ] GC(167) Pause Young (Allocation Failure) 2357M->417M(2426M) 8.846ms
[6087.472s][info ][gc,cpu         ] GC(167) User=0.03s Sys=0.00s Real=0.01s
[6087.472s][info ][safepoint      ] Safepoint "ParallelGCFailedAllocation", Time since last: 25265272277 ns, Reaching safepoint: 238805 ns, At safepoint: 9055491 ns, Total: 9294296 ns
[6120.475s][info ][safepoint      ] Safepoint "Cleanup", Time since last: 33002462771 ns, Reaching safepoint: 132303 ns, At safepoint: 10200 ns, Total: 142503 ns
[6145.987s][info ][gc,start       ] GC(168) Pause Young (Allocation Failure)
[6145.994s][debug][gc,phases      ] GC(168) Scavenge 7.176ms
[6145.994s][debug][gc,ref         ] GC(168) Skipped phase 1 of Reference Processing: no references
[6145.994s][debug][gc,ref         ] GC(168) Skipped phase 3 of Reference Processing: no references
[6145.994s][debug][gc,phases      ] GC(168) Reference Processing 0.057ms
[6145.995s][debug][gc,phases      ] GC(168) Weak Processing 1.013ms
[6145.995s][debug][gc,age         ] GC(168) Desired survivor size 51904512 bytes, new threshold 15 (max threshold 15)
[6145.995s][info ][gc,heap        ] GC(168) PSYoungGen: 2007904K(2041344K)->20576K(2046464K) Eden: 1987072K(1987072K)->0K(1994240K) From: 20832K(54272K)->20576K(52224K)
[6145.995s][info ][gc,heap        ] GC(168) ParOldGen: 406534K(443392K)->406814K(443392K)
[6145.995s][info ][gc,metaspace   ] GC(168) Metaspace: 78091K(78656K)->78091K(78656K) NonClass: 67510K(67776K)->67510K(67776K) Class: 10580K(10880K)->10580K(10880K)
[6145.996s][info ][gc             ] GC(168) Pause Young (Allocation Failure) 2357M->417M(2431M) 8.479ms
[6145.996s][info ][gc,cpu         ] GC(168) User=0.03s Sys=0.00s Real=0.00s
[6145.996s][info ][safepoint      ] Safepoint "ParallelGCFailedAllocation", Time since last: 25511821877 ns, Reaching safepoint: 51701 ns, At safepoint: 8612182 ns, Total: 8663883 ns
[6180.998s][info ][safepoint      ] Safepoint "Cleanup", Time since last: 35002397067 ns, Reaching safepoint: 92302 ns, At safepoint: 4000 ns, Total: 96302 ns
[6181.998s][info ][safepoint      ] Safepoint "Cleanup", Time since last: 1000129573 ns, Reaching safepoint: 121103 ns, At safepoint: 11100 ns, Total: 132203 ns
[6200.000s][info ][safepoint      ] Safepoint "Cleanup", Time since last: 18001262364 ns, Reaching safepoint: 80901 ns, At safepoint: 4800 ns, Total: 85701 ns
[6203.287s][info ][gc,start       ] GC(169) Pause Young (Allocation Failure)
[6203.294s][debug][gc,phases      ] GC(169) Scavenge 6.879ms
[6203.294s][debug][gc,ref         ] GC(169) Skipped phase 1 of Reference Processing: no references
[6203.294s][debug][gc,ref         ] GC(169) Skipped phase 3 of Reference Processing: no references
[6203.294s][debug][gc,phases      ] GC(169) Reference Processing 0.037ms
[6203.295s][debug][gc,phases      ] GC(169) Weak Processing 1.037ms
[6203.295s][debug][gc,age         ] GC(169) Desired survivor size 50331648 bytes, new threshold 15 (max threshold 15)
[6203.295s][info ][gc,heap        ] GC(169) PSYoungGen: 2014816K(2046464K)->20608K(2044928K) Eden: 1994240K(1994240K)->0K(1994240K) From: 20576K(52224K)->20608K(50688K)
[6203.295s][info ][gc,heap        ] GC(169) ParOldGen: 406814K(443392K)->406870K(443392K)
[6203.295s][info ][gc,metaspace   ] GC(169) Metaspace: 78093K(78656K)->78093K(78656K) NonClass: 67512K(67776K)->67512K(67776K) Class: 10580K(10880K)->10580K(10880K)
[6203.295s][info ][gc             ] GC(169) Pause Young (Allocation Failure) 2364M->417M(2430M) 8.200ms
[6203.295s][info ][gc,cpu         ] GC(169) User=0.02s Sys=0.01s Real=0.00s
[6203.295s][info ][safepoint      ] Safepoint "ParallelGCFailedAllocation", Time since last: 3286812746 ns, Reaching safepoint: 58401 ns, At safepoint: 8338375 ns, Total: 8396776 ns
[6228.297s][info ][safepoint      ] Safepoint "Cleanup", Time since last: 25001752788 ns, Reaching safepoint: 82802 ns, At safepoint: 9000 ns, Total: 91802 ns
[6237.297s][info ][safepoint      ] Safepoint "Cleanup", Time since last: 9000696193 ns, Reaching safepoint: 68901 ns, At safepoint: 6100 ns, Total: 75001 ns
[6247.298s][info ][safepoint      ] Safepoint "Cleanup", Time since last: 10000742748 ns, Reaching safepoint: 111303 ns, At safepoint: 9600 ns, Total: 120903 ns
[6270.986s][info ][gc,start       ] GC(170) Pause Young (Allocation Failure)
[6270.993s][debug][gc,phases      ] GC(170) Scavenge 7.128ms
[6270.993s][debug][gc,ref         ] GC(170) Skipped phase 1 of Reference Processing: no references
[6270.993s][debug][gc,ref         ] GC(170) Skipped phase 3 of Reference Processing: no references
[6270.993s][debug][gc,phases      ] GC(170) Reference Processing 0.054ms
[6270.994s][debug][gc,phases      ] GC(170) Weak Processing 1.008ms
[6270.994s][debug][gc,age         ] GC(170) Desired survivor size 48758784 bytes, new threshold 15 (max threshold 15)
[6270.994s][info ][gc,heap        ] GC(170) PSYoungGen: 2014848K(2044928K)->20640K(2049536K) Eden: 1994240K(1994240K)->0K(2000384K) From: 20608K(50688K)->20640K(49152K)
[6270.994s][info ][gc,heap        ] GC(170) ParOldGen: 406870K(443392K)->406918K(443392K)
[6270.994s][info ][gc,metaspace   ] GC(170) Metaspace: 78096K(78656K)->78096K(78656K) NonClass: 67514K(67776K)->67514K(67776K) Class: 10581K(10880K)->10581K(10880K)
[6270.994s][info ][gc             ] GC(170) Pause Young (Allocation Failure) 2364M->417M(2434M) 8.419ms
[6270.995s][info ][gc,cpu         ] GC(170) User=0.03s Sys=0.00s Real=0.00s
[6270.995s][info ][safepoint      ] Safepoint "ParallelGCFailedAllocation", Time since last: 23687595598 ns, Reaching safepoint: 44801 ns, At safepoint: 8549480 ns, Total: 8594281 ns
[6316.998s][info ][safepoint      ] Safepoint "Cleanup", Time since last: 46003068746 ns, Reaching safepoint: 111402 ns, At safepoint: 6300 ns, Total: 117702 ns
[6332.492s][info ][gc,start       ] GC(171) Pause Young (Allocation Failure)
[6332.499s][debug][gc,phases      ] GC(171) Scavenge 6.483ms
[6332.499s][debug][gc,ref         ] GC(171) Skipped phase 1 of Reference Processing: no references
[6332.499s][debug][gc,ref         ] GC(171) Skipped phase 3 of Reference Processing: no references
[6332.499s][debug][gc,phases      ] GC(171) Reference Processing 0.039ms
[6332.500s][debug][gc,phases      ] GC(171) Weak Processing 0.990ms
[6332.500s][debug][gc,age         ] GC(171) Desired survivor size 47185920 bytes, new threshold 15 (max threshold 15)
[6332.500s][info ][gc,heap        ] GC(171) PSYoungGen: 2021024K(2049536K)->20480K(2048000K) Eden: 2000384K(2000384K)->0K(2000384K) From: 20640K(49152K)->20480K(47616K)
[6332.500s][info ][gc,heap        ] GC(171) ParOldGen: 406918K(443392K)->407062K(443392K)
[6332.500s][info ][gc,metaspace   ] GC(171) Metaspace: 78097K(78656K)->78097K(78656K) NonClass: 67516K(67776K)->67516K(67776K) Class: 10581K(10880K)->10581K(10880K)
[6332.500s][info ][gc             ] GC(171) Pause Young (Allocation Failure) 2371M->417M(2433M) 7.772ms
[6332.500s][info ][gc,cpu         ] GC(171) User=0.02s Sys=0.00s Real=0.01s
[6332.500s][info ][safepoint      ] Safepoint "ParallelGCFailedAllocation", Time since last: 15494376443 ns, Reaching safepoint: 147403 ns, At safepoint: 7921767 ns, Total: 8069170 ns
[6401.536s][info ][gc,start       ] GC(172) Pause Young (Allocation Failure)
[6401.544s][debug][gc,phases      ] GC(172) Scavenge 8.089ms
[6401.545s][debug][gc,ref         ] GC(172) Skipped phase 1 of Reference Processing: no references
[6401.545s][debug][gc,ref         ] GC(172) Skipped phase 3 of Reference Processing: no references
[6401.545s][debug][gc,ref         ] GC(172) Skipped phase 4 of Reference Processing: no references
[6401.545s][debug][gc,phases      ] GC(172) Reference Processing 0.035ms
[6401.546s][debug][gc,phases      ] GC(172) Weak Processing 0.964ms
[6401.546s][debug][gc,age         ] GC(172) Desired survivor size 48234496 bytes, new threshold 15 (max threshold 15)
[6401.546s][info ][gc,heap        ] GC(172) PSYoungGen: 2020864K(2048000K)->3328K(2049024K) Eden: 2000384K(2000384K)->0K(2002944K) From: 20480K(47616K)->3328K(46080K)
[6401.546s][info ][gc,heap        ] GC(172) ParOldGen: 407062K(443392K)->424266K(443392K)
[6401.546s][info ][gc,metaspace   ] GC(172) Metaspace: 78097K(78656K)->78097K(78656K) NonClass: 67516K(67776K)->67516K(67776K) Class: 10581K(10880K)->10581K(10880K)
[6401.546s][info ][gc             ] GC(172) Pause Young (Allocation Failure) 2371M->417M(2434M) 9.347ms
[6401.546s][info ][gc,cpu         ] GC(172) User=0.03s Sys=0.00s Real=0.02s
[6401.546s][info ][safepoint      ] Safepoint "ParallelGCFailedAllocation", Time since last: 69035943949 ns, Reaching safepoint: 117702 ns, At safepoint: 9465799 ns, Total: 9583501 ns
[6414.547s][info ][safepoint      ] Safepoint "Cleanup", Time since last: 13000953256 ns, Reaching safepoint: 69301 ns, At safepoint: 5101 ns, Total: 74402 ns
[6458.550s][info ][safepoint      ] Safepoint "Cleanup", Time since last: 44003365433 ns, Reaching safepoint: 106802 ns, At safepoint: 10900 ns, Total: 117702 ns
[6467.291s][info ][gc,start       ] GC(173) Pause Young (Allocation Failure)
[6467.295s][debug][gc,phases      ] GC(173) Scavenge 3.978ms
[6467.296s][debug][gc,ref         ] GC(173) Skipped phase 1 of Reference Processing: no references
[6467.296s][debug][gc,ref         ] GC(173) Skipped phase 3 of Reference Processing: no references
[6467.296s][debug][gc,phases      ] GC(173) Reference Processing 0.038ms
[6467.297s][debug][gc,phases      ] GC(173) Weak Processing 0.998ms
[6467.297s][debug][gc,age         ] GC(173) Desired survivor size 49807360 bytes, new threshold 15 (max threshold 15)
[6467.297s][info ][gc,heap        ] GC(173) PSYoungGen: 2006272K(2049024K)->1280K(2004480K) Eden: 2002944K(2002944K)->0K(2002944K) From: 3328K(46080K)->1280K(1536K)
[6467.297s][info ][gc,heap        ] GC(173) ParOldGen: 424266K(443392K)->426360K(443392K)
[6467.297s][info ][gc,metaspace   ] GC(173) Metaspace: 78104K(78720K)->78104K(78720K) NonClass: 67522K(67840K)->67522K(67840K) Class: 10581K(10880K)->10581K(10880K)
[6467.297s][info ][gc             ] GC(173) Pause Young (Allocation Failure) 2373M->417M(2390M) 5.282ms
[6467.297s][info ][gc,cpu         ] GC(173) User=0.02s Sys=0.00s Real=0.00s
[6467.297s][info ][safepoint      ] Safepoint "ParallelGCFailedAllocation", Time since last: 8740996755 ns, Reaching safepoint: 56301 ns, At safepoint: 5493116 ns, Total: 5549417 ns
[6478.298s][info ][safepoint      ] Safepoint "Cleanup", Time since last: 11000791205 ns, Reaching safepoint: 72302 ns, At safepoint: 8800 ns, Total: 81102 ns
[6483.298s][info ][safepoint      ] Safepoint "Cleanup", Time since last: 5000371727 ns, Reaching safepoint: 62502 ns, At safepoint: 5000 ns, Total: 67502 ns
[6510.300s][info ][safepoint      ] Safepoint "Cleanup", Time since last: 27001989700 ns, Reaching safepoint: 73402 ns, At safepoint: 63401 ns, Total: 136803 ns
[6532.094s][info ][gc,start       ] GC(174) Pause Young (Allocation Failure)
[6532.096s][debug][gc,phases      ] GC(174) Scavenge 2.370ms
[6532.096s][debug][gc,ref         ] GC(174) Skipped phase 1 of Reference Processing: no references
[6532.096s][debug][gc,ref         ] GC(174) Skipped phase 3 of Reference Processing: no references
[6532.096s][debug][gc,phases      ] GC(174) Reference Processing 0.027ms
[6532.097s][debug][gc,phases      ] GC(174) Weak Processing 0.971ms
[6532.097s][debug][gc,age         ] GC(174) Desired survivor size 49807360 bytes, new threshold 15 (max threshold 15)
[6532.097s][info ][gc,heap        ] GC(174) PSYoungGen: 2004224K(2004480K)->1248K(2048512K) Eden: 2002944K(2002944K)->0K(1999872K) From: 1280K(1536K)->1248K(48640K)
[6532.097s][info ][gc,heap        ] GC(174) ParOldGen: 426360K(443392K)->426448K(443392K)
[6532.097s][info ][gc,metaspace   ] GC(174) Metaspace: 78104K(78720K)->78104K(78720K) NonClass: 67522K(67840K)->67522K(67840K) Class: 10581K(10880K)->10581K(10880K)
[6532.097s][info ][gc             ] GC(174) Pause Young (Allocation Failure) 2373M->417M(2433M) 3.551ms
[6532.097s][info ][gc,cpu         ] GC(174) User=0.01s Sys=0.00s Real=0.01s
[6532.097s][info ][safepoint      ] Safepoint "ParallelGCFailedAllocation", Time since last: 21793260062 ns, Reaching safepoint: 90402 ns, At safepoint: 3671177 ns, Total: 3761579 ns
[6543.098s][info ][safepoint      ] Safepoint "Cleanup", Time since last: 11000783262 ns, Reaching safepoint: 70702 ns, At safepoint: 5800 ns, Total: 76502 ns
[6568.100s][info ][safepoint      ] Safepoint "Cleanup", Time since last: 25001853026 ns, Reaching safepoint: 99002 ns, At safepoint: 13200 ns, Total: 112202 ns
[6569.100s][info ][safepoint      ] Safepoint "Cleanup", Time since last: 1000116842 ns, Reaching safepoint: 73601 ns, At safepoint: 6200 ns, Total: 79801 ns
[6573.101s][info ][safepoint      ] Safepoint "Cleanup", Time since last: 4000366963 ns, Reaching safepoint: 62901 ns, At safepoint: 4600 ns, Total: 67501 ns
[6581.101s][info ][safepoint      ] Safepoint "Cleanup", Time since last: 8000572019 ns, Reaching safepoint: 89702 ns, At safepoint: 8100 ns, Total: 97802 ns
[6582.102s][info ][safepoint      ] Safepoint "Cleanup", Time since last: 1000134441 ns, Reaching safepoint: 65701 ns, At safepoint: 7000 ns, Total: 72701 ns
[6583.102s][info ][safepoint      ] Safepoint "Cleanup", Time since last: 1000154342 ns, Reaching safepoint: 66901 ns, At safepoint: 4300 ns, Total: 71201 ns
[6591.102s][info ][safepoint      ] Safepoint "Cleanup", Time since last: 8000606515 ns, Reaching safepoint: 70702 ns, At safepoint: 4200 ns, Total: 74902 ns
[6597.286s][info ][gc,start       ] GC(175) Pause Young (Allocation Failure)
[6597.289s][debug][gc,phases      ] GC(175) Scavenge 2.592ms
[6597.289s][debug][gc,ref         ] GC(175) Skipped phase 1 of Reference Processing: no references
[6597.289s][debug][gc,ref         ] GC(175) Skipped phase 3 of Reference Processing: no references
[6597.289s][debug][gc,phases      ] GC(175) Reference Processing 0.029ms
[6597.290s][debug][gc,phases      ] GC(175) Weak Processing 1.056ms
[6597.290s][debug][gc,age         ] GC(175) Desired survivor size 49807360 bytes, new threshold 15 (max threshold 15)
[6597.290s][info ][gc,heap        ] GC(175) PSYoungGen: 2001120K(2048512K)->1280K(2048512K) Eden: 1999872K(1999872K)->0K(1999872K) From: 1248K(48640K)->1280K(48640K)
[6597.290s][info ][gc,heap        ] GC(175) ParOldGen: 426448K(443392K)->426504K(443392K)
[6597.290s][info ][gc,metaspace   ] GC(175) Metaspace: 78104K(78720K)->78104K(78720K) NonClass: 67523K(67840K)->67523K(67840K) Class: 10581K(10880K)->10581K(10880K)
[6597.290s][info ][gc             ] GC(175) Pause Young (Allocation Failure) 2370M->417M(2433M) 3.874ms
[6597.290s][info ][gc,cpu         ] GC(175) User=0.01s Sys=0.00s Real=0.00s
[6597.290s][info ][safepoint      ] Safepoint "ParallelGCFailedAllocation", Time since last: 6183181478 ns, Reaching safepoint: 140903 ns, At safepoint: 4003584 ns, Total: 4144487 ns
[6603.290s][info ][safepoint      ] Safepoint "Cleanup", Time since last: 6000513134 ns, Reaching safepoint: 132903 ns, At safepoint: 9100 ns, Total: 142003 ns
[6604.291s][info ][safepoint      ] Safepoint "Cleanup", Time since last: 1000216942 ns, Reaching safepoint: 137302 ns, At safepoint: 12401 ns, Total: 149703 ns
[6623.292s][info ][safepoint      ] Safepoint "Cleanup", Time since last: 19001429923 ns, Reaching safepoint: 160703 ns, At safepoint: 9800 ns, Total: 170503 ns
[6636.294s][info ][safepoint      ] Safepoint "Cleanup", Time since last: 13000981285 ns, Reaching safepoint: 147503 ns, At safepoint: 6200 ns, Total: 153703 ns
[6639.294s][info ][safepoint      ] Safepoint "Cleanup", Time since last: 3000317413 ns, Reaching safepoint: 150703 ns, At safepoint: 10900 ns, Total: 161603 ns
[6646.295s][info ][safepoint      ] Safepoint "Cleanup", Time since last: 7000595458 ns, Reaching safepoint: 129903 ns, At safepoint: 10900 ns, Total: 140803 ns
[6654.295s][info ][safepoint      ] Safepoint "Cleanup", Time since last: 8000588090 ns, Reaching safepoint: 76902 ns, At safepoint: 7000 ns, Total: 83902 ns
[6659.636s][info ][gc,start       ] GC(176) Pause Young (Allocation Failure)
[6659.639s][debug][gc,phases      ] GC(176) Scavenge 2.907ms
[6659.639s][debug][gc,ref         ] GC(176) Skipped phase 1 of Reference Processing: no references
[6659.639s][debug][gc,ref         ] GC(176) Skipped phase 3 of Reference Processing: no references
[6659.639s][debug][gc,phases      ] GC(176) Reference Processing 0.063ms
[6659.640s][debug][gc,phases      ] GC(176) Weak Processing 1.224ms
[6659.640s][debug][gc,age         ] GC(176) Desired survivor size 49283072 bytes, new threshold 15 (max threshold 15)
[6659.640s][info ][gc,heap        ] GC(176) PSYoungGen: 2001152K(2048512K)->1280K(2049024K) Eden: 1999872K(1999872K)->0K(2000384K) From: 1280K(48640K)->1280K(48640K)
[6659.640s][info ][gc,heap        ] GC(176) ParOldGen: 426504K(443392K)->426552K(443392K)
[6659.640s][info ][gc,metaspace   ] GC(176) Metaspace: 78111K(78720K)->78111K(78720K) NonClass: 67529K(67840K)->67529K(67840K) Class: 10581K(10880K)->10581K(10880K)
[6659.640s][info ][gc             ] GC(176) Pause Young (Allocation Failure) 2370M->417M(2434M) 4.473ms
[6659.640s][info ][gc,cpu         ] GC(176) User=0.02s Sys=0.00s Real=0.01s
[6659.640s][info ][safepoint      ] Safepoint "ParallelGCFailedAllocation", Time since last: 5340126427 ns, Reaching safepoint: 58501 ns, At safepoint: 4645098 ns, Total: 4703599 ns
[6685.642s][info ][safepoint      ] Safepoint "Cleanup", Time since last: 26001827015 ns, Reaching safepoint: 151103 ns, At safepoint: 57602 ns, Total: 208705 ns
[6703.644s][info ][safepoint      ] Safepoint "Cleanup", Time since last: 18001348318 ns, Reaching safepoint: 76402 ns, At safepoint: 8300 ns, Total: 84702 ns
[6721.786s][info ][gc,start       ] GC(177) Pause Young (Allocation Failure)
[6721.788s][debug][gc,phases      ] GC(177) Scavenge 2.421ms
[6721.788s][debug][gc,ref         ] GC(177) Skipped phase 1 of Reference Processing: no references
[6721.788s][debug][gc,ref         ] GC(177) Skipped phase 3 of Reference Processing: no references
[6721.788s][debug][gc,phases      ] GC(177) Reference Processing 0.029ms
[6721.789s][debug][gc,phases      ] GC(177) Weak Processing 1.029ms
[6721.789s][debug][gc,age         ] GC(177) Desired survivor size 48234496 bytes, new threshold 15 (max threshold 15)
[6721.789s][info ][gc,heap        ] GC(177) PSYoungGen: 2001664K(2049024K)->1280K(2048512K) Eden: 2000384K(2000384K)->0K(2000384K) From: 1280K(48640K)->1280K(48128K)
[6721.789s][info ][gc,heap        ] GC(177) ParOldGen: 426552K(443392K)->426592K(443392K)
[6721.789s][info ][gc,metaspace   ] GC(177) Metaspace: 78111K(78720K)->78111K(78720K) NonClass: 67529K(67840K)->67529K(67840K) Class: 10581K(10880K)->10581K(10880K)
[6721.789s][info ][gc             ] GC(177) Pause Young (Allocation Failure) 2371M->417M(2433M) 3.647ms
[6721.789s][info ][gc,cpu         ] GC(177) User=0.01s Sys=0.00s Real=0.00s
[6721.789s][info ][safepoint      ] Safepoint "ParallelGCFailedAllocation", Time since last: 18141857861 ns, Reaching safepoint: 100002 ns, At safepoint: 3763079 ns, Total: 3863081 ns
[6735.791s][info ][safepoint      ] Safepoint "Cleanup", Time since last: 14001066862 ns, Reaching safepoint: 197404 ns, At safepoint: 8200 ns, Total: 205604 ns
[6772.794s][info ][safepoint      ] Safepoint "Cleanup", Time since last: 37002649182 ns, Reaching safepoint: 130403 ns, At safepoint: 11800 ns, Total: 142203 ns
[6774.794s][info ][safepoint      ] Safepoint "Cleanup", Time since last: 2000222264 ns, Reaching safepoint: 49501 ns, At safepoint: 4400 ns, Total: 53901 ns
[6775.794s][info ][safepoint      ] Safepoint "Cleanup", Time since last: 1000145233 ns, Reaching safepoint: 136803 ns, At safepoint: 6300 ns, Total: 143103 ns
[6777.794s][info ][safepoint      ] Safepoint "Cleanup", Time since last: 2000215164 ns, Reaching safepoint: 81002 ns, At safepoint: 9900 ns, Total: 90902 ns
[6779.795s][info ][safepoint      ] Safepoint "Cleanup", Time since last: 2000193763 ns, Reaching safepoint: 72602 ns, At safepoint: 7700 ns, Total: 80302 ns
[6785.171s][info ][gc,start       ] GC(178) Pause Young (Allocation Failure)
[6785.174s][debug][gc,phases      ] GC(178) Scavenge 3.098ms
[6785.174s][debug][gc,ref         ] GC(178) Skipped phase 1 of Reference Processing: no references
[6785.174s][debug][gc,ref         ] GC(178) Skipped phase 3 of Reference Processing: no references
[6785.174s][debug][gc,phases      ] GC(178) Reference Processing 0.034ms
[6785.175s][debug][gc,phases      ] GC(178) Weak Processing 0.905ms
[6785.175s][debug][gc,age         ] GC(178) Desired survivor size 47185920 bytes, new threshold 15 (max threshold 15)
[6785.175s][info ][gc,heap        ] GC(178) PSYoungGen: 2001664K(2048512K)->1408K(2051072K) Eden: 2000384K(2000384K)->0K(2003968K) From: 1280K(48128K)->1408K(47104K)
[6785.175s][info ][gc,heap        ] GC(178) ParOldGen: 426592K(443392K)->426632K(443392K)
[6785.175s][info ][gc,metaspace   ] GC(178) Metaspace: 78123K(78720K)->78123K(78720K) NonClass: 67541K(67840K)->67541K(67840K) Class: 10581K(10880K)->10581K(10880K)
[6785.175s][info ][gc             ] GC(178) Pause Young (Allocation Failure) 2371M->418M(2436M) 4.297ms
[6785.175s][info ][gc,cpu         ] GC(178) User=0.02s Sys=0.00s Real=0.00s
[6785.175s][info ][safepoint      ] Safepoint "ParallelGCFailedAllocation", Time since last: 5375815850 ns, Reaching safepoint: 67101 ns, At safepoint: 4444694 ns, Total: 4511795 ns
[6791.176s][info ][safepoint      ] Safepoint "Cleanup", Time since last: 6000468085 ns, Reaching safepoint: 90902 ns, At safepoint: 8400 ns, Total: 99302 ns
[6839.592s][info ][gc,start       ] GC(179) Pause Young (Allocation Failure)
[6839.595s][debug][gc,phases      ] GC(179) Scavenge 2.850ms
[6839.595s][debug][gc,ref         ] GC(179) Skipped phase 1 of Reference Processing: no references
[6839.595s][debug][gc,ref         ] GC(179) Skipped phase 3 of Reference Processing: no references
[6839.595s][debug][gc,phases      ] GC(179) Reference Processing 0.030ms
[6839.596s][debug][gc,phases      ] GC(179) Weak Processing 0.981ms
[6839.596s][debug][gc,age         ] GC(179) Desired survivor size 45613056 bytes, new threshold 15 (max threshold 15)
[6839.596s][info ][gc,heap        ] GC(179) PSYoungGen: 2005376K(2051072K)->2016K(2050048K) Eden: 2003968K(2003968K)->0K(2003968K) From: 1408K(47104K)->2016K(46080K)
[6839.596s][info ][gc,heap        ] GC(179) ParOldGen: 426632K(443392K)->426680K(443392K)
[6839.596s][info ][gc,metaspace   ] GC(179) Metaspace: 78126K(78720K)->78126K(78720K) NonClass: 67545K(67840K)->67545K(67840K) Class: 10581K(10880K)->10581K(10880K)
[6839.596s][info ][gc             ] GC(179) Pause Young (Allocation Failure) 2375M->418M(2435M) 4.042ms
[6839.596s][info ][gc,cpu         ] GC(179) User=0.01s Sys=0.00s Real=0.00s
[6839.596s][info ][safepoint      ] Safepoint "ParallelGCFailedAllocation", Time since last: 48416541917 ns, Reaching safepoint: 117003 ns, At safepoint: 4169487 ns, Total: 4286490 ns
[6881.599s][info ][safepoint      ] Safepoint "Cleanup", Time since last: 42002923390 ns, Reaching safepoint: 67701 ns, At safepoint: 4600 ns, Total: 72301 ns
[6910.986s][info ][gc,start       ] GC(180) Pause Young (Allocation Failure)
[6910.991s][debug][gc,phases      ] GC(180) Scavenge 4.989ms
[6910.991s][debug][gc,ref         ] GC(180) Skipped phase 1 of Reference Processing: no references
[6910.991s][debug][gc,ref         ] GC(180) Skipped phase 3 of Reference Processing: no references
[6910.991s][debug][gc,ref         ] GC(180) Skipped phase 4 of Reference Processing: no references
[6910.991s][debug][gc,phases      ] GC(180) Reference Processing 0.033ms
[6910.992s][debug][gc,phases      ] GC(180) Weak Processing 0.975ms
[6910.992s][debug][gc,age         ] GC(180) Desired survivor size 43515904 bytes, new threshold 15 (max threshold 15)
[6910.992s][info ][gc,heap        ] GC(180) PSYoungGen: 2005984K(2050048K)->2016K(2054656K) Eden: 2003968K(2003968K)->0K(2010112K) From: 2016K(46080K)->2016K(44544K)
[6910.992s][info ][gc,heap        ] GC(180) ParOldGen: 426680K(443392K)->426728K(443392K)
[6910.992s][info ][gc,metaspace   ] GC(180) Metaspace: 78126K(78720K)->78126K(78720K) NonClass: 67545K(67840K)->67545K(67840K) Class: 10581K(10880K)->10581K(10880K)
[6910.992s][info ][gc             ] GC(180) Pause Young (Allocation Failure) 2375M->418M(2439M) 6.193ms
[6910.992s][info ][gc,cpu         ] GC(180) User=0.02s Sys=0.00s Real=0.00s
[6910.992s][info ][safepoint      ] Safepoint "ParallelGCFailedAllocation", Time since last: 29386276171 ns, Reaching safepoint: 147103 ns, At safepoint: 6334033 ns, Total: 6481136 ns
[6977.187s][info ][gc,start       ] GC(181) Pause Young (Allocation Failure)
[6977.190s][debug][gc,phases      ] GC(181) Scavenge 2.925ms
[6977.190s][debug][gc,ref         ] GC(181) Skipped phase 1 of Reference Processing: no references
[6977.191s][debug][gc,ref         ] GC(181) Skipped phase 3 of Reference Processing: no references
[6977.191s][debug][gc,phases      ] GC(181) Reference Processing 0.046ms
[6977.191s][debug][gc,phases      ] GC(181) Weak Processing 0.851ms
[6977.191s][debug][gc,age         ] GC(181) Desired survivor size 41943040 bytes, new threshold 15 (max threshold 15)
[6977.191s][info ][gc,heap        ] GC(181) PSYoungGen: 2012128K(2054656K)->2048K(2052608K) Eden: 2010112K(2010112K)->0K(2010112K) From: 2016K(44544K)->2048K(42496K)
[6977.191s][info ][gc,heap        ] GC(181) ParOldGen: 426728K(443392K)->426776K(443392K)
[6977.191s][info ][gc,metaspace   ] GC(181) Metaspace: 78126K(78720K)->78126K(78720K) NonClass: 67545K(67840K)->67545K(67840K) Class: 10581K(10880K)->10581K(10880K)
[6977.191s][info ][gc             ] GC(181) Pause Young (Allocation Failure) 2381M->418M(2437M) 4.058ms
[6977.191s][info ][gc,cpu         ] GC(181) User=0.02s Sys=0.00s Real=0.00s
[6977.192s][info ][safepoint      ] Safepoint "ParallelGCFailedAllocation", Time since last: 66194990319 ns, Reaching safepoint: 181104 ns, At safepoint: 4197388 ns, Total: 4378492 ns
[7046.886s][info ][gc,start       ] GC(182) Pause Young (Allocation Failure)
[7046.889s][debug][gc,phases      ] GC(182) Scavenge 3.280ms
[7046.889s][debug][gc,ref         ] GC(182) Skipped phase 1 of Reference Processing: no references
[7046.889s][debug][gc,ref         ] GC(182) Skipped phase 3 of Reference Processing: no references
[7046.889s][debug][gc,ref         ] GC(182) Skipped phase 4 of Reference Processing: no references
[7046.889s][debug][gc,phases      ] GC(182) Reference Processing 0.033ms
[7046.890s][debug][gc,phases      ] GC(182) Weak Processing 0.882ms
[7046.890s][debug][gc,age         ] GC(182) Desired survivor size 39845888 bytes, new threshold 15 (max threshold 15)
[7046.890s][info ][gc,heap        ] GC(182) PSYoungGen: 2012160K(2052608K)->2016K(2058240K) Eden: 2010112K(2010112K)->0K(2017280K) From: 2048K(42496K)->2016K(40960K)
[7046.890s][info ][gc,heap        ] GC(182) ParOldGen: 426776K(443392K)->426832K(443392K)
[7046.890s][info ][gc,metaspace   ] GC(182) Metaspace: 78126K(78720K)->78126K(78720K) NonClass: 67545K(67840K)->67545K(67840K) Class: 10581K(10880K)->10581K(10880K)
[7046.890s][info ][gc             ] GC(182) Pause Young (Allocation Failure) 2381M->418M(2443M) 4.373ms
[7046.890s][info ][gc,cpu         ] GC(182) User=0.02s Sys=0.00s Real=0.00s
[7046.890s][info ][safepoint      ] Safepoint "ParallelGCFailedAllocation", Time since last: 69694166373 ns, Reaching safepoint: 188004 ns, At safepoint: 4509595 ns, Total: 4697599 ns
[7072.893s][info ][safepoint      ] Safepoint "Cleanup", Time since last: 26001976109 ns, Reaching safepoint: 187604 ns, At safepoint: 19401 ns, Total: 207005 ns
[7093.894s][info ][safepoint      ] Safepoint "Cleanup", Time since last: 21001679537 ns, Reaching safepoint: 68401 ns, At safepoint: 7400 ns, Total: 75801 ns
[7098.895s][info ][safepoint      ] Safepoint "Cleanup", Time since last: 5000447185 ns, Reaching safepoint: 65102 ns, At safepoint: 6900 ns, Total: 72002 ns
[7099.895s][info ][safepoint      ] Safepoint "Cleanup", Time since last: 1000154161 ns, Reaching safepoint: 70601 ns, At safepoint: 6100 ns, Total: 76701 ns
[7107.896s][info ][safepoint      ] Safepoint "Cleanup", Time since last: 8000620606 ns, Reaching safepoint: 67901 ns, At safepoint: 5200 ns, Total: 73101 ns
[7110.896s][info ][safepoint      ] Safepoint "Cleanup", Time since last: 3000279605 ns, Reaching safepoint: 76802 ns, At safepoint: 9200 ns, Total: 86002 ns
[7111.141s][info ][gc,start       ] GC(183) Pause Young (Allocation Failure)
[7111.144s][debug][gc,phases      ] GC(183) Scavenge 2.879ms
[7111.144s][debug][gc,ref         ] GC(183) Skipped phase 1 of Reference Processing: no references
[7111.144s][debug][gc,ref         ] GC(183) Skipped phase 3 of Reference Processing: no references
[7111.144s][debug][gc,phases      ] GC(183) Reference Processing 0.030ms
[7111.146s][debug][gc,phases      ] GC(183) Weak Processing 0.980ms
[7111.146s][debug][gc,age         ] GC(183) Desired survivor size 38273024 bytes, new threshold 15 (max threshold 15)
[7111.146s][info ][gc,heap        ] GC(183) PSYoungGen: 2019296K(2058240K)->2112K(2056192K) Eden: 2017280K(2017280K)->0K(2017280K) From: 2016K(40960K)->2112K(38912K)
[7111.146s][info ][gc,heap        ] GC(183) ParOldGen: 426832K(443392K)->426908K(443392K)
[7111.146s][info ][gc,metaspace   ] GC(183) Metaspace: 78130K(78720K)->78130K(78720K) NonClass: 67549K(67840K)->67549K(67840K) Class: 10581K(10880K)->10581K(10880K)
[7111.146s][info ][gc             ] GC(183) Pause Young (Allocation Failure) 2388M->418M(2441M) 4.115ms
[7111.146s][info ][gc,cpu         ] GC(183) User=0.01s Sys=0.00s Real=0.01s
[7111.146s][info ][safepoint      ] Safepoint "ParallelGCFailedAllocation", Time since last: 245233644 ns, Reaching safepoint: 48101 ns, At safepoint: 4226187 ns, Total: 4274288 ns
[7112.146s][info ][safepoint      ] Safepoint "Cleanup", Time since last: 1000089070 ns, Reaching safepoint: 67401 ns, At safepoint: 4000 ns, Total: 71401 ns
[7165.150s][info ][safepoint      ] Safepoint "Cleanup", Time since last: 53004378670 ns, Reaching safepoint: 142703 ns, At safepoint: 11100 ns, Total: 153803 ns
[7171.042s][info ][gc,start       ] GC(184) Pause Young (Allocation Failure)
[7171.054s][debug][gc,phases      ] GC(184) Scavenge 11.555ms
[7171.054s][debug][gc,ref         ] GC(184) Skipped phase 1 of Reference Processing: no references
[7171.054s][debug][gc,ref         ] GC(184) Skipped phase 3 of Reference Processing: no references
[7171.054s][debug][gc,phases      ] GC(184) Reference Processing 0.046ms
[7171.055s][debug][gc,phases      ] GC(184) Weak Processing 1.204ms
[7171.055s][debug][gc,age         ] GC(184) Desired survivor size 36175872 bytes, new threshold 15 (max threshold 15)
[7171.055s][info ][gc,heap        ] GC(184) PSYoungGen: 2019392K(2056192K)->2336K(2061824K) Eden: 2017280K(2017280K)->0K(2024448K) From: 2112K(38912K)->2336K(37376K)
[7171.055s][info ][gc,heap        ] GC(184) ParOldGen: 426908K(443392K)->426964K(443392K)
[7171.055s][info ][gc,metaspace   ] GC(184) Metaspace: 78136K(78720K)->78136K(78720K) NonClass: 67554K(67840K)->67554K(67840K) Class: 10581K(10880K)->10581K(10880K)
[7171.055s][info ][gc             ] GC(184) Pause Young (Allocation Failure) 2388M->419M(2446M) 13.135ms
[7171.055s][info ][gc,cpu         ] GC(184) User=0.02s Sys=0.00s Real=0.01s
[7171.055s][info ][safepoint      ] Safepoint "ParallelGCFailedAllocation", Time since last: 5891414141 ns, Reaching safepoint: 75202 ns, At safepoint: 13309974 ns, Total: 13385176 ns
[7175.056s][info ][safepoint      ] Safepoint "Cleanup", Time since last: 4000326275 ns, Reaching safepoint: 89002 ns, At safepoint: 4700 ns, Total: 93702 ns
[7216.063s][info ][safepoint      ] Safepoint "Cleanup", Time since last: 41007301917 ns, Reaching safepoint: 114903 ns, At safepoint: 7200 ns, Total: 122103 ns
[7223.065s][info ][safepoint      ] Safepoint "Cleanup", Time since last: 7001758788 ns, Reaching safepoint: 155103 ns, At safepoint: 12500 ns, Total: 167603 ns
[7229.755s][info ][gc,start       ] GC(185) Pause Young (Allocation Failure)
[7229.763s][debug][gc,phases      ] GC(185) Scavenge 8.525ms
[7229.763s][debug][gc,ref         ] GC(185) Skipped phase 1 of Reference Processing: no references
[7229.763s][debug][gc,ref         ] GC(185) Skipped phase 3 of Reference Processing: no references
[7229.763s][debug][gc,phases      ] GC(185) Reference Processing 0.045ms
[7229.764s][debug][gc,phases      ] GC(185) Weak Processing 1.200ms
[7229.764s][debug][gc,age         ] GC(185) Desired survivor size 34078720 bytes, new threshold 15 (max threshold 15)
[7229.765s][info ][gc,heap        ] GC(185) PSYoungGen: 2026784K(2061824K)->2304K(2059776K) Eden: 2024448K(2024448K)->0K(2024448K) From: 2336K(37376K)->2304K(35328K)
[7229.765s][info ][gc,heap        ] GC(185) ParOldGen: 426964K(443392K)->427020K(443392K)
[7229.765s][info ][gc,metaspace   ] GC(185) Metaspace: 78136K(78720K)->78136K(78720K) NonClass: 67555K(67840K)->67555K(67840K) Class: 10581K(10880K)->10581K(10880K)
[7229.765s][info ][gc             ] GC(185) Pause Young (Allocation Failure) 2396M->419M(2444M) 10.050ms
[7229.765s][info ][gc,cpu         ] GC(185) User=0.02s Sys=0.00s Real=0.01s
[7229.765s][info ][safepoint      ] Safepoint "ParallelGCFailedAllocation", Time since last: 6689535471 ns, Reaching safepoint: 44101 ns, At safepoint: 10191411 ns, Total: 10235512 ns
[7285.692s][info ][gc,start       ] GC(186) Pause Young (Allocation Failure)
[7285.695s][debug][gc,phases      ] GC(186) Scavenge 3.058ms
[7285.695s][debug][gc,ref         ] GC(186) Skipped phase 1 of Reference Processing: no references
[7285.695s][debug][gc,ref         ] GC(186) Skipped phase 3 of Reference Processing: no references
[7285.695s][debug][gc,phases      ] GC(186) Reference Processing 0.032ms
[7285.696s][debug][gc,phases      ] GC(186) Weak Processing 0.975ms
[7285.696s][debug][gc,age         ] GC(186) Desired survivor size 32505856 bytes, new threshold 15 (max threshold 15)
[7285.696s][info ][gc,heap        ] GC(186) PSYoungGen: 2026752K(2059776K)->2400K(2065408K) Eden: 2024448K(2024448K)->0K(2032128K) From: 2304K(35328K)->2400K(33280K)
[7285.696s][info ][gc,heap        ] GC(186) ParOldGen: 427020K(443392K)->427068K(443392K)
[7285.696s][info ][gc,metaspace   ] GC(186) Metaspace: 78136K(78720K)->78136K(78720K) NonClass: 67555K(67840K)->67555K(67840K) Class: 10581K(10880K)->10581K(10880K)
[7285.696s][info ][gc             ] GC(186) Pause Young (Allocation Failure) 2396M->419M(2450M) 4.272ms
[7285.696s][info ][gc,cpu         ] GC(186) User=0.01s Sys=0.00s Real=0.00s
[7285.696s][info ][safepoint      ] Safepoint "ParallelGCFailedAllocation", Time since last: 55927267404 ns, Reaching safepoint: 60102 ns, At safepoint: 4410891 ns, Total: 4470993 ns
[7286.697s][info ][safepoint      ] Safepoint "Cleanup", Time since last: 1000086595 ns, Reaching safepoint: 64301 ns, At safepoint: 4900 ns, Total: 69201 ns
[7299.698s][info ][safepoint      ] Safepoint "Cleanup", Time since last: 13000966381 ns, Reaching safepoint: 76902 ns, At safepoint: 7200 ns, Total: 84102 ns
[7341.200s][info ][gc,start       ] GC(187) Pause Young (Allocation Failure)
[7341.203s][debug][gc,phases      ] GC(187) Scavenge 2.944ms
[7341.203s][debug][gc,ref         ] GC(187) Skipped phase 1 of Reference Processing: no references
[7341.203s][debug][gc,ref         ] GC(187) Skipped phase 3 of Reference Processing: no references
[7341.203s][debug][gc,phases      ] GC(187) Reference Processing 0.037ms
[7341.204s][debug][gc,phases      ] GC(187) Weak Processing 1.108ms
[7341.204s][debug][gc,age         ] GC(187) Desired survivor size 30408704 bytes, new threshold 15 (max threshold 15)
[7341.204s][info ][gc,heap        ] GC(187) PSYoungGen: 2034528K(2065408K)->2336K(2063872K) Eden: 2032128K(2032128K)->0K(2032128K) From: 2400K(33280K)->2336K(31744K)
[7341.204s][info ][gc,heap        ] GC(187) ParOldGen: 427068K(443392K)->427124K(443392K)
[7341.204s][info ][gc,metaspace   ] GC(187) Metaspace: 78141K(78720K)->78141K(78720K) NonClass: 67559K(67840K)->67559K(67840K) Class: 10581K(10880K)->10581K(10880K)
[7341.204s][info ][gc             ] GC(187) Pause Young (Allocation Failure) 2403M->419M(2448M) 4.293ms
[7341.204s][info ][gc,cpu         ] GC(187) User=0.01s Sys=0.00s Real=0.00s
[7341.204s][info ][safepoint      ] Safepoint "ParallelGCFailedAllocation", Time since last: 41502139618 ns, Reaching safepoint: 112803 ns, At safepoint: 4461492 ns, Total: 4574295 ns
[7359.206s][info ][safepoint      ] Safepoint "Cleanup", Time since last: 18001166044 ns, Reaching safepoint: 81102 ns, At safepoint: 10900 ns, Total: 92002 ns
[7381.207s][info ][safepoint      ] Safepoint "Cleanup", Time since last: 22001748100 ns, Reaching safepoint: 88702 ns, At safepoint: 5700 ns, Total: 94402 ns
[7393.719s][info ][safepoint      ] Safepoint "ParallelGCFailedAllocation", Time since last: 12511640190 ns, Reaching safepoint: 106702 ns, At safepoint: 17201 ns, Total: 123903 ns
[7393.719s][info ][gc,start       ] GC(188) Pause Young (GCLocker Initiated GC)
[7393.724s][debug][gc,phases      ] GC(188) Scavenge 4.505ms
[7393.724s][debug][gc,ref         ] GC(188) Skipped phase 1 of Reference Processing: no references
[7393.724s][debug][gc,ref         ] GC(188) Skipped phase 3 of Reference Processing: no references
[7393.724s][debug][gc,phases      ] GC(188) Reference Processing 0.037ms
[7393.725s][debug][gc,phases      ] GC(188) Weak Processing 0.997ms
[7393.725s][debug][gc,age         ] GC(188) Desired survivor size 28835840 bytes, new threshold 15 (max threshold 15)
[7393.725s][info ][gc,heap        ] GC(188) PSYoungGen: 2034464K(2063872K)->2304K(2068992K) Eden: 2032128K(2032128K)->0K(2039296K) From: 2336K(31744K)->2304K(29696K)
[7393.725s][info ][gc,heap        ] GC(188) ParOldGen: 427124K(443392K)->427164K(443392K)
[7393.725s][info ][gc,metaspace   ] GC(188) Metaspace: 78148K(78720K)->78148K(78720K) NonClass: 67567K(67840K)->67567K(67840K) Class: 10581K(10880K)->10581K(10880K)
[7393.725s][info ][gc             ] GC(188) Pause Young (GCLocker Initiated GC) 2403M->419M(2453M) 5.757ms
[7393.725s][info ][gc,cpu         ] GC(188) User=0.02s Sys=0.00s Real=0.01s
[7393.725s][info ][safepoint      ] Safepoint "ParallelGCSystemGC", Time since last: 90302 ns, Reaching safepoint: 30200 ns, At safepoint: 5886922 ns, Total: 5917122 ns
[7422.728s][info ][safepoint      ] Safepoint "Cleanup", Time since last: 29002220725 ns, Reaching safepoint: 90102 ns, At safepoint: 57501 ns, Total: 147603 ns
[7423.728s][info ][safepoint      ] Safepoint "Cleanup", Time since last: 1000145968 ns, Reaching safepoint: 81602 ns, At safepoint: 13100 ns, Total: 94702 ns
[7445.730s][info ][safepoint      ] Safepoint "Cleanup", Time since last: 22001744178 ns, Reaching safepoint: 89602 ns, At safepoint: 9500 ns, Total: 99102 ns
[7449.730s][info ][safepoint      ] Safepoint "Cleanup", Time since last: 4000368311 ns, Reaching safepoint: 94102 ns, At safepoint: 5300 ns, Total: 99402 ns
[7451.339s][info ][gc,start       ] GC(189) Pause Young (Allocation Failure)
[7451.342s][debug][gc,phases      ] GC(189) Scavenge 3.646ms
[7451.343s][debug][gc,ref         ] GC(189) Skipped phase 1 of Reference Processing: no references
[7451.343s][debug][gc,ref         ] GC(189) Skipped phase 3 of Reference Processing: no references
[7451.343s][debug][gc,phases      ] GC(189) Reference Processing 0.040ms
[7451.344s][debug][gc,phases      ] GC(189) Weak Processing 1.044ms
[7451.344s][debug][gc,age         ] GC(189) Desired survivor size 27262976 bytes, new threshold 15 (max threshold 15)
[7451.344s][info ][gc,heap        ] GC(189) PSYoungGen: 2041600K(2068992K)->2432K(2067456K) Eden: 2039296K(2039296K)->0K(2039296K) From: 2304K(29696K)->2432K(28160K)
[7451.344s][info ][gc,heap        ] GC(189) ParOldGen: 427166K(443392K)->427222K(443392K)
[7451.344s][info ][gc,metaspace   ] GC(189) Metaspace: 78222K(78784K)->78222K(78784K) NonClass: 67636K(67904K)->67636K(67904K) Class: 10586K(10880K)->10586K(10880K)
[7451.344s][info ][gc             ] GC(189) Pause Young (Allocation Failure) 2410M->419M(2452M) 4.968ms
[7451.344s][info ][gc,cpu         ] GC(189) User=0.02s Sys=0.00s Real=0.00s
[7451.344s][info ][safepoint      ] Safepoint "ParallelGCFailedAllocation", Time since last: 1608494520 ns, Reaching safepoint: 69901 ns, At safepoint: 5100406 ns, Total: 5170307 ns
[7461.345s][info ][safepoint      ] Safepoint "Cleanup", Time since last: 10000785012 ns, Reaching safepoint: 200905 ns, At safepoint: 28000 ns, Total: 228905 ns
[7466.345s][info ][safepoint      ] Safepoint "Cleanup", Time since last: 5000425423 ns, Reaching safepoint: 84402 ns, At safepoint: 9500 ns, Total: 93902 ns
[7473.346s][info ][safepoint      ] Safepoint "Cleanup", Time since last: 7000598809 ns, Reaching safepoint: 93002 ns, At safepoint: 6101 ns, Total: 99103 ns
[7480.347s][info ][safepoint      ] Safepoint "Cleanup", Time since last: 7000612230 ns, Reaching safepoint: 76501 ns, At safepoint: 8201 ns, Total: 84702 ns
[7504.349s][info ][safepoint      ] Safepoint "Cleanup", Time since last: 24001839906 ns, Reaching safepoint: 113102 ns, At safepoint: 6300 ns, Total: 119402 ns
[7512.590s][info ][gc,start       ] GC(190) Pause Young (Allocation Failure)
[7512.593s][debug][gc,phases      ] GC(190) Scavenge 3.354ms
[7512.594s][debug][gc,ref         ] GC(190) Skipped phase 1 of Reference Processing: no references
[7512.594s][debug][gc,ref         ] GC(190) Skipped phase 3 of Reference Processing: no references
[7512.594s][debug][gc,phases      ] GC(190) Reference Processing 0.034ms
[7512.595s][debug][gc,phases      ] GC(190) Weak Processing 0.961ms
[7512.595s][debug][gc,age         ] GC(190) Desired survivor size 25690112 bytes, new threshold 15 (max threshold 15)
[7512.595s][info ][gc,heap        ] GC(190) PSYoungGen: 2041728K(2067456K)->2400K(2072064K) Eden: 2039296K(2039296K)->0K(2045440K) From: 2432K(28160K)->2400K(26624K)
[7512.595s][info ][gc,heap        ] GC(190) ParOldGen: 427222K(443392K)->427270K(443392K)
[7512.595s][info ][gc,metaspace   ] GC(190) Metaspace: 78222K(78784K)->78222K(78784K) NonClass: 67636K(67904K)->67636K(67904K) Class: 10586K(10880K)->10586K(10880K)
[7512.595s][info ][gc             ] GC(190) Pause Young (Allocation Failure) 2411M->419M(2456M) 4.553ms
[7512.595s][info ][gc,cpu         ] GC(190) User=0.02s Sys=0.00s Real=0.00s
[7512.595s][info ][safepoint      ] Safepoint "ParallelGCFailedAllocation", Time since last: 8241223925 ns, Reaching safepoint: 66301 ns, At safepoint: 4684098 ns, Total: 4750399 ns
[7542.597s][info ][safepoint      ] Safepoint "Cleanup", Time since last: 30002221490 ns, Reaching safepoint: 77102 ns, At safepoint: 11400 ns, Total: 88502 ns
[7544.597s][info ][safepoint      ] Safepoint "Cleanup", Time since last: 2000222933 ns, Reaching safepoint: 86102 ns, At safepoint: 10100 ns, Total: 96202 ns
[7551.598s][info ][safepoint      ] Safepoint "Cleanup", Time since last: 7000552921 ns, Reaching safepoint: 118702 ns, At safepoint: 12301 ns, Total: 131003 ns
[7560.599s][info ][safepoint      ] Safepoint "Cleanup", Time since last: 9000741782 ns, Reaching safepoint: 65101 ns, At safepoint: 5800 ns, Total: 70901 ns
[7578.536s][info ][gc,start       ] GC(191) Pause Young (Allocation Failure)
[7578.540s][debug][gc,phases      ] GC(191) Scavenge 3.320ms
[7578.540s][debug][gc,ref         ] GC(191) Skipped phase 1 of Reference Processing: no references
[7578.540s][debug][gc,ref         ] GC(191) Skipped phase 3 of Reference Processing: no references
[7578.540s][debug][gc,phases      ] GC(191) Reference Processing 0.036ms
[7578.541s][debug][gc,phases      ] GC(191) Weak Processing 1.014ms
[7578.541s][debug][gc,age         ] GC(191) Desired survivor size 24117248 bytes, new threshold 15 (max threshold 15)
[7578.541s][info ][gc,heap        ] GC(191) PSYoungGen: 2047840K(2072064K)->2496K(2070528K) Eden: 2045440K(2045440K)->0K(2045440K) From: 2400K(26624K)->2496K(25088K)
[7578.541s][info ][gc,heap        ] GC(191) ParOldGen: 427270K(443392K)->427326K(443392K)
[7578.541s][info ][gc,metaspace   ] GC(191) Metaspace: 78225K(78784K)->78225K(78784K) NonClass: 67639K(67904K)->67639K(67904K) Class: 10586K(10880K)->10586K(10880K)
[7578.541s][info ][gc             ] GC(191) Pause Young (Allocation Failure) 2417M->419M(2455M) 4.592ms
[7578.541s][info ][gc,cpu         ] GC(191) User=0.01s Sys=0.00s Real=0.01s
[7578.541s][info ][safepoint      ] Safepoint "ParallelGCFailedAllocation", Time since last: 17937153109 ns, Reaching safepoint: 119803 ns, At safepoint: 4728998 ns, Total: 4848801 ns
[7631.545s][info ][safepoint      ] Safepoint "Cleanup", Time since last: 53003960235 ns, Reaching safepoint: 97702 ns, At safepoint: 4101 ns, Total: 101803 ns
[7641.469s][info ][gc,start       ] GC(192) Pause Young (Allocation Failure)
[7641.473s][debug][gc,phases      ] GC(192) Scavenge 3.317ms
[7641.473s][debug][gc,ref         ] GC(192) Skipped phase 1 of Reference Processing: no references
[7641.473s][debug][gc,ref         ] GC(192) Skipped phase 3 of Reference Processing: no references
[7641.473s][debug][gc,phases      ] GC(192) Reference Processing 0.042ms
[7641.474s][debug][gc,phases      ] GC(192) Weak Processing 1.277ms
[7641.474s][debug][gc,age         ] GC(192) Desired survivor size 22544384 bytes, new threshold 15 (max threshold 15)
[7641.474s][info ][gc,heap        ] GC(192) PSYoungGen: 2047936K(2070528K)->2112K(2075136K) Eden: 2045440K(2045440K)->0K(2051584K) From: 2496K(25088K)->2112K(23552K)
[7641.474s][info ][gc,heap        ] GC(192) ParOldGen: 427326K(443392K)->427358K(443392K)
[7641.474s][info ][gc,metaspace   ] GC(192) Metaspace: 78225K(78784K)->78225K(78784K) NonClass: 67639K(67904K)->67639K(67904K) Class: 10586K(10880K)->10586K(10880K)
[7641.474s][info ][gc             ] GC(192) Pause Young (Allocation Failure) 2417M->419M(2459M) 4.924ms
[7641.474s][info ][gc,cpu         ] GC(192) User=0.01s Sys=0.00s Real=0.00s
[7641.474s][info ][safepoint      ] Safepoint "ParallelGCFailedAllocation", Time since last: 9924308870 ns, Reaching safepoint: 117103 ns, At safepoint: 5107006 ns, Total: 5224109 ns
[7689.478s][info ][safepoint      ] Safepoint "Cleanup", Time since last: 48003665734 ns, Reaching safepoint: 136503 ns, At safepoint: 11700 ns, Total: 148203 ns
[7695.539s][info ][gc,start       ] GC(193) Pause Young (Allocation Failure)
[7695.543s][debug][gc,phases      ] GC(193) Scavenge 3.279ms
[7695.543s][debug][gc,ref         ] GC(193) Skipped phase 1 of Reference Processing: no references
[7695.543s][debug][gc,ref         ] GC(193) Skipped phase 3 of Reference Processing: no references
[7695.543s][debug][gc,phases      ] GC(193) Reference Processing 0.033ms
[7695.544s][debug][gc,phases      ] GC(193) Weak Processing 0.964ms
[7695.544s][debug][gc,age         ] GC(193) Desired survivor size 20971520 bytes, new threshold 15 (max threshold 15)
[7695.544s][info ][gc,heap        ] GC(193) PSYoungGen: 2053696K(2075136K)->2432K(2073600K) Eden: 2051584K(2051584K)->0K(2051584K) From: 2112K(23552K)->2432K(22016K)
[7695.544s][info ][gc,heap        ] GC(193) ParOldGen: 427358K(443392K)->427422K(443392K)
[7695.544s][info ][gc,metaspace   ] GC(193) Metaspace: 78225K(78784K)->78225K(78784K) NonClass: 67639K(67904K)->67639K(67904K) Class: 10586K(10880K)->10586K(10880K)
[7695.544s][info ][gc             ] GC(193) Pause Young (Allocation Failure) 2422M->419M(2458M) 4.497ms
[7695.544s][info ][gc,cpu         ] GC(193) User=0.01s Sys=0.00s Real=0.00s
[7695.544s][info ][safepoint      ] Safepoint "ParallelGCFailedAllocation", Time since last: 6061157141 ns, Reaching safepoint: 59701 ns, At safepoint: 4628597 ns, Total: 4688298 ns
[7699.545s][info ][safepoint      ] Safepoint "Cleanup", Time since last: 4000332356 ns, Reaching safepoint: 173203 ns, At safepoint: 12800 ns, Total: 186003 ns
[7702.545s][info ][safepoint      ] Safepoint "Cleanup", Time since last: 3000289396 ns, Reaching safepoint: 64801 ns, At safepoint: 5100 ns, Total: 69901 ns
[7710.546s][info ][safepoint      ] Safepoint "Cleanup", Time since last: 8000671831 ns, Reaching safepoint: 79702 ns, At safepoint: 5500 ns, Total: 85202 ns
[7737.548s][info ][safepoint      ] Safepoint "Cleanup", Time since last: 27002016608 ns, Reaching safepoint: 131803 ns, At safepoint: 13100 ns, Total: 144903 ns
[7749.137s][info ][gc,start       ] GC(194) Pause Young (Allocation Failure)
[7749.141s][debug][gc,phases      ] GC(194) Scavenge 4.135ms
[7749.141s][debug][gc,ref         ] GC(194) Skipped phase 1 of Reference Processing: no references
[7749.141s][debug][gc,ref         ] GC(194) Skipped phase 3 of Reference Processing: no references
[7749.141s][debug][gc,phases      ] GC(194) Reference Processing 0.043ms
[7749.142s][debug][gc,phases      ] GC(194) Weak Processing 0.967ms
[7749.142s][debug][gc,age         ] GC(194) Desired survivor size 19922944 bytes, new threshold 15 (max threshold 15)
[7749.142s][info ][gc,heap        ] GC(194) PSYoungGen: 2054016K(2073600K)->1728K(2077696K) Eden: 2051584K(2051584K)->0K(2057216K) From: 2432K(22016K)->1728K(20480K)
[7749.142s][info ][gc,heap        ] GC(194) ParOldGen: 427422K(443392K)->428190K(443392K)
[7749.142s][info ][gc,metaspace   ] GC(194) Metaspace: 78234K(78784K)->78234K(78784K) NonClass: 67648K(67904K)->67648K(67904K) Class: 10586K(10880K)->10586K(10880K)
[7749.142s][info ][gc             ] GC(194) Pause Young (Allocation Failure) 2423M->419M(2462M) 5.410ms
[7749.142s][info ][gc,cpu         ] GC(194) User=0.00s Sys=0.01s Real=0.00s
[7749.142s][info ][safepoint      ] Safepoint "ParallelGCFailedAllocation", Time since last: 11588943707 ns, Reaching safepoint: 61102 ns, At safepoint: 5574116 ns, Total: 5635218 ns
[7763.144s][info ][safepoint      ] Safepoint "Cleanup", Time since last: 14001087001 ns, Reaching safepoint: 193105 ns, At safepoint: 9400 ns, Total: 202505 ns
[7764.144s][info ][safepoint      ] Safepoint "Cleanup", Time since last: 1000145482 ns, Reaching safepoint: 151903 ns, At safepoint: 8900 ns, Total: 160803 ns
[7776.145s][info ][safepoint      ] Safepoint "Cleanup", Time since last: 12000906183 ns, Reaching safepoint: 76002 ns, At safepoint: 7200 ns, Total: 83202 ns
[7778.145s][info ][safepoint      ] Safepoint "Cleanup", Time since last: 2000217468 ns, Reaching safepoint: 140003 ns, At safepoint: 10100 ns, Total: 150103 ns
[7811.766s][info ][gc,start       ] GC(195) Pause Young (Allocation Failure)
[7811.769s][debug][gc,phases      ] GC(195) Scavenge 2.939ms
[7811.769s][debug][gc,ref         ] GC(195) Skipped phase 1 of Reference Processing: no references
[7811.769s][debug][gc,ref         ] GC(195) Skipped phase 3 of Reference Processing: no references
[7811.769s][debug][gc,phases      ] GC(195) Reference Processing 0.033ms
[7811.770s][debug][gc,phases      ] GC(195) Weak Processing 0.998ms
[7811.770s][debug][gc,age         ] GC(195) Desired survivor size 18874368 bytes, new threshold 15 (max threshold 15)
[7811.770s][info ][gc,heap        ] GC(195) PSYoungGen: 2058944K(2077696K)->1728K(2076672K) Eden: 2057216K(2057216K)->0K(2057216K) From: 1728K(20480K)->1728K(19456K)
[7811.770s][info ][gc,heap        ] GC(195) ParOldGen: 428190K(443392K)->428238K(443392K)
[7811.770s][info ][gc,metaspace   ] GC(195) Metaspace: 78235K(78784K)->78235K(78784K) NonClass: 67649K(67904K)->67649K(67904K) Class: 10586K(10880K)->10586K(10880K)
[7811.770s][info ][gc             ] GC(195) Pause Young (Allocation Failure) 2428M->419M(2461M) 4.164ms
[7811.770s][info ][gc,cpu         ] GC(195) User=0.02s Sys=0.00s Real=0.00s
[7811.770s][info ][safepoint      ] Safepoint "ParallelGCFailedAllocation", Time since last: 33620479297 ns, Reaching safepoint: 104802 ns, At safepoint: 4295190 ns, Total: 4399992 ns
[7815.771s][info ][safepoint      ] Safepoint "Cleanup", Time since last: 4000338467 ns, Reaching safepoint: 129803 ns, At safepoint: 6100 ns, Total: 135903 ns
[7823.771s][info ][safepoint      ] Safepoint "Cleanup", Time since last: 8000678445 ns, Reaching safepoint: 81302 ns, At safepoint: 11300 ns, Total: 92602 ns
[7842.773s][info ][safepoint      ] Safepoint "Cleanup", Time since last: 19001830527 ns, Reaching safepoint: 111903 ns, At safepoint: 10500 ns, Total: 122403 ns
[7866.776s][info ][safepoint      ] Safepoint "Cleanup", Time since last: 24001870703 ns, Reaching safepoint: 196304 ns, At safepoint: 15500 ns, Total: 211804 ns
[7871.682s][info ][gc,start       ] GC(196) Pause Young (Allocation Failure)
[7871.686s][debug][gc,phases      ] GC(196) Scavenge 3.309ms
[7871.686s][debug][gc,ref         ] GC(196) Skipped phase 1 of Reference Processing: no references
[7871.686s][debug][gc,ref         ] GC(196) Skipped phase 3 of Reference Processing: no references
[7871.686s][debug][gc,phases      ] GC(196) Reference Processing 0.031ms
[7871.687s][debug][gc,phases      ] GC(196) Weak Processing 0.963ms
[7871.687s][debug][gc,age         ] GC(196) Desired survivor size 17825792 bytes, new threshold 15 (max threshold 15)
[7871.687s][info ][gc,heap        ] GC(196) PSYoungGen: 2058944K(2076672K)->1728K(2079744K) Eden: 2057216K(2057216K)->0K(2061312K) From: 1728K(19456K)->1728K(18432K)
[7871.687s][info ][gc,heap        ] GC(196) ParOldGen: 428238K(443392K)->428318K(443392K)
[7871.687s][info ][gc,metaspace   ] GC(196) Metaspace: 78248K(78848K)->78248K(78848K) NonClass: 67662K(67968K)->67662K(67968K) Class: 10586K(10880K)->10586K(10880K)
[7871.687s][info ][gc             ] GC(196) Pause Young (Allocation Failure) 2428M->419M(2464M) 4.529ms
[7871.687s][info ][gc,cpu         ] GC(196) User=0.02s Sys=0.00s Real=0.01s
[7871.687s][info ][safepoint      ] Safepoint "ParallelGCFailedAllocation", Time since last: 4906714657 ns, Reaching safepoint: 148903 ns, At safepoint: 4759500 ns, Total: 4908403 ns
[7884.688s][info ][safepoint      ] Safepoint "Cleanup", Time since last: 13000995260 ns, Reaching safepoint: 78501 ns, At safepoint: 58302 ns, Total: 136803 ns
[7926.224s][info ][gc,start       ] GC(197) Pause Young (Allocation Failure)
[7926.227s][debug][gc,phases      ] GC(197) Scavenge 3.632ms
[7926.227s][debug][gc,ref         ] GC(197) Skipped phase 1 of Reference Processing: no references
[7926.227s][debug][gc,ref         ] GC(197) Skipped phase 3 of Reference Processing: no references
[7926.227s][debug][gc,phases      ] GC(197) Reference Processing 0.033ms
[7926.228s][debug][gc,phases      ] GC(197) Weak Processing 0.997ms
[7926.228s][debug][gc,age         ] GC(197) Desired survivor size 16777216 bytes, new threshold 15 (max threshold 15)
[7926.228s][info ][gc,heap        ] GC(197) PSYoungGen: 2063040K(2079744K)->1728K(2078720K) Eden: 2061312K(2061312K)->0K(2061312K) From: 1728K(18432K)->1728K(17408K)
[7926.228s][info ][gc,heap        ] GC(197) ParOldGen: 428318K(443392K)->428358K(443392K)
[7926.228s][info ][gc,metaspace   ] GC(197) Metaspace: 78248K(78848K)->78248K(78848K) NonClass: 67662K(67968K)->67662K(67968K) Class: 10586K(10880K)->10586K(10880K)
[7926.228s][info ][gc             ] GC(197) Pause Young (Allocation Failure) 2432M->420M(2463M) 4.867ms
[7926.228s][info ][gc,cpu         ] GC(197) User=0.01s Sys=0.00s Real=0.01s
[7926.228s][info ][safepoint      ] Safepoint "ParallelGCFailedAllocation", Time since last: 41535047414 ns, Reaching safepoint: 158903 ns, At safepoint: 5013805 ns, Total: 5172708 ns
[7964.231s][info ][safepoint      ] Safepoint "Cleanup", Time since last: 38002712220 ns, Reaching safepoint: 78902 ns, At safepoint: 6500 ns, Total: 85402 ns
[7980.286s][info ][gc,start       ] GC(198) Pause Young (Allocation Failure)
[7980.289s][debug][gc,phases      ] GC(198) Scavenge 2.917ms
[7980.289s][debug][gc,ref         ] GC(198) Skipped phase 1 of Reference Processing: no references
[7980.289s][debug][gc,ref         ] GC(198) Skipped phase 3 of Reference Processing: no references
[7980.289s][debug][gc,phases      ] GC(198) Reference Processing 0.042ms
[7980.290s][debug][gc,phases      ] GC(198) Weak Processing 1.001ms
[7980.290s][debug][gc,age         ] GC(198) Desired survivor size 15728640 bytes, new threshold 15 (max threshold 15)
[7980.290s][info ][gc,heap        ] GC(198) PSYoungGen: 2063040K(2078720K)->1600K(2081792K) Eden: 2061312K(2061312K)->0K(2065408K) From: 1728K(17408K)->1600K(16384K)
[7980.290s][info ][gc,heap        ] GC(198) ParOldGen: 428358K(443392K)->428486K(443392K)
[7980.290s][info ][gc,metaspace   ] GC(198) Metaspace: 78248K(78848K)->78248K(78848K) NonClass: 67662K(67968K)->67662K(67968K) Class: 10586K(10880K)->10586K(10880K)
[7980.290s][info ][gc             ] GC(198) Pause Young (Allocation Failure) 2433M->420M(2466M) 4.172ms
[7980.290s][info ][gc,cpu         ] GC(198) User=0.02s Sys=0.00s Real=0.00s
[7980.290s][info ][safepoint      ] Safepoint "ParallelGCFailedAllocation", Time since last: 16054373945 ns, Reaching safepoint: 184004 ns, At safepoint: 4315590 ns, Total: 4499594 ns
[8036.411s][info ][gc,start       ] GC(199) Pause Young (Allocation Failure)
[8036.414s][debug][gc,phases      ] GC(199) Scavenge 2.938ms
[8036.414s][debug][gc,ref         ] GC(199) Skipped phase 1 of Reference Processing: no references
[8036.414s][debug][gc,ref         ] GC(199) Skipped phase 3 of Reference Processing: no references
[8036.414s][debug][gc,phases      ] GC(199) Reference Processing 0.034ms
[8036.415s][debug][gc,phases      ] GC(199) Weak Processing 0.968ms
[8036.415s][debug][gc,age         ] GC(199) Desired survivor size 14680064 bytes, new threshold 15 (max threshold 15)
[8036.415s][info ][gc,heap        ] GC(199) PSYoungGen: 2067008K(2081792K)->1632K(2080768K) Eden: 2065408K(2065408K)->0K(2065408K) From: 1600K(16384K)->1632K(15360K)
[8036.415s][info ][gc,heap        ] GC(199) ParOldGen: 428486K(443392K)->428526K(443392K)
[8036.415s][info ][gc,metaspace   ] GC(199) Metaspace: 78250K(78848K)->78250K(78848K) NonClass: 67664K(67968K)->67664K(67968K) Class: 10586K(10880K)->10586K(10880K)
[8036.415s][info ][gc             ] GC(199) Pause Young (Allocation Failure) 2437M->420M(2465M) 4.173ms
[8036.415s][info ][gc,cpu         ] GC(199) User=0.01s Sys=0.00s Real=0.00s
[8036.415s][info ][safepoint      ] Safepoint "ParallelGCFailedAllocation", Time since last: 56120917309 ns, Reaching safepoint: 113702 ns, At safepoint: 4307791 ns, Total: 4421493 ns
[8088.420s][info ][safepoint      ] Safepoint "Cleanup", Time since last: 52004006554 ns, Reaching safepoint: 172703 ns, At safepoint: 14201 ns, Total: 186904 ns
[8088.487s][info ][gc,start       ] GC(200) Pause Young (Allocation Failure)
[8088.491s][debug][gc,phases      ] GC(200) Scavenge 3.160ms
[8088.491s][debug][gc,ref         ] GC(200) Skipped phase 1 of Reference Processing: no references
[8088.491s][debug][gc,ref         ] GC(200) Skipped phase 3 of Reference Processing: no references
[8088.491s][debug][gc,phases      ] GC(200) Reference Processing 0.059ms
[8088.492s][debug][gc,phases      ] GC(200) Weak Processing 0.987ms
[8088.492s][debug][gc,age         ] GC(200) Desired survivor size 14155776 bytes, new threshold 15 (max threshold 15)
[8088.492s][info ][gc,heap        ] GC(200) PSYoungGen: 2067040K(2080768K)->1632K(2083328K) Eden: 2065408K(2065408K)->0K(2068992K) From: 1632K(15360K)->1632K(14336K)
[8088.492s][info ][gc,heap        ] GC(200) ParOldGen: 428526K(443392K)->428566K(443392K)
[8088.492s][info ][gc,metaspace   ] GC(200) Metaspace: 78254K(78848K)->78254K(78848K) NonClass: 67667K(67968K)->67667K(67968K) Class: 10586K(10880K)->10586K(10880K)
[8088.492s][info ][gc             ] GC(200) Pause Young (Allocation Failure) 2437M->420M(2467M) 4.433ms
[8088.492s][info ][gc,cpu         ] GC(200) User=0.02s Sys=0.00s Real=0.00s
[8088.492s][info ][safepoint      ] Safepoint "ParallelGCFailedAllocation", Time since last: 67499313 ns, Reaching safepoint: 56001 ns, At safepoint: 4561996 ns, Total: 4617997 ns
[8089.492s][info ][safepoint      ] Safepoint "Cleanup", Time since last: 1000103237 ns, Reaching safepoint: 137703 ns, At safepoint: 8700 ns, Total: 146403 ns
[8144.337s][info ][gc,start       ] GC(201) Pause Young (Allocation Failure)
[8144.341s][debug][gc,phases      ] GC(201) Scavenge 3.462ms
[8144.341s][debug][gc,ref         ] GC(201) Skipped phase 1 of Reference Processing: no references
[8144.341s][debug][gc,ref         ] GC(201) Skipped phase 3 of Reference Processing: no references
[8144.341s][debug][gc,phases      ] GC(201) Reference Processing 0.033ms
[8144.342s][debug][gc,phases      ] GC(201) Weak Processing 0.984ms
[8144.342s][debug][gc,age         ] GC(201) Desired survivor size 13107200 bytes, new threshold 15 (max threshold 15)
[8144.342s][info ][gc,heap        ] GC(201) PSYoungGen: 2070624K(2083328K)->1664K(2082816K) Eden: 2068992K(2068992K)->0K(2068992K) From: 1632K(14336K)->1664K(13824K)
[8144.342s][info ][gc,heap        ] GC(201) ParOldGen: 428566K(443392K)->428622K(443392K)
[8144.342s][info ][gc,metaspace   ] GC(201) Metaspace: 78255K(78848K)->78255K(78848K) NonClass: 67669K(67968K)->67669K(67968K) Class: 10586K(10880K)->10586K(10880K)
[8144.342s][info ][gc             ] GC(201) Pause Young (Allocation Failure) 2440M->420M(2467M) 4.703ms
[8144.342s][info ][gc,cpu         ] GC(201) User=0.01s Sys=0.00s Real=0.00s
[8144.342s][info ][safepoint      ] Safepoint "ParallelGCFailedAllocation", Time since last: 54844888793 ns, Reaching safepoint: 131303 ns, At safepoint: 4842401 ns, Total: 4973704 ns
[8158.343s][info ][safepoint      ] Safepoint "Cleanup", Time since last: 14001068323 ns, Reaching safepoint: 155303 ns, At safepoint: 10700 ns, Total: 166003 ns
[8165.344s][info ][safepoint      ] Safepoint "Cleanup", Time since last: 7000664722 ns, Reaching safepoint: 198604 ns, At safepoint: 16701 ns, Total: 215305 ns
[8189.346s][info ][safepoint      ] Safepoint "Cleanup", Time since last: 24001773933 ns, Reaching safepoint: 80402 ns, At safepoint: 15500 ns, Total: 95902 ns
[8190.346s][info ][safepoint      ] Safepoint "Cleanup", Time since last: 1000213051 ns, Reaching safepoint: 69802 ns, At safepoint: 4700 ns, Total: 74502 ns
[8201.738s][info ][gc,start       ] GC(202) Pause Young (Allocation Failure)
[8201.741s][debug][gc,phases      ] GC(202) Scavenge 2.938ms
[8201.741s][debug][gc,ref         ] GC(202) Skipped phase 1 of Reference Processing: no references
[8201.741s][debug][gc,ref         ] GC(202) Skipped phase 3 of Reference Processing: no references
[8201.741s][debug][gc,phases      ] GC(202) Reference Processing 0.033ms
[8201.742s][debug][gc,phases      ] GC(202) Weak Processing 0.959ms
[8201.742s][debug][gc,age         ] GC(202) Desired survivor size 12582912 bytes, new threshold 15 (max threshold 15)
[8201.742s][info ][gc,heap        ] GC(202) PSYoungGen: 2070656K(2082816K)->1664K(2084864K) Eden: 2068992K(2068992K)->0K(2072064K) From: 1664K(13824K)->1664K(12800K)
[8201.742s][info ][gc,heap        ] GC(202) ParOldGen: 428622K(443392K)->428670K(443392K)
[8201.742s][info ][gc,metaspace   ] GC(202) Metaspace: 78257K(78848K)->78257K(78848K) NonClass: 67671K(67968K)->67671K(67968K) Class: 10586K(10880K)->10586K(10880K)
[8201.742s][info ][gc             ] GC(202) Pause Young (Allocation Failure) 2440M->420M(2469M) 4.123ms
[8201.742s][info ][gc,cpu         ] GC(202) User=0.01s Sys=0.00s Real=0.00s
[8201.742s][info ][safepoint      ] Safepoint "ParallelGCFailedAllocation", Time since last: 11391377922 ns, Reaching safepoint: 123703 ns, At safepoint: 4259089 ns, Total: 4382792 ns
[8229.744s][info ][safepoint      ] Safepoint "Cleanup", Time since last: 28002114432 ns, Reaching safepoint: 126702 ns, At safepoint: 12300 ns, Total: 139002 ns
[8232.745s][info ][safepoint      ] Safepoint "Cleanup", Time since last: 3000305560 ns, Reaching safepoint: 88302 ns, At safepoint: 5800 ns, Total: 94102 ns
[8237.745s][info ][safepoint      ] Safepoint "Cleanup", Time since last: 5000445866 ns, Reaching safepoint: 85402 ns, At safepoint: 9100 ns, Total: 94502 ns
[8423.759s][info ][safepoint      ] Safepoint "Cleanup", Time since last: 186013306221 ns, Reaching safepoint: 76102 ns, At safepoint: 9900 ns, Total: 86002 ns
[8493.764s][info ][safepoint      ] Safepoint "Cleanup", Time since last: 70005140193 ns, Reaching safepoint: 78902 ns, At safepoint: 4200 ns, Total: 83102 ns
[8541.951s][info ][safepoint      ] Safepoint "Cleanup", Time since last: 48186666959 ns, Reaching safepoint: 165003 ns, At safepoint: 18001 ns, Total: 183004 ns
[8541.956s][info ][gc,heap,exit   ] Heap
[8541.956s][info ][gc,heap,exit   ]  PSYoungGen      total 2084864K, used 1343988K [0x0000000780000000, 0x0000000800000000, 0x0000000800000000)
[8541.956s][info ][gc,heap,exit   ]   eden space 2072064K, 64% used [0x0000000780000000,0x00000007d1edd158,0x00000007fe780000)
[8541.956s][info ][gc,heap,exit   ]   from space 12800K, 13% used [0x00000007ff380000,0x00000007ff5200a8,0x0000000800000000)
[8541.956s][info ][gc,heap,exit   ]   to   space 12288K, 0% used [0x00000007fe780000,0x00000007fe780000,0x00000007ff380000)
[8541.956s][info ][gc,heap,exit   ]  ParOldGen       total 443392K, used 428670K [0x0000000740000000, 0x000000075b100000, 0x0000000780000000)
[8541.956s][info ][gc,heap,exit   ]   object space 443392K, 96% used [0x0000000740000000,0x000000075a29fbf0,0x000000075b100000)
[8541.956s][info ][gc,heap,exit   ]  Metaspace       used 78290K, committed 78912K, reserved 1122304K
[8541.956s][info ][gc,heap,exit   ]   class space    used 10590K, committed 10880K, reserved 1048576K
