[0.003s][info][gc] Using Parallel
[0.004s][info][gc,init] Version: 16.0.2+7 (release)
[0.004s][info][gc,init] CPUs: 8 total, 8 available
[0.004s][info][gc,init] Memory: 32117M
[0.004s][info][gc,init] Large Page Support: Disabled
[0.004s][info][gc,init] NUMA Support: Disabled
[0.004s][info][gc,init] Compressed Oops: Enabled (Zero based)
[0.004s][info][gc,init] Alignments: Space 512K, Generation 512K, Heap 2M
[0.004s][info][gc,init] Heap Min Capacity: 2054M
[0.004s][info][gc,init] Heap Initial Capacity: 2054M
[0.004s][info][gc,init] Heap Max Capacity: 3G
[0.004s][info][gc,init] Pre-touch: Disabled
[0.004s][info][gc,init] Parallel Workers: 4
[0.004s][info][gc,metaspace] CDS disabled.
[0.004s][info][gc,metaspace] Compressed class space mapped at: 0x0000000800000000-0x0000000840000000, reserved size: 1073741824
[0.004s][info][gc,metaspace] Narrow klass base: 0x0000000800000000, Narrow klass shift: 0, Narrow klass range: 0x40000000
[0.523s][info][safepoint   ] Safepoint "ICBufferFull", Time since last: 500628140 ns, Reaching safepoint: 139202 ns, At safepoint: 4601 ns, Total: 143803 ns
[0.816s][info][gc,start    ] GC(0) Pause Young (Metadata GC Threshold)
[0.822s][debug][gc,phases   ] GC(0) Scavenge 5.810ms
[0.822s][debug][gc,ref      ] GC(0) Skipped phase 1 of Reference Processing: no references
[0.822s][debug][gc,ref      ] GC(0) Skipped phase 3 of Reference Processing: no references
[0.822s][debug][gc,phases   ] GC(0) Reference Processing 0.147ms
[0.823s][debug][gc,phases   ] GC(0) Weak Processing 0.404ms
[0.823s][debug][gc,age      ] GC(0) Desired survivor size 536870912 bytes, new threshold 7 (max threshold 15)
[0.823s][info ][gc,heap     ] GC(0) PSYoungGen: 178032K(1572864K)->18052K(1572864K) Eden: 178032K(1048576K)->0K(1048576K) From: 0K(524288K)->18052K(524288K)
[0.823s][info ][gc,heap     ] GC(0) ParOldGen: 0K(6144K)->88K(6144K)
[0.823s][info ][gc,metaspace] GC(0) Metaspace: 20995K(21248K)->20995K(21248K) NonClass: 18630K(18752K)->18630K(18752K) Class: 2365K(2496K)->2365K(2496K)
[0.823s][info ][gc          ] GC(0) Pause Young (Metadata GC Threshold) 173M->17M(1542M) 6.755ms
[0.823s][info ][gc,cpu      ] GC(0) User=0.03s Sys=0.00s Real=0.01s
[0.823s][debug][gc,phases   ] GC(1) Pre Compact 0.017ms
[0.823s][info ][gc,start    ] GC(1) Pause Full (Metadata GC Threshold)
[0.823s][info ][gc,phases,start] GC(1) Marking Phase
[0.826s][debug][gc,phases      ] GC(1) Par Mark 3.408ms
[0.826s][debug][gc,ref         ] GC(1) Skipped phase 1 of Reference Processing: no references
[0.826s][debug][gc,ref         ] GC(1) Skipped phase 3 of Reference Processing: no references
[0.826s][debug][gc,phases      ] GC(1) Reference Processing 0.044ms
[0.826s][debug][gc,phases      ] GC(1) Weak Processing 0.123ms
[0.826s][debug][gc,phases      ] GC(1) ClassLoaderData 0.012ms
[0.826s][debug][gc,phases      ] GC(1) Trigger cleanups 0.000ms
[0.829s][debug][gc,phases      ] GC(1) Class Unloading 2.178ms
[0.829s][info ][gc,phases      ] GC(1) Marking Phase 5.852ms
[0.829s][info ][gc,phases,start] GC(1) Summary Phase
[0.829s][info ][gc,phases      ] GC(1) Summary Phase 0.007ms
[0.829s][info ][gc,phases,start] GC(1) Adjust Roots
[0.831s][info ][gc,phases      ] GC(1) Adjust Roots 2.598ms
[0.831s][info ][gc,phases,start] GC(1) Compaction Phase
[0.839s][info ][gc,phases      ] GC(1) Compaction Phase 7.376ms
[0.839s][info ][gc,phases,start] GC(1) Post Compact
[0.839s][info ][gc,phases      ] GC(1) Post Compact 0.331ms
[0.839s][info ][gc,heap        ] GC(1) PSYoungGen: 18052K(1572864K)->12727K(1572864K) Eden: 0K(1048576K)->0K(1048576K) From: 18052K(524288K)->12727K(524288K)
[0.839s][info ][gc,heap        ] GC(1) ParOldGen: 88K(6144K)->5349K(6144K)
[0.839s][info ][gc,metaspace   ] GC(1) Metaspace: 20995K(21248K)->20995K(21248K) NonClass: 18630K(18752K)->18630K(18752K) Class: 2365K(2496K)->2365K(2496K)
[0.839s][info ][gc             ] GC(1) Pause Full (Metadata GC Threshold) 17M->17M(1542M) 16.280ms
[0.839s][info ][gc,cpu         ] GC(1) User=0.05s Sys=0.00s Real=0.01s
[0.839s][info ][safepoint      ] Safepoint "CollectForMetadataAllocation", Time since last: 292474255 ns, Reaching safepoint: 134202 ns, At safepoint: 23175777 ns, Total: 23309979 ns
[1.014s][info ][safepoint      ] Safepoint "ICBufferFull", Time since last: 175335051 ns, Reaching safepoint: 146402 ns, At safepoint: 9800 ns, Total: 156202 ns
[1.025s][info ][safepoint      ] Safepoint "ICBufferFull", Time since last: 10948778 ns, Reaching safepoint: 53401 ns, At safepoint: 4800 ns, Total: 58201 ns
[1.033s][info ][safepoint      ] Safepoint "ICBufferFull", Time since last: 7573223 ns, Reaching safepoint: 110502 ns, At safepoint: 8100 ns, Total: 118602 ns
[1.045s][info ][safepoint      ] Safepoint "ICBufferFull", Time since last: 11710891 ns, Reaching safepoint: 121002 ns, At safepoint: 5700 ns, Total: 126702 ns
[1.049s][info ][safepoint      ] Safepoint "ICBufferFull", Time since last: 3691160 ns, Reaching safepoint: 133102 ns, At safepoint: 9300 ns, Total: 142402 ns
[1.054s][info ][safepoint      ] Safepoint "ICBufferFull", Time since last: 5059382 ns, Reaching safepoint: 46101 ns, At safepoint: 9700 ns, Total: 55801 ns
[1.057s][info ][safepoint      ] Safepoint "ICBufferFull", Time since last: 3489557 ns, Reaching safepoint: 39101 ns, At safepoint: 9300 ns, Total: 48401 ns
[1.061s][info ][safepoint      ] Safepoint "ICBufferFull", Time since last: 3158851 ns, Reaching safepoint: 54801 ns, At safepoint: 9500 ns, Total: 64301 ns
[1.064s][info ][safepoint      ] Safepoint "ICBufferFull", Time since last: 2942148 ns, Reaching safepoint: 106502 ns, At safepoint: 5400 ns, Total: 111902 ns
[1.071s][info ][safepoint      ] Safepoint "ICBufferFull", Time since last: 7306619 ns, Reaching safepoint: 55301 ns, At safepoint: 1500 ns, Total: 56801 ns
[1.072s][info ][safepoint      ] Safepoint "ICBufferFull", Time since last: 732211 ns, Reaching safepoint: 28201 ns, At safepoint: 5500 ns, Total: 33701 ns
[1.073s][info ][safepoint      ] Safepoint "ICBufferFull", Time since last: 763112 ns, Reaching safepoint: 17901 ns, At safepoint: 4700 ns, Total: 22601 ns
[1.152s][info ][safepoint      ] Safepoint "ICBufferFull", Time since last: 79008484 ns, Reaching safepoint: 107502 ns, At safepoint: 6300 ns, Total: 113802 ns
[1.153s][info ][safepoint      ] Safepoint "ICBufferFull", Time since last: 1496525 ns, Reaching safepoint: 44500 ns, At safepoint: 5600 ns, Total: 50100 ns
[1.155s][info ][safepoint      ] Safepoint "ICBufferFull", Time since last: 1179120 ns, Reaching safepoint: 19700 ns, At safepoint: 1600 ns, Total: 21300 ns
[1.156s][info ][safepoint      ] Safepoint "ICBufferFull", Time since last: 868814 ns, Reaching safepoint: 87901 ns, At safepoint: 9701 ns, Total: 97602 ns
[1.157s][info ][safepoint      ] Safepoint "ICBufferFull", Time since last: 1230120 ns, Reaching safepoint: 21900 ns, At safepoint: 5000 ns, Total: 26900 ns
[1.158s][info ][safepoint      ] Safepoint "ICBufferFull", Time since last: 931715 ns, Reaching safepoint: 18601 ns, At safepoint: 1500 ns, Total: 20101 ns
[1.159s][info ][safepoint      ] Safepoint "ICBufferFull", Time since last: 1131318 ns, Reaching safepoint: 95402 ns, At safepoint: 6400 ns, Total: 101802 ns
[1.160s][info ][safepoint      ] Safepoint "ICBufferFull", Time since last: 779612 ns, Reaching safepoint: 19101 ns, At safepoint: 5900 ns, Total: 25001 ns
[1.161s][info ][safepoint      ] Safepoint "ICBufferFull", Time since last: 1049717 ns, Reaching safepoint: 37600 ns, At safepoint: 2400 ns, Total: 40000 ns
[1.162s][info ][safepoint      ] Safepoint "ICBufferFull", Time since last: 770313 ns, Reaching safepoint: 20100 ns, At safepoint: 1200 ns, Total: 21300 ns
[1.163s][info ][safepoint      ] Safepoint "ICBufferFull", Time since last: 1016017 ns, Reaching safepoint: 21000 ns, At safepoint: 1600 ns, Total: 22600 ns
[1.164s][info ][safepoint      ] Safepoint "ICBufferFull", Time since last: 1133619 ns, Reaching safepoint: 38700 ns, At safepoint: 1700 ns, Total: 40400 ns
[1.165s][info ][safepoint      ] Safepoint "ICBufferFull", Time since last: 1456324 ns, Reaching safepoint: 31100 ns, At safepoint: 5201 ns, Total: 36301 ns
[1.166s][info ][safepoint      ] Safepoint "ICBufferFull", Time since last: 506008 ns, Reaching safepoint: 27100 ns, At safepoint: 1000 ns, Total: 28100 ns
[1.168s][info ][safepoint      ] Safepoint "ICBufferFull", Time since last: 1611826 ns, Reaching safepoint: 39201 ns, At safepoint: 4300 ns, Total: 43501 ns
[1.171s][info ][safepoint      ] Safepoint "ICBufferFull", Time since last: 3562158 ns, Reaching safepoint: 55701 ns, At safepoint: 1800 ns, Total: 57501 ns
[1.178s][info ][safepoint      ] Safepoint "ICBufferFull", Time since last: 6827011 ns, Reaching safepoint: 49001 ns, At safepoint: 1900 ns, Total: 50901 ns
[1.198s][info ][safepoint      ] Safepoint "ICBufferFull", Time since last: 19802322 ns, Reaching safepoint: 56001 ns, At safepoint: 3200 ns, Total: 59201 ns
[1.202s][info ][safepoint      ] Safepoint "ICBufferFull", Time since last: 4114167 ns, Reaching safepoint: 41700 ns, At safepoint: 1900 ns, Total: 43600 ns
[1.310s][info ][safepoint      ] Safepoint "ICBufferFull", Time since last: 107520949 ns, Reaching safepoint: 132202 ns, At safepoint: 6400 ns, Total: 138602 ns
[1.498s][info ][safepoint      ] Safepoint "ICBufferFull", Time since last: 188427963 ns, Reaching safepoint: 250405 ns, At safepoint: 10000 ns, Total: 260405 ns
[1.791s][info ][safepoint      ] Safepoint "ICBufferFull", Time since last: 292225851 ns, Reaching safepoint: 156403 ns, At safepoint: 9900 ns, Total: 166303 ns
[2.105s][info ][safepoint      ] Safepoint "ICBufferFull", Time since last: 314409012 ns, Reaching safepoint: 149302 ns, At safepoint: 2300 ns, Total: 151602 ns
[2.232s][info ][gc,start       ] GC(2) Pause Young (Metadata GC Threshold)
[2.268s][debug][gc,phases      ] GC(2) Scavenge 36.029ms
[2.268s][debug][gc,ref         ] GC(2) Skipped phase 1 of Reference Processing: no references
[2.268s][debug][gc,ref         ] GC(2) Skipped phase 3 of Reference Processing: no references
[2.269s][debug][gc,phases      ] GC(2) Reference Processing 0.257ms
[2.270s][debug][gc,phases      ] GC(2) Weak Processing 0.948ms
[2.270s][debug][gc,age         ] GC(2) Desired survivor size 536870912 bytes, new threshold 7 (max threshold 15)
[2.270s][info ][gc,heap        ] GC(2) PSYoungGen: 460344K(1572864K)->64477K(1572864K) Eden: 447616K(1048576K)->0K(1048576K) From: 12727K(524288K)->64477K(524288K)
[2.270s][info ][gc,heap        ] GC(2) ParOldGen: 5349K(6144K)->5365K(6144K)
[2.270s][info ][gc,metaspace   ] GC(2) Metaspace: 35160K(35456K)->35160K(35456K) NonClass: 30741K(30912K)->30741K(30912K) Class: 4418K(4544K)->4418K(4544K)
[2.270s][info ][gc             ] GC(2) Pause Young (Metadata GC Threshold) 454M->68M(1542M) 37.379ms
[2.270s][info ][gc,cpu         ] GC(2) User=0.14s Sys=0.02s Real=0.04s
[2.270s][debug][gc,phases      ] GC(3) Pre Compact 0.009ms
[2.270s][info ][gc,start       ] GC(3) Pause Full (Metadata GC Threshold)
[2.270s][info ][gc,phases,start] GC(3) Marking Phase
[2.291s][debug][gc,phases      ] GC(3) Par Mark 21.619ms
[2.291s][debug][gc,ref         ] GC(3) Skipped phase 1 of Reference Processing: no references
[2.291s][debug][gc,ref         ] GC(3) Skipped phase 3 of Reference Processing: no references
[2.291s][debug][gc,phases      ] GC(3) Reference Processing 0.068ms
[2.292s][debug][gc,phases      ] GC(3) Weak Processing 0.281ms
[2.292s][debug][gc,phases      ] GC(3) ClassLoaderData 0.119ms
[2.292s][debug][gc,phases      ] GC(3) Trigger cleanups 0.001ms
[2.299s][debug][gc,phases      ] GC(3) Class Unloading 7.039ms
[2.299s][info ][gc,phases      ] GC(3) Marking Phase 29.149ms
[2.299s][info ][gc,phases,start] GC(3) Summary Phase
[2.299s][info ][gc,phases      ] GC(3) Summary Phase 0.006ms
[2.299s][info ][gc,phases,start] GC(3) Adjust Roots
[2.309s][info ][gc,phases      ] GC(3) Adjust Roots 9.986ms
[2.309s][info ][gc,phases,start] GC(3) Compaction Phase
[2.616s][info ][gc,phases      ] GC(3) Compaction Phase 307.657ms
[2.616s][info ][gc,phases,start] GC(3) Post Compact
[2.617s][info ][gc,phases      ] GC(3) Post Compact 0.558ms
[2.617s][info ][gc,heap        ] GC(3) PSYoungGen: 64477K(1572864K)->64310K(1572864K) Eden: 0K(1048576K)->0K(1048576K) From: 64477K(524288K)->64310K(524288K)
[2.617s][info ][gc,heap        ] GC(3) ParOldGen: 5365K(6144K)->5278K(6144K)
[2.617s][info ][gc,metaspace   ] GC(3) Metaspace: 35160K(35456K)->35146K(35456K) NonClass: 30741K(30912K)->30732K(30912K) Class: 4418K(4544K)->4414K(4544K)
[2.617s][info ][gc             ] GC(3) Pause Full (Metadata GC Threshold) 68M->67M(1542M) 347.498ms
[2.617s][info ][gc,cpu         ] GC(3) User=0.72s Sys=0.00s Real=0.34s
[2.617s][info ][safepoint      ] Safepoint "CollectForMetadataAllocation", Time since last: 126620259 ns, Reaching safepoint: 175503 ns, At safepoint: 385002460 ns, Total: 385177963 ns
[2.752s][info ][safepoint      ] Safepoint "ICBufferFull", Time since last: 134975695 ns, Reaching safepoint: 235803 ns, At safepoint: 6600 ns, Total: 242403 ns
[2.821s][info ][safepoint      ] Safepoint "ICBufferFull", Time since last: 68397713 ns, Reaching safepoint: 212103 ns, At safepoint: 27300 ns, Total: 239403 ns
[2.826s][info ][safepoint      ] Safepoint "ICBufferFull", Time since last: 352706 ns, Reaching safepoint: 4291770 ns, At safepoint: 37801 ns, Total: 4329571 ns
[2.959s][info ][safepoint      ] Safepoint "ICBufferFull", Time since last: 133099364 ns, Reaching safepoint: 234004 ns, At safepoint: 19900 ns, Total: 253904 ns
[3.284s][info ][safepoint      ] Safepoint "ICBufferFull", Time since last: 323051752 ns, Reaching safepoint: 2231437 ns, At safepoint: 30400 ns, Total: 2261837 ns
[3.429s][info ][safepoint      ] Safepoint "ICBufferFull", Time since last: 143997342 ns, Reaching safepoint: 214803 ns, At safepoint: 17600 ns, Total: 232403 ns
[3.430s][info ][safepoint      ] Safepoint "ICBufferFull", Time since last: 1607226 ns, Reaching safepoint: 66802 ns, At safepoint: 17600 ns, Total: 84402 ns
[3.430s][info ][safepoint      ] Safepoint "ICBufferFull", Time since last: 49701 ns, Reaching safepoint: 87801 ns, At safepoint: 21700 ns, Total: 109501 ns
[3.431s][info ][safepoint      ] Safepoint "ICBufferFull", Time since last: 49101 ns, Reaching safepoint: 94502 ns, At safepoint: 26200 ns, Total: 120702 ns
[3.431s][info ][safepoint      ] Safepoint "ICBufferFull", Time since last: 49801 ns, Reaching safepoint: 86301 ns, At safepoint: 21501 ns, Total: 107802 ns
[3.487s][info ][safepoint      ] Safepoint "ICBufferFull", Time since last: 53590871 ns, Reaching safepoint: 2335438 ns, At safepoint: 28101 ns, Total: 2363539 ns
[3.551s][info ][safepoint      ] Safepoint "ICBufferFull", Time since last: 63820237 ns, Reaching safepoint: 198203 ns, At safepoint: 25101 ns, Total: 223304 ns
[3.553s][info ][safepoint      ] Safepoint "ICBufferFull", Time since last: 1938831 ns, Reaching safepoint: 195004 ns, At safepoint: 20800 ns, Total: 215804 ns
[3.557s][info ][safepoint      ] Safepoint "ICBufferFull", Time since last: 4036266 ns, Reaching safepoint: 126502 ns, At safepoint: 24800 ns, Total: 151302 ns
[3.561s][info ][safepoint      ] Safepoint "ICBufferFull", Time since last: 3761361 ns, Reaching safepoint: 97102 ns, At safepoint: 23100 ns, Total: 120202 ns
[3.580s][info ][safepoint      ] Safepoint "ICBufferFull", Time since last: 19172212 ns, Reaching safepoint: 111902 ns, At safepoint: 21400 ns, Total: 133302 ns
[3.595s][info ][safepoint      ] Safepoint "ICBufferFull", Time since last: 14299833 ns, Reaching safepoint: 111301 ns, At safepoint: 37001 ns, Total: 148302 ns
[3.596s][info ][safepoint      ] Safepoint "ICBufferFull", Time since last: 1584726 ns, Reaching safepoint: 82901 ns, At safepoint: 23200 ns, Total: 106101 ns
[3.598s][info ][safepoint      ] Safepoint "ICBufferFull", Time since last: 1548726 ns, Reaching safepoint: 114101 ns, At safepoint: 19401 ns, Total: 133502 ns
[3.600s][info ][safepoint      ] Safepoint "ICBufferFull", Time since last: 1505224 ns, Reaching safepoint: 91302 ns, At safepoint: 21900 ns, Total: 113202 ns
[3.601s][info ][safepoint      ] Safepoint "ICBufferFull", Time since last: 1595626 ns, Reaching safepoint: 92402 ns, At safepoint: 18000 ns, Total: 110402 ns
[3.603s][info ][safepoint      ] Safepoint "ICBufferFull", Time since last: 1793129 ns, Reaching safepoint: 92201 ns, At safepoint: 16201 ns, Total: 108402 ns
[3.608s][info ][safepoint      ] Safepoint "ICBufferFull", Time since last: 4089766 ns, Reaching safepoint: 119602 ns, At safepoint: 23301 ns, Total: 142903 ns
[3.610s][info ][safepoint      ] Safepoint "ICBufferFull", Time since last: 2011032 ns, Reaching safepoint: 317205 ns, At safepoint: 28001 ns, Total: 345206 ns
[3.625s][info ][safepoint      ] Safepoint "ICBufferFull", Time since last: 11156981 ns, Reaching safepoint: 4292170 ns, At safepoint: 33601 ns, Total: 4325771 ns
[3.628s][info ][safepoint      ] Safepoint "ICBufferFull", Time since last: 2091534 ns, Reaching safepoint: 165202 ns, At safepoint: 28001 ns, Total: 193203 ns
[3.629s][info ][safepoint      ] Safepoint "ICBufferFull", Time since last: 1621126 ns, Reaching safepoint: 110002 ns, At safepoint: 28600 ns, Total: 138602 ns
[3.632s][info ][safepoint      ] Safepoint "ICBufferFull", Time since last: 2248937 ns, Reaching safepoint: 113302 ns, At safepoint: 21600 ns, Total: 134902 ns
[3.637s][info ][safepoint      ] Safepoint "ICBufferFull", Time since last: 4849879 ns, Reaching safepoint: 175903 ns, At safepoint: 20400 ns, Total: 196303 ns
[3.639s][info ][safepoint      ] Safepoint "ICBufferFull", Time since last: 1559426 ns, Reaching safepoint: 109001 ns, At safepoint: 23001 ns, Total: 132002 ns
[3.641s][info ][safepoint      ] Safepoint "ICBufferFull", Time since last: 2246936 ns, Reaching safepoint: 97602 ns, At safepoint: 16600 ns, Total: 114202 ns
[3.645s][info ][safepoint      ] Safepoint "ICBufferFull", Time since last: 3639359 ns, Reaching safepoint: 125502 ns, At safepoint: 23101 ns, Total: 148603 ns
[3.650s][info ][safepoint      ] Safepoint "ICBufferFull", Time since last: 5100883 ns, Reaching safepoint: 105701 ns, At safepoint: 28101 ns, Total: 133802 ns
[3.654s][info ][safepoint      ] Safepoint "ICBufferFull", Time since last: 4192868 ns, Reaching safepoint: 109802 ns, At safepoint: 13800 ns, Total: 123602 ns
[3.656s][info ][safepoint      ] Safepoint "ICBufferFull", Time since last: 1633827 ns, Reaching safepoint: 103001 ns, At safepoint: 22601 ns, Total: 125602 ns
[3.658s][info ][safepoint      ] Safepoint "ICBufferFull", Time since last: 1674827 ns, Reaching safepoint: 107602 ns, At safepoint: 26800 ns, Total: 134402 ns
[3.661s][info ][safepoint      ] Safepoint "ICBufferFull", Time since last: 3298254 ns, Reaching safepoint: 104901 ns, At safepoint: 16101 ns, Total: 121002 ns
[3.670s][info ][safepoint      ] Safepoint "ICBufferFull", Time since last: 6091699 ns, Reaching safepoint: 2163135 ns, At safepoint: 24800 ns, Total: 2187935 ns
[3.672s][info ][safepoint      ] Safepoint "ICBufferFull", Time since last: 2129935 ns, Reaching safepoint: 111102 ns, At safepoint: 22000 ns, Total: 133102 ns
[3.675s][info ][safepoint      ] Safepoint "ICBufferFull", Time since last: 3169652 ns, Reaching safepoint: 111001 ns, At safepoint: 23401 ns, Total: 134402 ns
[3.677s][info ][safepoint      ] Safepoint "ICBufferFull", Time since last: 1820729 ns, Reaching safepoint: 105302 ns, At safepoint: 14000 ns, Total: 119302 ns
[3.680s][info ][safepoint      ] Safepoint "ICBufferFull", Time since last: 2649543 ns, Reaching safepoint: 34101 ns, At safepoint: 25800 ns, Total: 59901 ns
[3.684s][info ][safepoint      ] Safepoint "ICBufferFull", Time since last: 3711361 ns, Reaching safepoint: 109301 ns, At safepoint: 27301 ns, Total: 136602 ns
[3.687s][info ][safepoint      ] Safepoint "ICBufferFull", Time since last: 3215752 ns, Reaching safepoint: 110302 ns, At safepoint: 17200 ns, Total: 127502 ns
[3.689s][info ][safepoint      ] Safepoint "ICBufferFull", Time since last: 1667727 ns, Reaching safepoint: 105302 ns, At safepoint: 20100 ns, Total: 125402 ns
[3.691s][info ][safepoint      ] Safepoint "ICBufferFull", Time since last: 1715528 ns, Reaching safepoint: 108002 ns, At safepoint: 22300 ns, Total: 130302 ns
[3.701s][info ][safepoint      ] Safepoint "ICBufferFull", Time since last: 7339820 ns, Reaching safepoint: 3205552 ns, At safepoint: 27900 ns, Total: 3233452 ns
[3.706s][info ][safepoint      ] Safepoint "ICBufferFull", Time since last: 5094783 ns, Reaching safepoint: 113202 ns, At safepoint: 20700 ns, Total: 133902 ns
[3.721s][info ][safepoint      ] Safepoint "ICBufferFull", Time since last: 14397334 ns, Reaching safepoint: 134103 ns, At safepoint: 15700 ns, Total: 149803 ns
[3.721s][info ][safepoint      ] Safepoint "ICBufferFull", Time since last: 63901 ns, Reaching safepoint: 86001 ns, At safepoint: 16501 ns, Total: 102502 ns
[3.721s][info ][safepoint      ] Safepoint "ICBufferFull", Time since last: 26300 ns, Reaching safepoint: 106702 ns, At safepoint: 22100 ns, Total: 128802 ns
[3.723s][info ][safepoint      ] Safepoint "ICBufferFull", Time since last: 2034433 ns, Reaching safepoint: 104602 ns, At safepoint: 20600 ns, Total: 125202 ns
[3.725s][info ][safepoint      ] Safepoint "ICBufferFull", Time since last: 1289021 ns, Reaching safepoint: 113402 ns, At safepoint: 24900 ns, Total: 138302 ns
[3.729s][info ][safepoint      ] Safepoint "ICBufferFull", Time since last: 2130235 ns, Reaching safepoint: 2142435 ns, At safepoint: 28400 ns, Total: 2170835 ns
[3.732s][info ][safepoint      ] Safepoint "ICBufferFull", Time since last: 2302638 ns, Reaching safepoint: 313405 ns, At safepoint: 23900 ns, Total: 337305 ns
[3.733s][info ][safepoint      ] Safepoint "ICBufferFull", Time since last: 1336422 ns, Reaching safepoint: 97002 ns, At safepoint: 21900 ns, Total: 118902 ns
[3.735s][info ][safepoint      ] Safepoint "ICBufferFull", Time since last: 1417923 ns, Reaching safepoint: 98802 ns, At safepoint: 25200 ns, Total: 124002 ns
[3.740s][info ][safepoint      ] Safepoint "ICBufferFull", Time since last: 4636675 ns, Reaching safepoint: 116602 ns, At safepoint: 25901 ns, Total: 142503 ns
[3.743s][info ][safepoint      ] Safepoint "ICBufferFull", Time since last: 3031449 ns, Reaching safepoint: 114102 ns, At safepoint: 24300 ns, Total: 138402 ns
[3.745s][info ][safepoint      ] Safepoint "ICBufferFull", Time since last: 1380523 ns, Reaching safepoint: 804013 ns, At safepoint: 19600 ns, Total: 823613 ns
[3.748s][info ][safepoint      ] Safepoint "ICBufferFull", Time since last: 2811546 ns, Reaching safepoint: 120702 ns, At safepoint: 25400 ns, Total: 146102 ns
[3.750s][info ][safepoint      ] Safepoint "ICBufferFull", Time since last: 2101434 ns, Reaching safepoint: 263805 ns, At safepoint: 26600 ns, Total: 290405 ns
[3.752s][info ][safepoint      ] Safepoint "ICBufferFull", Time since last: 1670627 ns, Reaching safepoint: 101002 ns, At safepoint: 25300 ns, Total: 126302 ns
[3.761s][info ][safepoint      ] Safepoint "ICBufferFull", Time since last: 8759243 ns, Reaching safepoint: 76401 ns, At safepoint: 25100 ns, Total: 101501 ns
[3.763s][info ][safepoint      ] Safepoint "ICBufferFull", Time since last: 1385023 ns, Reaching safepoint: 230904 ns, At safepoint: 19800 ns, Total: 250704 ns
[3.764s][info ][safepoint      ] Safepoint "ICBufferFull", Time since last: 1505224 ns, Reaching safepoint: 102202 ns, At safepoint: 24101 ns, Total: 126303 ns
[3.777s][info ][safepoint      ] Safepoint "ICBufferFull", Time since last: 8331735 ns, Reaching safepoint: 4298670 ns, At safepoint: 41401 ns, Total: 4340071 ns
[3.778s][info ][safepoint      ] Safepoint "ICBufferFull", Time since last: 1427423 ns, Reaching safepoint: 106102 ns, At safepoint: 23900 ns, Total: 130002 ns
[3.780s][info ][safepoint      ] Safepoint "ICBufferFull", Time since last: 1341022 ns, Reaching safepoint: 120802 ns, At safepoint: 31900 ns, Total: 152702 ns
[3.782s][info ][safepoint      ] Safepoint "ICBufferFull", Time since last: 1859730 ns, Reaching safepoint: 113002 ns, At safepoint: 20501 ns, Total: 133503 ns
[3.785s][info ][safepoint      ] Safepoint "ICBufferFull", Time since last: 2468940 ns, Reaching safepoint: 116202 ns, At safepoint: 34200 ns, Total: 150402 ns
[3.787s][info ][safepoint      ] Safepoint "ICBufferFull", Time since last: 2106734 ns, Reaching safepoint: 226204 ns, At safepoint: 27201 ns, Total: 253405 ns
[3.793s][info ][safepoint      ] Safepoint "ICBufferFull", Time since last: 5936396 ns, Reaching safepoint: 112802 ns, At safepoint: 23600 ns, Total: 136402 ns
[3.793s][info ][safepoint      ] Safepoint "ICBufferFull", Time since last: 84802 ns, Reaching safepoint: 84701 ns, At safepoint: 22400 ns, Total: 107101 ns
[3.794s][info ][safepoint      ] Safepoint "ICBufferFull", Time since last: 86502 ns, Reaching safepoint: 227204 ns, At safepoint: 12700 ns, Total: 239904 ns
[3.801s][info ][safepoint      ] Safepoint "ICBufferFull", Time since last: 7352119 ns, Reaching safepoint: 120902 ns, At safepoint: 21301 ns, Total: 142203 ns
[3.809s][info ][safepoint      ] Safepoint "ICBufferFull", Time since last: 7865127 ns, Reaching safepoint: 109602 ns, At safepoint: 19901 ns, Total: 129503 ns
[3.809s][info ][safepoint      ] Safepoint "ICBufferFull", Time since last: 229203 ns, Reaching safepoint: 228804 ns, At safepoint: 26800 ns, Total: 255604 ns
[3.866s][info ][gc,start       ] GC(4) Pause Young (Allocation Failure)
[3.966s][debug][gc,phases      ] GC(4) Scavenge 99.402ms
[3.966s][debug][gc,ref         ] GC(4) Skipped phase 1 of Reference Processing: no references
[3.966s][debug][gc,ref         ] GC(4) Skipped phase 3 of Reference Processing: no references
[3.966s][debug][gc,phases      ] GC(4) Reference Processing 0.404ms
[3.967s][debug][gc,phases      ] GC(4) Weak Processing 1.342ms
[3.967s][debug][gc,age         ] GC(4) Desired survivor size 536870912 bytes, new threshold 7 (max threshold 15)
[3.967s][info ][gc,heap        ] GC(4) PSYoungGen: 1112886K(1572864K)->151040K(1572864K) Eden: 1048576K(1048576K)->0K(1048576K) From: 64310K(524288K)->151040K(524288K)
[3.967s][info ][gc,heap        ] GC(4) ParOldGen: 5278K(6144K)->5286K(6144K)
[3.967s][info ][gc,metaspace   ] GC(4) Metaspace: 47242K(47744K)->47242K(47744K) NonClass: 40380K(40640K)->40380K(40640K) Class: 6862K(7104K)->6862K(7104K)
[3.967s][info ][gc             ] GC(4) Pause Young (Allocation Failure) 1091M->152M(1542M) 101.299ms
[3.967s][info ][gc,cpu         ] GC(4) User=0.35s Sys=0.04s Real=0.10s
[3.967s][info ][safepoint      ] Safepoint "ParallelGCFailedAllocation", Time since last: 56460418 ns, Reaching safepoint: 148003 ns, At safepoint: 101395849 ns, Total: 101543852 ns
[4.036s][info ][safepoint      ] Safepoint "ICBufferFull", Time since last: 68698017 ns, Reaching safepoint: 161902 ns, At safepoint: 26501 ns, Total: 188403 ns
[4.044s][info ][safepoint      ] Safepoint "ICBufferFull", Time since last: 7180516 ns, Reaching safepoint: 132403 ns, At safepoint: 24100 ns, Total: 156503 ns
[4.060s][info ][safepoint      ] Safepoint "ICBufferFull", Time since last: 15372950 ns, Reaching safepoint: 1081217 ns, At safepoint: 25901 ns, Total: 1107118 ns
[4.082s][info ][safepoint      ] Safepoint "ICBufferFull", Time since last: 21428948 ns, Reaching safepoint: 136303 ns, At safepoint: 21700 ns, Total: 158003 ns
[4.096s][info ][safepoint      ] Safepoint "ICBufferFull", Time since last: 13808524 ns, Reaching safepoint: 140703 ns, At safepoint: 24700 ns, Total: 165403 ns
[4.110s][info ][safepoint      ] Safepoint "ICBufferFull", Time since last: 14321433 ns, Reaching safepoint: 131402 ns, At safepoint: 23400 ns, Total: 154802 ns
[4.122s][info ][safepoint      ] Safepoint "ICBufferFull", Time since last: 11351485 ns, Reaching safepoint: 128802 ns, At safepoint: 18100 ns, Total: 146902 ns
[4.150s][info ][safepoint      ] Safepoint "ICBufferFull", Time since last: 27729051 ns, Reaching safepoint: 122602 ns, At safepoint: 31901 ns, Total: 154503 ns
[4.172s][info ][safepoint      ] Safepoint "ICBufferFull", Time since last: 22018658 ns, Reaching safepoint: 222803 ns, At safepoint: 20201 ns, Total: 243004 ns
[4.190s][info ][safepoint      ] Safepoint "ICBufferFull", Time since last: 18457900 ns, Reaching safepoint: 117302 ns, At safepoint: 24300 ns, Total: 141602 ns
[4.197s][info ][safepoint      ] Safepoint "ICBufferFull", Time since last: 5944097 ns, Reaching safepoint: 503508 ns, At safepoint: 24900 ns, Total: 528408 ns
[4.206s][info ][gc,start       ] GC(5) Pause Young (Allocation Failure)
[4.288s][debug][gc,phases      ] GC(5) Scavenge 81.644ms
[4.288s][debug][gc,ref         ] GC(5) Skipped phase 1 of Reference Processing: no references
[4.288s][debug][gc,ref         ] GC(5) Skipped phase 3 of Reference Processing: no references
[4.288s][debug][gc,phases      ] GC(5) Reference Processing 0.269ms
[4.290s][debug][gc,phases      ] GC(5) Weak Processing 1.399ms
[4.290s][debug][gc,age         ] GC(5) Desired survivor size 536870912 bytes, new threshold 7 (max threshold 15)
[4.290s][info ][gc,heap        ] GC(5) PSYoungGen: 1199616K(1572864K)->159232K(1572864K) Eden: 1048576K(1048576K)->0K(1048576K) From: 151040K(524288K)->159232K(524288K)
[4.290s][info ][gc,heap        ] GC(5) ParOldGen: 5286K(6144K)->5294K(6144K)
[4.290s][info ][gc,metaspace   ] GC(5) Metaspace: 47456K(47936K)->47456K(47936K) NonClass: 40568K(40832K)->40568K(40832K) Class: 6887K(7104K)->6887K(7104K)
[4.290s][info ][gc             ] GC(5) Pause Young (Allocation Failure) 1176M->160M(1542M) 83.464ms
[4.290s][info ][gc,cpu         ] GC(5) User=0.31s Sys=0.03s Real=0.09s
[4.290s][info ][safepoint      ] Safepoint "ParallelGCFailedAllocation", Time since last: 9198250 ns, Reaching safepoint: 245304 ns, At safepoint: 83561559 ns, Total: 83806863 ns
[4.309s][info ][safepoint      ] Safepoint "ICBufferFull", Time since last: 19113710 ns, Reaching safepoint: 93002 ns, At safepoint: 25500 ns, Total: 118502 ns
[4.332s][info ][safepoint      ] Safepoint "ICBufferFull", Time since last: 22267262 ns, Reaching safepoint: 134903 ns, At safepoint: 25400 ns, Total: 160303 ns
[4.339s][info ][safepoint      ] Safepoint "ICBufferFull", Time since last: 7318619 ns, Reaching safepoint: 116502 ns, At safepoint: 26200 ns, Total: 142702 ns
[4.354s][info ][safepoint      ] Safepoint "ICBufferFull", Time since last: 11426186 ns, Reaching safepoint: 3188952 ns, At safepoint: 25300 ns, Total: 3214252 ns
[4.365s][info ][safepoint      ] Safepoint "ICBufferFull", Time since last: 9353452 ns, Reaching safepoint: 2121135 ns, At safepoint: 29200 ns, Total: 2150335 ns
[4.391s][info ][safepoint      ] Safepoint "ICBufferFull", Time since last: 25194710 ns, Reaching safepoint: 122202 ns, At safepoint: 26501 ns, Total: 148703 ns
[4.407s][info ][safepoint      ] Safepoint "ICBufferFull", Time since last: 16478767 ns, Reaching safepoint: 122602 ns, At safepoint: 88902 ns, Total: 211504 ns
[4.428s][info ][safepoint      ] Safepoint "ICBufferFull", Time since last: 20303830 ns, Reaching safepoint: 674911 ns, At safepoint: 20300 ns, Total: 695211 ns
[4.433s][info ][safepoint      ] Safepoint "ICBufferFull", Time since last: 4340371 ns, Reaching safepoint: 233604 ns, At safepoint: 17000 ns, Total: 250604 ns
[4.438s][info ][safepoint      ] Safepoint "ICBufferFull", Time since last: 4718877 ns, Reaching safepoint: 110701 ns, At safepoint: 25801 ns, Total: 136502 ns
[4.459s][info ][safepoint      ] Safepoint "ICBufferFull", Time since last: 21276546 ns, Reaching safepoint: 258504 ns, At safepoint: 23300 ns, Total: 281804 ns
[4.465s][info ][safepoint      ] Safepoint "ICBufferFull", Time since last: 5122584 ns, Reaching safepoint: 113202 ns, At safepoint: 22400 ns, Total: 135602 ns
[4.481s][info ][safepoint      ] Safepoint "ICBufferFull", Time since last: 15647554 ns, Reaching safepoint: 726312 ns, At safepoint: 26101 ns, Total: 752413 ns
[4.505s][info ][safepoint      ] Safepoint "ICBufferFull", Time since last: 19933224 ns, Reaching safepoint: 4268369 ns, At safepoint: 26601 ns, Total: 4294970 ns
[4.512s][info ][safepoint      ] Safepoint "ICBufferFull", Time since last: 6775010 ns, Reaching safepoint: 122902 ns, At safepoint: 25000 ns, Total: 147902 ns
[4.533s][info ][safepoint      ] Safepoint "ICBufferFull", Time since last: 20176428 ns, Reaching safepoint: 711812 ns, At safepoint: 19500 ns, Total: 731312 ns
[4.539s][info ][safepoint      ] Safepoint "ICBufferFull", Time since last: 6023098 ns, Reaching safepoint: 125202 ns, At safepoint: 22700 ns, Total: 147902 ns
[4.554s][info ][safepoint      ] Safepoint "ICBufferFull", Time since last: 10195466 ns, Reaching safepoint: 4252969 ns, At safepoint: 26101 ns, Total: 4279070 ns
[4.558s][info ][safepoint      ] Safepoint "ICBufferFull", Time since last: 4525873 ns, Reaching safepoint: 120002 ns, At safepoint: 21601 ns, Total: 141603 ns
[4.580s][info ][safepoint      ] Safepoint "ICBufferFull", Time since last: 22048358 ns, Reaching safepoint: 64101 ns, At safepoint: 27501 ns, Total: 91602 ns
[4.584s][info ][safepoint      ] Safepoint "ICBufferFull", Time since last: 3473256 ns, Reaching safepoint: 111902 ns, At safepoint: 24500 ns, Total: 136402 ns
[4.588s][info ][safepoint      ] Safepoint "ICBufferFull", Time since last: 3858163 ns, Reaching safepoint: 115402 ns, At safepoint: 25600 ns, Total: 141002 ns
[4.591s][info ][safepoint      ] Safepoint "ICBufferFull", Time since last: 3131551 ns, Reaching safepoint: 100902 ns, At safepoint: 26000 ns, Total: 126902 ns
[4.606s][info ][safepoint      ] Safepoint "ICBufferFull", Time since last: 12198199 ns, Reaching safepoint: 2148035 ns, At safepoint: 25200 ns, Total: 2173235 ns
[4.608s][info ][safepoint      ] Safepoint "ICBufferFull", Time since last: 1798229 ns, Reaching safepoint: 119602 ns, At safepoint: 25201 ns, Total: 144803 ns
[4.611s][info ][safepoint      ] Safepoint "ICBufferFull", Time since last: 2831746 ns, Reaching safepoint: 106701 ns, At safepoint: 20401 ns, Total: 127102 ns
[4.615s][info ][safepoint      ] Safepoint "ICBufferFull", Time since last: 4424472 ns, Reaching safepoint: 107301 ns, At safepoint: 23301 ns, Total: 130602 ns
[4.630s][info ][safepoint      ] Safepoint "ICBufferFull", Time since last: 15140146 ns, Reaching safepoint: 124602 ns, At safepoint: 25600 ns, Total: 150202 ns
[4.634s][info ][gc,start       ] GC(6) Pause Young (Allocation Failure)
[4.703s][debug][gc,phases      ] GC(6) Scavenge 68.734ms
[4.703s][debug][gc,ref         ] GC(6) Skipped phase 1 of Reference Processing: no references
[4.703s][debug][gc,ref         ] GC(6) Skipped phase 3 of Reference Processing: no references
[4.703s][debug][gc,ref         ] GC(6) Skipped phase 4 of Reference Processing: no references
[4.703s][debug][gc,phases      ] GC(6) Reference Processing 0.264ms
[4.704s][debug][gc,phases      ] GC(6) Weak Processing 1.131ms
[4.704s][debug][gc,age         ] GC(6) Desired survivor size 241696768 bytes, new threshold 6 (max threshold 15)
[4.704s][info ][gc,heap        ] GC(6) PSYoungGen: 1207808K(1572864K)->161432K(1572864K) Eden: 1048576K(1048576K)->0K(1048576K) From: 159232K(524288K)->161432K(524288K)
[4.704s][info ][gc,heap        ] GC(6) ParOldGen: 5294K(6144K)->5302K(6144K)
[4.704s][info ][gc,metaspace   ] GC(6) Metaspace: 47575K(48000K)->47575K(48000K) NonClass: 40687K(40896K)->40687K(40896K) Class: 6887K(7104K)->6887K(7104K)
[4.704s][info ][gc             ] GC(6) Pause Young (Allocation Failure) 1184M->162M(1542M) 70.256ms
[4.704s][info ][gc,cpu         ] GC(6) User=0.28s Sys=0.00s Real=0.07s
[4.704s][info ][safepoint      ] Safepoint "ParallelGCFailedAllocation", Time since last: 3387155 ns, Reaching safepoint: 102402 ns, At safepoint: 70353444 ns, Total: 70455846 ns
[4.708s][info ][safepoint      ] Safepoint "ICBufferFull", Time since last: 4046766 ns, Reaching safepoint: 119902 ns, At safepoint: 22400 ns, Total: 142302 ns
[4.725s][info ][safepoint      ] Safepoint "ICBufferFull", Time since last: 15525553 ns, Reaching safepoint: 954615 ns, At safepoint: 20900 ns, Total: 975515 ns
[4.744s][info ][safepoint      ] Safepoint "ICBufferFull", Time since last: 18490101 ns, Reaching safepoint: 126402 ns, At safepoint: 22901 ns, Total: 149303 ns
[4.746s][info ][safepoint      ] Safepoint "ICBufferFull", Time since last: 2635242 ns, Reaching safepoint: 116402 ns, At safepoint: 18701 ns, Total: 135103 ns
[4.749s][info ][safepoint      ] Safepoint "ICBufferFull", Time since last: 2420839 ns, Reaching safepoint: 96002 ns, At safepoint: 22200 ns, Total: 118202 ns
[4.752s][info ][safepoint      ] Safepoint "ICBufferFull", Time since last: 2697144 ns, Reaching safepoint: 108702 ns, At safepoint: 26000 ns, Total: 134702 ns
[5.002s][info ][gc,start       ] GC(7) Pause Young (Allocation Failure)
[5.089s][debug][gc,phases      ] GC(7) Scavenge 87.050ms
[5.090s][debug][gc,ref         ] GC(7) Skipped phase 1 of Reference Processing: no references
[5.090s][debug][gc,ref         ] GC(7) Skipped phase 3 of Reference Processing: no references
[5.090s][debug][gc,phases      ] GC(7) Reference Processing 0.278ms
[5.091s][debug][gc,phases      ] GC(7) Weak Processing 1.350ms
[5.091s][debug][gc,age         ] GC(7) Desired survivor size 249561088 bytes, new threshold 5 (max threshold 15)
[5.091s][info ][gc,heap        ] GC(7) PSYoungGen: 1210008K(1572864K)->160112K(1845760K) Eden: 1048576K(1048576K)->0K(1609728K) From: 161432K(524288K)->160112K(236032K)
[5.091s][info ][gc,heap        ] GC(7) ParOldGen: 5302K(6144K)->5315K(6144K)
[5.091s][info ][gc,metaspace   ] GC(7) Metaspace: 48884K(49408K)->48884K(49408K) NonClass: 41814K(42112K)->41814K(42112K) Class: 7070K(7296K)->7070K(7296K)
[5.091s][info ][gc             ] GC(7) Pause Young (Allocation Failure) 1186M->161M(1808M) 88.823ms
[5.091s][info ][gc,cpu         ] GC(7) User=0.29s Sys=0.05s Real=0.09s
[5.091s][info ][safepoint      ] Safepoint "ParallelGCFailedAllocation", Time since last: 250279369 ns, Reaching safepoint: 334706 ns, At safepoint: 88931746 ns, Total: 89266452 ns
[5.475s][info ][safepoint      ] Safepoint "ICBufferFull", Time since last: 383539436 ns, Reaching safepoint: 264704 ns, At safepoint: 23901 ns, Total: 288605 ns
[5.634s][info ][gc,start       ] GC(8) Pause Young (Allocation Failure)
[5.720s][debug][gc,phases      ] GC(8) Scavenge 85.790ms
[5.720s][debug][gc,ref         ] GC(8) Skipped phase 1 of Reference Processing: no references
[5.720s][debug][gc,ref         ] GC(8) Skipped phase 3 of Reference Processing: no references
[5.720s][debug][gc,phases      ] GC(8) Reference Processing 0.245ms
[5.722s][debug][gc,phases      ] GC(8) Weak Processing 1.508ms
[5.722s][debug][gc,age         ] GC(8) Desired survivor size 233832448 bytes, new threshold 4 (max threshold 15)
[5.722s][info ][gc,heap        ] GC(8) PSYoungGen: 1769840K(1845760K)->107985K(1853440K) Eden: 1609728K(1609728K)->0K(1609728K) From: 160112K(236032K)->107985K(243712K)
[5.722s][info ][gc,heap        ] GC(8) ParOldGen: 5315K(6144K)->69588K(69632K)
[5.722s][info ][gc,metaspace   ] GC(8) Metaspace: 51819K(52288K)->51819K(52288K) NonClass: 44202K(44480K)->44202K(44480K) Class: 7616K(7808K)->7616K(7808K)
[5.722s][info ][gc             ] GC(8) Pause Young (Allocation Failure) 1733M->173M(1878M) 87.682ms
[5.722s][info ][gc,cpu         ] GC(8) User=0.36s Sys=0.02s Real=0.09s
[5.722s][debug][gc,phases      ] GC(9) Pre Compact 0.010ms
[5.722s][info ][gc,start       ] GC(9) Pause Full (Ergonomics)
[5.722s][info ][gc,phases,start] GC(9) Marking Phase
[5.798s][debug][gc,phases      ] GC(9) Par Mark 75.853ms
[5.798s][debug][gc,ref         ] GC(9) Skipped phase 1 of Reference Processing: no references
[5.798s][debug][gc,ref         ] GC(9) Skipped phase 3 of Reference Processing: no references
[5.798s][debug][gc,phases      ] GC(9) Reference Processing 0.167ms
[5.799s][debug][gc,phases      ] GC(9) Weak Processing 0.454ms
[5.799s][debug][gc,phases      ] GC(9) ClassLoaderData 0.041ms
[5.799s][debug][gc,phases      ] GC(9) Trigger cleanups 0.000ms
[5.803s][debug][gc,phases      ] GC(9) Class Unloading 4.307ms
[5.803s][info ][gc,phases      ] GC(9) Marking Phase 80.889ms
[5.803s][info ][gc,phases,start] GC(9) Summary Phase
[5.803s][info ][gc,phases      ] GC(9) Summary Phase 0.008ms
[5.803s][info ][gc,phases,start] GC(9) Adjust Roots
[5.818s][info ][gc,phases      ] GC(9) Adjust Roots 14.783ms
[5.818s][info ][gc,phases,start] GC(9) Compaction Phase
[6.477s][info ][gc,phases      ] GC(9) Compaction Phase 659.591ms
[6.477s][info ][gc,phases,start] GC(9) Post Compact
[6.478s][info ][gc,phases      ] GC(9) Post Compact 0.697ms
[6.478s][info ][gc,heap        ] GC(9) PSYoungGen: 107985K(1853440K)->107779K(1853440K) Eden: 0K(1609728K)->0K(1609728K) From: 107985K(243712K)->107779K(243712K)
[6.478s][info ][gc,heap        ] GC(9) ParOldGen: 69588K(69632K)->69285K(112128K)
[6.478s][info ][gc,metaspace   ] GC(9) Metaspace: 51819K(52288K)->51819K(52288K) NonClass: 44202K(44480K)->44202K(44480K) Class: 7616K(7808K)->7616K(7808K)
[6.478s][info ][gc             ] GC(9) Pause Full (Ergonomics) 173M->172M(1919M) 756.186ms
[6.478s][info ][gc,cpu         ] GC(9) User=1.84s Sys=0.00s Real=0.75s
[6.505s][info ][safepoint      ] Safepoint "ParallelGCFailedAllocation", Time since last: 154689715 ns, Reaching safepoint: 4456173 ns, At safepoint: 870577955 ns, Total: 875034128 ns
[6.509s][info ][safepoint      ] Safepoint "ICBufferFull", Time since last: 4031166 ns, Reaching safepoint: 95701 ns, At safepoint: 30001 ns, Total: 125702 ns
[6.509s][info ][safepoint      ] Safepoint "ICBufferFull", Time since last: 78101 ns, Reaching safepoint: 85301 ns, At safepoint: 24501 ns, Total: 109802 ns
[6.509s][info ][safepoint      ] Safepoint "ICBufferFull", Time since last: 109502 ns, Reaching safepoint: 90501 ns, At safepoint: 17700 ns, Total: 108201 ns
[6.513s][info ][safepoint      ] Safepoint "ICBufferFull", Time since last: 3914564 ns, Reaching safepoint: 115602 ns, At safepoint: 34500 ns, Total: 150102 ns
[6.514s][info ][safepoint      ] Safepoint "ICBufferFull", Time since last: 265305 ns, Reaching safepoint: 94401 ns, At safepoint: 22301 ns, Total: 116702 ns
[6.515s][info ][safepoint      ] Safepoint "ICBufferFull", Time since last: 614210 ns, Reaching safepoint: 91401 ns, At safepoint: 24200 ns, Total: 115601 ns
[6.522s][info ][safepoint      ] Safepoint "ICBufferFull", Time since last: 3844563 ns, Reaching safepoint: 3179352 ns, At safepoint: 39300 ns, Total: 3218652 ns
[6.522s][info ][safepoint      ] Safepoint "ICBufferFull", Time since last: 70701 ns, Reaching safepoint: 94902 ns, At safepoint: 28900 ns, Total: 123802 ns
[6.529s][info ][safepoint      ] Safepoint "ICBufferFull", Time since last: 7319119 ns, Reaching safepoint: 112302 ns, At safepoint: 36901 ns, Total: 149203 ns
[6.535s][info ][safepoint      ] Safepoint "ICBufferFull", Time since last: 5415588 ns, Reaching safepoint: 200103 ns, At safepoint: 34701 ns, Total: 234804 ns
[6.549s][info ][safepoint      ] Safepoint "ICBufferFull", Time since last: 9914761 ns, Reaching safepoint: 4270169 ns, At safepoint: 46801 ns, Total: 4316970 ns
[7.002s][info ][gc,start       ] GC(10) Pause Young (Allocation Failure)
[7.096s][debug][gc,phases      ] GC(10) Scavenge 94.176ms
[7.096s][debug][gc,ref         ] GC(10) Skipped phase 1 of Reference Processing: no references
[7.096s][debug][gc,ref         ] GC(10) Skipped phase 3 of Reference Processing: no references
[7.096s][debug][gc,phases      ] GC(10) Reference Processing 0.084ms
[7.097s][debug][gc,phases      ] GC(10) Weak Processing 0.911ms
[7.097s][debug][gc,age         ] GC(10) Desired survivor size 237502464 bytes, new threshold 5 (max threshold 15)
[7.097s][info ][gc,heap        ] GC(10) PSYoungGen: 1717507K(1853440K)->31518K(1861632K) Eden: 1609728K(1609728K)->0K(1633280K) From: 107779K(243712K)->31518K(228352K)
[7.097s][info ][gc,heap        ] GC(10) ParOldGen: 69285K(112128K)->161128K(161792K)
[7.097s][info ][gc,metaspace   ] GC(10) Metaspace: 52528K(52992K)->52528K(52992K) NonClass: 44808K(45056K)->44808K(45056K) Class: 7719K(7936K)->7719K(7936K)
[7.097s][info ][gc             ] GC(10) Pause Young (Allocation Failure) 1744M->188M(1976M) 95.310ms
[7.097s][info ][gc,cpu         ] GC(10) User=0.36s Sys=0.02s Real=0.09s
[7.097s][debug][gc,phases      ] GC(11) Pre Compact 0.010ms
[7.097s][info ][gc,start       ] GC(11) Pause Full (Ergonomics)
[7.097s][info ][gc,phases,start] GC(11) Marking Phase
[7.182s][debug][gc,phases      ] GC(11) Par Mark 84.491ms
[7.182s][debug][gc,ref         ] GC(11) Skipped phase 1 of Reference Processing: no references
[7.182s][debug][gc,ref         ] GC(11) Skipped phase 3 of Reference Processing: no references
[7.182s][debug][gc,phases      ] GC(11) Reference Processing 0.247ms
[7.183s][debug][gc,phases      ] GC(11) Weak Processing 0.427ms
[7.183s][debug][gc,phases      ] GC(11) ClassLoaderData 0.041ms
[7.183s][debug][gc,phases      ] GC(11) Trigger cleanups 0.000ms
[7.187s][debug][gc,phases      ] GC(11) Class Unloading 4.698ms
[7.187s][info ][gc,phases      ] GC(11) Marking Phase 89.967ms
[7.187s][info ][gc,phases,start] GC(11) Summary Phase
[7.187s][info ][gc,phases      ] GC(11) Summary Phase 0.007ms
[7.187s][info ][gc,phases,start] GC(11) Adjust Roots
[7.198s][info ][gc,phases      ] GC(11) Adjust Roots 10.977ms
[7.198s][info ][gc,phases,start] GC(11) Compaction Phase
[7.390s][info ][gc,phases      ] GC(11) Compaction Phase 191.205ms
[7.390s][info ][gc,phases,start] GC(11) Post Compact
[7.390s][info ][gc,phases      ] GC(11) Post Compact 0.402ms
[7.390s][info ][gc,heap        ] GC(11) PSYoungGen: 31518K(1861632K)->31416K(1861632K) Eden: 0K(1633280K)->0K(1633280K) From: 31518K(228352K)->31416K(228352K)
[7.390s][info ][gc,heap        ] GC(11) ParOldGen: 161128K(161792K)->160808K(244224K)
[7.390s][info ][gc,metaspace   ] GC(11) Metaspace: 52528K(52992K)->52528K(52992K) NonClass: 44808K(45056K)->44808K(45056K) Class: 7719K(7936K)->7719K(7936K)
[7.390s][info ][gc             ] GC(11) Pause Full (Ergonomics) 188M->187M(2056M) 292.832ms
[7.390s][info ][gc,cpu         ] GC(11) User=1.05s Sys=0.00s Real=0.30s
[7.405s][info ][safepoint      ] Safepoint "ParallelGCFailedAllocation", Time since last: 449573910 ns, Reaching safepoint: 3306754 ns, At safepoint: 402776649 ns, Total: 406083403 ns
[7.916s][info ][gc,start       ] GC(12) Pause Young (Allocation Failure)
[7.967s][debug][gc,phases      ] GC(12) Scavenge 50.382ms
[7.967s][debug][gc,ref         ] GC(12) Skipped phase 1 of Reference Processing: no references
[7.967s][debug][gc,ref         ] GC(12) Skipped phase 3 of Reference Processing: no references
[7.967s][debug][gc,phases      ] GC(12) Reference Processing 0.109ms
[7.968s][debug][gc,phases      ] GC(12) Weak Processing 0.738ms
[7.968s][debug][gc,age         ] GC(12) Desired survivor size 233308160 bytes, new threshold 6 (max threshold 15)
[7.968s][info ][gc,heap        ] GC(12) PSYoungGen: 1664696K(1861632K)->53778K(1865216K) Eden: 1633280K(1633280K)->0K(1633280K) From: 31416K(228352K)->53778K(231936K)
[7.968s][info ][gc,heap        ] GC(12) ParOldGen: 160808K(244224K)->160816K(244224K)
[7.968s][info ][gc,metaspace   ] GC(12) Metaspace: 52789K(53248K)->52789K(53248K) NonClass: 45068K(45312K)->45068K(45312K) Class: 7721K(7936K)->7721K(7936K)
[7.968s][info ][gc             ] GC(12) Pause Young (Allocation Failure) 1782M->209M(2060M) 51.405ms
[7.968s][info ][gc,cpu         ] GC(12) User=0.23s Sys=0.01s Real=0.05s
[7.968s][info ][safepoint      ] Safepoint "ParallelGCFailedAllocation", Time since last: 511346315 ns, Reaching safepoint: 210903 ns, At safepoint: 51523138 ns, Total: 51734041 ns
[8.324s][info ][gc,start       ] GC(13) Pause Young (Allocation Failure)
[8.342s][debug][gc,phases      ] GC(13) Scavenge 17.092ms
[8.342s][debug][gc,ref         ] GC(13) Skipped phase 1 of Reference Processing: no references
[8.342s][debug][gc,ref         ] GC(13) Skipped phase 3 of Reference Processing: no references
[8.342s][debug][gc,phases      ] GC(13) Reference Processing 0.070ms
[8.342s][debug][gc,phases      ] GC(13) Weak Processing 0.578ms
[8.342s][debug][gc,age         ] GC(13) Desired survivor size 228589568 bytes, new threshold 7 (max threshold 15)
[8.342s][info ][gc,heap        ] GC(13) PSYoungGen: 1687058K(1865216K)->56094K(1873920K) Eden: 1633280K(1633280K)->0K(1646080K) From: 53778K(231936K)->56094K(227840K)
[8.342s][info ][gc,heap        ] GC(13) ParOldGen: 160816K(244224K)->160824K(244224K)
[8.342s][info ][gc,metaspace   ] GC(13) Metaspace: 53222K(53632K)->53222K(53632K) NonClass: 45458K(45696K)->45458K(45696K) Class: 7763K(7936K)->7763K(7936K)
[8.342s][info ][gc             ] GC(13) Pause Young (Allocation Failure) 1804M->211M(2068M) 17.880ms
[8.342s][info ][gc,cpu         ] GC(13) User=0.06s Sys=0.00s Real=0.02s
[8.342s][info ][safepoint      ] Safepoint "ParallelGCFailedAllocation", Time since last: 353131042 ns, Reaching safepoint: 3284853 ns, At safepoint: 17995393 ns, Total: 21280246 ns
[8.715s][info ][gc,start       ] GC(14) Pause Young (Allocation Failure)
[8.736s][debug][gc,phases      ] GC(14) Scavenge 20.506ms
[8.736s][debug][gc,ref         ] GC(14) Skipped phase 1 of Reference Processing: no references
[8.736s][debug][gc,ref         ] GC(14) Skipped phase 3 of Reference Processing: no references
[8.736s][debug][gc,phases      ] GC(14) Reference Processing 0.147ms
[8.737s][debug][gc,phases      ] GC(14) Weak Processing 0.834ms
[8.737s][debug][gc,age         ] GC(14) Desired survivor size 222822400 bytes, new threshold 8 (max threshold 15)
[8.737s][info ][gc,heap        ] GC(14) PSYoungGen: 1702174K(1873920K)->54930K(1869312K) Eden: 1646080K(1646080K)->0K(1646080K) From: 56094K(227840K)->54930K(223232K)
[8.737s][info ][gc,heap        ] GC(14) ParOldGen: 160824K(244224K)->160832K(244224K)
[8.737s][info ][gc,metaspace   ] GC(14) Metaspace: 53981K(54464K)->53981K(54464K) NonClass: 46134K(46400K)->46134K(46400K) Class: 7847K(8064K)->7847K(8064K)
[8.737s][info ][gc             ] GC(14) Pause Young (Allocation Failure) 1819M->210M(2064M) 21.635ms
[8.737s][info ][gc,cpu         ] GC(14) User=0.08s Sys=0.00s Real=0.02s
[8.737s][info ][safepoint      ] Safepoint "ParallelGCFailedAllocation", Time since last: 372424756 ns, Reaching safepoint: 298805 ns, At safepoint: 21739153 ns, Total: 22037958 ns
[9.094s][info ][safepoint      ] Safepoint "ICBufferFull", Time since last: 357214809 ns, Reaching safepoint: 273704 ns, At safepoint: 25200 ns, Total: 298904 ns
[9.104s][info ][gc,start       ] GC(15) Pause Young (Allocation Failure)
[9.123s][debug][gc,phases      ] GC(15) Scavenge 18.561ms
[9.123s][debug][gc,ref         ] GC(15) Skipped phase 1 of Reference Processing: no references
[9.123s][debug][gc,ref         ] GC(15) Skipped phase 3 of Reference Processing: no references
[9.123s][debug][gc,phases      ] GC(15) Reference Processing 0.147ms
[9.124s][debug][gc,phases      ] GC(15) Weak Processing 0.922ms
[9.124s][debug][gc,age         ] GC(15) Desired survivor size 217055232 bytes, new threshold 9 (max threshold 15)
[9.124s][info ][gc,heap        ] GC(15) PSYoungGen: 1701010K(1869312K)->50814K(1885184K) Eden: 1646080K(1646080K)->0K(1667584K) From: 54930K(223232K)->50814K(217600K)
[9.124s][info ][gc,heap        ] GC(15) ParOldGen: 160832K(244224K)->160840K(244224K)
[9.124s][info ][gc,metaspace   ] GC(15) Metaspace: 54900K(55424K)->54900K(55424K) NonClass: 46931K(47232K)->46931K(47232K) Class: 7969K(8192K)->7969K(8192K)
[9.124s][info ][gc             ] GC(15) Pause Young (Allocation Failure) 1818M->206M(2079M) 19.798ms
[9.124s][info ][gc,cpu         ] GC(15) User=0.09s Sys=0.00s Real=0.02s
[9.124s][info ][safepoint      ] Safepoint "ParallelGCFailedAllocation", Time since last: 9696258 ns, Reaching safepoint: 292305 ns, At safepoint: 19917124 ns, Total: 20209429 ns
[9.563s][info ][gc,start       ] GC(16) Pause Young (Allocation Failure)
[9.581s][debug][gc,phases      ] GC(16) Scavenge 17.985ms
[9.581s][debug][gc,ref         ] GC(16) Skipped phase 1 of Reference Processing: no references
[9.581s][debug][gc,ref         ] GC(16) Skipped phase 3 of Reference Processing: no references
[9.581s][debug][gc,phases      ] GC(16) Reference Processing 0.120ms
[9.581s][debug][gc,phases      ] GC(16) Weak Processing 0.687ms
[9.581s][debug][gc,age         ] GC(16) Desired survivor size 210763776 bytes, new threshold 10 (max threshold 15)
[9.581s][info ][gc,heap        ] GC(16) PSYoungGen: 1718398K(1885184K)->51826K(1879552K) Eden: 1667584K(1667584K)->0K(1667584K) From: 50814K(217600K)->51826K(211968K)
[9.581s][info ][gc,heap        ] GC(16) ParOldGen: 160840K(244224K)->160848K(244224K)
[9.581s][info ][gc,metaspace   ] GC(16) Metaspace: 55247K(55680K)->55247K(55680K) NonClass: 47244K(47488K)->47244K(47488K) Class: 8002K(8192K)->8002K(8192K)
[9.582s][info ][gc             ] GC(16) Pause Young (Allocation Failure) 1835M->207M(2074M) 18.943ms
[9.582s][info ][gc,cpu         ] GC(16) User=0.08s Sys=0.00s Real=0.02s
[9.582s][info ][safepoint      ] Safepoint "ParallelGCFailedAllocation", Time since last: 437468813 ns, Reaching safepoint: 862914 ns, At safepoint: 19045910 ns, Total: 19908824 ns
[9.986s][info ][gc,start       ] GC(17) Pause Young (Allocation Failure)
[10.006s][debug][gc,phases      ] GC(17) Scavenge 20.456ms
[10.006s][debug][gc,ref         ] GC(17) Skipped phase 1 of Reference Processing: no references
[10.006s][debug][gc,ref         ] GC(17) Skipped phase 3 of Reference Processing: no references
[10.006s][debug][gc,phases      ] GC(17) Reference Processing 0.136ms
[10.007s][debug][gc,phases      ] GC(17) Weak Processing 0.578ms
[10.007s][debug][gc,age         ] GC(17) Desired survivor size 203423744 bytes, new threshold 11 (max threshold 15)
[10.007s][info ][gc,heap        ] GC(17) PSYoungGen: 1719410K(1879552K)->54206K(1898496K) Eden: 1667584K(1667584K)->0K(1692672K) From: 51826K(211968K)->54206K(205824K)
[10.007s][info ][gc,heap        ] GC(17) ParOldGen: 160848K(244224K)->160856K(244224K)
[10.007s][info ][gc,metaspace   ] GC(17) Metaspace: 55270K(55744K)->55270K(55744K) NonClass: 47265K(47552K)->47265K(47552K) Class: 8004K(8192K)->8004K(8192K)
[10.007s][info ][gc             ] GC(17) Pause Young (Allocation Failure) 1836M->210M(2092M) 21.312ms
[10.007s][info ][gc,cpu         ] GC(17) User=0.09s Sys=0.00s Real=0.02s
[10.007s][info ][safepoint      ] Safepoint "ParallelGCFailedAllocation", Time since last: 404011369 ns, Reaching safepoint: 123302 ns, At safepoint: 21420949 ns, Total: 21544251 ns
[10.436s][info ][gc,start       ] GC(18) Pause Young (Allocation Failure)
[10.459s][debug][gc,phases      ] GC(18) Scavenge 23.127ms
[10.459s][debug][gc,ref         ] GC(18) Skipped phase 1 of Reference Processing: no references
[10.459s][debug][gc,ref         ] GC(18) Skipped phase 3 of Reference Processing: no references
[10.459s][debug][gc,phases      ] GC(18) Reference Processing 0.095ms
[10.460s][debug][gc,phases      ] GC(18) Weak Processing 0.588ms
[10.460s][debug][gc,age         ] GC(18) Desired survivor size 195559424 bytes, new threshold 12 (max threshold 15)
[10.460s][info ][gc,heap        ] GC(18) PSYoungGen: 1746878K(1898496K)->58098K(1891328K) Eden: 1692672K(1692672K)->0K(1692672K) From: 54206K(205824K)->58098K(198656K)
[10.460s][info ][gc,heap        ] GC(18) ParOldGen: 160856K(244224K)->160856K(244224K)
[10.460s][info ][gc,metaspace   ] GC(18) Metaspace: 55280K(55744K)->55280K(55744K) NonClass: 47275K(47552K)->47275K(47552K) Class: 8005K(8192K)->8005K(8192K)
[10.460s][info ][gc             ] GC(18) Pause Young (Allocation Failure) 1863M->213M(2085M) 23.955ms
[10.460s][info ][gc,cpu         ] GC(18) User=0.07s Sys=0.02s Real=0.02s
[10.460s][info ][safepoint      ] Safepoint "ParallelGCFailedAllocation", Time since last: 428433266 ns, Reaching safepoint: 216104 ns, At safepoint: 24063891 ns, Total: 24279995 ns
[10.830s][info ][gc,start       ] GC(19) Pause Young (Allocation Failure)
[10.852s][debug][gc,phases      ] GC(19) Scavenge 21.896ms
[10.852s][debug][gc,ref         ] GC(19) Skipped phase 1 of Reference Processing: no references
[10.852s][debug][gc,ref         ] GC(19) Skipped phase 3 of Reference Processing: no references
[10.852s][debug][gc,phases      ] GC(19) Reference Processing 0.121ms
[10.853s][debug][gc,phases      ] GC(19) Weak Processing 0.815ms
[10.853s][debug][gc,age         ] GC(19) Desired survivor size 187695104 bytes, new threshold 13 (max threshold 15)
[10.853s][info ][gc,heap        ] GC(19) PSYoungGen: 1750770K(1891328K)->60506K(1913856K) Eden: 1692672K(1692672K)->0K(1722880K) From: 58098K(198656K)->60506K(190976K)
[10.853s][info ][gc,heap        ] GC(19) ParOldGen: 160856K(244224K)->160864K(244224K)
[10.853s][info ][gc,metaspace   ] GC(19) Metaspace: 55323K(55808K)->55323K(55808K) NonClass: 47314K(47552K)->47314K(47552K) Class: 8008K(8256K)->8008K(8256K)
[10.853s][info ][gc             ] GC(19) Pause Young (Allocation Failure) 1866M->216M(2107M) 22.983ms
[10.853s][info ][gc,cpu         ] GC(19) User=0.08s Sys=0.00s Real=0.02s
[10.853s][info ][safepoint      ] Safepoint "ParallelGCFailedAllocation", Time since last: 369475908 ns, Reaching safepoint: 561209 ns, At safepoint: 23088476 ns, Total: 23649685 ns
[11.196s][info ][gc,start       ] GC(20) Pause Young (Allocation Failure)
[11.223s][debug][gc,phases      ] GC(20) Scavenge 27.408ms
[11.223s][debug][gc,ref         ] GC(20) Skipped phase 1 of Reference Processing: no references
[11.223s][debug][gc,ref         ] GC(20) Skipped phase 3 of Reference Processing: no references
[11.223s][debug][gc,phases      ] GC(20) Reference Processing 0.139ms
[11.224s][debug][gc,phases      ] GC(20) Weak Processing 0.725ms
[11.224s][debug][gc,age         ] GC(20) Desired survivor size 179306496 bytes, new threshold 14 (max threshold 15)
[11.224s][info ][gc,heap        ] GC(20) PSYoungGen: 1783386K(1913856K)->61278K(1906176K) Eden: 1722880K(1722880K)->0K(1722880K) From: 60506K(190976K)->61278K(183296K)
[11.224s][info ][gc,heap        ] GC(20) ParOldGen: 160864K(244224K)->160872K(244224K)
[11.224s][info ][gc,metaspace   ] GC(20) Metaspace: 56643K(57216K)->56643K(57216K) NonClass: 48425K(48704K)->48425K(48704K) Class: 8218K(8512K)->8218K(8512K)
[11.224s][info ][gc             ] GC(20) Pause Young (Allocation Failure) 1898M->216M(2100M) 28.434ms
[11.224s][info ][gc,cpu         ] GC(20) User=0.11s Sys=0.00s Real=0.03s
[11.224s][info ][safepoint      ] Safepoint "ParallelGCFailedAllocation", Time since last: 342553370 ns, Reaching safepoint: 250104 ns, At safepoint: 28547864 ns, Total: 28797968 ns
[11.746s][info ][gc,start       ] GC(21) Pause Young (Allocation Failure)
[11.770s][debug][gc,phases      ] GC(21) Scavenge 24.273ms
[11.770s][debug][gc,ref         ] GC(21) Skipped phase 1 of Reference Processing: no references
[11.771s][debug][gc,ref         ] GC(21) Skipped phase 3 of Reference Processing: no references
[11.771s][debug][gc,phases      ] GC(21) Reference Processing 0.121ms
[11.771s][debug][gc,phases      ] GC(21) Weak Processing 0.868ms
[11.771s][debug][gc,age         ] GC(21) Desired survivor size 171442176 bytes, new threshold 15 (max threshold 15)
[11.771s][info ][gc,heap        ] GC(21) PSYoungGen: 1784158K(1906176K)->62614K(1929728K) Eden: 1722880K(1722880K)->0K(1754624K) From: 61278K(183296K)->62614K(175104K)
[11.771s][info ][gc,heap        ] GC(21) ParOldGen: 160872K(244224K)->160880K(244224K)
[11.771s][info ][gc,metaspace   ] GC(21) Metaspace: 59246K(59776K)->59246K(59776K) NonClass: 50703K(51008K)->50703K(51008K) Class: 8543K(8768K)->8543K(8768K)
[11.772s][info ][gc             ] GC(21) Pause Young (Allocation Failure) 1899M->218M(2123M) 25.416ms
[11.772s][info ][gc,cpu         ] GC(21) User=0.09s Sys=0.00s Real=0.03s
[11.772s][info ][safepoint      ] Safepoint "ParallelGCFailedAllocation", Time since last: 521516180 ns, Reaching safepoint: 223004 ns, At safepoint: 25509815 ns, Total: 25732819 ns
[12.173s][info ][gc,start       ] GC(22) Pause Young (Allocation Failure)
[12.221s][debug][gc,phases      ] GC(22) Scavenge 47.416ms
[12.221s][debug][gc,ref         ] GC(22) Skipped phase 1 of Reference Processing: no references
[12.221s][debug][gc,ref         ] GC(22) Skipped phase 3 of Reference Processing: no references
[12.221s][debug][gc,phases      ] GC(22) Reference Processing 0.291ms
[12.222s][debug][gc,phases      ] GC(22) Weak Processing 1.158ms
[12.222s][debug][gc,age         ] GC(22) Desired survivor size 167772160 bytes, new threshold 15 (max threshold 15)
[12.222s][info ][gc,heap        ] GC(22) PSYoungGen: 1817238K(1929728K)->88959K(1922048K) Eden: 1754624K(1754624K)->0K(1754624K) From: 62614K(175104K)->88959K(167424K)
[12.222s][info ][gc,heap        ] GC(22) ParOldGen: 160880K(244224K)->160888K(244224K)
[12.222s][info ][gc,metaspace   ] GC(22) Metaspace: 61175K(61760K)->61175K(61760K) NonClass: 52391K(52736K)->52391K(52736K) Class: 8783K(9024K)->8783K(9024K)
[12.222s][info ][gc             ] GC(22) Pause Young (Allocation Failure) 1931M->243M(2115M) 49.033ms
[12.222s][info ][gc,cpu         ] GC(22) User=0.23s Sys=0.01s Real=0.05s
[12.222s][info ][safepoint      ] Safepoint "ParallelGCFailedAllocation", Time since last: 401431227 ns, Reaching safepoint: 230004 ns, At safepoint: 49154199 ns, Total: 49384203 ns
[12.678s][info ][gc,start       ] GC(23) Pause Young (Allocation Failure)
[12.748s][debug][gc,phases      ] GC(23) Scavenge 69.954ms
[12.748s][debug][gc,ref         ] GC(23) Skipped phase 1 of Reference Processing: no references
[12.748s][debug][gc,ref         ] GC(23) Skipped phase 3 of Reference Processing: no references
[12.748s][debug][gc,phases      ] GC(23) Reference Processing 0.148ms
[12.749s][debug][gc,phases      ] GC(23) Weak Processing 0.732ms
[12.749s][debug][gc,age         ] GC(23) Desired survivor size 176685056 bytes, new threshold 15 (max threshold 15)
[12.749s][info ][gc,heap        ] GC(23) PSYoungGen: 1843583K(1922048K)->123667K(1915904K) Eden: 1754624K(1754624K)->0K(1752064K) From: 88959K(167424K)->123667K(163840K)
[12.749s][info ][gc,heap        ] GC(23) ParOldGen: 160888K(244224K)->163116K(244224K)
[12.749s][info ][gc,metaspace   ] GC(23) Metaspace: 61904K(62400K)->61904K(62400K) NonClass: 53028K(53312K)->53028K(53312K) Class: 8875K(9088K)->8875K(9088K)
[12.749s][info ][gc             ] GC(23) Pause Young (Allocation Failure) 1957M->280M(2109M) 70.992ms
[12.749s][info ][gc,cpu         ] GC(23) User=0.24s Sys=0.03s Real=0.08s
[12.749s][info ][safepoint      ] Safepoint "ParallelGCFailedAllocation", Time since last: 452301655 ns, Reaching safepoint: 3289254 ns, At safepoint: 71122156 ns, Total: 74411410 ns
[13.187s][info ][safepoint      ] Safepoint "ICBufferFull", Time since last: 437695018 ns, Reaching safepoint: 236103 ns, At safepoint: 30601 ns, Total: 266704 ns
[13.196s][info ][gc,start       ] GC(24) Pause Young (Allocation Failure)
[13.246s][debug][gc,phases      ] GC(24) Scavenge 50.594ms
[13.246s][debug][gc,ref         ] GC(24) Skipped phase 1 of Reference Processing: no references
[13.246s][debug][gc,ref         ] GC(24) Skipped phase 3 of Reference Processing: no references
[13.247s][debug][gc,phases      ] GC(24) Reference Processing 0.127ms
[13.247s][debug][gc,phases      ] GC(24) Weak Processing 0.670ms
[13.247s][debug][gc,age         ] GC(24) Desired survivor size 185073664 bytes, new threshold 15 (max threshold 15)
[13.247s][info ][gc,heap        ] GC(24) PSYoungGen: 1875731K(1915904K)->126938K(1879040K) Eden: 1752064K(1752064K)->0K(1752064K) From: 123667K(163840K)->126938K(126976K)
[13.247s][info ][gc,heap        ] GC(24) ParOldGen: 163116K(244224K)->165109K(244224K)
[13.247s][info ][gc,metaspace   ] GC(24) Metaspace: 62262K(62784K)->62262K(62784K) NonClass: 53360K(53632K)->53360K(53632K) Class: 8902K(9152K)->8902K(9152K)
[13.247s][info ][gc             ] GC(24) Pause Young (Allocation Failure) 1991M->285M(2073M) 51.531ms
[13.247s][info ][gc,cpu         ] GC(24) User=0.19s Sys=0.02s Real=0.05s
[13.247s][info ][safepoint      ] Safepoint "ParallelGCFailedAllocation", Time since last: 8482738 ns, Reaching safepoint: 129202 ns, At safepoint: 51645640 ns, Total: 51774842 ns
[13.612s][info ][gc,start       ] GC(25) Pause Young (Allocation Failure)
[13.660s][debug][gc,phases      ] GC(25) Scavenge 47.809ms
[13.660s][debug][gc,ref         ] GC(25) Skipped phase 1 of Reference Processing: no references
[13.660s][debug][gc,ref         ] GC(25) Skipped phase 3 of Reference Processing: no references
[13.660s][debug][gc,phases      ] GC(25) Reference Processing 0.118ms
[13.661s][debug][gc,phases      ] GC(25) Weak Processing 0.687ms
[13.661s][debug][gc,age         ] GC(25) Desired survivor size 187695104 bytes, new threshold 15 (max threshold 15)
[13.661s][info ][gc,heap        ] GC(25) PSYoungGen: 1879002K(1879040K)->118288K(1911296K) Eden: 1752064K(1752064K)->0K(1730560K) From: 126938K(126976K)->118288K(180736K)
[13.661s][info ][gc,heap        ] GC(25) ParOldGen: 165109K(244224K)->176919K(244224K)
[13.661s][info ][gc,metaspace   ] GC(25) Metaspace: 62511K(63040K)->62511K(63040K) NonClass: 53589K(53888K)->53589K(53888K) Class: 8922K(9152K)->8922K(9152K)
[13.661s][info ][gc             ] GC(25) Pause Young (Allocation Failure) 1996M->288M(2105M) 48.747ms
[13.661s][info ][gc,cpu         ] GC(25) User=0.18s Sys=0.00s Real=0.05s
[13.661s][info ][safepoint      ] Safepoint "ParallelGCFailedAllocation", Time since last: 364725531 ns, Reaching safepoint: 199303 ns, At safepoint: 48852794 ns, Total: 49052097 ns
[14.030s][info ][gc,start       ] GC(26) Pause Young (Allocation Failure)
[14.077s][debug][gc,phases      ] GC(26) Scavenge 47.229ms
[14.077s][debug][gc,ref         ] GC(26) Skipped phase 1 of Reference Processing: no references
[14.077s][debug][gc,ref         ] GC(26) Skipped phase 3 of Reference Processing: no references
[14.077s][debug][gc,phases      ] GC(26) Reference Processing 0.177ms
[14.078s][debug][gc,phases      ] GC(26) Weak Processing 0.805ms
[14.078s][debug][gc,age         ] GC(26) Desired survivor size 181927936 bytes, new threshold 15 (max threshold 15)
[14.078s][info ][gc,heap        ] GC(26) PSYoungGen: 1848848K(1911296K)->98944K(1913856K) Eden: 1730560K(1730560K)->0K(1730560K) From: 118288K(180736K)->98944K(183296K)
[14.078s][info ][gc,heap        ] GC(26) ParOldGen: 176919K(244224K)->189752K(244224K)
[14.078s][info ][gc,metaspace   ] GC(26) Metaspace: 62709K(63232K)->62709K(63232K) NonClass: 53771K(54080K)->53771K(54080K) Class: 8937K(9152K)->8937K(9152K)
[14.078s][info ][gc             ] GC(26) Pause Young (Allocation Failure) 1978M->281M(2107M) 48.373ms
[14.078s][info ][gc,cpu         ] GC(26) User=0.18s Sys=0.00s Real=0.04s
[14.078s][info ][safepoint      ] Safepoint "ParallelGCFailedAllocation", Time since last: 366486460 ns, Reaching safepoint: 2267237 ns, At safepoint: 48505388 ns, Total: 50772625 ns
[14.486s][info ][gc,start       ] GC(27) Pause Young (Allocation Failure)
[14.527s][debug][gc,phases      ] GC(27) Scavenge 41.330ms
[14.527s][debug][gc,ref         ] GC(27) Skipped phase 1 of Reference Processing: no references
[14.528s][debug][gc,ref         ] GC(27) Skipped phase 3 of Reference Processing: no references
[14.528s][debug][gc,phases      ] GC(27) Reference Processing 0.162ms
[14.528s][debug][gc,phases      ] GC(27) Weak Processing 0.794ms
[14.528s][debug][gc,age         ] GC(27) Desired survivor size 175636480 bytes, new threshold 15 (max threshold 15)
[14.528s][info ][gc,heap        ] GC(27) PSYoungGen: 1829504K(1913856K)->74992K(1925632K) Eden: 1730560K(1730560K)->0K(1747968K) From: 98944K(183296K)->74992K(177664K)
[14.528s][info ][gc,heap        ] GC(27) ParOldGen: 189752K(244224K)->208616K(244224K)
[14.528s][info ][gc,metaspace   ] GC(27) Metaspace: 62741K(63296K)->62741K(63296K) NonClass: 53803K(54144K)->53803K(54144K) Class: 8937K(9152K)->8937K(9152K)
[14.528s][info ][gc             ] GC(27) Pause Young (Allocation Failure) 1971M->276M(2119M) 42.449ms
[14.528s][info ][gc,cpu         ] GC(27) User=0.18s Sys=0.02s Real=0.04s
[14.528s][debug][gc,phases      ] GC(28) Pre Compact 0.016ms
[14.528s][info ][gc,start       ] GC(28) Pause Full (Ergonomics)
[14.528s][info ][gc,phases,start] GC(28) Marking Phase
[14.647s][debug][gc,phases      ] GC(28) Par Mark 118.525ms
[14.647s][debug][gc,ref         ] GC(28) Skipped phase 1 of Reference Processing: no references
[14.647s][debug][gc,ref         ] GC(28) Skipped phase 3 of Reference Processing: no references
[14.647s][debug][gc,phases      ] GC(28) Reference Processing 0.135ms
[14.648s][debug][gc,phases      ] GC(28) Weak Processing 0.498ms
[14.648s][debug][gc,phases      ] GC(28) ClassLoaderData 0.052ms
[14.648s][debug][gc,phases      ] GC(28) Trigger cleanups 0.000ms
[14.657s][debug][gc,phases      ] GC(28) Class Unloading 9.053ms
[14.657s][info ][gc,phases      ] GC(28) Marking Phase 128.373ms
[14.657s][info ][gc,phases,start] GC(28) Summary Phase
[14.657s][info ][gc,phases      ] GC(28) Summary Phase 0.022ms
[14.657s][info ][gc,phases,start] GC(28) Adjust Roots
[14.671s][info ][gc,phases      ] GC(28) Adjust Roots 13.904ms
[14.671s][info ][gc,phases,start] GC(28) Compaction Phase
[14.891s][info ][gc,phases      ] GC(28) Compaction Phase 220.222ms
[14.891s][info ][gc,phases,start] GC(28) Post Compact
[14.892s][info ][gc,phases      ] GC(28) Post Compact 1.246ms
[14.892s][info ][gc,heap        ] GC(28) PSYoungGen: 74992K(1925632K)->38274K(1925632K) Eden: 0K(1747968K)->0K(1747968K) From: 74992K(177664K)->38274K(177664K)
[14.892s][info ][gc,heap        ] GC(28) ParOldGen: 208616K(244224K)->243961K(305152K)
[14.892s][info ][gc,metaspace   ] GC(28) Metaspace: 62741K(63296K)->62741K(63296K) NonClass: 53803K(54144K)->53803K(54144K) Class: 8937K(9152K)->8937K(9152K)
[14.893s][info ][gc             ] GC(28) Pause Full (Ergonomics) 276M->275M(2178M) 364.053ms
[14.893s][info ][gc,cpu         ] GC(28) User=1.35s Sys=0.03s Real=0.37s
[14.917s][info ][safepoint      ] Safepoint "ParallelGCFailedAllocation", Time since last: 405391992 ns, Reaching safepoint: 2151735 ns, At safepoint: 430950508 ns, Total: 433102243 ns
[15.344s][info ][gc,start       ] GC(29) Pause Young (Allocation Failure)
[15.386s][debug][gc,phases      ] GC(29) Scavenge 42.196ms
[15.386s][debug][gc,ref         ] GC(29) Skipped phase 1 of Reference Processing: no references
[15.386s][debug][gc,ref         ] GC(29) Skipped phase 3 of Reference Processing: no references
[15.386s][debug][gc,phases      ] GC(29) Reference Processing 0.032ms
[15.387s][debug][gc,phases      ] GC(29) Weak Processing 0.520ms
[15.387s][debug][gc,age         ] GC(29) Desired survivor size 177209344 bytes, new threshold 15 (max threshold 15)
[15.387s][info ][gc,heap        ] GC(29) PSYoungGen: 1786242K(1925632K)->28368K(1919488K) Eden: 1747968K(1747968K)->0K(1747968K) From: 38274K(177664K)->28368K(171520K)
[15.387s][info ][gc,heap        ] GC(29) ParOldGen: 243961K(305152K)->244057K(305152K)
[15.387s][info ][gc,metaspace   ] GC(29) Metaspace: 62819K(63424K)->62819K(63424K) NonClass: 53853K(54144K)->53853K(54144K) Class: 8966K(9280K)->8966K(9280K)
[15.387s][info ][gc             ] GC(29) Pause Young (Allocation Failure) 1982M->266M(2172M) 42.894ms
[15.387s][info ][gc,cpu         ] GC(29) User=0.16s Sys=0.00s Real=0.04s
[15.387s][info ][safepoint      ] Safepoint "ParallelGCFailedAllocation", Time since last: 417311986 ns, Reaching safepoint: 9704858 ns, At safepoint: 43011800 ns, Total: 52716658 ns
[15.906s][info ][gc,start       ] GC(30) Pause Young (Allocation Failure)
[15.915s][debug][gc,phases      ] GC(30) Scavenge 9.193ms
[15.915s][debug][gc,ref         ] GC(30) Skipped phase 1 of Reference Processing: no references
[15.915s][debug][gc,ref         ] GC(30) Skipped phase 3 of Reference Processing: no references
[15.916s][debug][gc,phases      ] GC(30) Reference Processing 0.070ms
[15.916s][debug][gc,phases      ] GC(30) Weak Processing 0.667ms
[15.916s][debug][gc,age         ] GC(30) Desired survivor size 177733632 bytes, new threshold 15 (max threshold 15)
[15.916s][info ][gc,heap        ] GC(30) PSYoungGen: 1776336K(1919488K)->25856K(1923072K) Eden: 1747968K(1747968K)->0K(1750016K) From: 28368K(171520K)->25856K(173056K)
[15.916s][info ][gc,heap        ] GC(30) ParOldGen: 244057K(305152K)->244113K(305152K)
[15.916s][info ][gc,metaspace   ] GC(30) Metaspace: 63473K(64064K)->63473K(64064K) NonClass: 54403K(54720K)->54403K(54720K) Class: 9069K(9344K)->9069K(9344K)
[15.916s][info ][gc             ] GC(30) Pause Young (Allocation Failure) 1973M->263M(2176M) 10.080ms
[15.916s][info ][gc,cpu         ] GC(30) User=0.04s Sys=0.00s Real=0.01s
[15.916s][info ][safepoint      ] Safepoint "ParallelGCFailedAllocation", Time since last: 519033540 ns, Reaching safepoint: 213103 ns, At safepoint: 10200666 ns, Total: 10413769 ns
[16.404s][info ][gc,start       ] GC(31) Pause Young (Allocation Failure)
[16.413s][debug][gc,phases      ] GC(31) Scavenge 8.830ms
[16.413s][debug][gc,ref         ] GC(31) Skipped phase 1 of Reference Processing: no references
[16.413s][debug][gc,ref         ] GC(31) Skipped phase 3 of Reference Processing: no references
[16.413s][debug][gc,phases      ] GC(31) Reference Processing 0.039ms
[16.414s][debug][gc,phases      ] GC(31) Weak Processing 0.488ms
[16.414s][debug][gc,age         ] GC(31) Desired survivor size 176685056 bytes, new threshold 15 (max threshold 15)
[16.414s][info ][gc,heap        ] GC(31) PSYoungGen: 1775872K(1923072K)->25168K(1923584K) Eden: 1750016K(1750016K)->0K(1750016K) From: 25856K(173056K)->25168K(173568K)
[16.414s][info ][gc,heap        ] GC(31) ParOldGen: 244113K(305152K)->244897K(305152K)
[16.414s][info ][gc,metaspace   ] GC(31) Metaspace: 63514K(64064K)->63514K(64064K) NonClass: 54443K(54720K)->54443K(54720K) Class: 9071K(9344K)->9071K(9344K)
[16.414s][info ][gc             ] GC(31) Pause Young (Allocation Failure) 1972M->263M(2176M) 9.488ms
[16.414s][info ][gc,cpu         ] GC(31) User=0.03s Sys=0.00s Real=0.01s
[16.414s][info ][safepoint      ] Safepoint "ParallelGCFailedAllocation", Time since last: 487748332 ns, Reaching safepoint: 195503 ns, At safepoint: 9599056 ns, Total: 9794559 ns
[16.773s][info ][gc,start       ] GC(32) Pause Young (Allocation Failure)
[16.783s][debug][gc,phases      ] GC(32) Scavenge 9.433ms
[16.783s][debug][gc,ref         ] GC(32) Skipped phase 1 of Reference Processing: no references
[16.783s][debug][gc,ref         ] GC(32) Skipped phase 3 of Reference Processing: no references
[16.783s][debug][gc,phases      ] GC(32) Reference Processing 0.038ms
[16.783s][debug][gc,phases      ] GC(32) Weak Processing 0.500ms
[16.783s][debug][gc,age         ] GC(32) Desired survivor size 174587904 bytes, new threshold 15 (max threshold 15)
[16.783s][info ][gc,heap        ] GC(32) PSYoungGen: 1775184K(1923584K)->25328K(1926656K) Eden: 1750016K(1750016K)->0K(1754112K) From: 25168K(173568K)->25328K(172544K)
[16.783s][info ][gc,heap        ] GC(32) ParOldGen: 244897K(305152K)->244953K(305152K)
[16.783s][info ][gc,metaspace   ] GC(32) Metaspace: 63542K(64064K)->63542K(64064K) NonClass: 54470K(54720K)->54470K(54720K) Class: 9071K(9344K)->9071K(9344K)
[16.783s][info ][gc             ] GC(32) Pause Young (Allocation Failure) 1972M->263M(2179M) 10.118ms
[16.783s][info ][gc,cpu         ] GC(32) User=0.04s Sys=0.00s Real=0.01s
[16.783s][info ][safepoint      ] Safepoint "ParallelGCFailedAllocation", Time since last: 358987838 ns, Reaching safepoint: 215303 ns, At safepoint: 10218566 ns, Total: 10433869 ns
[17.130s][info ][gc,start       ] GC(33) Pause Young (Allocation Failure)
[17.137s][debug][gc,phases      ] GC(33) Scavenge 7.306ms
[17.137s][debug][gc,ref         ] GC(33) Skipped phase 1 of Reference Processing: no references
[17.137s][debug][gc,ref         ] GC(33) Skipped phase 3 of Reference Processing: no references
[17.137s][debug][gc,phases      ] GC(33) Reference Processing 0.037ms
[17.138s][debug][gc,phases      ] GC(33) Weak Processing 0.472ms
[17.138s][debug][gc,age         ] GC(33) Desired survivor size 171442176 bytes, new threshold 15 (max threshold 15)
[17.138s][info ][gc,heap        ] GC(33) PSYoungGen: 1779440K(1926656K)->25472K(1924608K) Eden: 1754112K(1754112K)->0K(1754112K) From: 25328K(172544K)->25472K(170496K)
[17.138s][info ][gc,heap        ] GC(33) ParOldGen: 244953K(305152K)->245009K(305152K)
[17.138s][info ][gc,metaspace   ] GC(33) Metaspace: 63565K(64192K)->63565K(64192K) NonClass: 54493K(54848K)->54493K(54848K) Class: 9071K(9344K)->9071K(9344K)
[17.138s][info ][gc             ] GC(33) Pause Young (Allocation Failure) 1976M->264M(2177M) 7.957ms
[17.138s][info ][gc,cpu         ] GC(33) User=0.03s Sys=0.00s Real=0.00s
[17.138s][info ][safepoint      ] Safepoint "ParallelGCFailedAllocation", Time since last: 344481202 ns, Reaching safepoint: 2197336 ns, At safepoint: 8066631 ns, Total: 10263967 ns
[17.544s][info ][gc,start       ] GC(34) Pause Young (Allocation Failure)
[17.553s][debug][gc,phases      ] GC(34) Scavenge 9.456ms
[17.553s][debug][gc,ref         ] GC(34) Skipped phase 1 of Reference Processing: no references
[17.553s][debug][gc,ref         ] GC(34) Skipped phase 3 of Reference Processing: no references
[17.553s][debug][gc,phases      ] GC(34) Reference Processing 0.037ms
[17.554s][debug][gc,phases      ] GC(34) Weak Processing 0.488ms
[17.554s][debug][gc,age         ] GC(34) Desired survivor size 166723584 bytes, new threshold 15 (max threshold 15)
[17.554s][info ][gc,heap        ] GC(34) PSYoungGen: 1779584K(1924608K)->25552K(1934336K) Eden: 1754112K(1754112K)->0K(1766912K) From: 25472K(170496K)->25552K(167424K)
[17.554s][info ][gc,heap        ] GC(34) ParOldGen: 245009K(305152K)->245025K(305152K)
[17.554s][info ][gc,metaspace   ] GC(34) Metaspace: 63580K(64192K)->63580K(64192K) NonClass: 54508K(54848K)->54508K(54848K) Class: 9071K(9344K)->9071K(9344K)
[17.554s][info ][gc             ] GC(34) Pause Young (Allocation Failure) 1977M->264M(2187M) 10.087ms
[17.554s][info ][gc,cpu         ] GC(34) User=0.03s Sys=0.00s Real=0.01s
[17.554s][info ][safepoint      ] Safepoint "ParallelGCFailedAllocation", Time since last: 403529662 ns, Reaching safepoint: 2158435 ns, At safepoint: 10201666 ns, Total: 12360101 ns
[17.928s][info ][gc,start       ] GC(35) Pause Young (Allocation Failure)
[17.937s][debug][gc,phases      ] GC(35) Scavenge 8.928ms
[17.937s][debug][gc,ref         ] GC(35) Skipped phase 1 of Reference Processing: no references
[17.937s][debug][gc,ref         ] GC(35) Skipped phase 3 of Reference Processing: no references
[17.937s][debug][gc,phases      ] GC(35) Reference Processing 0.060ms
[17.937s][debug][gc,phases      ] GC(35) Weak Processing 0.571ms
[17.937s][debug][gc,age         ] GC(35) Desired survivor size 162004992 bytes, new threshold 15 (max threshold 15)
[17.937s][info ][gc,heap        ] GC(35) PSYoungGen: 1792464K(1934336K)->26080K(1929728K) Eden: 1766912K(1766912K)->0K(1766912K) From: 25552K(167424K)->26080K(162816K)
[17.937s][info ][gc,heap        ] GC(35) ParOldGen: 245025K(305152K)->245049K(305152K)
[17.937s][info ][gc,metaspace   ] GC(35) Metaspace: 65010K(65600K)->65010K(65600K) NonClass: 55684K(56000K)->55684K(56000K) Class: 9325K(9600K)->9325K(9600K)
[17.937s][info ][gc             ] GC(35) Pause Young (Allocation Failure) 1989M->264M(2182M) 9.693ms
[17.937s][info ][gc,cpu         ] GC(35) User=0.05s Sys=0.00s Real=0.01s
[17.937s][info ][safepoint      ] Safepoint "ParallelGCFailedAllocation", Time since last: 373558075 ns, Reaching safepoint: 83001 ns, At safepoint: 9799759 ns, Total: 9882760 ns
[18.300s][info ][gc,start       ] GC(36) Pause Young (Allocation Failure)
[18.310s][debug][gc,phases      ] GC(36) Scavenge 9.506ms
[18.310s][debug][gc,ref         ] GC(36) Skipped phase 1 of Reference Processing: no references
[18.310s][debug][gc,ref         ] GC(36) Skipped phase 3 of Reference Processing: no references
[18.310s][debug][gc,phases      ] GC(36) Reference Processing 0.047ms
[18.310s][debug][gc,phases      ] GC(36) Weak Processing 0.544ms
[18.310s][debug][gc,age         ] GC(36) Desired survivor size 156762112 bytes, new threshold 15 (max threshold 15)
[18.310s][info ][gc,heap        ] GC(36) PSYoungGen: 1792992K(1929728K)->26784K(1944064K) Eden: 1766912K(1766912K)->0K(1785856K) From: 26080K(162816K)->26784K(158208K)
[18.310s][info ][gc,heap        ] GC(36) ParOldGen: 245049K(305152K)->245113K(305152K)
[18.310s][info ][gc,metaspace   ] GC(36) Metaspace: 65934K(66496K)->65934K(66496K) NonClass: 56485K(56768K)->56485K(56768K) Class: 9449K(9728K)->9449K(9728K)
[18.310s][info ][gc             ] GC(36) Pause Young (Allocation Failure) 1990M->265M(2196M) 10.239ms
[18.310s][info ][gc,cpu         ] GC(36) User=0.04s Sys=0.00s Real=0.02s
[18.310s][info ][safepoint      ] Safepoint "ParallelGCFailedAllocation", Time since last: 360709966 ns, Reaching safepoint: 1990633 ns, At safepoint: 10342768 ns, Total: 12333401 ns
[18.705s][info ][gc,start       ] GC(37) Pause Young (Allocation Failure)
[18.713s][debug][gc,phases      ] GC(37) Scavenge 8.789ms
[18.713s][debug][gc,ref         ] GC(37) Skipped phase 1 of Reference Processing: no references
[18.713s][debug][gc,ref         ] GC(37) Skipped phase 3 of Reference Processing: no references
[18.713s][debug][gc,phases      ] GC(37) Reference Processing 0.048ms
[18.714s][debug][gc,phases      ] GC(37) Weak Processing 0.564ms
[18.714s][debug][gc,age         ] GC(37) Desired survivor size 150470656 bytes, new threshold 15 (max threshold 15)
[18.714s][info ][gc,heap        ] GC(37) PSYoungGen: 1812640K(1944064K)->28096K(1938944K) Eden: 1785856K(1785856K)->0K(1785856K) From: 26784K(158208K)->28096K(153088K)
[18.714s][info ][gc,heap        ] GC(37) ParOldGen: 245113K(305152K)->245185K(305152K)
[18.714s][info ][gc,metaspace   ] GC(37) Metaspace: 68243K(68864K)->68243K(68864K) NonClass: 58554K(58880K)->58554K(58880K) Class: 9688K(9984K)->9688K(9984K)
[18.714s][info ][gc             ] GC(37) Pause Young (Allocation Failure) 2009M->266M(2191M) 9.539ms
[18.714s][info ][gc,cpu         ] GC(37) User=0.04s Sys=0.00s Real=0.01s
[18.714s][info ][safepoint      ] Safepoint "ParallelGCFailedAllocation", Time since last: 393704802 ns, Reaching safepoint: 427907 ns, At safepoint: 9649857 ns, Total: 10077764 ns
[19.065s][info ][safepoint      ] Safepoint "ICBufferFull", Time since last: 350494800 ns, Reaching safepoint: 362306 ns, At safepoint: 29400 ns, Total: 391706 ns
[19.091s][info ][gc,start       ] GC(38) Pause Young (Allocation Failure)
[19.108s][debug][gc,phases      ] GC(38) Scavenge 17.267ms
[19.108s][debug][gc,ref         ] GC(38) Skipped phase 1 of Reference Processing: no references
[19.108s][debug][gc,ref         ] GC(38) Skipped phase 3 of Reference Processing: no references
[19.108s][debug][gc,phases      ] GC(38) Reference Processing 0.061ms
[19.109s][debug][gc,phases      ] GC(38) Weak Processing 0.647ms
[19.109s][debug][gc,age         ] GC(38) Desired survivor size 144703488 bytes, new threshold 15 (max threshold 15)
[19.109s][info ][gc,heap        ] GC(38) PSYoungGen: 1813952K(1938944K)->28086K(1955840K) Eden: 1785856K(1785856K)->0K(1808896K) From: 28096K(153088K)->28086K(146944K)
[19.109s][info ][gc,heap        ] GC(38) ParOldGen: 245185K(305152K)->246137K(305152K)
[19.109s][info ][gc,metaspace   ] GC(38) Metaspace: 70733K(71296K)->70733K(71296K) NonClass: 60708K(61056K)->60708K(61056K) Class: 10025K(10240K)->10025K(10240K)
[19.109s][info ][gc             ] GC(38) Pause Young (Allocation Failure) 2010M->267M(2208M) 18.126ms
[19.109s][info ][gc,cpu         ] GC(38) User=0.05s Sys=0.00s Real=0.02s
[19.109s][info ][safepoint      ] Safepoint "ParallelGCFailedAllocation", Time since last: 25330512 ns, Reaching safepoint: 279205 ns, At safepoint: 18225096 ns, Total: 18504301 ns
[19.526s][info ][gc,start       ] GC(39) Pause Young (Allocation Failure)
[19.553s][debug][gc,phases      ] GC(39) Scavenge 26.353ms
[19.553s][debug][gc,ref         ] GC(39) Skipped phase 1 of Reference Processing: no references
[19.553s][debug][gc,phases      ] GC(39) Reference Processing 0.073ms
[19.554s][debug][gc,phases      ] GC(39) Weak Processing 0.810ms
[19.554s][debug][gc,age         ] GC(39) Desired survivor size 138412032 bytes, new threshold 15 (max threshold 15)
[19.554s][info ][gc,heap        ] GC(39) PSYoungGen: 1836982K(1955840K)->28015K(1950208K) Eden: 1808896K(1808896K)->0K(1808896K) From: 28086K(146944K)->28015K(141312K)
[19.554s][info ][gc,heap        ] GC(39) ParOldGen: 246137K(305152K)->246393K(305152K)
[19.554s][info ][gc,metaspace   ] GC(39) Metaspace: 70969K(71616K)->70969K(71616K) NonClass: 60910K(61248K)->60910K(61248K) Class: 10059K(10368K)->10059K(10368K)
[19.554s][info ][gc             ] GC(39) Pause Young (Allocation Failure) 2034M->267M(2202M) 27.377ms
[19.554s][info ][gc,cpu         ] GC(39) User=0.04s Sys=0.00s Real=0.03s
[19.554s][info ][safepoint      ] Safepoint "ParallelGCFailedAllocation", Time since last: 417355587 ns, Reaching safepoint: 183603 ns, At safepoint: 27491447 ns, Total: 27675050 ns
[20.082s][info ][gc,start       ] GC(40) Pause Young (Allocation Failure)
[20.094s][debug][gc,phases      ] GC(40) Scavenge 12.135ms
[20.094s][debug][gc,ref         ] GC(40) Skipped phase 1 of Reference Processing: no references
[20.094s][debug][gc,ref         ] GC(40) Skipped phase 3 of Reference Processing: no references
[20.094s][debug][gc,phases      ] GC(40) Reference Processing 0.059ms
[20.095s][debug][gc,phases      ] GC(40) Weak Processing 0.609ms
[20.095s][debug][gc,age         ] GC(40) Desired survivor size 132644864 bytes, new threshold 15 (max threshold 15)
[20.095s][info ][gc,heap        ] GC(40) PSYoungGen: 1836911K(1950208K)->28479K(1967616K) Eden: 1808896K(1808896K)->0K(1832448K) From: 28015K(141312K)->28479K(135168K)
[20.095s][info ][gc,heap        ] GC(40) ParOldGen: 246393K(305152K)->246809K(305152K)
[20.095s][info ][gc,metaspace   ] GC(40) Metaspace: 71733K(72320K)->71733K(72320K) NonClass: 61584K(61888K)->61584K(61888K) Class: 10149K(10432K)->10149K(10432K)
[20.095s][info ][gc             ] GC(40) Pause Young (Allocation Failure) 2034M->268M(2219M) 12.920ms
[20.095s][info ][gc,cpu         ] GC(40) User=0.04s Sys=0.00s Real=0.01s
[20.095s][info ][safepoint      ] Safepoint "ParallelGCFailedAllocation", Time since last: 519099342 ns, Reaching safepoint: 8670141 ns, At safepoint: 13036812 ns, Total: 21706953 ns
[20.708s][info ][safepoint      ] Safepoint "ICBufferFull", Time since last: 612637862 ns, Reaching safepoint: 276405 ns, At safepoint: 26900 ns, Total: 303305 ns
[20.743s][info ][gc,start       ] GC(41) Pause Young (Allocation Failure)
[20.760s][debug][gc,phases      ] GC(41) Scavenge 16.939ms
[20.760s][debug][gc,ref         ] GC(41) Skipped phase 1 of Reference Processing: no references
[20.760s][debug][gc,ref         ] GC(41) Skipped phase 3 of Reference Processing: no references
[20.760s][debug][gc,phases      ] GC(41) Reference Processing 0.077ms
[20.760s][debug][gc,phases      ] GC(41) Weak Processing 0.575ms
[20.760s][debug][gc,age         ] GC(41) Desired survivor size 131596288 bytes, new threshold 15 (max threshold 15)
[20.760s][info ][gc,heap        ] GC(41) PSYoungGen: 1860927K(1967616K)->65254K(1961984K) Eden: 1832448K(1832448K)->0K(1832448K) From: 28479K(135168K)->65254K(129536K)
[20.760s][info ][gc,heap        ] GC(41) ParOldGen: 246809K(305152K)->248375K(305152K)
[20.760s][info ][gc,metaspace   ] GC(41) Metaspace: 72117K(72640K)->72117K(72640K) NonClass: 61924K(62208K)->61924K(62208K) Class: 10193K(10432K)->10193K(10432K)
[20.760s][info ][gc             ] GC(41) Pause Young (Allocation Failure) 2058M->306M(2214M) 17.720ms
[20.760s][info ][gc,cpu         ] GC(41) User=0.05s Sys=0.02s Real=0.01s
[20.760s][info ][safepoint      ] Safepoint "ParallelGCFailedAllocation", Time since last: 34845167 ns, Reaching safepoint: 115102 ns, At safepoint: 17822790 ns, Total: 17937892 ns
[21.008s][info ][safepoint      ] Safepoint "ICBufferFull", Time since last: 247170519 ns, Reaching safepoint: 242004 ns, At safepoint: 29901 ns, Total: 271905 ns
[21.040s][info ][safepoint      ] Safepoint "ICBufferFull", Time since last: 31701115 ns, Reaching safepoint: 141903 ns, At safepoint: 25600 ns, Total: 167503 ns
[21.194s][info ][gc,start       ] GC(42) Pause Young (Allocation Failure)
[21.214s][debug][gc,phases      ] GC(42) Scavenge 20.223ms
[21.214s][debug][gc,ref         ] GC(42) Skipped phase 1 of Reference Processing: no references
[21.214s][debug][gc,phases      ] GC(42) Reference Processing 0.082ms
[21.215s][debug][gc,phases      ] GC(42) Weak Processing 0.648ms
[21.215s][debug][gc,age         ] GC(42) Desired survivor size 132120576 bytes, new threshold 15 (max threshold 15)
[21.215s][info ][gc,heap        ] GC(42) PSYoungGen: 1897702K(1961984K)->69600K(1967616K) Eden: 1832448K(1832448K)->0K(1839104K) From: 65254K(129536K)->69600K(128512K)
[21.215s][info ][gc,heap        ] GC(42) ParOldGen: 248375K(305152K)->252611K(305152K)
[21.215s][info ][gc,metaspace   ] GC(42) Metaspace: 72559K(73216K)->72559K(73216K) NonClass: 62302K(62656K)->62302K(62656K) Class: 10257K(10560K)->10257K(10560K)
[21.215s][info ][gc             ] GC(42) Pause Young (Allocation Failure) 2095M->314M(2219M) 21.089ms
[21.215s][info ][gc,cpu         ] GC(42) User=0.10s Sys=0.00s Real=0.02s
[21.215s][info ][safepoint      ] Safepoint "ParallelGCFailedAllocation", Time since last: 153404095 ns, Reaching safepoint: 559509 ns, At safepoint: 21209945 ns, Total: 21769454 ns
[21.651s][info ][gc,start       ] GC(43) Pause Young (Allocation Failure)
[21.682s][debug][gc,phases      ] GC(43) Scavenge 31.047ms
[21.682s][debug][gc,ref         ] GC(43) Skipped phase 1 of Reference Processing: no references
[21.682s][debug][gc,ref         ] GC(43) Skipped phase 3 of Reference Processing: no references
[21.682s][debug][gc,phases      ] GC(43) Reference Processing 0.098ms
[21.683s][debug][gc,phases      ] GC(43) Weak Processing 0.768ms
[21.683s][debug][gc,age         ] GC(43) Desired survivor size 134217728 bytes, new threshold 15 (max threshold 15)
[21.683s][info ][gc,heap        ] GC(43) PSYoungGen: 1908704K(1967616K)->75552K(1914880K) Eden: 1839104K(1839104K)->0K(1839104K) From: 69600K(128512K)->75552K(75776K)
[21.683s][info ][gc,heap        ] GC(43) ParOldGen: 252611K(305152K)->256688K(305152K)
[21.683s][info ][gc,metaspace   ] GC(43) Metaspace: 72628K(73280K)->72628K(73280K) NonClass: 62368K(62720K)->62368K(62720K) Class: 10260K(10560K)->10260K(10560K)
[21.683s][info ][gc             ] GC(43) Pause Young (Allocation Failure) 2110M->324M(2168M) 32.036ms
[21.683s][info ][gc,cpu         ] GC(43) User=0.11s Sys=0.00s Real=0.03s
[21.683s][info ][safepoint      ] Safepoint "ParallelGCFailedAllocation", Time since last: 435803087 ns, Reaching safepoint: 326105 ns, At safepoint: 32144023 ns, Total: 32470128 ns
[22.042s][info ][safepoint      ] Safepoint "ICBufferFull", Time since last: 358361028 ns, Reaching safepoint: 240304 ns, At safepoint: 25000 ns, Total: 265304 ns
[22.132s][info ][safepoint      ] Safepoint "ICBufferFull", Time since last: 89781860 ns, Reaching safepoint: 175303 ns, At safepoint: 19200 ns, Total: 194503 ns
[22.138s][info ][safepoint      ] Safepoint "ICBufferFull", Time since last: 6165000 ns, Reaching safepoint: 75902 ns, At safepoint: 17900 ns, Total: 93802 ns
[22.216s][info ][safepoint      ] Safepoint "ICBufferFull", Time since last: 77716364 ns, Reaching safepoint: 108102 ns, At safepoint: 20400 ns, Total: 128502 ns
[22.233s][info ][safepoint      ] Safepoint "ICBufferFull", Time since last: 16959276 ns, Reaching safepoint: 52201 ns, At safepoint: 16400 ns, Total: 68601 ns
[22.234s][info ][gc,start       ] GC(44) Pause Young (Allocation Failure)
[22.254s][debug][gc,phases      ] GC(44) Scavenge 20.235ms
[22.254s][debug][gc,ref         ] GC(44) Skipped phase 1 of Reference Processing: no references
[22.254s][debug][gc,ref         ] GC(44) Skipped phase 3 of Reference Processing: no references
[22.254s][debug][gc,phases      ] GC(44) Reference Processing 0.086ms
[22.255s][debug][gc,phases      ] GC(44) Weak Processing 0.678ms
[22.255s][debug][gc,age         ] GC(44) Desired survivor size 135790592 bytes, new threshold 15 (max threshold 15)
[22.255s][info ][gc,heap        ] GC(44) PSYoungGen: 1914656K(1914880K)->77616K(1963008K) Eden: 1839104K(1839104K)->0K(1831936K) From: 75552K(75776K)->77616K(131072K)
[22.255s][info ][gc,heap        ] GC(44) ParOldGen: 256688K(305152K)->268945K(305152K)
[22.255s][info ][gc,metaspace   ] GC(44) Metaspace: 73322K(73984K)->73322K(73984K) NonClass: 63001K(63360K)->63001K(63360K) Class: 10320K(10624K)->10320K(10624K)
[22.255s][info ][gc             ] GC(44) Pause Young (Allocation Failure) 2120M->338M(2215M) 21.126ms
[22.255s][info ][gc,cpu         ] GC(44) User=0.07s Sys=0.02s Real=0.02s
[22.255s][info ][safepoint      ] Safepoint "ParallelGCFailedAllocation", Time since last: 521208 ns, Reaching safepoint: 99802 ns, At safepoint: 21224945 ns, Total: 21324747 ns
[22.300s][info ][safepoint      ] Safepoint "ICBufferFull", Time since last: 45234536 ns, Reaching safepoint: 195503 ns, At safepoint: 30000 ns, Total: 225503 ns
[22.300s][info ][safepoint      ] Safepoint "ICBufferFull", Time since last: 63201 ns, Reaching safepoint: 87202 ns, At safepoint: 26300 ns, Total: 113502 ns
[22.308s][info ][safepoint      ] Safepoint "ICBufferFull", Time since last: 7848528 ns, Reaching safepoint: 139102 ns, At safepoint: 29901 ns, Total: 169003 ns
[22.312s][info ][safepoint      ] Safepoint "ICBufferFull", Time since last: 2925947 ns, Reaching safepoint: 104202 ns, At safepoint: 20100 ns, Total: 124302 ns
[22.315s][info ][safepoint      ] Safepoint "ICBufferFull", Time since last: 3249253 ns, Reaching safepoint: 163803 ns, At safepoint: 21700 ns, Total: 185503 ns
[22.316s][info ][safepoint      ] Safepoint "ICBufferFull", Time since last: 1198920 ns, Reaching safepoint: 50900 ns, At safepoint: 21401 ns, Total: 72301 ns
[22.321s][info ][safepoint      ] Safepoint "ICBufferFull", Time since last: 1721328 ns, Reaching safepoint: 3161551 ns, At safepoint: 21701 ns, Total: 3183252 ns
[22.327s][info ][safepoint      ] Safepoint "ICBufferFull", Time since last: 1418023 ns, Reaching safepoint: 4223268 ns, At safepoint: 34601 ns, Total: 4257869 ns
[22.330s][info ][safepoint      ] Safepoint "ICBufferFull", Time since last: 3017849 ns, Reaching safepoint: 103102 ns, At safepoint: 24400 ns, Total: 127502 ns
[22.335s][info ][safepoint      ] Safepoint "ICBufferFull", Time since last: 5007781 ns, Reaching safepoint: 87802 ns, At safepoint: 21600 ns, Total: 109402 ns
[22.367s][info ][safepoint      ] Safepoint "ICBufferFull", Time since last: 31571214 ns, Reaching safepoint: 141702 ns, At safepoint: 29700 ns, Total: 171402 ns
[22.387s][info ][safepoint      ] Safepoint "ICBufferFull", Time since last: 19853323 ns, Reaching safepoint: 124602 ns, At safepoint: 23301 ns, Total: 147903 ns
[22.390s][info ][safepoint      ] Safepoint "ICBufferFull", Time since last: 3295553 ns, Reaching safepoint: 121302 ns, At safepoint: 24201 ns, Total: 145503 ns
[22.392s][info ][safepoint      ] Safepoint "ICBufferFull", Time since last: 1965032 ns, Reaching safepoint: 101801 ns, At safepoint: 18601 ns, Total: 120402 ns
[22.394s][info ][safepoint      ] Safepoint "ICBufferFull", Time since last: 1579525 ns, Reaching safepoint: 100802 ns, At safepoint: 16200 ns, Total: 117002 ns
[22.396s][info ][safepoint      ] Safepoint "ICBufferFull", Time since last: 1420923 ns, Reaching safepoint: 98202 ns, At safepoint: 19600 ns, Total: 117802 ns
[22.398s][info ][safepoint      ] Safepoint "ICBufferFull", Time since last: 1843130 ns, Reaching safepoint: 106602 ns, At safepoint: 20300 ns, Total: 126902 ns
[22.400s][info ][safepoint      ] Safepoint "ICBufferFull", Time since last: 2330438 ns, Reaching safepoint: 102602 ns, At safepoint: 20700 ns, Total: 123302 ns
[22.403s][info ][safepoint      ] Safepoint "ICBufferFull", Time since last: 3117951 ns, Reaching safepoint: 115002 ns, At safepoint: 22300 ns, Total: 137302 ns
[22.519s][info ][safepoint      ] Safepoint "ICBufferFull", Time since last: 114770066 ns, Reaching safepoint: 760913 ns, At safepoint: 22400 ns, Total: 783313 ns
[22.532s][info ][safepoint      ] Safepoint "ICBufferFull", Time since last: 13311217 ns, Reaching safepoint: 136902 ns, At safepoint: 22100 ns, Total: 159002 ns
[22.533s][info ][safepoint      ] Safepoint "ICBufferFull", Time since last: 1044917 ns, Reaching safepoint: 101102 ns, At safepoint: 19500 ns, Total: 120602 ns
[22.535s][info ][safepoint      ] Safepoint "ICBufferFull", Time since last: 1408923 ns, Reaching safepoint: 104602 ns, At safepoint: 19600 ns, Total: 124202 ns
[22.538s][info ][safepoint      ] Safepoint "ICBufferFull", Time since last: 2509641 ns, Reaching safepoint: 220104 ns, At safepoint: 23200 ns, Total: 243304 ns
[22.542s][info ][safepoint      ] Safepoint "ICBufferFull", Time since last: 4404672 ns, Reaching safepoint: 129802 ns, At safepoint: 24400 ns, Total: 154202 ns
[22.550s][info ][safepoint      ] Safepoint "ICBufferFull", Time since last: 7335919 ns, Reaching safepoint: 114102 ns, At safepoint: 22501 ns, Total: 136603 ns
[22.550s][info ][safepoint      ] Safepoint "ICBufferFull", Time since last: 564709 ns, Reaching safepoint: 77001 ns, At safepoint: 23700 ns, Total: 100701 ns
[22.551s][info ][safepoint      ] Safepoint "ICBufferFull", Time since last: 540509 ns, Reaching safepoint: 83202 ns, At safepoint: 23300 ns, Total: 106502 ns
[22.552s][info ][safepoint      ] Safepoint "ICBufferFull", Time since last: 718612 ns, Reaching safepoint: 97401 ns, At safepoint: 20401 ns, Total: 117802 ns
[22.553s][info ][safepoint      ] Safepoint "ICBufferFull", Time since last: 784812 ns, Reaching safepoint: 99602 ns, At safepoint: 35700 ns, Total: 135302 ns
[22.554s][info ][safepoint      ] Safepoint "ICBufferFull", Time since last: 723112 ns, Reaching safepoint: 93802 ns, At safepoint: 25300 ns, Total: 119102 ns
[22.555s][info ][safepoint      ] Safepoint "ICBufferFull", Time since last: 834214 ns, Reaching safepoint: 89101 ns, At safepoint: 22501 ns, Total: 111602 ns
[22.556s][info ][safepoint      ] Safepoint "ICBufferFull", Time since last: 823613 ns, Reaching safepoint: 91501 ns, At safepoint: 20901 ns, Total: 112402 ns
[22.556s][info ][safepoint      ] Safepoint "ICBufferFull", Time since last: 748112 ns, Reaching safepoint: 86901 ns, At safepoint: 21601 ns, Total: 108502 ns
[22.560s][info ][safepoint      ] Safepoint "ICBufferFull", Time since last: 3191552 ns, Reaching safepoint: 293004 ns, At safepoint: 25801 ns, Total: 318805 ns
[22.561s][info ][safepoint      ] Safepoint "ICBufferFull", Time since last: 713611 ns, Reaching safepoint: 284405 ns, At safepoint: 21800 ns, Total: 306205 ns
[22.682s][info ][gc,start       ] GC(45) Pause Young (Allocation Failure)
[22.699s][debug][gc,phases      ] GC(45) Scavenge 17.342ms
[22.699s][debug][gc,ref         ] GC(45) Skipped phase 1 of Reference Processing: no references
[22.699s][debug][gc,ref         ] GC(45) Skipped phase 3 of Reference Processing: no references
[22.699s][debug][gc,phases      ] GC(45) Reference Processing 0.081ms
[22.700s][debug][gc,phases      ] GC(45) Weak Processing 0.650ms
[22.700s][debug][gc,age         ] GC(45) Desired survivor size 136839168 bytes, new threshold 15 (max threshold 15)
[22.700s][info ][gc,heap        ] GC(45) PSYoungGen: 1909552K(1963008K)->76912K(1909248K) Eden: 1831936K(1831936K)->0K(1831936K) From: 77616K(131072K)->76912K(77312K)
[22.700s][info ][gc,heap        ] GC(45) ParOldGen: 268945K(305152K)->269629K(305152K)
[22.700s][info ][gc,metaspace   ] GC(45) Metaspace: 73714K(74304K)->73714K(74304K) NonClass: 63361K(63680K)->63361K(63680K) Class: 10352K(10624K)->10352K(10624K)
[22.700s][info ][gc             ] GC(45) Pause Young (Allocation Failure) 2127M->338M(2162M) 18.206ms
[22.700s][info ][gc,cpu         ] GC(45) User=0.06s Sys=0.00s Real=0.01s
[22.700s][info ][safepoint      ] Safepoint "ParallelGCFailedAllocation", Time since last: 120107154 ns, Reaching safepoint: 820413 ns, At safepoint: 18318498 ns, Total: 19138911 ns
[22.876s][info ][safepoint      ] Safepoint "ICBufferFull", Time since last: 175162748 ns, Reaching safepoint: 307705 ns, At safepoint: 24501 ns, Total: 332206 ns
[22.883s][info ][safepoint      ] Safepoint "ICBufferFull", Time since last: 7542723 ns, Reaching safepoint: 106601 ns, At safepoint: 22501 ns, Total: 129102 ns
[22.887s][info ][safepoint      ] Safepoint "ICBufferFull", Time since last: 3048049 ns, Reaching safepoint: 136902 ns, At safepoint: 27201 ns, Total: 164103 ns
[23.166s][info ][gc,start       ] GC(46) Pause Young (Allocation Failure)
[23.183s][debug][gc,phases      ] GC(46) Scavenge 17.394ms
[23.183s][debug][gc,ref         ] GC(46) Skipped phase 1 of Reference Processing: no references
[23.183s][debug][gc,ref         ] GC(46) Skipped phase 3 of Reference Processing: no references
[23.183s][debug][gc,phases      ] GC(46) Reference Processing 0.086ms
[23.184s][debug][gc,phases      ] GC(46) Weak Processing 0.698ms
[23.184s][debug][gc,age         ] GC(46) Desired survivor size 137887744 bytes, new threshold 15 (max threshold 15)
[23.184s][info ][gc,heap        ] GC(46) PSYoungGen: 1908848K(1909248K)->81002K(1961472K) Eden: 1831936K(1831936K)->0K(1827840K) From: 76912K(77312K)->81002K(133632K)
[23.184s][info ][gc,heap        ] GC(46) ParOldGen: 269629K(305152K)->269829K(305152K)
[23.184s][info ][gc,metaspace   ] GC(46) Metaspace: 74041K(74688K)->74041K(74688K) NonClass: 63663K(64000K)->63663K(64000K) Class: 10378K(10688K)->10378K(10688K)
[23.184s][info ][gc             ] GC(46) Pause Young (Allocation Failure) 2127M->342M(2213M) 18.337ms
[23.184s][info ][gc,cpu         ] GC(46) User=0.08s Sys=0.00s Real=0.02s
[23.184s][info ][safepoint      ] Safepoint "ParallelGCFailedAllocation", Time since last: 278787834 ns, Reaching safepoint: 203503 ns, At safepoint: 18459600 ns, Total: 18663103 ns
[23.651s][info ][gc,start       ] GC(47) Pause Young (Allocation Failure)
[23.667s][debug][gc,phases      ] GC(47) Scavenge 15.608ms
[23.667s][debug][gc,ref         ] GC(47) Skipped phase 1 of Reference Processing: no references
[23.667s][debug][gc,ref         ] GC(47) Skipped phase 3 of Reference Processing: no references
[23.667s][debug][gc,phases      ] GC(47) Reference Processing 0.095ms
[23.668s][debug][gc,phases      ] GC(47) Weak Processing 0.748ms
[23.668s][debug][gc,age         ] GC(47) Desired survivor size 139460608 bytes, new threshold 15 (max threshold 15)
[23.668s][info ][gc,heap        ] GC(47) PSYoungGen: 1908842K(1961472K)->82523K(1910784K) Eden: 1827840K(1827840K)->0K(1827840K) From: 81002K(133632K)->82523K(82944K)
[23.668s][info ][gc,heap        ] GC(47) ParOldGen: 269829K(305152K)->269989K(305152K)
[23.668s][info ][gc,metaspace   ] GC(47) Metaspace: 74268K(74880K)->74268K(74880K) NonClass: 63878K(64192K)->63878K(64192K) Class: 10390K(10688K)->10390K(10688K)
[23.668s][info ][gc             ] GC(47) Pause Young (Allocation Failure) 2127M->344M(2164M) 16.621ms
[23.668s][info ][gc,cpu         ] GC(47) User=0.07s Sys=0.00s Real=0.01s
[23.668s][info ][safepoint      ] Safepoint "ParallelGCFailedAllocation", Time since last: 466888793 ns, Reaching safepoint: 260904 ns, At safepoint: 16754273 ns, Total: 17015177 ns
[24.046s][info ][safepoint      ] Safepoint "ICBufferFull", Time since last: 378054048 ns, Reaching safepoint: 290805 ns, At safepoint: 34200 ns, Total: 325005 ns
[24.109s][info ][gc,start       ] GC(48) Pause Young (Allocation Failure)
[24.127s][debug][gc,phases      ] GC(48) Scavenge 17.674ms
[24.127s][debug][gc,ref         ] GC(48) Skipped phase 1 of Reference Processing: no references
[24.127s][debug][gc,ref         ] GC(48) Skipped phase 3 of Reference Processing: no references
[24.127s][debug][gc,phases      ] GC(48) Reference Processing 0.143ms
[24.128s][debug][gc,phases      ] GC(48) Weak Processing 0.918ms
[24.128s][debug][gc,age         ] GC(48) Desired survivor size 139460608 bytes, new threshold 15 (max threshold 15)
[24.128s][info ][gc,heap        ] GC(48) PSYoungGen: 1910363K(1910784K)->81307K(1960960K) Eden: 1827840K(1827840K)->0K(1824768K) From: 82523K(82944K)->81307K(136192K)
[24.128s][info ][gc,heap        ] GC(48) ParOldGen: 269989K(305152K)->270141K(305152K)
[24.128s][info ][gc,metaspace   ] GC(48) Metaspace: 75075K(75712K)->75075K(75712K) NonClass: 64593K(64960K)->64593K(64960K) Class: 10481K(10752K)->10481K(10752K)
[24.128s][info ][gc             ] GC(48) Pause Young (Allocation Failure) 2129M->343M(2213M) 18.894ms
[24.128s][info ][gc,cpu         ] GC(48) User=0.07s Sys=0.01s Real=0.01s
[24.128s][info ][safepoint      ] Safepoint "ParallelGCFailedAllocation", Time since last: 62483816 ns, Reaching safepoint: 175903 ns, At safepoint: 19006809 ns, Total: 19182712 ns
[24.538s][info ][gc,start       ] GC(49) Pause Young (Allocation Failure)
[24.553s][debug][gc,phases      ] GC(49) Scavenge 15.370ms
[24.553s][debug][gc,ref         ] GC(49) Skipped phase 1 of Reference Processing: no references
[24.554s][debug][gc,ref         ] GC(49) Skipped phase 3 of Reference Processing: no references
[24.554s][debug][gc,phases      ] GC(49) Reference Processing 0.096ms
[24.554s][debug][gc,phases      ] GC(49) Weak Processing 0.689ms
[24.554s][debug][gc,age         ] GC(49) Desired survivor size 137887744 bytes, new threshold 15 (max threshold 15)
[24.554s][info ][gc,heap        ] GC(49) PSYoungGen: 1906075K(1960960K)->79579K(1960960K) Eden: 1824768K(1824768K)->0K(1824768K) From: 81307K(136192K)->79579K(136192K)
[24.554s][info ][gc,heap        ] GC(49) ParOldGen: 270141K(305152K)->270357K(305152K)
[24.554s][info ][gc,metaspace   ] GC(49) Metaspace: 75163K(75776K)->75163K(75776K) NonClass: 64682K(65024K)->64682K(65024K) Class: 10481K(10752K)->10481K(10752K)
[24.554s][info ][gc             ] GC(49) Pause Young (Allocation Failure) 2125M->341M(2213M) 16.311ms
[24.554s][info ][gc,cpu         ] GC(49) User=0.06s Sys=0.01s Real=0.02s
[24.554s][info ][safepoint      ] Safepoint "ParallelGCFailedAllocation", Time since last: 409745964 ns, Reaching safepoint: 234304 ns, At safepoint: 16438267 ns, Total: 16672571 ns
[24.992s][info ][gc,start       ] GC(50) Pause Young (Allocation Failure)
[25.007s][debug][gc,phases      ] GC(50) Scavenge 15.244ms
[25.007s][debug][gc,ref         ] GC(50) Skipped phase 1 of Reference Processing: no references
[25.007s][debug][gc,ref         ] GC(50) Skipped phase 3 of Reference Processing: no references
[25.007s][debug][gc,phases      ] GC(50) Reference Processing 0.079ms
[25.008s][debug][gc,phases      ] GC(50) Weak Processing 0.713ms
[25.008s][debug][gc,age         ] GC(50) Desired survivor size 135266304 bytes, new threshold 15 (max threshold 15)
[25.008s][info ][gc,heap        ] GC(50) PSYoungGen: 1904347K(1960960K)->76724K(1965056K) Eden: 1824768K(1824768K)->0K(1830400K) From: 79579K(136192K)->76724K(134656K)
[25.008s][info ][gc,heap        ] GC(50) ParOldGen: 270357K(305152K)->270893K(305152K)
[25.008s][info ][gc,metaspace   ] GC(50) Metaspace: 75253K(75840K)->75253K(75840K) NonClass: 64767K(65088K)->64767K(65088K) Class: 10485K(10752K)->10485K(10752K)
[25.008s][info ][gc             ] GC(50) Pause Young (Allocation Failure) 2123M->339M(2217M) 16.198ms
[25.008s][info ][gc,cpu         ] GC(50) User=0.06s Sys=0.00s Real=0.01s
[25.008s][info ][safepoint      ] Safepoint "ParallelGCFailedAllocation", Time since last: 437017507 ns, Reaching safepoint: 180903 ns, At safepoint: 16316865 ns, Total: 16497768 ns
[25.433s][info ][gc,start       ] GC(51) Pause Young (Allocation Failure)
[25.447s][debug][gc,phases      ] GC(51) Scavenge 13.692ms
[25.447s][debug][gc,ref         ] GC(51) Skipped phase 1 of Reference Processing: no references
[25.447s][debug][gc,ref         ] GC(51) Skipped phase 3 of Reference Processing: no references
[25.447s][debug][gc,phases      ] GC(51) Reference Processing 0.073ms
[25.448s][debug][gc,phases      ] GC(51) Weak Processing 0.687ms
[25.448s][debug][gc,age         ] GC(51) Desired survivor size 132120576 bytes, new threshold 15 (max threshold 15)
[25.448s][info ][gc,heap        ] GC(51) PSYoungGen: 1907124K(1965056K)->75067K(1962496K) Eden: 1830400K(1830400K)->0K(1830400K) From: 76724K(134656K)->75067K(132096K)
[25.448s][info ][gc,heap        ] GC(51) ParOldGen: 270893K(305152K)->271605K(305152K)
[25.448s][info ][gc,metaspace   ] GC(51) Metaspace: 75405K(76032K)->75405K(76032K) NonClass: 64915K(65280K)->64915K(65280K) Class: 10490K(10752K)->10490K(10752K)
[25.448s][info ][gc             ] GC(51) Pause Young (Allocation Failure) 2126M->338M(2214M) 14.586ms
[25.448s][info ][gc,cpu         ] GC(51) User=0.06s Sys=0.00s Real=0.01s
[25.448s][info ][safepoint      ] Safepoint "ParallelGCFailedAllocation", Time since last: 421085648 ns, Reaching safepoint: 4359971 ns, At safepoint: 14713240 ns, Total: 19073211 ns
[25.904s][info ][gc,start       ] GC(52) Pause Young (Allocation Failure)
[25.920s][debug][gc,phases      ] GC(52) Scavenge 15.994ms
[25.920s][debug][gc,ref         ] GC(52) Skipped phase 1 of Reference Processing: no references
[25.920s][debug][gc,ref         ] GC(52) Skipped phase 3 of Reference Processing: no references
[25.920s][debug][gc,phases      ] GC(52) Reference Processing 0.111ms
[25.921s][debug][gc,phases      ] GC(52) Weak Processing 0.935ms
[25.921s][debug][gc,age         ] GC(52) Desired survivor size 128974848 bytes, new threshold 15 (max threshold 15)
[25.921s][info ][gc,heap        ] GC(52) PSYoungGen: 1905467K(1962496K)->75972K(1971200K) Eden: 1830400K(1830400K)->0K(1842176K) From: 75067K(132096K)->75972K(129024K)
[25.921s][info ][gc,heap        ] GC(52) ParOldGen: 271605K(305152K)->273009K(305152K)
[25.921s][info ][gc,metaspace   ] GC(52) Metaspace: 75525K(76160K)->75525K(76160K) NonClass: 65033K(65408K)->65033K(65408K) Class: 10492K(10752K)->10492K(10752K)
[25.921s][info ][gc             ] GC(52) Pause Young (Allocation Failure) 2126M->340M(2223M) 17.211ms
[25.921s][info ][gc,cpu         ] GC(52) User=0.08s Sys=0.00s Real=0.02s
[25.921s][info ][safepoint      ] Safepoint "ParallelGCFailedAllocation", Time since last: 455785812 ns, Reaching safepoint: 247504 ns, At safepoint: 17333682 ns, Total: 17581186 ns
[26.124s][info ][safepoint      ] Safepoint "ICBufferFull", Time since last: 197455211 ns, Reaching safepoint: 5390788 ns, At safepoint: 28000 ns, Total: 5418788 ns
[26.418s][info ][safepoint      ] Safepoint "ICBufferFull", Time since last: 291049434 ns, Reaching safepoint: 2239736 ns, At safepoint: 29501 ns, Total: 2269237 ns
[26.445s][info ][gc,start       ] GC(53) Pause Young (Allocation Failure)
[26.460s][debug][gc,phases      ] GC(53) Scavenge 14.404ms
[26.460s][debug][gc,ref         ] GC(53) Skipped phase 1 of Reference Processing: no references
[26.460s][debug][gc,ref         ] GC(53) Skipped phase 3 of Reference Processing: no references
[26.460s][debug][gc,phases      ] GC(53) Reference Processing 0.064ms
[26.460s][debug][gc,phases      ] GC(53) Weak Processing 0.616ms
[26.460s][debug][gc,age         ] GC(53) Desired survivor size 126353408 bytes, new threshold 15 (max threshold 15)
[26.460s][info ][gc,heap        ] GC(53) PSYoungGen: 1918148K(1971200K)->75335K(1968128K) Eden: 1842176K(1842176K)->0K(1842176K) From: 75972K(129024K)->75335K(125952K)
[26.460s][info ][gc,heap        ] GC(53) ParOldGen: 273009K(305152K)->274052K(305152K)
[26.460s][info ][gc,metaspace   ] GC(53) Metaspace: 75646K(76288K)->75646K(76288K) NonClass: 65154K(65536K)->65154K(65536K) Class: 10492K(10752K)->10492K(10752K)
[26.460s][info ][gc             ] GC(53) Pause Young (Allocation Failure) 2139M->341M(2220M) 15.260ms
[26.460s][info ][gc,cpu         ] GC(53) User=0.06s Sys=0.00s Real=0.01s
[26.461s][info ][safepoint      ] Safepoint "ParallelGCFailedAllocation", Time since last: 27372545 ns, Reaching safepoint: 147002 ns, At safepoint: 15379150 ns, Total: 15526152 ns
[26.788s][info ][safepoint      ] Safepoint "ICBufferFull", Time since last: 326822115 ns, Reaching safepoint: 923315 ns, At safepoint: 26201 ns, Total: 949516 ns
[26.992s][info ][gc,start       ] GC(54) Pause Young (Allocation Failure)
[27.008s][debug][gc,phases      ] GC(54) Scavenge 15.967ms
[27.008s][debug][gc,ref         ] GC(54) Skipped phase 1 of Reference Processing: no references
[27.008s][debug][gc,ref         ] GC(54) Skipped phase 3 of Reference Processing: no references
[27.008s][debug][gc,phases      ] GC(54) Reference Processing 0.098ms
[27.009s][debug][gc,phases      ] GC(54) Weak Processing 0.629ms
[27.009s][debug][gc,age         ] GC(54) Desired survivor size 123207680 bytes, new threshold 15 (max threshold 15)
[27.009s][info ][gc,heap        ] GC(54) PSYoungGen: 1917511K(1968128K)->76087K(1976832K) Eden: 1842176K(1842176K)->0K(1853440K) From: 75335K(125952K)->76087K(123392K)
[27.009s][info ][gc,heap        ] GC(54) ParOldGen: 274052K(305152K)->274292K(305152K)
[27.009s][info ][gc,metaspace   ] GC(54) Metaspace: 75768K(76480K)->75768K(76480K) NonClass: 65272K(65664K)->65272K(65664K) Class: 10496K(10816K)->10496K(10816K)
[27.009s][info ][gc             ] GC(54) Pause Young (Allocation Failure) 2140M->342M(2228M) 16.916ms
[27.009s][info ][gc,cpu         ] GC(54) User=0.06s Sys=0.00s Real=0.02s
[27.009s][info ][safepoint      ] Safepoint "ParallelGCFailedAllocation", Time since last: 203654812 ns, Reaching safepoint: 163002 ns, At safepoint: 17031177 ns, Total: 17194179 ns
[27.293s][info ][safepoint      ] Safepoint "ICBufferFull", Time since last: 275703884 ns, Reaching safepoint: 8354636 ns, At safepoint: 41601 ns, Total: 8396237 ns
[27.554s][info ][gc,start       ] GC(55) Pause Young (Allocation Failure)
[27.570s][debug][gc,phases      ] GC(55) Scavenge 16.372ms
[27.570s][debug][gc,ref         ] GC(55) Skipped phase 1 of Reference Processing: no references
[27.570s][debug][gc,ref         ] GC(55) Skipped phase 3 of Reference Processing: no references
[27.570s][debug][gc,phases      ] GC(55) Reference Processing 0.068ms
[27.571s][debug][gc,phases      ] GC(55) Weak Processing 0.649ms
[27.571s][debug][gc,age         ] GC(55) Desired survivor size 120586240 bytes, new threshold 15 (max threshold 15)
[27.571s][info ][gc,heap        ] GC(55) PSYoungGen: 1929527K(1976832K)->76119K(1973760K) Eden: 1853440K(1853440K)->0K(1853440K) From: 76087K(123392K)->76119K(120320K)
[27.571s][info ][gc,heap        ] GC(55) ParOldGen: 274292K(305152K)->275108K(305152K)
[27.571s][info ][gc,metaspace   ] GC(55) Metaspace: 75873K(76544K)->75873K(76544K) NonClass: 65376K(65728K)->65376K(65728K) Class: 10496K(10816K)->10496K(10816K)
[27.571s][info ][gc             ] GC(55) Pause Young (Allocation Failure) 2152M->342M(2225M) 17.231ms
[27.571s][info ][gc,cpu         ] GC(55) User=0.06s Sys=0.00s Real=0.02s
[27.571s][info ][safepoint      ] Safepoint "ParallelGCFailedAllocation", Time since last: 257135282 ns, Reaching safepoint: 3283553 ns, At safepoint: 17344382 ns, Total: 20627935 ns
[28.086s][info ][safepoint      ] Safepoint "ICBufferFull", Time since last: 514425866 ns, Reaching safepoint: 216004 ns, At safepoint: 25000 ns, Total: 241004 ns
[28.107s][info ][gc,start       ] GC(56) Pause Young (Allocation Failure)
[28.124s][debug][gc,phases      ] GC(56) Scavenge 16.931ms
[28.124s][debug][gc,ref         ] GC(56) Skipped phase 1 of Reference Processing: no references
[28.124s][debug][gc,ref         ] GC(56) Skipped phase 3 of Reference Processing: no references
[28.124s][debug][gc,phases      ] GC(56) Reference Processing 0.063ms
[28.125s][debug][gc,phases      ] GC(56) Weak Processing 0.766ms
[28.125s][debug][gc,age         ] GC(56) Desired survivor size 119537664 bytes, new threshold 15 (max threshold 15)
[28.125s][info ][gc,heap        ] GC(56) PSYoungGen: 1929559K(1973760K)->49063K(1980416K) Eden: 1853440K(1853440K)->0K(1862656K) From: 76119K(120320K)->49063K(117760K)
[28.125s][info ][gc,heap        ] GC(56) ParOldGen: 275108K(305152K)->303749K(305152K)
[28.125s][info ][gc,metaspace   ] GC(56) Metaspace: 75917K(76608K)->75917K(76608K) NonClass: 65420K(65792K)->65420K(65792K) Class: 10496K(10816K)->10496K(10816K)
[28.125s][info ][gc             ] GC(56) Pause Young (Allocation Failure) 2152M->344M(2232M) 17.945ms
[28.125s][info ][gc,cpu         ] GC(56) User=0.07s Sys=0.00s Real=0.02s
[28.125s][debug][gc,phases      ] GC(57) Pre Compact 0.017ms
[28.125s][info ][gc,start       ] GC(57) Pause Full (Ergonomics)
[28.125s][info ][gc,phases,start] GC(57) Marking Phase
[28.230s][debug][gc,phases      ] GC(57) Par Mark 104.743ms
[28.230s][debug][gc,ref         ] GC(57) Skipped phase 1 of Reference Processing: no references
[28.230s][debug][gc,ref         ] GC(57) Skipped phase 3 of Reference Processing: no references
[28.230s][debug][gc,phases      ] GC(57) Reference Processing 0.400ms
[28.231s][debug][gc,phases      ] GC(57) Weak Processing 0.537ms
[28.231s][debug][gc,phases      ] GC(57) ClassLoaderData 0.061ms
[28.231s][debug][gc,phases      ] GC(57) Trigger cleanups 0.000ms
[28.244s][debug][gc,phases      ] GC(57) Class Unloading 12.883ms
[28.244s][info ][gc,phases      ] GC(57) Marking Phase 118.732ms
[28.244s][info ][gc,phases,start] GC(57) Summary Phase
[28.244s][info ][gc,phases      ] GC(57) Summary Phase 0.010ms
[28.244s][info ][gc,phases,start] GC(57) Adjust Roots
[28.265s][info ][gc,phases      ] GC(57) Adjust Roots 20.864ms
[28.265s][info ][gc,phases,start] GC(57) Compaction Phase
[28.425s][info ][gc,phases      ] GC(57) Compaction Phase 160.115ms
[28.425s][info ][gc,phases,start] GC(57) Post Compact
[28.426s][info ][gc,phases      ] GC(57) Post Compact 1.243ms
[28.426s][info ][gc,heap        ] GC(57) PSYoungGen: 49063K(1980416K)->32420K(1980416K) Eden: 0K(1862656K)->0K(1862656K) From: 49063K(117760K)->32420K(117760K)
[28.426s][info ][gc,heap        ] GC(57) ParOldGen: 303749K(305152K)->304692K(359936K)
[28.426s][info ][gc,metaspace   ] GC(57) Metaspace: 75917K(76608K)->75917K(76608K) NonClass: 65420K(65792K)->65420K(65792K) Class: 10496K(10816K)->10496K(10816K)
[28.426s][info ][gc             ] GC(57) Pause Full (Ergonomics) 344M->329M(2285M) 301.228ms
[28.426s][info ][gc,cpu         ] GC(57) User=1.05s Sys=0.02s Real=0.30s
[28.428s][info ][safepoint      ] Safepoint "ParallelGCFailedAllocation", Time since last: 21301947 ns, Reaching safepoint: 120402 ns, At safepoint: 321133922 ns, Total: 321254324 ns
[28.849s][info ][gc,start       ] GC(58) Pause Young (Allocation Failure)
[28.909s][debug][gc,phases      ] GC(58) Scavenge 59.814ms
[28.909s][debug][gc,ref         ] GC(58) Skipped phase 1 of Reference Processing: no references
[28.909s][debug][gc,ref         ] GC(58) Skipped phase 3 of Reference Processing: no references
[28.909s][debug][gc,ref         ] GC(58) Skipped phase 4 of Reference Processing: no references
[28.909s][debug][gc,phases      ] GC(58) Reference Processing 0.025ms
[28.910s][debug][gc,phases      ] GC(58) Weak Processing 0.526ms
[28.910s][debug][gc,age         ] GC(58) Desired survivor size 120586240 bytes, new threshold 15 (max threshold 15)
[28.910s][info ][gc,heap        ] GC(58) PSYoungGen: 1895076K(1980416K)->31734K(1979392K) Eden: 1862656K(1862656K)->0K(1862656K) From: 32420K(117760K)->31734K(116736K)
[28.910s][info ][gc,heap        ] GC(58) ParOldGen: 304692K(359936K)->306553K(359936K)
[28.910s][info ][gc,metaspace   ] GC(58) Metaspace: 76034K(76736K)->76034K(76736K) NonClass: 65535K(65920K)->65535K(65920K) Class: 10498K(10816K)->10498K(10816K)
[28.910s][info ][gc             ] GC(58) Pause Young (Allocation Failure) 2148M->330M(2284M) 60.524ms
[28.910s][info ][gc,cpu         ] GC(58) User=0.17s Sys=0.00s Real=0.06s
[28.910s][info ][safepoint      ] Safepoint "ParallelGCFailedAllocation", Time since last: 415595959 ns, Reaching safepoint: 5500290 ns, At safepoint: 60649386 ns, Total: 66149676 ns
[29.545s][info ][gc,start       ] GC(59) Pause Young (Allocation Failure)
[29.565s][debug][gc,phases      ] GC(59) Scavenge 19.379ms
[29.565s][debug][gc,ref         ] GC(59) Skipped phase 1 of Reference Processing: no references
[29.565s][debug][gc,ref         ] GC(59) Skipped phase 3 of Reference Processing: no references
[29.565s][debug][gc,ref         ] GC(59) Skipped phase 4 of Reference Processing: no references
[29.565s][debug][gc,phases      ] GC(59) Reference Processing 0.025ms
[29.566s][debug][gc,phases      ] GC(59) Weak Processing 0.567ms
[29.566s][debug][gc,age         ] GC(59) Desired survivor size 120061952 bytes, new threshold 15 (max threshold 15)
[29.566s][info ][gc,heap        ] GC(59) PSYoungGen: 1894390K(1979392K)->37926K(1979904K) Eden: 1862656K(1862656K)->0K(1862144K) From: 31734K(116736K)->37926K(117760K)
[29.566s][info ][gc,heap        ] GC(59) ParOldGen: 306553K(359936K)->308247K(359936K)
[29.566s][info ][gc,metaspace   ] GC(59) Metaspace: 76068K(76736K)->76068K(76736K) NonClass: 65569K(65920K)->65569K(65920K) Class: 10499K(10816K)->10499K(10816K)
[29.566s][info ][gc             ] GC(59) Pause Young (Allocation Failure) 2149M->338M(2285M) 20.118ms
[29.566s][info ][gc,cpu         ] GC(59) User=0.08s Sys=0.00s Real=0.02s
[29.566s][info ][safepoint      ] Safepoint "ParallelGCFailedAllocation", Time since last: 632183882 ns, Reaching safepoint: 3266453 ns, At safepoint: 20234829 ns, Total: 23501282 ns
[30.007s][info ][gc,start       ] GC(60) Pause Young (Allocation Failure)
[30.020s][debug][gc,phases      ] GC(60) Scavenge 13.454ms
[30.020s][debug][gc,ref         ] GC(60) Skipped phase 1 of Reference Processing: no references
[30.020s][debug][gc,ref         ] GC(60) Skipped phase 3 of Reference Processing: no references
[30.020s][debug][gc,ref         ] GC(60) Skipped phase 4 of Reference Processing: no references
[30.020s][debug][gc,phases      ] GC(60) Reference Processing 0.023ms
[30.021s][debug][gc,phases      ] GC(60) Weak Processing 0.582ms
[30.021s][debug][gc,age         ] GC(60) Desired survivor size 121110528 bytes, new threshold 15 (max threshold 15)
[30.021s][info ][gc,heap        ] GC(60) PSYoungGen: 1900070K(1979904K)->23814K(1886208K) Eden: 1862144K(1862144K)->0K(1862144K) From: 37926K(117760K)->23814K(24064K)
[30.021s][info ][gc,heap        ] GC(60) ParOldGen: 308247K(359936K)->325039K(359936K)
[30.021s][info ][gc,metaspace   ] GC(60) Metaspace: 76075K(76736K)->76075K(76736K) NonClass: 65575K(65920K)->65575K(65920K) Class: 10499K(10816K)->10499K(10816K)
[30.021s][info ][gc             ] GC(60) Pause Young (Allocation Failure) 2156M->340M(2193M) 14.247ms
[30.021s][info ][gc,cpu         ] GC(60) User=0.06s Sys=0.00s Real=0.02s
[30.021s][info ][safepoint      ] Safepoint "ParallelGCFailedAllocation", Time since last: 440692867 ns, Reaching safepoint: 229304 ns, At safepoint: 14360533 ns, Total: 14589837 ns
[30.473s][info ][safepoint      ] Safepoint "ICBufferFull", Time since last: 452099453 ns, Reaching safepoint: 238004 ns, At safepoint: 23200 ns, Total: 261204 ns
[30.493s][info ][gc,start       ] GC(61) Pause Young (Allocation Failure)
[30.505s][debug][gc,phases      ] GC(61) Scavenge 11.742ms
[30.505s][debug][gc,ref         ] GC(61) Skipped phase 1 of Reference Processing: no references
[30.505s][debug][gc,ref         ] GC(61) Skipped phase 3 of Reference Processing: no references
[30.505s][debug][gc,ref         ] GC(61) Skipped phase 4 of Reference Processing: no references
[30.505s][debug][gc,phases      ] GC(61) Reference Processing 0.042ms
[30.505s][debug][gc,phases      ] GC(61) Weak Processing 0.536ms
[30.505s][debug][gc,age         ] GC(61) Desired survivor size 120586240 bytes, new threshold 15 (max threshold 15)
[30.505s][info ][gc,heap        ] GC(61) PSYoungGen: 1885958K(1886208K)->23798K(1979392K) Eden: 1862144K(1862144K)->0K(1861120K) From: 23814K(24064K)->23798K(118272K)
[30.505s][info ][gc,heap        ] GC(61) ParOldGen: 325039K(359936K)->325319K(359936K)
[30.505s][info ][gc,metaspace   ] GC(61) Metaspace: 76104K(76736K)->76104K(76736K) NonClass: 65604K(65920K)->65604K(65920K) Class: 10499K(10816K)->10499K(10816K)
[30.505s][info ][gc             ] GC(61) Pause Young (Allocation Failure) 2159M->340M(2284M) 12.463ms
[30.505s][info ][gc,cpu         ] GC(61) User=0.05s Sys=0.00s Real=0.01s
[30.506s][info ][safepoint      ] Safepoint "ParallelGCFailedAllocation", Time since last: 19569719 ns, Reaching safepoint: 116301 ns, At safepoint: 12549305 ns, Total: 12665606 ns
[30.983s][info ][gc,start       ] GC(62) Pause Young (Allocation Failure)
[30.998s][debug][gc,phases      ] GC(62) Scavenge 14.590ms
[30.998s][debug][gc,ref         ] GC(62) Skipped phase 1 of Reference Processing: no references
[30.998s][debug][gc,ref         ] GC(62) Skipped phase 3 of Reference Processing: no references
[30.998s][debug][gc,ref         ] GC(62) Skipped phase 4 of Reference Processing: no references
[30.998s][debug][gc,phases      ] GC(62) Reference Processing 0.025ms
[30.999s][debug][gc,phases      ] GC(62) Weak Processing 0.590ms
[30.999s][debug][gc,age         ] GC(62) Desired survivor size 120061952 bytes, new threshold 15 (max threshold 15)
[30.999s][info ][gc,heap        ] GC(62) PSYoungGen: 1884918K(1979392K)->21204K(1978880K) Eden: 1861120K(1861120K)->0K(1861120K) From: 23798K(118272K)->21204K(117760K)
[30.999s][info ][gc,heap        ] GC(62) ParOldGen: 325319K(359936K)->328221K(359936K)
[30.999s][info ][gc,metaspace   ] GC(62) Metaspace: 76112K(76736K)->76112K(76736K) NonClass: 65613K(65920K)->65613K(65920K) Class: 10499K(10816K)->10499K(10816K)
[30.999s][info ][gc             ] GC(62) Pause Young (Allocation Failure) 2158M->341M(2284M) 15.362ms
[30.999s][info ][gc,cpu         ] GC(62) User=0.05s Sys=0.00s Real=0.01s
[30.999s][info ][safepoint      ] Safepoint "ParallelGCFailedAllocation", Time since last: 475646235 ns, Reaching safepoint: 2210136 ns, At safepoint: 15499652 ns, Total: 17709788 ns
[31.463s][info ][gc,start       ] GC(63) Pause Young (Allocation Failure)
[31.476s][debug][gc,phases      ] GC(63) Scavenge 12.979ms
[31.476s][debug][gc,ref         ] GC(63) Skipped phase 1 of Reference Processing: no references
[31.476s][debug][gc,ref         ] GC(63) Skipped phase 3 of Reference Processing: no references
[31.476s][debug][gc,ref         ] GC(63) Skipped phase 4 of Reference Processing: no references
[31.476s][debug][gc,phases      ] GC(63) Reference Processing 0.023ms
[31.477s][debug][gc,phases      ] GC(63) Weak Processing 0.593ms
[31.477s][debug][gc,age         ] GC(63) Desired survivor size 119013376 bytes, new threshold 15 (max threshold 15)
[31.477s][info ][gc,heap        ] GC(63) PSYoungGen: 1882324K(1978880K)->17378K(1980928K) Eden: 1861120K(1861120K)->0K(1863680K) From: 21204K(117760K)->17378K(117248K)
[31.477s][info ][gc,heap        ] GC(63) ParOldGen: 328221K(359936K)->332208K(359936K)
[31.477s][info ][gc,metaspace   ] GC(63) Metaspace: 76133K(76800K)->76133K(76800K) NonClass: 65634K(65984K)->65634K(65984K) Class: 10499K(10816K)->10499K(10816K)
[31.477s][info ][gc             ] GC(63) Pause Young (Allocation Failure) 2158M->341M(2286M) 13.737ms
[31.477s][info ][gc,cpu         ] GC(63) User=0.05s Sys=0.00s Real=0.01s
[31.477s][info ][safepoint      ] Safepoint "ParallelGCFailedAllocation", Time since last: 464335852 ns, Reaching safepoint: 112602 ns, At safepoint: 13850625 ns, Total: 13963227 ns
[31.886s][info ][gc,start       ] GC(64) Pause Young (Allocation Failure)
[31.897s][debug][gc,phases      ] GC(64) Scavenge 10.763ms
[31.897s][debug][gc,ref         ] GC(64) Skipped phase 1 of Reference Processing: no references
[31.897s][debug][gc,ref         ] GC(64) Skipped phase 2 of Reference Processing: no references
[31.897s][debug][gc,ref         ] GC(64) Skipped phase 3 of Reference Processing: no references
[31.897s][debug][gc,ref         ] GC(64) Skipped phase 4 of Reference Processing: no references
[31.897s][debug][gc,phases      ] GC(64) Reference Processing 0.038ms
[31.898s][debug][gc,phases      ] GC(64) Weak Processing 0.532ms
[31.898s][debug][gc,age         ] GC(64) Desired survivor size 117440512 bytes, new threshold 15 (max threshold 15)
[31.898s][info ][gc,heap        ] GC(64) PSYoungGen: 1881058K(1980928K)->16994K(1979904K) Eden: 1863680K(1863680K)->0K(1863680K) From: 17378K(117248K)->16994K(116224K)
[31.898s][info ][gc,heap        ] GC(64) ParOldGen: 332208K(359936K)->332896K(359936K)
[31.898s][info ][gc,metaspace   ] GC(64) Metaspace: 76139K(76800K)->76139K(76800K) NonClass: 65638K(65984K)->65638K(65984K) Class: 10500K(10816K)->10500K(10816K)
[31.898s][info ][gc             ] GC(64) Pause Young (Allocation Failure) 2161M->341M(2285M) 11.475ms
[31.898s][info ][gc,cpu         ] GC(64) User=0.04s Sys=0.00s Real=0.01s
[31.898s][info ][safepoint      ] Safepoint "ParallelGCFailedAllocation", Time since last: 408848150 ns, Reaching safepoint: 217903 ns, At safepoint: 11586089 ns, Total: 11803992 ns
[32.333s][info ][gc,start       ] GC(65) Pause Young (Allocation Failure)
[32.344s][debug][gc,phases      ] GC(65) Scavenge 10.735ms
[32.344s][debug][gc,ref         ] GC(65) Skipped phase 1 of Reference Processing: no references
[32.344s][debug][gc,ref         ] GC(65) Skipped phase 2 of Reference Processing: no references
[32.344s][debug][gc,ref         ] GC(65) Skipped phase 3 of Reference Processing: no references
[32.344s][debug][gc,ref         ] GC(65) Skipped phase 4 of Reference Processing: no references
[32.344s][debug][gc,phases      ] GC(65) Reference Processing 0.023ms
[32.344s][debug][gc,phases      ] GC(65) Weak Processing 0.542ms
[32.344s][debug][gc,age         ] GC(65) Desired survivor size 115343360 bytes, new threshold 15 (max threshold 15)
[32.344s][info ][gc,heap        ] GC(65) PSYoungGen: 1880674K(1979904K)->16978K(1984512K) Eden: 1863680K(1863680K)->0K(1869824K) From: 16994K(116224K)->16978K(114688K)
[32.344s][info ][gc,heap        ] GC(65) ParOldGen: 332896K(359936K)->333208K(359936K)
[32.344s][info ][gc,metaspace   ] GC(65) Metaspace: 76148K(76800K)->76148K(76800K) NonClass: 65646K(65984K)->65646K(65984K) Class: 10501K(10816K)->10501K(10816K)
[32.344s][info ][gc             ] GC(65) Pause Young (Allocation Failure) 2161M->341M(2289M) 11.435ms
[32.344s][info ][gc,cpu         ] GC(65) User=0.05s Sys=0.00s Real=0.01s
[32.345s][info ][safepoint      ] Safepoint "ParallelGCFailedAllocation", Time since last: 435003175 ns, Reaching safepoint: 172702 ns, At safepoint: 11548688 ns, Total: 11721390 ns
[32.795s][info ][gc,start       ] GC(66) Pause Young (Allocation Failure)
[32.806s][debug][gc,phases      ] GC(66) Scavenge 10.941ms
[32.806s][debug][gc,ref         ] GC(66) Skipped phase 1 of Reference Processing: no references
[32.806s][debug][gc,ref         ] GC(66) Skipped phase 2 of Reference Processing: no references
[32.806s][debug][gc,ref         ] GC(66) Skipped phase 3 of Reference Processing: no references
[32.806s][debug][gc,ref         ] GC(66) Skipped phase 4 of Reference Processing: no references
[32.806s][debug][gc,phases      ] GC(66) Reference Processing 0.024ms
[32.807s][debug][gc,phases      ] GC(66) Weak Processing 0.560ms
[32.807s][debug][gc,age         ] GC(66) Desired survivor size 112197632 bytes, new threshold 15 (max threshold 15)
[32.807s][info ][gc,heap        ] GC(66) PSYoungGen: 1886802K(1984512K)->16946K(1982464K) Eden: 1869824K(1869824K)->0K(1869824K) From: 16978K(114688K)->16946K(112640K)
[32.807s][info ][gc,heap        ] GC(66) ParOldGen: 333208K(359936K)->333596K(359936K)
[32.807s][info ][gc,metaspace   ] GC(66) Metaspace: 76158K(76800K)->76158K(76800K) NonClass: 65657K(65984K)->65657K(65984K) Class: 10501K(10816K)->10501K(10816K)
[32.807s][info ][gc             ] GC(66) Pause Young (Allocation Failure) 2167M->342M(2287M) 11.676ms
[32.807s][info ][gc,cpu         ] GC(66) User=0.03s Sys=0.01s Real=0.01s
[32.807s][info ][safepoint      ] Safepoint "ParallelGCFailedAllocation", Time since last: 450390525 ns, Reaching safepoint: 205904 ns, At safepoint: 11789991 ns, Total: 11995895 ns
[33.254s][info ][gc,start       ] GC(67) Pause Young (Allocation Failure)
[33.264s][debug][gc,phases      ] GC(67) Scavenge 10.191ms
[33.264s][debug][gc,ref         ] GC(67) Skipped phase 1 of Reference Processing: no references
[33.264s][debug][gc,ref         ] GC(67) Skipped phase 2 of Reference Processing: no references
[33.264s][debug][gc,ref         ] GC(67) Skipped phase 3 of Reference Processing: no references
[33.264s][debug][gc,ref         ] GC(67) Skipped phase 4 of Reference Processing: no references
[33.264s][debug][gc,phases      ] GC(67) Reference Processing 0.022ms
[33.265s][debug][gc,phases      ] GC(67) Weak Processing 0.579ms
[33.265s][debug][gc,age         ] GC(67) Desired survivor size 109051904 bytes, new threshold 15 (max threshold 15)
[33.265s][info ][gc,heap        ] GC(67) PSYoungGen: 1886770K(1982464K)->17026K(1990656K) Eden: 1869824K(1869824K)->0K(1881088K) From: 16946K(112640K)->17026K(109568K)
[33.265s][info ][gc,heap        ] GC(67) ParOldGen: 333596K(359936K)->333900K(359936K)
[33.265s][info ][gc,metaspace   ] GC(67) Metaspace: 76179K(76800K)->76179K(76800K) NonClass: 65677K(65984K)->65677K(65984K) Class: 10501K(10816K)->10501K(10816K)
[33.265s][info ][gc             ] GC(67) Pause Young (Allocation Failure) 2168M->342M(2295M) 10.931ms
[33.265s][info ][gc,cpu         ] GC(67) User=0.04s Sys=0.00s Real=0.01s
[33.265s][info ][safepoint      ] Safepoint "ParallelGCFailedAllocation", Time since last: 443735417 ns, Reaching safepoint: 3217453 ns, At safepoint: 11045579 ns, Total: 14263032 ns
[33.698s][info ][gc,start       ] GC(68) Pause Young (Allocation Failure)
[33.711s][debug][gc,phases      ] GC(68) Scavenge 12.102ms
[33.711s][debug][gc,ref         ] GC(68) Skipped phase 1 of Reference Processing: no references
[33.711s][debug][gc,ref         ] GC(68) Skipped phase 2 of Reference Processing: no references
[33.711s][debug][gc,ref         ] GC(68) Skipped phase 3 of Reference Processing: no references
[33.711s][debug][gc,ref         ] GC(68) Skipped phase 4 of Reference Processing: no references
[33.711s][debug][gc,phases      ] GC(68) Reference Processing 0.033ms
[33.711s][debug][gc,phases      ] GC(68) Weak Processing 0.537ms
[33.711s][debug][gc,age         ] GC(68) Desired survivor size 105381888 bytes, new threshold 15 (max threshold 15)
[33.711s][info ][gc,heap        ] GC(68) PSYoungGen: 1898114K(1990656K)->16480K(1987584K) Eden: 1881088K(1881088K)->0K(1881088K) From: 17026K(109568K)->16480K(106496K)
[33.711s][info ][gc,heap        ] GC(68) ParOldGen: 333900K(359936K)->336511K(359936K)
[33.711s][info ][gc,metaspace   ] GC(68) Metaspace: 76182K(76800K)->76182K(76800K) NonClass: 65680K(65984K)->65680K(65984K) Class: 10501K(10816K)->10501K(10816K)
[33.711s][info ][gc             ] GC(68) Pause Young (Allocation Failure) 2179M->344M(2292M) 12.813ms
[33.711s][info ][gc,cpu         ] GC(68) User=0.05s Sys=0.00s Real=0.02s
[33.711s][info ][safepoint      ] Safepoint "ParallelGCFailedAllocation", Time since last: 432882541 ns, Reaching safepoint: 605110 ns, At safepoint: 12936110 ns, Total: 13541220 ns
[34.285s][info ][gc,start       ] GC(69) Pause Young (Allocation Failure)
[34.305s][debug][gc,phases      ] GC(69) Scavenge 19.173ms
[34.305s][debug][gc,ref         ] GC(69) Skipped phase 1 of Reference Processing: no references
[34.305s][debug][gc,ref         ] GC(69) Skipped phase 2 of Reference Processing: no references
[34.305s][debug][gc,ref         ] GC(69) Skipped phase 3 of Reference Processing: no references
[34.305s][debug][gc,ref         ] GC(69) Skipped phase 4 of Reference Processing: no references
[34.305s][debug][gc,phases      ] GC(69) Reference Processing 0.055ms
[34.306s][debug][gc,phases      ] GC(69) Weak Processing 0.685ms
[34.306s][debug][gc,age         ] GC(69) Desired survivor size 101187584 bytes, new threshold 15 (max threshold 15)
[34.306s][info ][gc,heap        ] GC(69) PSYoungGen: 1897568K(1987584K)->20834K(1998336K) Eden: 1881088K(1881088K)->0K(1895424K) From: 16480K(106496K)->20834K(102912K)
[34.306s][info ][gc,heap        ] GC(69) ParOldGen: 336511K(359936K)->336583K(359936K)
[34.306s][info ][gc,metaspace   ] GC(69) Metaspace: 76190K(76864K)->76190K(76864K) NonClass: 65688K(66048K)->65688K(66048K) Class: 10501K(10816K)->10501K(10816K)
[34.306s][info ][gc             ] GC(69) Pause Young (Allocation Failure) 2181M->349M(2303M) 20.104ms
[34.306s][info ][gc,cpu         ] GC(69) User=0.08s Sys=0.00s Real=0.02s
[34.306s][info ][safepoint      ] Safepoint "ParallelGCFailedAllocation", Time since last: 566570315 ns, Reaching safepoint: 7503622 ns, At safepoint: 20238329 ns, Total: 27741951 ns
[34.791s][info ][safepoint      ] Safepoint "ICBufferFull", Time since last: 485033589 ns, Reaching safepoint: 196303 ns, At safepoint: 28100 ns, Total: 224403 ns
[34.948s][info ][gc,start       ] GC(70) Pause Young (Allocation Failure)
[34.969s][debug][gc,phases      ] GC(70) Scavenge 20.832ms
[34.969s][debug][gc,ref         ] GC(70) Skipped phase 1 of Reference Processing: no references
[34.969s][debug][gc,ref         ] GC(70) Skipped phase 2 of Reference Processing: no references
[34.969s][debug][gc,ref         ] GC(70) Skipped phase 3 of Reference Processing: no references
[34.969s][debug][gc,ref         ] GC(70) Skipped phase 4 of Reference Processing: no references
[34.969s][debug][gc,phases      ] GC(70) Reference Processing 0.022ms
[34.969s][debug][gc,phases      ] GC(70) Weak Processing 0.559ms
[34.969s][debug][gc,age         ] GC(70) Desired survivor size 96468992 bytes, new threshold 15 (max threshold 15)
[34.970s][info ][gc,heap        ] GC(70) PSYoungGen: 1916258K(1998336K)->20930K(1994240K) Eden: 1895424K(1895424K)->0K(1895424K) From: 20834K(102912K)->20930K(98816K)
[34.970s][info ][gc,heap        ] GC(70) ParOldGen: 336583K(359936K)->336847K(359936K)
[34.970s][info ][gc,metaspace   ] GC(70) Metaspace: 76205K(76864K)->76205K(76864K) NonClass: 65703K(66048K)->65703K(66048K) Class: 10501K(10816K)->10501K(10816K)
[34.970s][info ][gc             ] GC(70) Pause Young (Allocation Failure) 2200M->349M(2299M) 21.550ms
[34.970s][info ][gc,cpu         ] GC(70) User=0.05s Sys=0.01s Real=0.03s
[34.970s][info ][safepoint      ] Safepoint "ParallelGCFailedAllocation", Time since last: 156792250 ns, Reaching safepoint: 209004 ns, At safepoint: 21659952 ns, Total: 21868956 ns
[35.540s][info ][safepoint      ] Safepoint "ICBufferFull", Time since last: 570054272 ns, Reaching safepoint: 362205 ns, At safepoint: 34301 ns, Total: 396506 ns
[35.549s][info ][gc,start       ] GC(71) Pause Young (Allocation Failure)
[35.563s][debug][gc,phases      ] GC(71) Scavenge 13.507ms
[35.563s][debug][gc,ref         ] GC(71) Skipped phase 1 of Reference Processing: no references
[35.563s][debug][gc,ref         ] GC(71) Skipped phase 3 of Reference Processing: no references
[35.563s][debug][gc,phases      ] GC(71) Reference Processing 0.022ms
[35.564s][debug][gc,phases      ] GC(71) Weak Processing 0.557ms
[35.564s][debug][gc,age         ] GC(71) Desired survivor size 92274688 bytes, new threshold 15 (max threshold 15)
[35.564s][info ][gc,heap        ] GC(71) PSYoungGen: 1916354K(1994240K)->20978K(2007040K) Eden: 1895424K(1895424K)->0K(1912832K) From: 20930K(98816K)->20978K(94208K)
[35.564s][info ][gc,heap        ] GC(71) ParOldGen: 336847K(359936K)->337143K(359936K)
[35.564s][info ][gc,metaspace   ] GC(71) Metaspace: 76236K(76864K)->76236K(76864K) NonClass: 65732K(66048K)->65732K(66048K) Class: 10504K(10816K)->10504K(10816K)
[35.564s][info ][gc             ] GC(71) Pause Young (Allocation Failure) 2200M->349M(2311M) 14.217ms
[35.564s][info ][gc,cpu         ] GC(71) User=0.04s Sys=0.00s Real=0.01s
[35.564s][info ][safepoint      ] Safepoint "ParallelGCFailedAllocation", Time since last: 9278051 ns, Reaching safepoint: 115002 ns, At safepoint: 14324433 ns, Total: 14439435 ns
[36.054s][info ][gc,start       ] GC(72) Pause Young (Allocation Failure)
[36.066s][debug][gc,phases      ] GC(72) Scavenge 11.545ms
[36.066s][debug][gc,ref         ] GC(72) Skipped phase 1 of Reference Processing: no references
[36.066s][debug][gc,ref         ] GC(72) Skipped phase 2 of Reference Processing: no references
[36.066s][debug][gc,ref         ] GC(72) Skipped phase 3 of Reference Processing: no references
[36.066s][debug][gc,ref         ] GC(72) Skipped phase 4 of Reference Processing: no references
[36.066s][debug][gc,phases      ] GC(72) Reference Processing 0.022ms
[36.067s][debug][gc,phases      ] GC(72) Weak Processing 0.548ms
[36.067s][debug][gc,age         ] GC(72) Desired survivor size 88080384 bytes, new threshold 15 (max threshold 15)
[36.067s][info ][gc,heap        ] GC(72) PSYoungGen: 1933810K(2007040K)->21154K(2002944K) Eden: 1912832K(1912832K)->0K(1912832K) From: 20978K(94208K)->21154K(90112K)
[36.067s][info ][gc,heap        ] GC(72) ParOldGen: 337143K(359936K)->337439K(359936K)
[36.067s][info ][gc,metaspace   ] GC(72) Metaspace: 76247K(76864K)->76247K(76864K) NonClass: 65743K(66048K)->65743K(66048K) Class: 10504K(10816K)->10504K(10816K)
[36.067s][info ][gc             ] GC(72) Pause Young (Allocation Failure) 2217M->350M(2307M) 12.263ms
[36.067s][info ][gc,cpu         ] GC(72) User=0.05s Sys=0.00s Real=0.01s
[36.067s][info ][safepoint      ] Safepoint "ParallelGCFailedAllocation", Time since last: 490407476 ns, Reaching safepoint: 167503 ns, At safepoint: 12376801 ns, Total: 12544304 ns
[36.573s][info ][gc,start       ] GC(73) Pause Young (Allocation Failure)
[36.585s][debug][gc,phases      ] GC(73) Scavenge 12.166ms
[36.585s][debug][gc,ref         ] GC(73) Skipped phase 1 of Reference Processing: no references
[36.585s][debug][gc,ref         ] GC(73) Skipped phase 2 of Reference Processing: no references
[36.585s][debug][gc,ref         ] GC(73) Skipped phase 3 of Reference Processing: no references
[36.585s][debug][gc,ref         ] GC(73) Skipped phase 4 of Reference Processing: no references
[36.585s][debug][gc,phases      ] GC(73) Reference Processing 0.035ms
[36.586s][debug][gc,phases      ] GC(73) Weak Processing 0.624ms
[36.586s][debug][gc,age         ] GC(73) Desired survivor size 83886080 bytes, new threshold 15 (max threshold 15)
[36.586s][info ][gc,heap        ] GC(73) PSYoungGen: 1933986K(2002944K)->20690K(2015232K) Eden: 1912832K(1912832K)->0K(1929216K) From: 21154K(90112K)->20690K(86016K)
[36.586s][info ][gc,heap        ] GC(73) ParOldGen: 337439K(359936K)->338367K(359936K)
[36.586s][info ][gc,metaspace   ] GC(73) Metaspace: 76281K(76928K)->76281K(76928K) NonClass: 65777K(66112K)->65777K(66112K) Class: 10504K(10816K)->10504K(10816K)
[36.586s][info ][gc             ] GC(73) Pause Young (Allocation Failure) 2218M->350M(2319M) 12.973ms
[36.586s][info ][gc,cpu         ] GC(73) User=0.05s Sys=0.00s Real=0.01s
[36.586s][info ][safepoint      ] Safepoint "ParallelGCFailedAllocation", Time since last: 505728425 ns, Reaching safepoint: 193403 ns, At safepoint: 13097014 ns, Total: 13290417 ns
[37.089s][info ][gc,start       ] GC(74) Pause Young (Allocation Failure)
[37.103s][debug][gc,phases      ] GC(74) Scavenge 13.708ms
[37.103s][debug][gc,ref         ] GC(74) Skipped phase 1 of Reference Processing: no references
[37.103s][debug][gc,ref         ] GC(74) Skipped phase 2 of Reference Processing: no references
[37.103s][debug][gc,ref         ] GC(74) Skipped phase 3 of Reference Processing: no references
[37.103s][debug][gc,ref         ] GC(74) Skipped phase 4 of Reference Processing: no references
[37.103s][debug][gc,phases      ] GC(74) Reference Processing 0.022ms
[37.103s][debug][gc,phases      ] GC(74) Weak Processing 0.586ms
[37.103s][debug][gc,age         ] GC(74) Desired survivor size 81264640 bytes, new threshold 15 (max threshold 15)
[37.103s][info ][gc,heap        ] GC(74) PSYoungGen: 1949906K(2015232K)->13442K(2011136K) Eden: 1929216K(1929216K)->0K(1929216K) From: 20690K(86016K)->13442K(81920K)
[37.103s][info ][gc,heap        ] GC(74) ParOldGen: 338367K(359936K)->346223K(359936K)
[37.103s][info ][gc,metaspace   ] GC(74) Metaspace: 76297K(76928K)->76297K(76928K) NonClass: 65793K(66112K)->65793K(66112K) Class: 10504K(10816K)->10504K(10816K)
[37.103s][info ][gc             ] GC(74) Pause Young (Allocation Failure) 2234M->351M(2315M) 14.490ms
[37.103s][info ][gc,cpu         ] GC(74) User=0.04s Sys=0.01s Real=0.01s
[37.103s][info ][safepoint      ] Safepoint "ParallelGCFailedAllocation", Time since last: 503087782 ns, Reaching safepoint: 77901 ns, At safepoint: 14580337 ns, Total: 14658238 ns
[37.580s][info ][gc,start       ] GC(75) Pause Young (Allocation Failure)
[37.588s][debug][gc,phases      ] GC(75) Scavenge 8.033ms
[37.588s][debug][gc,ref         ] GC(75) Skipped phase 1 of Reference Processing: no references
[37.589s][debug][gc,ref         ] GC(75) Skipped phase 2 of Reference Processing: no references
[37.589s][debug][gc,ref         ] GC(75) Skipped phase 3 of Reference Processing: no references
[37.589s][debug][gc,ref         ] GC(75) Skipped phase 4 of Reference Processing: no references
[37.589s][debug][gc,phases      ] GC(75) Reference Processing 0.023ms
[37.589s][debug][gc,phases      ] GC(75) Weak Processing 0.583ms
[37.589s][debug][gc,age         ] GC(75) Desired survivor size 79167488 bytes, new threshold 15 (max threshold 15)
[37.589s][info ][gc,heap        ] GC(75) PSYoungGen: 1942658K(2011136K)->11378K(2019840K) Eden: 1929216K(1929216K)->0K(1940480K) From: 13442K(81920K)->11378K(79360K)
[37.589s][info ][gc,heap        ] GC(75) ParOldGen: 346223K(359936K)->348863K(359936K)
[37.589s][info ][gc,metaspace   ] GC(75) Metaspace: 76307K(76928K)->76307K(76928K) NonClass: 65803K(66112K)->65803K(66112K) Class: 10504K(10816K)->10504K(10816K)
[37.589s][info ][gc             ] GC(75) Pause Young (Allocation Failure) 2235M->351M(2324M) 8.782ms
[37.589s][info ][gc,cpu         ] GC(75) User=0.04s Sys=0.00s Real=0.02s
[37.589s][info ][safepoint      ] Safepoint "ParallelGCFailedAllocation", Time since last: 476696454 ns, Reaching safepoint: 145702 ns, At safepoint: 8899045 ns, Total: 9044747 ns
[38.024s][info ][gc,start       ] GC(76) Pause Young (Allocation Failure)
[38.030s][debug][gc,phases      ] GC(76) Scavenge 5.931ms
[38.030s][debug][gc,ref         ] GC(76) Skipped phase 1 of Reference Processing: no references
[38.030s][debug][gc,ref         ] GC(76) Skipped phase 2 of Reference Processing: no references
[38.030s][debug][gc,ref         ] GC(76) Skipped phase 3 of Reference Processing: no references
[38.030s][debug][gc,ref         ] GC(76) Skipped phase 4 of Reference Processing: no references
[38.030s][debug][gc,phases      ] GC(76) Reference Processing 0.021ms
[38.030s][debug][gc,phases      ] GC(76) Weak Processing 0.544ms
[38.030s][debug][gc,age         ] GC(76) Desired survivor size 76546048 bytes, new threshold 15 (max threshold 15)
[38.030s][info ][gc,heap        ] GC(76) PSYoungGen: 1951858K(2019840K)->11842K(2017792K) Eden: 1940480K(1940480K)->0K(1940480K) From: 11378K(79360K)->11842K(77312K)
[38.030s][info ][gc,heap        ] GC(76) ParOldGen: 348863K(359936K)->349143K(359936K)
[38.030s][info ][gc,metaspace   ] GC(76) Metaspace: 76308K(76928K)->76308K(76928K) NonClass: 65804K(66112K)->65804K(66112K) Class: 10504K(10816K)->10504K(10816K)
[38.030s][info ][gc             ] GC(76) Pause Young (Allocation Failure) 2246M->352M(2322M) 6.629ms
[38.030s][info ][gc,cpu         ] GC(76) User=0.02s Sys=0.00s Real=0.01s
[38.030s][info ][safepoint      ] Safepoint "ParallelGCFailedAllocation", Time since last: 428873475 ns, Reaching safepoint: 5393588 ns, At safepoint: 6752510 ns, Total: 12146098 ns
[38.506s][info ][gc,start       ] GC(77) Pause Young (Allocation Failure)
[38.513s][debug][gc,phases      ] GC(77) Scavenge 6.619ms
[38.513s][debug][gc,ref         ] GC(77) Skipped phase 1 of Reference Processing: no references
[38.513s][debug][gc,ref         ] GC(77) Skipped phase 2 of Reference Processing: no references
[38.513s][debug][gc,ref         ] GC(77) Skipped phase 3 of Reference Processing: no references
[38.513s][debug][gc,ref         ] GC(77) Skipped phase 4 of Reference Processing: no references
[38.513s][debug][gc,phases      ] GC(77) Reference Processing 0.058ms
[38.514s][debug][gc,phases      ] GC(77) Weak Processing 0.701ms
[38.514s][debug][gc,age         ] GC(77) Desired survivor size 73400320 bytes, new threshold 15 (max threshold 15)
[38.514s][info ][gc,heap        ] GC(77) PSYoungGen: 1952322K(2017792K)->12642K(2025472K) Eden: 1940480K(1940480K)->0K(1950720K) From: 11842K(77312K)->12642K(74752K)
[38.514s][info ][gc,heap        ] GC(77) ParOldGen: 349143K(359936K)->349439K(359936K)
[38.514s][info ][gc,metaspace   ] GC(77) Metaspace: 76309K(76928K)->76309K(76928K) NonClass: 65805K(66112K)->65805K(66112K) Class: 10504K(10816K)->10504K(10816K)
[38.514s][info ][gc             ] GC(77) Pause Young (Allocation Failure) 2247M->353M(2329M) 7.527ms
[38.514s][info ][gc,cpu         ] GC(77) User=0.02s Sys=0.00s Real=0.01s
[38.514s][info ][safepoint      ] Safepoint "ParallelGCFailedAllocation", Time since last: 475858540 ns, Reaching safepoint: 168002 ns, At safepoint: 7645525 ns, Total: 7813527 ns
[39.071s][info ][safepoint      ] Safepoint "ICBufferFull", Time since last: 557222363 ns, Reaching safepoint: 116702 ns, At safepoint: 9600 ns, Total: 126302 ns
[39.489s][info ][safepoint      ] Safepoint "ICBufferFull", Time since last: 417258386 ns, Reaching safepoint: 163103 ns, At safepoint: 6300 ns, Total: 169403 ns
[40.018s][info ][safepoint      ] Safepoint "ICBufferFull", Time since last: 529581714 ns, Reaching safepoint: 113902 ns, At safepoint: 6200 ns, Total: 120102 ns
[40.820s][info ][safepoint      ] Safepoint "ICBufferFull", Time since last: 801833242 ns, Reaching safepoint: 139602 ns, At safepoint: 11400 ns, Total: 151002 ns
[41.321s][info ][safepoint      ] Safepoint "ICBufferFull", Time since last: 500274237 ns, Reaching safepoint: 115602 ns, At safepoint: 6400 ns, Total: 122002 ns
[41.875s][info ][safepoint      ] Safepoint "ICBufferFull", Time since last: 553623905 ns, Reaching safepoint: 263104 ns, At safepoint: 7400 ns, Total: 270504 ns
[42.723s][info ][safepoint      ] Safepoint "ICBufferFull", Time since last: 847928792 ns, Reaching safepoint: 105102 ns, At safepoint: 7100 ns, Total: 112202 ns
[43.120s][info ][safepoint      ] Safepoint "ICBufferFull", Time since last: 396969657 ns, Reaching safepoint: 110802 ns, At safepoint: 11200 ns, Total: 122002 ns
[43.673s][info ][safepoint      ] Safepoint "ICBufferFull", Time since last: 552668689 ns, Reaching safepoint: 148603 ns, At safepoint: 6300 ns, Total: 154903 ns
[44.220s][info ][safepoint      ] Safepoint "ICBufferFull", Time since last: 547501205 ns, Reaching safepoint: 137203 ns, At safepoint: 6800 ns, Total: 144003 ns
[44.890s][info ][safepoint      ] Safepoint "ICBufferFull", Time since last: 669401888 ns, Reaching safepoint: 171803 ns, At safepoint: 16600 ns, Total: 188403 ns
[45.420s][info ][safepoint      ] Safepoint "ICBufferFull", Time since last: 529502913 ns, Reaching safepoint: 134102 ns, At safepoint: 8200 ns, Total: 142302 ns
[46.076s][info ][safepoint      ] Safepoint "ICBufferFull", Time since last: 656767883 ns, Reaching safepoint: 115702 ns, At safepoint: 11900 ns, Total: 127602 ns
[46.472s][info ][safepoint      ] Safepoint "ICBufferFull", Time since last: 395593235 ns, Reaching safepoint: 108701 ns, At safepoint: 3400 ns, Total: 112101 ns
[47.270s][info ][safepoint      ] Safepoint "ICBufferFull", Time since last: 798154183 ns, Reaching safepoint: 126602 ns, At safepoint: 8200 ns, Total: 134802 ns
[47.870s][info ][safepoint      ] Safepoint "ICBufferFull", Time since last: 599569353 ns, Reaching safepoint: 107202 ns, At safepoint: 7500 ns, Total: 114702 ns
[48.620s][info ][safepoint      ] Safepoint "ICBufferFull", Time since last: 749673094 ns, Reaching safepoint: 69601 ns, At safepoint: 5600 ns, Total: 75201 ns
[49.620s][info ][safepoint      ] Safepoint "Cleanup", Time since last: 1000086168 ns, Reaching safepoint: 103502 ns, At safepoint: 12600 ns, Total: 116102 ns
[50.220s][info ][safepoint      ] Safepoint "ICBufferFull", Time since last: 599608854 ns, Reaching safepoint: 57400 ns, At safepoint: 7501 ns, Total: 64901 ns
[51.220s][info ][safepoint      ] Safepoint "Cleanup", Time since last: 1000121468 ns, Reaching safepoint: 166303 ns, At safepoint: 10400 ns, Total: 176703 ns
[52.220s][info ][safepoint      ] Safepoint "Cleanup", Time since last: 1000115868 ns, Reaching safepoint: 163803 ns, At safepoint: 10800 ns, Total: 174603 ns
[53.332s][info ][safepoint      ] Safepoint "Cleanup", Time since last: 1111415280 ns, Reaching safepoint: 240403 ns, At safepoint: 18801 ns, Total: 259204 ns
[54.332s][info ][safepoint      ] Safepoint "Cleanup", Time since last: 1000109568 ns, Reaching safepoint: 103402 ns, At safepoint: 6200 ns, Total: 109602 ns
[55.332s][info ][safepoint      ] Safepoint "Cleanup", Time since last: 1000101769 ns, Reaching safepoint: 91001 ns, At safepoint: 9001 ns, Total: 100002 ns
[56.333s][info ][safepoint      ] Safepoint "Cleanup", Time since last: 1000082468 ns, Reaching safepoint: 64601 ns, At safepoint: 9800 ns, Total: 74401 ns
[57.333s][info ][safepoint      ] Safepoint "Cleanup", Time since last: 1000112770 ns, Reaching safepoint: 87001 ns, At safepoint: 5900 ns, Total: 92901 ns
[58.333s][info ][safepoint      ] Safepoint "Cleanup", Time since last: 1000101569 ns, Reaching safepoint: 63301 ns, At safepoint: 6100 ns, Total: 69401 ns
[59.333s][info ][safepoint      ] Safepoint "Cleanup", Time since last: 1000073469 ns, Reaching safepoint: 74902 ns, At safepoint: 6000 ns, Total: 80902 ns
[60.333s][info ][safepoint      ] Safepoint "Cleanup", Time since last: 1000098769 ns, Reaching safepoint: 67401 ns, At safepoint: 8900 ns, Total: 76301 ns
[61.333s][info ][safepoint      ] Safepoint "Cleanup", Time since last: 1000102770 ns, Reaching safepoint: 45101 ns, At safepoint: 4500 ns, Total: 49601 ns
[62.334s][info ][safepoint      ] Safepoint "Cleanup", Time since last: 1000101869 ns, Reaching safepoint: 75202 ns, At safepoint: 9200 ns, Total: 84402 ns
[63.334s][info ][safepoint      ] Safepoint "Cleanup", Time since last: 1000097370 ns, Reaching safepoint: 101901 ns, At safepoint: 10300 ns, Total: 112201 ns
[64.334s][info ][safepoint      ] Safepoint "Cleanup", Time since last: 1000097870 ns, Reaching safepoint: 80002 ns, At safepoint: 7000 ns, Total: 87002 ns
[65.334s][info ][safepoint      ] Safepoint "Cleanup", Time since last: 1000111370 ns, Reaching safepoint: 52301 ns, At safepoint: 7600 ns, Total: 59901 ns
[66.334s][info ][safepoint      ] Safepoint "Cleanup", Time since last: 1000072270 ns, Reaching safepoint: 63601 ns, At safepoint: 6800 ns, Total: 70401 ns
[67.334s][info ][safepoint      ] Safepoint "Cleanup", Time since last: 1000108770 ns, Reaching safepoint: 47401 ns, At safepoint: 6800 ns, Total: 54201 ns
[68.335s][info ][safepoint      ] Safepoint "Cleanup", Time since last: 1000102471 ns, Reaching safepoint: 64901 ns, At safepoint: 3500 ns, Total: 68401 ns
[69.335s][info ][safepoint      ] Safepoint "Cleanup", Time since last: 1000102871 ns, Reaching safepoint: 45301 ns, At safepoint: 6000 ns, Total: 51301 ns
[70.335s][info ][safepoint      ] Safepoint "Cleanup", Time since last: 1000113271 ns, Reaching safepoint: 56001 ns, At safepoint: 5700 ns, Total: 61701 ns
[71.335s][info ][safepoint      ] Safepoint "Cleanup", Time since last: 1000101171 ns, Reaching safepoint: 46700 ns, At safepoint: 3000 ns, Total: 49700 ns
[72.335s][info ][safepoint      ] Safepoint "Cleanup", Time since last: 1000114172 ns, Reaching safepoint: 54201 ns, At safepoint: 6500 ns, Total: 60701 ns
[72.975s][info ][gc,start       ] GC(78) Pause Young (Allocation Failure)
[72.986s][debug][gc,phases      ] GC(78) Scavenge 11.251ms
[72.986s][debug][gc,ref         ] GC(78) Skipped phase 1 of Reference Processing: no references
[72.986s][debug][gc,ref         ] GC(78) Skipped phase 3 of Reference Processing: no references
[72.986s][debug][gc,phases      ] GC(78) Reference Processing 0.024ms
[72.987s][debug][gc,phases      ] GC(78) Weak Processing 0.572ms
[72.987s][debug][gc,age         ] GC(78) Desired survivor size 70778880 bytes, new threshold 15 (max threshold 15)
[72.987s][info ][gc,heap        ] GC(78) PSYoungGen: 1963362K(2025472K)->29896K(2022400K) Eden: 1950720K(1950720K)->0K(1950720K) From: 12642K(74752K)->29896K(71680K)
[72.987s][info ][gc,heap        ] GC(78) ParOldGen: 349439K(359936K)->349687K(359936K)
[72.987s][info ][gc,metaspace   ] GC(78) Metaspace: 76611K(77248K)->76611K(77248K) NonClass: 66101K(66432K)->66101K(66432K) Class: 10510K(10816K)->10510K(10816K)
[72.987s][info ][gc             ] GC(78) Pause Young (Allocation Failure) 2258M->370M(2326M) 12.005ms
[72.987s][info ][gc,cpu         ] GC(78) User=0.04s Sys=0.00s Real=0.01s
[72.987s][info ][safepoint      ] Safepoint "ParallelGCFailedAllocation", Time since last: 639378802 ns, Reaching safepoint: 68801 ns, At safepoint: 12096197 ns, Total: 12164998 ns
[74.125s][info ][safepoint      ] Safepoint "Cleanup", Time since last: 1138081016 ns, Reaching safepoint: 123002 ns, At safepoint: 8600 ns, Total: 131602 ns
[75.125s][info ][safepoint      ] Safepoint "Cleanup", Time since last: 1000109172 ns, Reaching safepoint: 143702 ns, At safepoint: 11300 ns, Total: 155002 ns
[76.126s][info ][safepoint      ] Safepoint "Cleanup", Time since last: 1000109172 ns, Reaching safepoint: 219604 ns, At safepoint: 12500 ns, Total: 232104 ns
[77.836s][info ][safepoint      ] Safepoint "Cleanup", Time since last: 1710291327 ns, Reaching safepoint: 170502 ns, At safepoint: 9401 ns, Total: 179903 ns
[78.836s][info ][safepoint      ] Safepoint "Cleanup", Time since last: 1000187973 ns, Reaching safepoint: 59601 ns, At safepoint: 7700 ns, Total: 67301 ns
[79.837s][info ][safepoint      ] Safepoint "Cleanup", Time since last: 1000099572 ns, Reaching safepoint: 83601 ns, At safepoint: 5901 ns, Total: 89502 ns
[80.837s][info ][safepoint      ] Safepoint "Cleanup", Time since last: 1000119772 ns, Reaching safepoint: 149702 ns, At safepoint: 10901 ns, Total: 160603 ns
[81.837s][info ][safepoint      ] Safepoint "Cleanup", Time since last: 1000115972 ns, Reaching safepoint: 74001 ns, At safepoint: 10101 ns, Total: 84102 ns
[82.837s][info ][safepoint      ] Safepoint "Cleanup", Time since last: 1000110072 ns, Reaching safepoint: 52801 ns, At safepoint: 3400 ns, Total: 56201 ns
[83.837s][info ][safepoint      ] Safepoint "Cleanup", Time since last: 1000109773 ns, Reaching safepoint: 82901 ns, At safepoint: 6300 ns, Total: 89201 ns
[84.838s][info ][safepoint      ] Safepoint "Cleanup", Time since last: 1000109673 ns, Reaching safepoint: 74401 ns, At safepoint: 10301 ns, Total: 84702 ns
[85.838s][info ][safepoint      ] Safepoint "Cleanup", Time since last: 1000111173 ns, Reaching safepoint: 47000 ns, At safepoint: 4901 ns, Total: 51901 ns
[86.838s][info ][safepoint      ] Safepoint "Cleanup", Time since last: 1000106173 ns, Reaching safepoint: 47200 ns, At safepoint: 2800 ns, Total: 50000 ns
[87.838s][info ][safepoint      ] Safepoint "Cleanup", Time since last: 1000104274 ns, Reaching safepoint: 64001 ns, At safepoint: 9400 ns, Total: 73401 ns
[88.838s][info ][safepoint      ] Safepoint "Cleanup", Time since last: 1000123174 ns, Reaching safepoint: 43300 ns, At safepoint: 11600 ns, Total: 54900 ns
[89.838s][info ][safepoint      ] Safepoint "Cleanup", Time since last: 1000105874 ns, Reaching safepoint: 53201 ns, At safepoint: 5900 ns, Total: 59101 ns
[90.839s][info ][safepoint      ] Safepoint "Cleanup", Time since last: 1000111274 ns, Reaching safepoint: 52400 ns, At safepoint: 6001 ns, Total: 58401 ns
[91.839s][info ][safepoint      ] Safepoint "Cleanup", Time since last: 1000103973 ns, Reaching safepoint: 46501 ns, At safepoint: 9000 ns, Total: 55501 ns
[92.839s][info ][safepoint      ] Safepoint "Cleanup", Time since last: 1000110974 ns, Reaching safepoint: 70201 ns, At safepoint: 12300 ns, Total: 82501 ns
[93.341s][info ][safepoint      ] Safepoint "ICBufferFull", Time since last: 501987369 ns, Reaching safepoint: 53301 ns, At safepoint: 6700 ns, Total: 60001 ns
[93.343s][info ][safepoint      ] Safepoint "ICBufferFull", Time since last: 1868530 ns, Reaching safepoint: 28001 ns, At safepoint: 2500 ns, Total: 30501 ns
[93.345s][info ][safepoint      ] Safepoint "ICBufferFull", Time since last: 2014533 ns, Reaching safepoint: 32000 ns, At safepoint: 3200 ns, Total: 35200 ns
[93.351s][info ][safepoint      ] Safepoint "ICBufferFull", Time since last: 5632292 ns, Reaching safepoint: 50401 ns, At safepoint: 2700 ns, Total: 53101 ns
[93.352s][info ][safepoint      ] Safepoint "ICBufferFull", Time since last: 856414 ns, Reaching safepoint: 21500 ns, At safepoint: 1200 ns, Total: 22700 ns
[93.352s][info ][safepoint      ] Safepoint "ICBufferFull", Time since last: 912115 ns, Reaching safepoint: 43200 ns, At safepoint: 4601 ns, Total: 47801 ns
[93.354s][info ][safepoint      ] Safepoint "ICBufferFull", Time since last: 1011016 ns, Reaching safepoint: 38601 ns, At safepoint: 1600 ns, Total: 40201 ns
[93.356s][info ][safepoint      ] Safepoint "ICBufferFull", Time since last: 1980232 ns, Reaching safepoint: 25700 ns, At safepoint: 1500 ns, Total: 27200 ns
[93.356s][info ][safepoint      ] Safepoint "ICBufferFull", Time since last: 879315 ns, Reaching safepoint: 24600 ns, At safepoint: 1500 ns, Total: 26100 ns
[93.357s][info ][safepoint      ] Safepoint "ICBufferFull", Time since last: 920615 ns, Reaching safepoint: 29401 ns, At safepoint: 4800 ns, Total: 34201 ns
[93.358s][info ][safepoint      ] Safepoint "ICBufferFull", Time since last: 874614 ns, Reaching safepoint: 36900 ns, At safepoint: 1700 ns, Total: 38600 ns
[93.359s][info ][safepoint      ] Safepoint "ICBufferFull", Time since last: 879815 ns, Reaching safepoint: 28200 ns, At safepoint: 2700 ns, Total: 30900 ns
[93.361s][info ][safepoint      ] Safepoint "ICBufferFull", Time since last: 2009233 ns, Reaching safepoint: 41201 ns, At safepoint: 2100 ns, Total: 43301 ns
[93.362s][info ][safepoint      ] Safepoint "ICBufferFull", Time since last: 1140818 ns, Reaching safepoint: 21101 ns, At safepoint: 1800 ns, Total: 22901 ns
[93.365s][info ][safepoint      ] Safepoint "ICBufferFull", Time since last: 2133334 ns, Reaching safepoint: 118802 ns, At safepoint: 6600 ns, Total: 125402 ns
[93.366s][info ][safepoint      ] Safepoint "ICBufferFull", Time since last: 1318622 ns, Reaching safepoint: 37800 ns, At safepoint: 7101 ns, Total: 44901 ns
[93.368s][info ][safepoint      ] Safepoint "ICBufferFull", Time since last: 2141034 ns, Reaching safepoint: 97002 ns, At safepoint: 7300 ns, Total: 104302 ns
[93.371s][info ][safepoint      ] Safepoint "ICBufferFull", Time since last: 2761045 ns, Reaching safepoint: 56001 ns, At safepoint: 2900 ns, Total: 58901 ns
[93.372s][info ][safepoint      ] Safepoint "ICBufferFull", Time since last: 1146419 ns, Reaching safepoint: 109101 ns, At safepoint: 7501 ns, Total: 116602 ns
[93.381s][info ][safepoint      ] Safepoint "ICBufferFull", Time since last: 8349235 ns, Reaching safepoint: 74202 ns, At safepoint: 2900 ns, Total: 77102 ns
[93.382s][info ][safepoint      ] Safepoint "ICBufferFull", Time since last: 917015 ns, Reaching safepoint: 30200 ns, At safepoint: 6200 ns, Total: 36400 ns
[93.384s][info ][safepoint      ] Safepoint "ICBufferFull", Time since last: 2067034 ns, Reaching safepoint: 35500 ns, At safepoint: 1900 ns, Total: 37400 ns
[93.385s][info ][safepoint      ] Safepoint "ICBufferFull", Time since last: 905415 ns, Reaching safepoint: 45301 ns, At safepoint: 3400 ns, Total: 48701 ns
[93.388s][info ][safepoint      ] Safepoint "ICBufferFull", Time since last: 3474056 ns, Reaching safepoint: 36401 ns, At safepoint: 2900 ns, Total: 39301 ns
[93.391s][info ][safepoint      ] Safepoint "ICBufferFull", Time since last: 2857847 ns, Reaching safepoint: 42300 ns, At safepoint: 3000 ns, Total: 45300 ns
[93.392s][info ][safepoint      ] Safepoint "ICBufferFull", Time since last: 709612 ns, Reaching safepoint: 17500 ns, At safepoint: 1500 ns, Total: 19000 ns
[93.395s][info ][safepoint      ] Safepoint "ICBufferFull", Time since last: 3095851 ns, Reaching safepoint: 37600 ns, At safepoint: 5900 ns, Total: 43500 ns
[93.396s][info ][safepoint      ] Safepoint "ICBufferFull", Time since last: 888615 ns, Reaching safepoint: 21500 ns, At safepoint: 1400 ns, Total: 22900 ns
[93.400s][info ][safepoint      ] Safepoint "ICBufferFull", Time since last: 3855063 ns, Reaching safepoint: 41001 ns, At safepoint: 7100 ns, Total: 48101 ns
[93.401s][info ][safepoint      ] Safepoint "ICBufferFull", Time since last: 1002116 ns, Reaching safepoint: 31800 ns, At safepoint: 5501 ns, Total: 37301 ns
[93.407s][info ][safepoint      ] Safepoint "ICBufferFull", Time since last: 5845895 ns, Reaching safepoint: 52401 ns, At safepoint: 2500 ns, Total: 54901 ns
[93.410s][info ][safepoint      ] Safepoint "ICBufferFull", Time since last: 2918147 ns, Reaching safepoint: 41301 ns, At safepoint: 4900 ns, Total: 46201 ns
[93.411s][info ][safepoint      ] Safepoint "ICBufferFull", Time since last: 750912 ns, Reaching safepoint: 34501 ns, At safepoint: 6600 ns, Total: 41101 ns
[93.414s][info ][safepoint      ] Safepoint "ICBufferFull", Time since last: 3039249 ns, Reaching safepoint: 32901 ns, At safepoint: 2800 ns, Total: 35701 ns
[93.415s][info ][safepoint      ] Safepoint "ICBufferFull", Time since last: 918315 ns, Reaching safepoint: 29500 ns, At safepoint: 2900 ns, Total: 32400 ns
[93.420s][info ][safepoint      ] Safepoint "ICBufferFull", Time since last: 5003082 ns, Reaching safepoint: 41400 ns, At safepoint: 2800 ns, Total: 44200 ns
[93.435s][info ][safepoint      ] Safepoint "ICBufferFull", Time since last: 15672655 ns, Reaching safepoint: 42901 ns, At safepoint: 2300 ns, Total: 45201 ns
[93.436s][info ][safepoint      ] Safepoint "ICBufferFull", Time since last: 947015 ns, Reaching safepoint: 27401 ns, At safepoint: 5500 ns, Total: 32901 ns
[93.438s][info ][safepoint      ] Safepoint "ICBufferFull", Time since last: 1128818 ns, Reaching safepoint: 35101 ns, At safepoint: 5100 ns, Total: 40201 ns
[93.438s][info ][safepoint      ] Safepoint "ICBufferFull", Time since last: 661311 ns, Reaching safepoint: 34400 ns, At safepoint: 4900 ns, Total: 39300 ns
[93.439s][info ][safepoint      ] Safepoint "ICBufferFull", Time since last: 1007617 ns, Reaching safepoint: 28800 ns, At safepoint: 1400 ns, Total: 30200 ns
[93.440s][info ][safepoint      ] Safepoint "ICBufferFull", Time since last: 876515 ns, Reaching safepoint: 29900 ns, At safepoint: 3400 ns, Total: 33300 ns
[93.444s][info ][safepoint      ] Safepoint "ICBufferFull", Time since last: 4088967 ns, Reaching safepoint: 43200 ns, At safepoint: 4600 ns, Total: 47800 ns
[93.446s][info ][safepoint      ] Safepoint "ICBufferFull", Time since last: 1305622 ns, Reaching safepoint: 29200 ns, At safepoint: 7800 ns, Total: 37000 ns
[93.447s][info ][safepoint      ] Safepoint "ICBufferFull", Time since last: 846014 ns, Reaching safepoint: 29401 ns, At safepoint: 1400 ns, Total: 30801 ns
[93.448s][info ][safepoint      ] Safepoint "ICBufferFull", Time since last: 1237120 ns, Reaching safepoint: 36300 ns, At safepoint: 1900 ns, Total: 38200 ns
[93.449s][info ][safepoint      ] Safepoint "ICBufferFull", Time since last: 648711 ns, Reaching safepoint: 22600 ns, At safepoint: 1500 ns, Total: 24100 ns
[93.450s][info ][safepoint      ] Safepoint "ICBufferFull", Time since last: 1236220 ns, Reaching safepoint: 32201 ns, At safepoint: 6700 ns, Total: 38901 ns
[93.451s][info ][safepoint      ] Safepoint "ICBufferFull", Time since last: 1106518 ns, Reaching safepoint: 33301 ns, At safepoint: 3200 ns, Total: 36501 ns
[93.452s][info ][safepoint      ] Safepoint "ICBufferFull", Time since last: 704211 ns, Reaching safepoint: 33701 ns, At safepoint: 1900 ns, Total: 35601 ns
[93.453s][info ][safepoint      ] Safepoint "ICBufferFull", Time since last: 1011016 ns, Reaching safepoint: 23400 ns, At safepoint: 1701 ns, Total: 25101 ns
[93.453s][info ][safepoint      ] Safepoint "ICBufferFull", Time since last: 685811 ns, Reaching safepoint: 36100 ns, At safepoint: 18101 ns, Total: 54201 ns
[93.454s][info ][safepoint      ] Safepoint "ICBufferFull", Time since last: 915214 ns, Reaching safepoint: 23701 ns, At safepoint: 6600 ns, Total: 30301 ns
[93.455s][info ][safepoint      ] Safepoint "ICBufferFull", Time since last: 658711 ns, Reaching safepoint: 24900 ns, At safepoint: 5300 ns, Total: 30200 ns
[93.456s][info ][safepoint      ] Safepoint "ICBufferFull", Time since last: 964316 ns, Reaching safepoint: 25100 ns, At safepoint: 6200 ns, Total: 31300 ns
[93.457s][info ][safepoint      ] Safepoint "ICBufferFull", Time since last: 943216 ns, Reaching safepoint: 18100 ns, At safepoint: 7000 ns, Total: 25100 ns
[93.458s][info ][safepoint      ] Safepoint "ICBufferFull", Time since last: 664911 ns, Reaching safepoint: 19700 ns, At safepoint: 5500 ns, Total: 25200 ns
[93.459s][info ][safepoint      ] Safepoint "ICBufferFull", Time since last: 991016 ns, Reaching safepoint: 30801 ns, At safepoint: 5200 ns, Total: 36001 ns
[93.460s][info ][safepoint      ] Safepoint "ICBufferFull", Time since last: 859514 ns, Reaching safepoint: 29401 ns, At safepoint: 2600 ns, Total: 32001 ns
[93.461s][info ][safepoint      ] Safepoint "ICBufferFull", Time since last: 1575325 ns, Reaching safepoint: 33601 ns, At safepoint: 2200 ns, Total: 35801 ns
[93.462s][info ][safepoint      ] Safepoint "ICBufferFull", Time since last: 887414 ns, Reaching safepoint: 38001 ns, At safepoint: 2000 ns, Total: 40001 ns
[93.463s][info ][safepoint      ] Safepoint "ICBufferFull", Time since last: 662711 ns, Reaching safepoint: 28500 ns, At safepoint: 1200 ns, Total: 29700 ns
[93.471s][info ][safepoint      ] Safepoint "ICBufferFull", Time since last: 7833228 ns, Reaching safepoint: 48300 ns, At safepoint: 8301 ns, Total: 56601 ns
[93.477s][info ][safepoint      ] Safepoint "ICBufferFull", Time since last: 6045898 ns, Reaching safepoint: 55601 ns, At safepoint: 2700 ns, Total: 58301 ns
[93.479s][info ][safepoint      ] Safepoint "ICBufferFull", Time since last: 1843230 ns, Reaching safepoint: 43701 ns, At safepoint: 3600 ns, Total: 47301 ns
[93.480s][info ][safepoint      ] Safepoint "ICBufferFull", Time since last: 789512 ns, Reaching safepoint: 40501 ns, At safepoint: 3200 ns, Total: 43701 ns
[93.482s][info ][safepoint      ] Safepoint "ICBufferFull", Time since last: 2597342 ns, Reaching safepoint: 39201 ns, At safepoint: 6500 ns, Total: 45701 ns
[93.488s][info ][safepoint      ] Safepoint "ICBufferFull", Time since last: 6001298 ns, Reaching safepoint: 28000 ns, At safepoint: 2600 ns, Total: 30600 ns
[93.489s][info ][safepoint      ] Safepoint "ICBufferFull", Time since last: 696112 ns, Reaching safepoint: 16700 ns, At safepoint: 1500 ns, Total: 18200 ns
[94.489s][info ][safepoint      ] Safepoint "Cleanup", Time since last: 1000086974 ns, Reaching safepoint: 101501 ns, At safepoint: 6401 ns, Total: 107902 ns
[95.489s][info ][safepoint      ] Safepoint "Cleanup", Time since last: 1000095574 ns, Reaching safepoint: 47600 ns, At safepoint: 3800 ns, Total: 51400 ns
[96.682s][info ][safepoint      ] Safepoint "Cleanup", Time since last: 1192972513 ns, Reaching safepoint: 164503 ns, At safepoint: 8100 ns, Total: 172603 ns
[97.772s][info ][safepoint      ] Safepoint "Cleanup", Time since last: 1089258125 ns, Reaching safepoint: 88502 ns, At safepoint: 8000 ns, Total: 96502 ns
[98.772s][info ][safepoint      ] Safepoint "Cleanup", Time since last: 1000109275 ns, Reaching safepoint: 131502 ns, At safepoint: 24600 ns, Total: 156102 ns
[100.085s][info ][safepoint      ] Safepoint "Cleanup", Time since last: 1313134369 ns, Reaching safepoint: 43701 ns, At safepoint: 7000 ns, Total: 50701 ns
[101.085s][info ][safepoint      ] Safepoint "Cleanup", Time since last: 1000105275 ns, Reaching safepoint: 67601 ns, At safepoint: 7100 ns, Total: 74701 ns
[102.086s][info ][safepoint      ] Safepoint "Cleanup", Time since last: 1000105875 ns, Reaching safepoint: 57601 ns, At safepoint: 9500 ns, Total: 67101 ns
[103.086s][info ][safepoint      ] Safepoint "Cleanup", Time since last: 1000107275 ns, Reaching safepoint: 48401 ns, At safepoint: 6200 ns, Total: 54601 ns
[106.086s][info ][safepoint      ] Safepoint "Cleanup", Time since last: 3000237025 ns, Reaching safepoint: 54601 ns, At safepoint: 6000 ns, Total: 60601 ns
[107.086s][info ][safepoint      ] Safepoint "Cleanup", Time since last: 1000055375 ns, Reaching safepoint: 48201 ns, At safepoint: 6700 ns, Total: 54901 ns
[108.086s][info ][safepoint      ] Safepoint "Cleanup", Time since last: 1000091875 ns, Reaching safepoint: 59201 ns, At safepoint: 13801 ns, Total: 73002 ns
[109.087s][info ][safepoint      ] Safepoint "Cleanup", Time since last: 1000105276 ns, Reaching safepoint: 50800 ns, At safepoint: 5401 ns, Total: 56201 ns
[110.087s][info ][safepoint      ] Safepoint "Cleanup", Time since last: 1000089275 ns, Reaching safepoint: 47301 ns, At safepoint: 2900 ns, Total: 50201 ns
[111.087s][info ][safepoint      ] Safepoint "Cleanup", Time since last: 1000098976 ns, Reaching safepoint: 49201 ns, At safepoint: 4100 ns, Total: 53301 ns
[113.087s][info ][safepoint      ] Safepoint "Cleanup", Time since last: 2000126152 ns, Reaching safepoint: 44400 ns, At safepoint: 3600 ns, Total: 48000 ns
[114.087s][info ][safepoint      ] Safepoint "Cleanup", Time since last: 1000111277 ns, Reaching safepoint: 62001 ns, At safepoint: 7200 ns, Total: 69201 ns
[116.087s][info ][safepoint      ] Safepoint "Cleanup", Time since last: 2000125652 ns, Reaching safepoint: 45001 ns, At safepoint: 6900 ns, Total: 51901 ns
[118.088s][info ][safepoint      ] Safepoint "Cleanup", Time since last: 2000153253 ns, Reaching safepoint: 46101 ns, At safepoint: 2800 ns, Total: 48901 ns
[119.088s][info ][safepoint      ] Safepoint "Cleanup", Time since last: 1000103877 ns, Reaching safepoint: 47701 ns, At safepoint: 8500 ns, Total: 56201 ns
[121.088s][info ][safepoint      ] Safepoint "Cleanup", Time since last: 2000165954 ns, Reaching safepoint: 50301 ns, At safepoint: 11900 ns, Total: 62201 ns
[122.088s][info ][safepoint      ] Safepoint "Cleanup", Time since last: 1000105578 ns, Reaching safepoint: 53901 ns, At safepoint: 3600 ns, Total: 57501 ns
[123.088s][info ][safepoint      ] Safepoint "Cleanup", Time since last: 1000113777 ns, Reaching safepoint: 46801 ns, At safepoint: 2600 ns, Total: 49401 ns
[124.088s][info ][safepoint      ] Safepoint "Cleanup", Time since last: 1000084678 ns, Reaching safepoint: 53001 ns, At safepoint: 12500 ns, Total: 65501 ns
[126.089s][info ][safepoint      ] Safepoint "Cleanup", Time since last: 2000164055 ns, Reaching safepoint: 67701 ns, At safepoint: 8900 ns, Total: 76601 ns
[127.089s][info ][safepoint      ] Safepoint "Cleanup", Time since last: 1000092878 ns, Reaching safepoint: 159003 ns, At safepoint: 9100 ns, Total: 168103 ns
[128.089s][info ][safepoint      ] Safepoint "Cleanup", Time since last: 1000081678 ns, Reaching safepoint: 120202 ns, At safepoint: 10900 ns, Total: 131102 ns
[129.089s][info ][safepoint      ] Safepoint "Cleanup", Time since last: 1000116879 ns, Reaching safepoint: 51000 ns, At safepoint: 6001 ns, Total: 57001 ns
[130.089s][info ][safepoint      ] Safepoint "Cleanup", Time since last: 1000090478 ns, Reaching safepoint: 49401 ns, At safepoint: 7200 ns, Total: 56601 ns
[131.090s][info ][safepoint      ] Safepoint "Cleanup", Time since last: 1000103878 ns, Reaching safepoint: 64601 ns, At safepoint: 7201 ns, Total: 71802 ns
[132.090s][info ][safepoint      ] Safepoint "Cleanup", Time since last: 1000108078 ns, Reaching safepoint: 88102 ns, At safepoint: 7200 ns, Total: 95302 ns
[133.090s][info ][safepoint      ] Safepoint "Cleanup", Time since last: 1000104579 ns, Reaching safepoint: 58101 ns, At safepoint: 5500 ns, Total: 63601 ns
[134.026s][info ][gc,start       ] GC(79) Pause Young (Allocation Failure)
[134.040s][debug][gc,phases      ] GC(79) Scavenge 13.250ms
[134.040s][debug][gc,ref         ] GC(79) Skipped phase 1 of Reference Processing: no references
[134.040s][debug][gc,ref         ] GC(79) Skipped phase 3 of Reference Processing: no references
[134.040s][debug][gc,phases      ] GC(79) Reference Processing 0.052ms
[134.040s][debug][gc,phases      ] GC(79) Weak Processing 0.563ms
[134.040s][debug][gc,age         ] GC(79) Desired survivor size 76021760 bytes, new threshold 15 (max threshold 15)
[134.040s][info ][gc,heap        ] GC(79) PSYoungGen: 1980616K(2022400K)->49800K(2017792K) Eden: 1950720K(1950720K)->0K(1948672K) From: 29896K(71680K)->49800K(69120K)
[134.040s][info ][gc,heap        ] GC(79) ParOldGen: 349687K(359936K)->349959K(359936K)
[134.040s][info ][gc,metaspace   ] GC(79) Metaspace: 77181K(77760K)->77181K(77760K) NonClass: 66629K(66944K)->66629K(66944K) Class: 10551K(10816K)->10551K(10816K)
[134.040s][info ][gc             ] GC(79) Pause Young (Allocation Failure) 2275M->390M(2322M) 14.024ms
[134.040s][info ][gc,cpu         ] GC(79) User=0.04s Sys=0.02s Real=0.01s
[134.040s][info ][safepoint      ] Safepoint "ParallelGCFailedAllocation", Time since last: 936272140 ns, Reaching safepoint: 69101 ns, At safepoint: 14122430 ns, Total: 14191531 ns
[135.041s][info ][safepoint      ] Safepoint "Cleanup", Time since last: 1000089979 ns, Reaching safepoint: 49801 ns, At safepoint: 2800 ns, Total: 52601 ns
[136.041s][info ][safepoint      ] Safepoint "Cleanup", Time since last: 1000106879 ns, Reaching safepoint: 58701 ns, At safepoint: 5700 ns, Total: 64401 ns
[137.041s][info ][safepoint      ] Safepoint "Cleanup", Time since last: 1000124680 ns, Reaching safepoint: 58901 ns, At safepoint: 7700 ns, Total: 66601 ns
[138.041s][info ][safepoint      ] Safepoint "Cleanup", Time since last: 1000104079 ns, Reaching safepoint: 59101 ns, At safepoint: 5900 ns, Total: 65001 ns
[139.041s][info ][safepoint      ] Safepoint "Cleanup", Time since last: 1000110880 ns, Reaching safepoint: 77201 ns, At safepoint: 8900 ns, Total: 86101 ns
[140.042s][info ][safepoint      ] Safepoint "Cleanup", Time since last: 1000112580 ns, Reaching safepoint: 60301 ns, At safepoint: 7000 ns, Total: 67301 ns
[141.447s][info ][safepoint      ] Safepoint "Cleanup", Time since last: 1405147473 ns, Reaching safepoint: 117702 ns, At safepoint: 11301 ns, Total: 129003 ns
[142.447s][info ][safepoint      ] Safepoint "Cleanup", Time since last: 1000109980 ns, Reaching safepoint: 62001 ns, At safepoint: 11400 ns, Total: 73401 ns
[143.447s][info ][safepoint      ] Safepoint "Cleanup", Time since last: 1000113980 ns, Reaching safepoint: 57701 ns, At safepoint: 4000 ns, Total: 61701 ns
[144.447s][info ][safepoint      ] Safepoint "Cleanup", Time since last: 1000106980 ns, Reaching safepoint: 55401 ns, At safepoint: 5600 ns, Total: 61001 ns
[145.448s][info ][safepoint      ] Safepoint "Cleanup", Time since last: 1000119781 ns, Reaching safepoint: 102402 ns, At safepoint: 11900 ns, Total: 114302 ns
[146.448s][info ][safepoint      ] Safepoint "Cleanup", Time since last: 1000105980 ns, Reaching safepoint: 71001 ns, At safepoint: 13101 ns, Total: 84102 ns
[147.448s][info ][safepoint      ] Safepoint "Cleanup", Time since last: 1000115880 ns, Reaching safepoint: 60801 ns, At safepoint: 10401 ns, Total: 71202 ns
[148.448s][info ][safepoint      ] Safepoint "Cleanup", Time since last: 1000107180 ns, Reaching safepoint: 60101 ns, At safepoint: 5800 ns, Total: 65901 ns
[149.448s][info ][safepoint      ] Safepoint "Cleanup", Time since last: 1000109181 ns, Reaching safepoint: 64501 ns, At safepoint: 5800 ns, Total: 70301 ns
[150.448s][info ][safepoint      ] Safepoint "Cleanup", Time since last: 1000105781 ns, Reaching safepoint: 56201 ns, At safepoint: 6200 ns, Total: 62401 ns
[151.449s][info ][safepoint      ] Safepoint "Cleanup", Time since last: 1000109782 ns, Reaching safepoint: 57300 ns, At safepoint: 7101 ns, Total: 64401 ns
[152.449s][info ][safepoint      ] Safepoint "Cleanup", Time since last: 1000111281 ns, Reaching safepoint: 60601 ns, At safepoint: 6500 ns, Total: 67101 ns
[153.449s][info ][safepoint      ] Safepoint "Cleanup", Time since last: 1000109681 ns, Reaching safepoint: 63401 ns, At safepoint: 6100 ns, Total: 69501 ns
[155.449s][info ][safepoint      ] Safepoint "Cleanup", Time since last: 2000178263 ns, Reaching safepoint: 83101 ns, At safepoint: 7800 ns, Total: 90901 ns
[156.449s][info ][safepoint      ] Safepoint "Cleanup", Time since last: 1000102082 ns, Reaching safepoint: 56101 ns, At safepoint: 6000 ns, Total: 62101 ns
[157.450s][info ][safepoint      ] Safepoint "Cleanup", Time since last: 1000105282 ns, Reaching safepoint: 51701 ns, At safepoint: 4100 ns, Total: 55801 ns
[158.450s][info ][safepoint      ] Safepoint "Cleanup", Time since last: 1000115582 ns, Reaching safepoint: 54401 ns, At safepoint: 7600 ns, Total: 62001 ns
[159.450s][info ][safepoint      ] Safepoint "Cleanup", Time since last: 1000138182 ns, Reaching safepoint: 51901 ns, At safepoint: 5100 ns, Total: 57001 ns
[160.450s][info ][safepoint      ] Safepoint "Cleanup", Time since last: 1000108882 ns, Reaching safepoint: 58301 ns, At safepoint: 7900 ns, Total: 66201 ns
[161.450s][info ][safepoint      ] Safepoint "Cleanup", Time since last: 1000106883 ns, Reaching safepoint: 66801 ns, At safepoint: 12900 ns, Total: 79701 ns
[162.450s][info ][safepoint      ] Safepoint "Cleanup", Time since last: 1000109882 ns, Reaching safepoint: 44301 ns, At safepoint: 2700 ns, Total: 47001 ns
[163.451s][info ][safepoint      ] Safepoint "Cleanup", Time since last: 1000110483 ns, Reaching safepoint: 54000 ns, At safepoint: 9501 ns, Total: 63501 ns
[164.451s][info ][safepoint      ] Safepoint "Cleanup", Time since last: 1000113382 ns, Reaching safepoint: 51701 ns, At safepoint: 7500 ns, Total: 59201 ns
[165.451s][info ][safepoint      ] Safepoint "Cleanup", Time since last: 1000108583 ns, Reaching safepoint: 65801 ns, At safepoint: 10000 ns, Total: 75801 ns
[166.451s][info ][safepoint      ] Safepoint "Cleanup", Time since last: 1000104783 ns, Reaching safepoint: 54901 ns, At safepoint: 5600 ns, Total: 60501 ns
[168.451s][info ][safepoint      ] Safepoint "Cleanup", Time since last: 2000175865 ns, Reaching safepoint: 57001 ns, At safepoint: 13300 ns, Total: 70301 ns
[170.452s][info ][safepoint      ] Safepoint "Cleanup", Time since last: 2000188866 ns, Reaching safepoint: 54701 ns, At safepoint: 8100 ns, Total: 62801 ns
[171.452s][info ][safepoint      ] Safepoint "Cleanup", Time since last: 1000117484 ns, Reaching safepoint: 62501 ns, At safepoint: 11200 ns, Total: 73701 ns
[172.452s][info ][safepoint      ] Safepoint "Cleanup", Time since last: 1000114884 ns, Reaching safepoint: 56101 ns, At safepoint: 8700 ns, Total: 64801 ns
[172.867s][info ][gc,start       ] GC(80) Pause Young (Allocation Failure)
[172.881s][debug][gc,phases      ] GC(80) Scavenge 13.749ms
[172.881s][debug][gc,ref         ] GC(80) Skipped phase 1 of Reference Processing: no references
[172.881s][debug][gc,phases      ] GC(80) Reference Processing 0.056ms
[172.882s][debug][gc,phases      ] GC(80) Weak Processing 0.571ms
[172.882s][debug][gc,age         ] GC(80) Desired survivor size 83886080 bytes, new threshold 15 (max threshold 15)
[172.882s][info ][gc,heap        ] GC(80) PSYoungGen: 1998472K(2017792K)->59992K(2009088K) Eden: 1948672K(1948672K)->0K(1948672K) From: 49800K(69120K)->59992K(60416K)
[172.882s][info ][gc,heap        ] GC(80) ParOldGen: 349959K(359936K)->350287K(359936K)
[172.882s][info ][gc,metaspace   ] GC(80) Metaspace: 77281K(77824K)->77281K(77824K) NonClass: 66730K(67008K)->66730K(67008K) Class: 10551K(10816K)->10551K(10816K)
[172.882s][info ][gc             ] GC(80) Pause Young (Allocation Failure) 2293M->400M(2313M) 14.506ms
[172.882s][info ][gc,cpu         ] GC(80) User=0.06s Sys=0.00s Real=0.02s
[172.882s][info ][safepoint      ] Safepoint "ParallelGCFailedAllocation", Time since last: 415120159 ns, Reaching safepoint: 116302 ns, At safepoint: 14613938 ns, Total: 14730240 ns
[173.882s][info ][safepoint      ] Safepoint "Cleanup", Time since last: 1000079783 ns, Reaching safepoint: 47001 ns, At safepoint: 5900 ns, Total: 52901 ns
[174.882s][info ][safepoint      ] Safepoint "Cleanup", Time since last: 1000107583 ns, Reaching safepoint: 50701 ns, At safepoint: 8200 ns, Total: 58901 ns
[176.882s][info ][safepoint      ] Safepoint "Cleanup", Time since last: 2000141667 ns, Reaching safepoint: 53001 ns, At safepoint: 3000 ns, Total: 56001 ns
[178.883s][info ][safepoint      ] Safepoint "Cleanup", Time since last: 2000163367 ns, Reaching safepoint: 43801 ns, At safepoint: 2300 ns, Total: 46101 ns
[179.883s][info ][safepoint      ] Safepoint "Cleanup", Time since last: 1000103284 ns, Reaching safepoint: 115802 ns, At safepoint: 18100 ns, Total: 133902 ns
[181.544s][info ][safepoint      ] Safepoint "Cleanup", Time since last: 1661417553 ns, Reaching safepoint: 85001 ns, At safepoint: 8400 ns, Total: 93401 ns
[182.874s][info ][safepoint      ] Safepoint "Cleanup", Time since last: 1329243344 ns, Reaching safepoint: 140103 ns, At safepoint: 9200 ns, Total: 149303 ns
[184.874s][info ][safepoint      ] Safepoint "Cleanup", Time since last: 2000185669 ns, Reaching safepoint: 65201 ns, At safepoint: 11400 ns, Total: 76601 ns
[186.684s][info ][safepoint      ] Safepoint "Cleanup", Time since last: 1810198576 ns, Reaching safepoint: 74201 ns, At safepoint: 5600 ns, Total: 79801 ns
[187.684s][info ][safepoint      ] Safepoint "Cleanup", Time since last: 1000094385 ns, Reaching safepoint: 43301 ns, At safepoint: 8500 ns, Total: 51801 ns
[188.685s][info ][safepoint      ] Safepoint "Cleanup", Time since last: 1000117085 ns, Reaching safepoint: 52401 ns, At safepoint: 7400 ns, Total: 59801 ns
[189.685s][info ][safepoint      ] Safepoint "Cleanup", Time since last: 1000084285 ns, Reaching safepoint: 47701 ns, At safepoint: 9700 ns, Total: 57401 ns
[190.685s][info ][safepoint      ] Safepoint "Cleanup", Time since last: 1000117286 ns, Reaching safepoint: 406207 ns, At safepoint: 13100 ns, Total: 419307 ns
[191.685s][info ][safepoint      ] Safepoint "Cleanup", Time since last: 1000107785 ns, Reaching safepoint: 49701 ns, At safepoint: 3700 ns, Total: 53401 ns
[192.686s][info ][safepoint      ] Safepoint "Cleanup", Time since last: 1000106486 ns, Reaching safepoint: 48101 ns, At safepoint: 7500 ns, Total: 55601 ns
[193.686s][info ][safepoint      ] Safepoint "Cleanup", Time since last: 1000111886 ns, Reaching safepoint: 56201 ns, At safepoint: 3000 ns, Total: 59201 ns
[194.686s][info ][safepoint      ] Safepoint "Cleanup", Time since last: 1000116586 ns, Reaching safepoint: 64701 ns, At safepoint: 12200 ns, Total: 76901 ns
[195.686s][info ][safepoint      ] Safepoint "Cleanup", Time since last: 1000102686 ns, Reaching safepoint: 42201 ns, At safepoint: 3000 ns, Total: 45201 ns
[196.686s][info ][safepoint      ] Safepoint "Cleanup", Time since last: 1000115986 ns, Reaching safepoint: 54601 ns, At safepoint: 6200 ns, Total: 60801 ns
[197.686s][info ][safepoint      ] Safepoint "Cleanup", Time since last: 1000115886 ns, Reaching safepoint: 54101 ns, At safepoint: 7500 ns, Total: 61601 ns
[198.687s][info ][safepoint      ] Safepoint "Cleanup", Time since last: 1000071286 ns, Reaching safepoint: 61601 ns, At safepoint: 8200 ns, Total: 69801 ns
[200.687s][info ][safepoint      ] Safepoint "Cleanup", Time since last: 2000165072 ns, Reaching safepoint: 70401 ns, At safepoint: 6200 ns, Total: 76601 ns
[201.687s][info ][safepoint      ] Safepoint "Cleanup", Time since last: 1000120487 ns, Reaching safepoint: 60201 ns, At safepoint: 6300 ns, Total: 66501 ns
[202.687s][info ][safepoint      ] Safepoint "Cleanup", Time since last: 1000182588 ns, Reaching safepoint: 45201 ns, At safepoint: 6300 ns, Total: 51501 ns
[203.687s][info ][safepoint      ] Safepoint "Cleanup", Time since last: 1000105887 ns, Reaching safepoint: 84801 ns, At safepoint: 13901 ns, Total: 98702 ns
[205.688s][info ][safepoint      ] Safepoint "Cleanup", Time since last: 2000135172 ns, Reaching safepoint: 45701 ns, At safepoint: 2800 ns, Total: 48501 ns
[206.688s][info ][safepoint      ] Safepoint "Cleanup", Time since last: 1000077087 ns, Reaching safepoint: 45801 ns, At safepoint: 4200 ns, Total: 50001 ns
[207.688s][info ][safepoint      ] Safepoint "Cleanup", Time since last: 1000107087 ns, Reaching safepoint: 48701 ns, At safepoint: 11100 ns, Total: 59801 ns
[208.688s][info ][safepoint      ] Safepoint "Cleanup", Time since last: 1000108587 ns, Reaching safepoint: 58601 ns, At safepoint: 8000 ns, Total: 66601 ns
[210.688s][info ][safepoint      ] Safepoint "Cleanup", Time since last: 2000169175 ns, Reaching safepoint: 62901 ns, At safepoint: 10200 ns, Total: 73101 ns
[211.689s][info ][safepoint      ] Safepoint "Cleanup", Time since last: 1000109488 ns, Reaching safepoint: 55800 ns, At safepoint: 12201 ns, Total: 68001 ns
[212.378s][info ][gc,start       ] GC(81) Pause Young (Allocation Failure)
[212.389s][debug][gc,phases      ] GC(81) Scavenge 10.318ms
[212.389s][debug][gc,ref         ] GC(81) Skipped phase 1 of Reference Processing: no references
[212.389s][debug][gc,ref         ] GC(81) Skipped phase 3 of Reference Processing: no references
[212.389s][debug][gc,phases      ] GC(81) Reference Processing 0.032ms
[212.389s][debug][gc,phases      ] GC(81) Weak Processing 0.601ms
[212.389s][debug][gc,age         ] GC(81) Desired survivor size 85983232 bytes, new threshold 15 (max threshold 15)
[212.389s][info ][gc,heap        ] GC(81) PSYoungGen: 2008664K(2009088K)->49992K(2011136K) Eden: 1948672K(1948672K)->0K(1929216K) From: 59992K(60416K)->49992K(81920K)
[212.389s][info ][gc,heap        ] GC(81) ParOldGen: 350287K(359936K)->350631K(359936K)
[212.389s][info ][gc,metaspace   ] GC(81) Metaspace: 77333K(77888K)->77333K(77888K) NonClass: 66779K(67072K)->66779K(67072K) Class: 10554K(10816K)->10554K(10816K)
[212.389s][info ][gc             ] GC(81) Pause Young (Allocation Failure) 2303M->391M(2315M) 11.112ms
[212.389s][info ][gc,cpu         ] GC(81) User=0.04s Sys=0.00s Real=0.02s
[212.390s][info ][safepoint      ] Safepoint "ParallelGCFailedAllocation", Time since last: 689608431 ns, Reaching safepoint: 125902 ns, At safepoint: 11223282 ns, Total: 11349184 ns
[213.390s][info ][safepoint      ] Safepoint "Cleanup", Time since last: 1000087888 ns, Reaching safepoint: 48801 ns, At safepoint: 8600 ns, Total: 57401 ns
[214.390s][info ][safepoint      ] Safepoint "Cleanup", Time since last: 1000104088 ns, Reaching safepoint: 48701 ns, At safepoint: 10800 ns, Total: 59501 ns
[215.390s][info ][safepoint      ] Safepoint "Cleanup", Time since last: 1000123188 ns, Reaching safepoint: 48901 ns, At safepoint: 7200 ns, Total: 56101 ns
[216.390s][info ][safepoint      ] Safepoint "Cleanup", Time since last: 1000110088 ns, Reaching safepoint: 51301 ns, At safepoint: 7600 ns, Total: 58901 ns
[218.390s][info ][safepoint      ] Safepoint "Cleanup", Time since last: 2000154876 ns, Reaching safepoint: 77401 ns, At safepoint: 8500 ns, Total: 85901 ns
[219.391s][info ][safepoint      ] Safepoint "Cleanup", Time since last: 1000094589 ns, Reaching safepoint: 35300 ns, At safepoint: 2700 ns, Total: 38000 ns
[220.391s][info ][safepoint      ] Safepoint "Cleanup", Time since last: 1000108089 ns, Reaching safepoint: 52801 ns, At safepoint: 6400 ns, Total: 59201 ns
[223.391s][info ][safepoint      ] Safepoint "Cleanup", Time since last: 3000192164 ns, Reaching safepoint: 40801 ns, At safepoint: 4600 ns, Total: 45401 ns
[225.391s][info ][safepoint      ] Safepoint "Cleanup", Time since last: 2000155377 ns, Reaching safepoint: 58901 ns, At safepoint: 12000 ns, Total: 70901 ns
[226.391s][info ][safepoint      ] Safepoint "Cleanup", Time since last: 1000072088 ns, Reaching safepoint: 45501 ns, At safepoint: 3200 ns, Total: 48701 ns
[227.391s][info ][safepoint      ] Safepoint "Cleanup", Time since last: 1000095089 ns, Reaching safepoint: 74702 ns, At safepoint: 8600 ns, Total: 83302 ns
[228.392s][info ][safepoint      ] Safepoint "Cleanup", Time since last: 1000093589 ns, Reaching safepoint: 50901 ns, At safepoint: 7400 ns, Total: 58301 ns
[230.392s][info ][safepoint      ] Safepoint "Cleanup", Time since last: 2000202679 ns, Reaching safepoint: 74701 ns, At safepoint: 8000 ns, Total: 82701 ns
[231.392s][info ][safepoint      ] Safepoint "Cleanup", Time since last: 1000102690 ns, Reaching safepoint: 84301 ns, At safepoint: 5700 ns, Total: 90001 ns
[233.146s][info ][safepoint      ] Safepoint "Cleanup", Time since last: 1754256073 ns, Reaching safepoint: 104902 ns, At safepoint: 8400 ns, Total: 113302 ns
[235.147s][info ][safepoint      ] Safepoint "Cleanup", Time since last: 2000176880 ns, Reaching safepoint: 67901 ns, At safepoint: 7200 ns, Total: 75101 ns
[236.147s][info ][safepoint      ] Safepoint "Cleanup", Time since last: 1000108590 ns, Reaching safepoint: 61801 ns, At safepoint: 5600 ns, Total: 67401 ns
[237.147s][info ][safepoint      ] Safepoint "Cleanup", Time since last: 1000112490 ns, Reaching safepoint: 46501 ns, At safepoint: 4000 ns, Total: 50501 ns
[238.147s][info ][safepoint      ] Safepoint "Cleanup", Time since last: 1000108191 ns, Reaching safepoint: 55401 ns, At safepoint: 4900 ns, Total: 60301 ns
[240.148s][info ][safepoint      ] Safepoint "Cleanup", Time since last: 2000186480 ns, Reaching safepoint: 86702 ns, At safepoint: 7600 ns, Total: 94302 ns
[242.148s][info ][safepoint      ] Safepoint "Cleanup", Time since last: 2000155880 ns, Reaching safepoint: 45301 ns, At safepoint: 7700 ns, Total: 53001 ns
[244.148s][info ][safepoint      ] Safepoint "Cleanup", Time since last: 2000169081 ns, Reaching safepoint: 61501 ns, At safepoint: 7400 ns, Total: 68901 ns
[246.148s][info ][safepoint      ] Safepoint "Cleanup", Time since last: 2000176382 ns, Reaching safepoint: 54000 ns, At safepoint: 5601 ns, Total: 59601 ns
[247.148s][info ][safepoint      ] Safepoint "Cleanup", Time since last: 1000109191 ns, Reaching safepoint: 58201 ns, At safepoint: 6100 ns, Total: 64301 ns
[249.149s][info ][safepoint      ] Safepoint "Cleanup", Time since last: 2000135281 ns, Reaching safepoint: 92802 ns, At safepoint: 8400 ns, Total: 101202 ns
[249.872s][info ][gc,start       ] GC(82) Pause Young (Allocation Failure)
[249.884s][debug][gc,phases      ] GC(82) Scavenge 12.389ms
[249.884s][debug][gc,ref         ] GC(82) Skipped phase 1 of Reference Processing: no references
[249.884s][debug][gc,ref         ] GC(82) Skipped phase 3 of Reference Processing: no references
[249.884s][debug][gc,phases      ] GC(82) Reference Processing 0.029ms
[249.885s][debug][gc,phases      ] GC(82) Weak Processing 0.546ms
[249.885s][debug][gc,age         ] GC(82) Desired survivor size 89128960 bytes, new threshold 15 (max threshold 15)
[249.885s][info ][gc,heap        ] GC(82) PSYoungGen: 1979208K(2011136K)->54728K(1984000K) Eden: 1929216K(1929216K)->0K(1929216K) From: 49992K(81920K)->54728K(54784K)
[249.885s][info ][gc,heap        ] GC(82) ParOldGen: 350631K(359936K)->350983K(359936K)
[249.885s][info ][gc,metaspace   ] GC(82) Metaspace: 77349K(77888K)->77349K(77888K) NonClass: 66795K(67072K)->66795K(67072K) Class: 10554K(10816K)->10554K(10816K)
[249.885s][info ][gc             ] GC(82) Pause Young (Allocation Failure) 2275M->396M(2289M) 13.113ms
[249.885s][info ][gc,cpu         ] GC(82) User=0.05s Sys=0.00s Real=0.01s
[249.885s][info ][safepoint      ] Safepoint "ParallelGCFailedAllocation", Time since last: 722764574 ns, Reaching safepoint: 125602 ns, At safepoint: 13202615 ns, Total: 13328217 ns
[250.885s][info ][safepoint      ] Safepoint "Cleanup", Time since last: 1000084491 ns, Reaching safepoint: 76801 ns, At safepoint: 13200 ns, Total: 90001 ns
[253.885s][info ][safepoint      ] Safepoint "Cleanup", Time since last: 3000237374 ns, Reaching safepoint: 68501 ns, At safepoint: 9800 ns, Total: 78301 ns
[254.885s][info ][safepoint      ] Safepoint "Cleanup", Time since last: 1000105392 ns, Reaching safepoint: 46801 ns, At safepoint: 3900 ns, Total: 50701 ns
[261.886s][info ][safepoint      ] Safepoint "Cleanup", Time since last: 7000496742 ns, Reaching safepoint: 48801 ns, At safepoint: 8300 ns, Total: 57101 ns
[262.886s][info ][safepoint      ] Safepoint "Cleanup", Time since last: 1000066192 ns, Reaching safepoint: 50001 ns, At safepoint: 7200 ns, Total: 57201 ns
[263.886s][info ][safepoint      ] Safepoint "Cleanup", Time since last: 1000119493 ns, Reaching safepoint: 55701 ns, At safepoint: 7200 ns, Total: 62901 ns
[268.887s][info ][safepoint      ] Safepoint "Cleanup", Time since last: 5000374363 ns, Reaching safepoint: 44301 ns, At safepoint: 4600 ns, Total: 48901 ns
[276.887s][info ][safepoint      ] Safepoint "Cleanup", Time since last: 8000562244 ns, Reaching safepoint: 55001 ns, At safepoint: 8000 ns, Total: 63001 ns
[277.887s][info ][safepoint      ] Safepoint "Cleanup", Time since last: 1000114494 ns, Reaching safepoint: 51101 ns, At safepoint: 10300 ns, Total: 61401 ns
[278.888s][info ][safepoint      ] Safepoint "Cleanup", Time since last: 1000082494 ns, Reaching safepoint: 48301 ns, At safepoint: 4200 ns, Total: 52501 ns
[279.888s][info ][safepoint      ] Safepoint "Cleanup", Time since last: 1000103194 ns, Reaching safepoint: 41801 ns, At safepoint: 11200 ns, Total: 53001 ns
[283.888s][info ][safepoint      ] Safepoint "Cleanup", Time since last: 4000320476 ns, Reaching safepoint: 52301 ns, At safepoint: 8500 ns, Total: 60801 ns
[285.888s][info ][safepoint      ] Safepoint "Cleanup", Time since last: 2000172689 ns, Reaching safepoint: 51701 ns, At safepoint: 2800 ns, Total: 54501 ns
[286.889s][info ][safepoint      ] Safepoint "Cleanup", Time since last: 1000109695 ns, Reaching safepoint: 53601 ns, At safepoint: 5700 ns, Total: 59301 ns
[287.667s][info ][gc,start       ] GC(83) Pause Young (Allocation Failure)
[287.679s][debug][gc,phases      ] GC(83) Scavenge 11.939ms
[287.679s][debug][gc,ref         ] GC(83) Skipped phase 1 of Reference Processing: no references
[287.679s][debug][gc,ref         ] GC(83) Skipped phase 3 of Reference Processing: no references
[287.679s][debug][gc,phases      ] GC(83) Reference Processing 0.029ms
[287.680s][debug][gc,phases      ] GC(83) Weak Processing 0.558ms
[287.680s][debug][gc,age         ] GC(83) Desired survivor size 91226112 bytes, new threshold 15 (max threshold 15)
[287.680s][info ][gc,heap        ] GC(83) PSYoungGen: 1983944K(1984000K)->53544K(2006016K) Eden: 1929216K(1929216K)->0K(1918976K) From: 54728K(54784K)->53544K(87040K)
[287.680s][info ][gc,heap        ] GC(83) ParOldGen: 350983K(359936K)->351919K(359936K)
[287.680s][info ][gc,metaspace   ] GC(83) Metaspace: 77375K(77952K)->77375K(77952K) NonClass: 66821K(67136K)->66821K(67136K) Class: 10554K(10816K)->10554K(10816K)
[287.680s][info ][gc             ] GC(83) Pause Young (Allocation Failure) 2280M->395M(2310M) 12.669ms
[287.680s][info ][gc,cpu         ] GC(83) User=0.05s Sys=0.00s Real=0.01s
[287.680s][info ][safepoint      ] Safepoint "ParallelGCFailedAllocation", Time since last: 778620986 ns, Reaching safepoint: 47701 ns, At safepoint: 12785408 ns, Total: 12833109 ns
[288.680s][info ][safepoint      ] Safepoint "Cleanup", Time since last: 1000085295 ns, Reaching safepoint: 47401 ns, At safepoint: 10400 ns, Total: 57801 ns
[289.680s][info ][safepoint      ] Safepoint "Cleanup", Time since last: 1000108795 ns, Reaching safepoint: 46901 ns, At safepoint: 11100 ns, Total: 58001 ns
[290.680s][info ][safepoint      ] Safepoint "Cleanup", Time since last: 1000111995 ns, Reaching safepoint: 49501 ns, At safepoint: 3600 ns, Total: 53101 ns
[291.681s][info ][safepoint      ] Safepoint "Cleanup", Time since last: 1000107695 ns, Reaching safepoint: 55201 ns, At safepoint: 5300 ns, Total: 60501 ns
[292.681s][info ][safepoint      ] Safepoint "Cleanup", Time since last: 1000100396 ns, Reaching safepoint: 84901 ns, At safepoint: 9700 ns, Total: 94601 ns
[293.681s][info ][safepoint      ] Safepoint "Cleanup", Time since last: 1000118696 ns, Reaching safepoint: 54601 ns, At safepoint: 7000 ns, Total: 61601 ns
[296.681s][info ][safepoint      ] Safepoint "Cleanup", Time since last: 3000240385 ns, Reaching safepoint: 41101 ns, At safepoint: 2600 ns, Total: 43701 ns
[297.681s][info ][safepoint      ] Safepoint "Cleanup", Time since last: 1000111296 ns, Reaching safepoint: 47501 ns, At safepoint: 2600 ns, Total: 50101 ns
[298.682s][info ][safepoint      ] Safepoint "Cleanup", Time since last: 1000102596 ns, Reaching safepoint: 119802 ns, At safepoint: 17900 ns, Total: 137702 ns
[300.682s][info ][safepoint      ] Safepoint "Cleanup", Time since last: 2000140291 ns, Reaching safepoint: 48901 ns, At safepoint: 2800 ns, Total: 51701 ns
[301.682s][info ][safepoint      ] Safepoint "Cleanup", Time since last: 1000111696 ns, Reaching safepoint: 52801 ns, At safepoint: 5200 ns, Total: 58001 ns
[302.682s][info ][safepoint      ] Safepoint "Cleanup", Time since last: 1000104496 ns, Reaching safepoint: 48901 ns, At safepoint: 3100 ns, Total: 52001 ns
[303.682s][info ][safepoint      ] Safepoint "Cleanup", Time since last: 1000112396 ns, Reaching safepoint: 60901 ns, At safepoint: 6300 ns, Total: 67201 ns
[307.683s][info ][safepoint      ] Safepoint "Cleanup", Time since last: 4000290684 ns, Reaching safepoint: 48201 ns, At safepoint: 15400 ns, Total: 63601 ns
[309.683s][info ][safepoint      ] Safepoint "Cleanup", Time since last: 2000150393 ns, Reaching safepoint: 68701 ns, At safepoint: 6700 ns, Total: 75401 ns
[311.683s][info ][safepoint      ] Safepoint "Cleanup", Time since last: 2000146393 ns, Reaching safepoint: 59701 ns, At safepoint: 9500 ns, Total: 69201 ns
[316.684s][info ][safepoint      ] Safepoint "Cleanup", Time since last: 5000325983 ns, Reaching safepoint: 61501 ns, At safepoint: 9000 ns, Total: 70501 ns
[317.684s][info ][safepoint      ] Safepoint "Cleanup", Time since last: 1000095198 ns, Reaching safepoint: 72401 ns, At safepoint: 7000 ns, Total: 79401 ns
[319.379s][info ][safepoint      ] Safepoint "Cleanup", Time since last: 1695348727 ns, Reaching safepoint: 131402 ns, At safepoint: 10701 ns, Total: 142103 ns
[322.380s][info ][safepoint      ] Safepoint "Cleanup", Time since last: 3000241492 ns, Reaching safepoint: 53601 ns, At safepoint: 3600 ns, Total: 57201 ns
[324.380s][info ][safepoint      ] Safepoint "Cleanup", Time since last: 2000170695 ns, Reaching safepoint: 53001 ns, At safepoint: 7400 ns, Total: 60401 ns
[328.585s][info ][gc,start       ] GC(84) Pause Young (Allocation Failure)
[328.598s][debug][gc,phases      ] GC(84) Scavenge 12.674ms
[328.598s][debug][gc,ref         ] GC(84) Skipped phase 1 of Reference Processing: no references
[328.598s][debug][gc,ref         ] GC(84) Skipped phase 3 of Reference Processing: no references
[328.598s][debug][gc,phases      ] GC(84) Reference Processing 0.035ms
[328.598s][debug][gc,phases      ] GC(84) Weak Processing 0.568ms
[328.598s][debug][gc,age         ] GC(84) Desired survivor size 91226112 bytes, new threshold 15 (max threshold 15)
[328.598s][info ][gc,heap        ] GC(84) PSYoungGen: 1972520K(2006016K)->50134K(2008064K) Eden: 1918976K(1918976K)->0K(1918976K) From: 53544K(87040K)->50134K(89088K)
[328.598s][info ][gc,heap        ] GC(84) ParOldGen: 351919K(359936K)->356455K(359936K)
[328.598s][info ][gc,metaspace   ] GC(84) Metaspace: 77415K(78016K)->77415K(78016K) NonClass: 66856K(67200K)->66856K(67200K) Class: 10559K(10816K)->10559K(10816K)
[328.598s][info ][gc             ] GC(84) Pause Young (Allocation Failure) 2269M->397M(2312M) 13.426ms
[328.598s][info ][gc,cpu         ] GC(84) User=0.05s Sys=0.00s Real=0.01s
[328.598s][debug][gc,phases      ] GC(85) Pre Compact 0.010ms
[328.598s][info ][gc,start       ] GC(85) Pause Full (Ergonomics)
[328.598s][info ][gc,phases,start] GC(85) Marking Phase
[328.714s][debug][gc,phases      ] GC(85) Par Mark 116.132ms
[328.715s][debug][gc,ref         ] GC(85) Skipped phase 1 of Reference Processing: no references
[328.715s][debug][gc,phases      ] GC(85) Reference Processing 0.451ms
[328.716s][debug][gc,phases      ] GC(85) Weak Processing 0.602ms
[328.716s][debug][gc,phases      ] GC(85) ClassLoaderData 0.061ms
[328.716s][debug][gc,phases      ] GC(85) Trigger cleanups 0.000ms
[328.730s][debug][gc,phases      ] GC(85) Class Unloading 14.812ms
[328.730s][info ][gc,phases      ] GC(85) Marking Phase 132.160ms
[328.730s][info ][gc,phases,start] GC(85) Summary Phase
[328.730s][info ][gc,phases      ] GC(85) Summary Phase 0.009ms
[328.730s][info ][gc,phases,start] GC(85) Adjust Roots
[328.748s][info ][gc,phases      ] GC(85) Adjust Roots 17.517ms
[328.748s][info ][gc,phases,start] GC(85) Compaction Phase
[328.896s][info ][gc,phases      ] GC(85) Compaction Phase 148.073ms
[328.896s][info ][gc,phases,start] GC(85) Post Compact
[328.897s][info ][gc,phases      ] GC(85) Post Compact 1.037ms
[328.897s][info ][gc,heap        ] GC(85) PSYoungGen: 50134K(2008064K)->46706K(2008064K) Eden: 0K(1918976K)->0K(1918976K) From: 50134K(89088K)->46706K(89088K)
[328.897s][info ][gc,heap        ] GC(85) ParOldGen: 356455K(359936K)->349976K(409600K)
[328.897s][info ][gc,metaspace   ] GC(85) Metaspace: 77415K(78016K)->77415K(78016K) NonClass: 66856K(67200K)->66856K(67200K) Class: 10559K(10816K)->10559K(10816K)
[328.897s][info ][gc             ] GC(85) Pause Full (Ergonomics) 397M->387M(2361M) 299.041ms
[328.897s][info ][gc,cpu         ] GC(85) User=1.06s Sys=0.01s Real=0.30s
[328.897s][info ][safepoint      ] Safepoint "ParallelGCFailedAllocation", Time since last: 4204949026 ns, Reaching safepoint: 40301 ns, At safepoint: 312632995 ns, Total: 312673296 ns
[329.898s][info ][safepoint      ] Safepoint "Cleanup", Time since last: 1000104598 ns, Reaching safepoint: 51901 ns, At safepoint: 18901 ns, Total: 70802 ns
[330.898s][info ][safepoint      ] Safepoint "Cleanup", Time since last: 1000112998 ns, Reaching safepoint: 53901 ns, At safepoint: 12400 ns, Total: 66301 ns
[335.898s][info ][safepoint      ] Safepoint "Cleanup", Time since last: 5000331491 ns, Reaching safepoint: 62001 ns, At safepoint: 10101 ns, Total: 72102 ns
[336.898s][info ][safepoint      ] Safepoint "Cleanup", Time since last: 1000111599 ns, Reaching safepoint: 53601 ns, At safepoint: 5700 ns, Total: 59301 ns
[337.899s][info ][safepoint      ] Safepoint "Cleanup", Time since last: 1000104299 ns, Reaching safepoint: 97901 ns, At safepoint: 7101 ns, Total: 105002 ns
[338.899s][info ][safepoint      ] Safepoint "Cleanup", Time since last: 1000107599 ns, Reaching safepoint: 80001 ns, At safepoint: 5500 ns, Total: 85501 ns
[339.899s][info ][safepoint      ] Safepoint "Cleanup", Time since last: 1000102100 ns, Reaching safepoint: 81201 ns, At safepoint: 14600 ns, Total: 95801 ns
[340.899s][info ][safepoint      ] Safepoint "Cleanup", Time since last: 1000097799 ns, Reaching safepoint: 62201 ns, At safepoint: 8601 ns, Total: 70802 ns
[342.899s][info ][safepoint      ] Safepoint "Cleanup", Time since last: 2000167298 ns, Reaching safepoint: 53901 ns, At safepoint: 8200 ns, Total: 62101 ns
[343.899s][info ][safepoint      ] Safepoint "Cleanup", Time since last: 1000110900 ns, Reaching safepoint: 59801 ns, At safepoint: 3100 ns, Total: 62901 ns
[344.900s][info ][safepoint      ] Safepoint "Cleanup", Time since last: 1000109899 ns, Reaching safepoint: 48801 ns, At safepoint: 5600 ns, Total: 54401 ns
[345.900s][info ][safepoint      ] Safepoint "Cleanup", Time since last: 1000106700 ns, Reaching safepoint: 66001 ns, At safepoint: 9800 ns, Total: 75801 ns
[346.900s][info ][safepoint      ] Safepoint "Cleanup", Time since last: 1000105700 ns, Reaching safepoint: 48301 ns, At safepoint: 17000 ns, Total: 65301 ns
[347.900s][info ][safepoint      ] Safepoint "Cleanup", Time since last: 1000112500 ns, Reaching safepoint: 60001 ns, At safepoint: 9801 ns, Total: 69802 ns
[348.900s][info ][safepoint      ] Safepoint "Cleanup", Time since last: 1000108100 ns, Reaching safepoint: 49300 ns, At safepoint: 5901 ns, Total: 55201 ns
[349.900s][info ][safepoint      ] Safepoint "Cleanup", Time since last: 1000105500 ns, Reaching safepoint: 50600 ns, At safepoint: 7501 ns, Total: 58101 ns
[350.901s][info ][safepoint      ] Safepoint "Cleanup", Time since last: 1000109100 ns, Reaching safepoint: 48601 ns, At safepoint: 11400 ns, Total: 60001 ns
[351.901s][info ][safepoint      ] Safepoint "Cleanup", Time since last: 1000110000 ns, Reaching safepoint: 75901 ns, At safepoint: 8001 ns, Total: 83902 ns
[353.901s][info ][safepoint      ] Safepoint "Cleanup", Time since last: 2000167600 ns, Reaching safepoint: 57101 ns, At safepoint: 21000 ns, Total: 78101 ns
[354.901s][info ][safepoint      ] Safepoint "Cleanup", Time since last: 1000110100 ns, Reaching safepoint: 44001 ns, At safepoint: 2500 ns, Total: 46501 ns
[358.902s][info ][safepoint      ] Safepoint "Cleanup", Time since last: 4000302601 ns, Reaching safepoint: 59601 ns, At safepoint: 8100 ns, Total: 67701 ns
[362.902s][info ][safepoint      ] Safepoint "Cleanup", Time since last: 4000306102 ns, Reaching safepoint: 54501 ns, At safepoint: 2700 ns, Total: 57201 ns
[367.017s][info ][gc,start       ] GC(86) Pause Young (Allocation Failure)
[367.060s][debug][gc,phases      ] GC(86) Scavenge 42.633ms
[367.060s][debug][gc,ref         ] GC(86) Skipped phase 1 of Reference Processing: no references
[367.060s][debug][gc,ref         ] GC(86) Skipped phase 3 of Reference Processing: no references
[367.060s][debug][gc,phases      ] GC(86) Reference Processing 0.031ms
[367.061s][debug][gc,phases      ] GC(86) Weak Processing 0.590ms
[367.061s][debug][gc,age         ] GC(86) Desired survivor size 89128960 bytes, new threshold 15 (max threshold 15)
[367.061s][info ][gc,heap        ] GC(86) PSYoungGen: 1965682K(2008064K)->45350K(2010112K) Eden: 1918976K(1918976K)->0K(1921024K) From: 46706K(89088K)->45350K(89088K)
[367.061s][info ][gc,heap        ] GC(86) ParOldGen: 349976K(409600K)->350256K(409600K)
[367.061s][info ][gc,metaspace   ] GC(86) Metaspace: 77450K(78080K)->77450K(78080K) NonClass: 66889K(67264K)->66889K(67264K) Class: 10560K(10816K)->10560K(10816K)
[367.061s][info ][gc             ] GC(86) Pause Young (Allocation Failure) 2261M->386M(2363M) 43.424ms
[367.061s][info ][gc,cpu         ] GC(86) User=0.16s Sys=0.00s Real=0.04s
[367.061s][info ][safepoint      ] Safepoint "ParallelGCFailedAllocation", Time since last: 4115201477 ns, Reaching safepoint: 107301 ns, At safepoint: 43546810 ns, Total: 43654111 ns
[368.061s][info ][safepoint      ] Safepoint "Cleanup", Time since last: 1000087601 ns, Reaching safepoint: 51001 ns, At safepoint: 9200 ns, Total: 60201 ns
[370.061s][info ][safepoint      ] Safepoint "Cleanup", Time since last: 2000179203 ns, Reaching safepoint: 49101 ns, At safepoint: 7600 ns, Total: 56701 ns
[373.062s][info ][safepoint      ] Safepoint "Cleanup", Time since last: 3000253304 ns, Reaching safepoint: 74702 ns, At safepoint: 10000 ns, Total: 84702 ns
[375.062s][info ][safepoint      ] Safepoint "Cleanup", Time since last: 2000167503 ns, Reaching safepoint: 115702 ns, At safepoint: 11000 ns, Total: 126702 ns
[387.063s][info ][safepoint      ] Safepoint "Cleanup", Time since last: 12000692121 ns, Reaching safepoint: 48801 ns, At safepoint: 7000 ns, Total: 55801 ns
[396.063s][info ][safepoint      ] Safepoint "Cleanup", Time since last: 9000630325 ns, Reaching safepoint: 119502 ns, At safepoint: 9700 ns, Total: 129202 ns
[398.064s][info ][safepoint      ] Safepoint "Cleanup", Time since last: 2000167706 ns, Reaching safepoint: 66702 ns, At safepoint: 9700 ns, Total: 76402 ns
[404.064s][info ][safepoint      ] Safepoint "Cleanup", Time since last: 6000413020 ns, Reaching safepoint: 77801 ns, At safepoint: 8200 ns, Total: 86001 ns
[407.727s][info ][safepoint      ] Safepoint "ICBufferFull", Time since last: 3663307322 ns, Reaching safepoint: 43101 ns, At safepoint: 5600 ns, Total: 48701 ns
[407.729s][info ][safepoint      ] Safepoint "ICBufferFull", Time since last: 1040217 ns, Reaching safepoint: 31600 ns, At safepoint: 4400 ns, Total: 36000 ns
[407.729s][info ][safepoint      ] Safepoint "ICBufferFull", Time since last: 618410 ns, Reaching safepoint: 27001 ns, At safepoint: 1400 ns, Total: 28401 ns
[407.730s][info ][safepoint      ] Safepoint "ICBufferFull", Time since last: 884714 ns, Reaching safepoint: 43901 ns, At safepoint: 2900 ns, Total: 46801 ns
[407.731s][info ][safepoint      ] Safepoint "ICBufferFull", Time since last: 598010 ns, Reaching safepoint: 17100 ns, At safepoint: 1800 ns, Total: 18900 ns
[407.732s][info ][safepoint      ] Safepoint "ICBufferFull", Time since last: 905815 ns, Reaching safepoint: 37800 ns, At safepoint: 2700 ns, Total: 40500 ns
[407.734s][info ][safepoint      ] Safepoint "ICBufferFull", Time since last: 1994933 ns, Reaching safepoint: 18500 ns, At safepoint: 2100 ns, Total: 20600 ns
[407.735s][info ][safepoint      ] Safepoint "ICBufferFull", Time since last: 890015 ns, Reaching safepoint: 19800 ns, At safepoint: 1800 ns, Total: 21600 ns
[407.736s][info ][safepoint      ] Safepoint "ICBufferFull", Time since last: 984016 ns, Reaching safepoint: 17900 ns, At safepoint: 4901 ns, Total: 22801 ns
[407.737s][info ][safepoint      ] Safepoint "ICBufferFull", Time since last: 1512524 ns, Reaching safepoint: 18900 ns, At safepoint: 1601 ns, Total: 20501 ns
[407.739s][info ][safepoint      ] Safepoint "ICBufferFull", Time since last: 2004132 ns, Reaching safepoint: 25601 ns, At safepoint: 1800 ns, Total: 27401 ns
[407.740s][info ][safepoint      ] Safepoint "ICBufferFull", Time since last: 671611 ns, Reaching safepoint: 172502 ns, At safepoint: 6001 ns, Total: 178503 ns
[407.741s][info ][safepoint      ] Safepoint "ICBufferFull", Time since last: 989416 ns, Reaching safepoint: 17700 ns, At safepoint: 1900 ns, Total: 19600 ns
[407.742s][info ][safepoint      ] Safepoint "ICBufferFull", Time since last: 904615 ns, Reaching safepoint: 17600 ns, At safepoint: 1500 ns, Total: 19100 ns
[407.743s][info ][safepoint      ] Safepoint "ICBufferFull", Time since last: 860814 ns, Reaching safepoint: 35701 ns, At safepoint: 1500 ns, Total: 37201 ns
[407.747s][info ][safepoint      ] Safepoint "ICBufferFull", Time since last: 4228769 ns, Reaching safepoint: 37800 ns, At safepoint: 5000 ns, Total: 42800 ns
[407.748s][info ][safepoint      ] Safepoint "ICBufferFull", Time since last: 929615 ns, Reaching safepoint: 22901 ns, At safepoint: 6100 ns, Total: 29001 ns
[407.749s][info ][safepoint      ] Safepoint "ICBufferFull", Time since last: 1227320 ns, Reaching safepoint: 29400 ns, At safepoint: 1600 ns, Total: 31000 ns
[407.752s][info ][safepoint      ] Safepoint "ICBufferFull", Time since last: 2539342 ns, Reaching safepoint: 32300 ns, At safepoint: 3300 ns, Total: 35600 ns
[407.753s][info ][safepoint      ] Safepoint "ICBufferFull", Time since last: 988917 ns, Reaching safepoint: 24700 ns, At safepoint: 5700 ns, Total: 30400 ns
[407.755s][info ][safepoint      ] Safepoint "ICBufferFull", Time since last: 2403039 ns, Reaching safepoint: 22901 ns, At safepoint: 1800 ns, Total: 24701 ns
[407.757s][info ][safepoint      ] Safepoint "ICBufferFull", Time since last: 1274820 ns, Reaching safepoint: 28601 ns, At safepoint: 1700 ns, Total: 30301 ns
[407.758s][info ][safepoint      ] Safepoint "ICBufferFull", Time since last: 1001616 ns, Reaching safepoint: 25301 ns, At safepoint: 5000 ns, Total: 30301 ns
[407.760s][info ][safepoint      ] Safepoint "ICBufferFull", Time since last: 2597242 ns, Reaching safepoint: 41301 ns, At safepoint: 8400 ns, Total: 49701 ns
[407.762s][info ][safepoint      ] Safepoint "ICBufferFull", Time since last: 1700728 ns, Reaching safepoint: 33500 ns, At safepoint: 1700 ns, Total: 35200 ns
[407.765s][info ][safepoint      ] Safepoint "ICBufferFull", Time since last: 2438240 ns, Reaching safepoint: 32800 ns, At safepoint: 2700 ns, Total: 35500 ns
[407.766s][info ][safepoint      ] Safepoint "ICBufferFull", Time since last: 1299322 ns, Reaching safepoint: 27500 ns, At safepoint: 1600 ns, Total: 29100 ns
[408.766s][info ][safepoint      ] Safepoint "Cleanup", Time since last: 1000058804 ns, Reaching safepoint: 60801 ns, At safepoint: 5800 ns, Total: 66601 ns
[410.170s][info ][gc,start       ] GC(87) Pause Young (Allocation Failure)
[410.181s][debug][gc,phases      ] GC(87) Scavenge 10.794ms
[410.181s][debug][gc,ref         ] GC(87) Skipped phase 1 of Reference Processing: no references
[410.181s][debug][gc,ref         ] GC(87) Skipped phase 3 of Reference Processing: no references
[410.181s][debug][gc,phases      ] GC(87) Reference Processing 0.060ms
[410.182s][debug][gc,phases      ] GC(87) Weak Processing 0.656ms
[410.182s][debug][gc,age         ] GC(87) Desired survivor size 85983232 bytes, new threshold 15 (max threshold 15)
[410.182s][info ][gc,heap        ] GC(87) PSYoungGen: 1966374K(2010112K)->43238K(2008064K) Eden: 1921024K(1921024K)->0K(1921024K) From: 45350K(89088K)->43238K(87040K)
[410.182s][info ][gc,heap        ] GC(87) ParOldGen: 350256K(409600K)->350608K(409600K)
[410.182s][info ][gc,metaspace   ] GC(87) Metaspace: 77478K(78144K)->77478K(78144K) NonClass: 66916K(67264K)->66916K(67264K) Class: 10561K(10880K)->10561K(10880K)
[410.182s][info ][gc             ] GC(87) Pause Young (Allocation Failure) 2262M->384M(2361M) 11.636ms
[410.182s][info ][gc,cpu         ] GC(87) User=0.04s Sys=0.00s Real=0.01s
[410.182s][info ][safepoint      ] Safepoint "ParallelGCFailedAllocation", Time since last: 1403813886 ns, Reaching safepoint: 31701 ns, At safepoint: 11729991 ns, Total: 11761692 ns
[415.182s][info ][safepoint      ] Safepoint "Cleanup", Time since last: 5000363521 ns, Reaching safepoint: 49801 ns, At safepoint: 9000 ns, Total: 58801 ns
[417.182s][info ][safepoint      ] Safepoint "Cleanup", Time since last: 2000170810 ns, Reaching safepoint: 61101 ns, At safepoint: 12800 ns, Total: 73901 ns
[418.182s][info ][safepoint      ] Safepoint "Cleanup", Time since last: 1000155506 ns, Reaching safepoint: 49801 ns, At safepoint: 6500 ns, Total: 56301 ns
[419.183s][info ][safepoint      ] Safepoint "Cleanup", Time since last: 1000107505 ns, Reaching safepoint: 47201 ns, At safepoint: 7800 ns, Total: 55001 ns
[423.183s][info ][safepoint      ] Safepoint "Cleanup", Time since last: 4000312820 ns, Reaching safepoint: 43900 ns, At safepoint: 3500 ns, Total: 47400 ns
[427.183s][info ][safepoint      ] Safepoint "Cleanup", Time since last: 4000274021 ns, Reaching safepoint: 56100 ns, At safepoint: 10901 ns, Total: 67001 ns
[432.184s][info ][safepoint      ] Safepoint "Cleanup", Time since last: 5000379527 ns, Reaching safepoint: 85601 ns, At safepoint: 5501 ns, Total: 91102 ns
[435.184s][info ][safepoint      ] Safepoint "Cleanup", Time since last: 3000253217 ns, Reaching safepoint: 45201 ns, At safepoint: 2200 ns, Total: 47401 ns
[436.184s][info ][safepoint      ] Safepoint "Cleanup", Time since last: 1000105406 ns, Reaching safepoint: 46301 ns, At safepoint: 2500 ns, Total: 48801 ns
[443.185s][info ][safepoint      ] Safepoint "Cleanup", Time since last: 7000448942 ns, Reaching safepoint: 46501 ns, At safepoint: 2500 ns, Total: 49001 ns
[450.185s][info ][safepoint      ] Safepoint "Cleanup", Time since last: 7000491945 ns, Reaching safepoint: 49301 ns, At safepoint: 6600 ns, Total: 55901 ns
[451.067s][info ][gc,start       ] GC(88) Pause Young (Allocation Failure)
[451.077s][debug][gc,phases      ] GC(88) Scavenge 9.525ms
[451.077s][debug][gc,ref         ] GC(88) Skipped phase 1 of Reference Processing: no references
[451.077s][debug][gc,ref         ] GC(88) Skipped phase 3 of Reference Processing: no references
[451.077s][debug][gc,phases      ] GC(88) Reference Processing 0.030ms
[451.078s][debug][gc,phases      ] GC(88) Weak Processing 0.592ms
[451.078s][debug][gc,age         ] GC(88) Desired survivor size 82313216 bytes, new threshold 15 (max threshold 15)
[451.078s][info ][gc,heap        ] GC(88) PSYoungGen: 1964262K(2008064K)->41542K(2016768K) Eden: 1921024K(1921024K)->0K(1932800K) From: 43238K(87040K)->41542K(83968K)
[451.078s][info ][gc,heap        ] GC(88) ParOldGen: 350608K(409600K)->350952K(409600K)
[451.078s][info ][gc,metaspace   ] GC(88) Metaspace: 77484K(78144K)->77484K(78144K) NonClass: 66922K(67264K)->66922K(67264K) Class: 10561K(10880K)->10561K(10880K)
[451.078s][info ][gc             ] GC(88) Pause Young (Allocation Failure) 2260M->383M(2369M) 10.286ms
[451.078s][info ][gc,cpu         ] GC(88) User=0.03s Sys=0.00s Real=0.01s
[451.078s][info ][safepoint      ] Safepoint "ParallelGCFailedAllocation", Time since last: 881874280 ns, Reaching safepoint: 103901 ns, At safepoint: 10385870 ns, Total: 10489771 ns
[458.078s][info ][safepoint      ] Safepoint "Cleanup", Time since last: 7000509449 ns, Reaching safepoint: 56601 ns, At safepoint: 7800 ns, Total: 64401 ns
[459.078s][info ][safepoint      ] Safepoint "Cleanup", Time since last: 1000114908 ns, Reaching safepoint: 53501 ns, At safepoint: 11000 ns, Total: 64501 ns
[460.079s][info ][safepoint      ] Safepoint "Cleanup", Time since last: 1000096708 ns, Reaching safepoint: 42101 ns, At safepoint: 6300 ns, Total: 48401 ns
[461.079s][info ][safepoint      ] Safepoint "Cleanup", Time since last: 1000066807 ns, Reaching safepoint: 51901 ns, At safepoint: 13300 ns, Total: 65201 ns
[463.079s][info ][safepoint      ] Safepoint "Cleanup", Time since last: 2000158615 ns, Reaching safepoint: 83002 ns, At safepoint: 10100 ns, Total: 93102 ns
[471.080s][info ][safepoint      ] Safepoint "Cleanup", Time since last: 8000541562 ns, Reaching safepoint: 133302 ns, At safepoint: 8400 ns, Total: 141702 ns
[473.080s][info ][safepoint      ] Safepoint "Cleanup", Time since last: 2000167217 ns, Reaching safepoint: 40801 ns, At safepoint: 2400 ns, Total: 43201 ns
[479.080s][info ][safepoint      ] Safepoint "Cleanup", Time since last: 6000351649 ns, Reaching safepoint: 41800 ns, At safepoint: 9601 ns, Total: 51401 ns
[482.081s][info ][safepoint      ] Safepoint "Cleanup", Time since last: 3000240526 ns, Reaching safepoint: 51001 ns, At safepoint: 9100 ns, Total: 60101 ns
[483.081s][info ][safepoint      ] Safepoint "Cleanup", Time since last: 1000103509 ns, Reaching safepoint: 48401 ns, At safepoint: 7800 ns, Total: 56201 ns
[484.081s][info ][safepoint      ] Safepoint "Cleanup", Time since last: 1000114610 ns, Reaching safepoint: 49601 ns, At safepoint: 4300 ns, Total: 53901 ns
[485.398s][info ][safepoint      ] Safepoint "Cleanup", Time since last: 1316931176 ns, Reaching safepoint: 89501 ns, At safepoint: 10100 ns, Total: 99601 ns
[487.398s][info ][safepoint      ] Safepoint "Cleanup", Time since last: 2000097418 ns, Reaching safepoint: 57201 ns, At safepoint: 3800 ns, Total: 61001 ns
[491.398s][info ][safepoint      ] Safepoint "Cleanup", Time since last: 4000311437 ns, Reaching safepoint: 54701 ns, At safepoint: 11400 ns, Total: 66101 ns
[493.399s][info ][safepoint      ] Safepoint "Cleanup", Time since last: 2000183519 ns, Reaching safepoint: 84002 ns, At safepoint: 12900 ns, Total: 96902 ns
[498.375s][info ][gc,start       ] GC(89) Pause Young (Allocation Failure)
[498.384s][debug][gc,phases      ] GC(89) Scavenge 8.669ms
[498.384s][debug][gc,ref         ] GC(89) Skipped phase 1 of Reference Processing: no references
[498.384s][debug][gc,ref         ] GC(89) Skipped phase 3 of Reference Processing: no references
[498.384s][debug][gc,phases      ] GC(89) Reference Processing 0.030ms
[498.385s][debug][gc,phases      ] GC(89) Weak Processing 0.564ms
[498.385s][debug][gc,age         ] GC(89) Desired survivor size 78643200 bytes, new threshold 15 (max threshold 15)
[498.385s][info ][gc,heap        ] GC(89) PSYoungGen: 1974342K(2016768K)->40694K(2013184K) Eden: 1932800K(1932800K)->0K(1932800K) From: 41542K(83968K)->40694K(80384K)
[498.385s][info ][gc,heap        ] GC(89) ParOldGen: 350952K(409600K)->351224K(409600K)
[498.385s][info ][gc,metaspace   ] GC(89) Metaspace: 77504K(78208K)->77504K(78208K) NonClass: 66942K(67328K)->66942K(67328K) Class: 10561K(10880K)->10561K(10880K)
[498.385s][info ][gc             ] GC(89) Pause Young (Allocation Failure) 2270M->382M(2366M) 9.411ms
[498.385s][info ][gc,cpu         ] GC(89) User=0.03s Sys=0.00s Real=0.01s
[498.385s][info ][safepoint      ] Safepoint "ParallelGCFailedAllocation", Time since last: 4976312456 ns, Reaching safepoint: 118702 ns, At safepoint: 9527855 ns, Total: 9646557 ns
[499.385s][info ][safepoint      ] Safepoint "Cleanup", Time since last: 1000089310 ns, Reaching safepoint: 67501 ns, At safepoint: 8200 ns, Total: 75701 ns
[501.385s][info ][safepoint      ] Safepoint "Cleanup", Time since last: 2000146220 ns, Reaching safepoint: 47201 ns, At safepoint: 8700 ns, Total: 55901 ns
[502.385s][info ][safepoint      ] Safepoint "Cleanup", Time since last: 1000107310 ns, Reaching safepoint: 49801 ns, At safepoint: 5700 ns, Total: 55501 ns
[503.385s][info ][safepoint      ] Safepoint "Cleanup", Time since last: 1000057410 ns, Reaching safepoint: 48101 ns, At safepoint: 5700 ns, Total: 53801 ns
[506.386s][info ][safepoint      ] Safepoint "Cleanup", Time since last: 3000186130 ns, Reaching safepoint: 48501 ns, At safepoint: 3500 ns, Total: 52001 ns
[507.386s][info ][safepoint      ] Safepoint "Cleanup", Time since last: 1000114111 ns, Reaching safepoint: 46700 ns, At safepoint: 8300 ns, Total: 55000 ns
[509.386s][info ][safepoint      ] Safepoint "Cleanup", Time since last: 2000163121 ns, Reaching safepoint: 107402 ns, At safepoint: 7000 ns, Total: 114402 ns
[515.386s][info ][safepoint      ] Safepoint "Cleanup", Time since last: 6000373963 ns, Reaching safepoint: 48000 ns, At safepoint: 2600 ns, Total: 50600 ns
[518.387s][info ][safepoint      ] Safepoint "Cleanup", Time since last: 3000249333 ns, Reaching safepoint: 40501 ns, At safepoint: 4500 ns, Total: 45001 ns
[519.387s][info ][safepoint      ] Safepoint "Cleanup", Time since last: 1000058111 ns, Reaching safepoint: 32400 ns, At safepoint: 3000 ns, Total: 35400 ns
[523.387s][info ][safepoint      ] Safepoint "Cleanup", Time since last: 4000266044 ns, Reaching safepoint: 48801 ns, At safepoint: 3100 ns, Total: 51901 ns
[524.387s][info ][safepoint      ] Safepoint "Cleanup", Time since last: 1000127112 ns, Reaching safepoint: 83302 ns, At safepoint: 8700 ns, Total: 92002 ns
[535.388s][info ][safepoint      ] Safepoint "Cleanup", Time since last: 11000731225 ns, Reaching safepoint: 47301 ns, At safepoint: 5800 ns, Total: 53101 ns
[548.389s][info ][safepoint      ] Safepoint "Cleanup", Time since last: 13000880458 ns, Reaching safepoint: 47101 ns, At safepoint: 6000 ns, Total: 53101 ns
[557.867s][info ][gc,start       ] GC(90) Pause Young (Allocation Failure)
[557.877s][debug][gc,phases      ] GC(90) Scavenge 9.408ms
[557.877s][debug][gc,ref         ] GC(90) Skipped phase 1 of Reference Processing: no references
[557.877s][debug][gc,ref         ] GC(90) Skipped phase 3 of Reference Processing: no references
[557.877s][debug][gc,phases      ] GC(90) Reference Processing 0.047ms
[557.877s][debug][gc,phases      ] GC(90) Weak Processing 0.567ms
[557.877s][debug][gc,age         ] GC(90) Desired survivor size 74973184 bytes, new threshold 15 (max threshold 15)
[557.877s][info ][gc,heap        ] GC(90) PSYoungGen: 1973494K(2013184K)->40102K(2023936K) Eden: 1932800K(1932800K)->0K(1947136K) From: 40694K(80384K)->40102K(76800K)
[557.877s][info ][gc,heap        ] GC(90) ParOldGen: 351224K(409600K)->351560K(409600K)
[557.877s][info ][gc,metaspace   ] GC(90) Metaspace: 77513K(78208K)->77513K(78208K) NonClass: 66950K(67328K)->66950K(67328K) Class: 10562K(10880K)->10562K(10880K)
[557.877s][info ][gc             ] GC(90) Pause Young (Allocation Failure) 2270M->382M(2376M) 10.162ms
[557.877s][info ][gc,cpu         ] GC(90) User=0.04s Sys=0.00s Real=0.01s
[557.877s][info ][safepoint      ] Safepoint "ParallelGCFailedAllocation", Time since last: 9478008501 ns, Reaching safepoint: 140103 ns, At safepoint: 10260167 ns, Total: 10400270 ns
[564.878s][info ][safepoint      ] Safepoint "Cleanup", Time since last: 7000368390 ns, Reaching safepoint: 48001 ns, At safepoint: 6500 ns, Total: 54501 ns
[573.879s][info ][safepoint      ] Safepoint "Cleanup", Time since last: 9000601022 ns, Reaching safepoint: 49801 ns, At safepoint: 5400 ns, Total: 55201 ns
[574.879s][info ][safepoint      ] Safepoint "Cleanup", Time since last: 1000117914 ns, Reaching safepoint: 52901 ns, At safepoint: 3700 ns, Total: 56601 ns
[575.879s][info ][safepoint      ] Safepoint "Cleanup", Time since last: 1000103715 ns, Reaching safepoint: 63901 ns, At safepoint: 4400 ns, Total: 68301 ns
[588.880s][info ][safepoint      ] Safepoint "Cleanup", Time since last: 13000896985 ns, Reaching safepoint: 72101 ns, At safepoint: 8100 ns, Total: 80201 ns
[601.881s][info ][safepoint      ] Safepoint "Cleanup", Time since last: 13000869493 ns, Reaching safepoint: 63601 ns, At safepoint: 3100 ns, Total: 66701 ns
[603.881s][info ][safepoint      ] Safepoint "Cleanup", Time since last: 2000135331 ns, Reaching safepoint: 54401 ns, At safepoint: 9100 ns, Total: 63501 ns
[604.881s][info ][safepoint      ] Safepoint "Cleanup", Time since last: 1000108916 ns, Reaching safepoint: 53401 ns, At safepoint: 5700 ns, Total: 59101 ns
[606.881s][info ][safepoint      ] Safepoint "Cleanup", Time since last: 2000176531 ns, Reaching safepoint: 53201 ns, At safepoint: 4000 ns, Total: 57201 ns
[607.882s][info ][safepoint      ] Safepoint "Cleanup", Time since last: 1000107216 ns, Reaching safepoint: 56901 ns, At safepoint: 2800 ns, Total: 59701 ns
[617.117s][info ][gc,start       ] GC(91) Pause Young (Allocation Failure)
[617.126s][debug][gc,phases      ] GC(91) Scavenge 8.966ms
[617.127s][debug][gc,ref         ] GC(91) Skipped phase 1 of Reference Processing: no references
[617.127s][debug][gc,ref         ] GC(91) Skipped phase 3 of Reference Processing: no references
[617.127s][debug][gc,phases      ] GC(91) Reference Processing 0.042ms
[617.127s][debug][gc,phases      ] GC(91) Weak Processing 0.728ms
[617.127s][debug][gc,age         ] GC(91) Desired survivor size 71827456 bytes, new threshold 15 (max threshold 15)
[617.127s][info ][gc,heap        ] GC(91) PSYoungGen: 1987238K(2023936K)->39830K(2020352K) Eden: 1947136K(1947136K)->0K(1947136K) From: 40102K(76800K)->39830K(73216K)
[617.127s][info ][gc,heap        ] GC(91) ParOldGen: 351560K(409600K)->351904K(409600K)
[617.127s][info ][gc,metaspace   ] GC(91) Metaspace: 77531K(78208K)->77531K(78208K) NonClass: 66968K(67328K)->66968K(67328K) Class: 10562K(10880K)->10562K(10880K)
[617.127s][info ][gc             ] GC(91) Pause Young (Allocation Failure) 2283M->382M(2373M) 9.935ms
[617.127s][info ][gc,cpu         ] GC(91) User=0.03s Sys=0.00s Real=0.01s
[617.127s][info ][safepoint      ] Safepoint "ParallelGCFailedAllocation", Time since last: 9235655276 ns, Reaching safepoint: 136902 ns, At safepoint: 10035264 ns, Total: 10172166 ns
[618.128s][info ][safepoint      ] Safepoint "Cleanup", Time since last: 1000081916 ns, Reaching safepoint: 111102 ns, At safepoint: 11800 ns, Total: 122902 ns
[619.128s][info ][safepoint      ] Safepoint "Cleanup", Time since last: 1000103916 ns, Reaching safepoint: 45901 ns, At safepoint: 2600 ns, Total: 48501 ns
[633.129s][info ][safepoint      ] Safepoint "Cleanup", Time since last: 14000914028 ns, Reaching safepoint: 55201 ns, At safepoint: 11100 ns, Total: 66301 ns
[636.129s][info ][safepoint      ] Safepoint "Cleanup", Time since last: 3000211350 ns, Reaching safepoint: 46901 ns, At safepoint: 7400 ns, Total: 54301 ns
[669.824s][info ][gc,start       ] GC(92) Pause Young (Allocation Failure)
[669.835s][debug][gc,phases      ] GC(92) Scavenge 10.943ms
[669.835s][debug][gc,ref         ] GC(92) Skipped phase 1 of Reference Processing: no references
[669.835s][debug][gc,ref         ] GC(92) Skipped phase 3 of Reference Processing: no references
[669.835s][debug][gc,phases      ] GC(92) Reference Processing 0.034ms
[669.836s][debug][gc,phases      ] GC(92) Weak Processing 0.569ms
[669.836s][debug][gc,age         ] GC(92) Desired survivor size 68681728 bytes, new threshold 15 (max threshold 15)
[669.836s][info ][gc,heap        ] GC(92) PSYoungGen: 1986966K(2020352K)->39654K(2030080K) Eden: 1947136K(1947136K)->0K(1959936K) From: 39830K(73216K)->39654K(70144K)
[669.836s][info ][gc,heap        ] GC(92) ParOldGen: 351904K(409600K)->352432K(409600K)
[669.836s][info ][gc,metaspace   ] GC(92) Metaspace: 77536K(78208K)->77536K(78208K) NonClass: 66973K(67328K)->66973K(67328K) Class: 10562K(10880K)->10562K(10880K)
[669.836s][info ][gc             ] GC(92) Pause Young (Allocation Failure) 2284M->382M(2382M) 11.678ms
[669.836s][info ][gc,cpu         ] GC(92) User=0.04s Sys=0.00s Real=0.01s
[669.836s][info ][safepoint      ] Safepoint "ParallelGCFailedAllocation", Time since last: 33694855278 ns, Reaching safepoint: 65401 ns, At safepoint: 11763892 ns, Total: 11829293 ns
[671.836s][info ][safepoint      ] Safepoint "Cleanup", Time since last: 2000152737 ns, Reaching safepoint: 53401 ns, At safepoint: 8000 ns, Total: 61401 ns
[685.837s][info ][safepoint      ] Safepoint "Cleanup", Time since last: 14000894460 ns, Reaching safepoint: 53000 ns, At safepoint: 7001 ns, Total: 60001 ns
[694.838s][info ][safepoint      ] Safepoint "Cleanup", Time since last: 9000614871 ns, Reaching safepoint: 49501 ns, At safepoint: 7100 ns, Total: 56601 ns
[695.838s][info ][safepoint      ] Safepoint "Cleanup", Time since last: 1000103520 ns, Reaching safepoint: 51101 ns, At safepoint: 8400 ns, Total: 59501 ns
[700.838s][info ][safepoint      ] Safepoint "Cleanup", Time since last: 5000344197 ns, Reaching safepoint: 55001 ns, At safepoint: 10100 ns, Total: 65101 ns
[705.839s][info ][safepoint      ] Safepoint "Cleanup", Time since last: 5000339498 ns, Reaching safepoint: 221304 ns, At safepoint: 3800 ns, Total: 225104 ns
[706.839s][info ][safepoint      ] Safepoint "Cleanup", Time since last: 1000107020 ns, Reaching safepoint: 45001 ns, At safepoint: 5700 ns, Total: 50701 ns
[708.839s][info ][safepoint      ] Safepoint "Cleanup", Time since last: 2000169740 ns, Reaching safepoint: 74301 ns, At safepoint: 6400 ns, Total: 80701 ns
[715.840s][info ][safepoint      ] Safepoint "Cleanup", Time since last: 7000426639 ns, Reaching safepoint: 40801 ns, At safepoint: 3300 ns, Total: 44101 ns
[720.017s][info ][gc,start       ] GC(93) Pause Young (Allocation Failure)
[720.027s][debug][gc,phases      ] GC(93) Scavenge 9.186ms
[720.027s][debug][gc,ref         ] GC(93) Skipped phase 1 of Reference Processing: no references
[720.027s][debug][gc,ref         ] GC(93) Skipped phase 3 of Reference Processing: no references
[720.027s][debug][gc,phases      ] GC(93) Reference Processing 0.040ms
[720.027s][debug][gc,phases      ] GC(93) Weak Processing 0.713ms
[720.027s][debug][gc,age         ] GC(93) Desired survivor size 66060288 bytes, new threshold 15 (max threshold 15)
[720.027s][info ][gc,heap        ] GC(93) PSYoungGen: 1999590K(2030080K)->39126K(2027008K) Eden: 1959936K(1959936K)->0K(1959936K) From: 39654K(70144K)->39126K(67072K)
[720.027s][info ][gc,heap        ] GC(93) ParOldGen: 352432K(409600K)->353136K(409600K)
[720.027s][info ][gc,metaspace   ] GC(93) Metaspace: 77537K(78208K)->77537K(78208K) NonClass: 66975K(67328K)->66975K(67328K) Class: 10562K(10880K)->10562K(10880K)
[720.027s][info ][gc             ] GC(93) Pause Young (Allocation Failure) 2296M->383M(2379M) 10.121ms
[720.027s][info ][gc,cpu         ] GC(93) User=0.03s Sys=0.00s Real=0.01s
[720.028s][info ][safepoint      ] Safepoint "ParallelGCFailedAllocation", Time since last: 4177612274 ns, Reaching safepoint: 100602 ns, At safepoint: 10229067 ns, Total: 10329669 ns
[726.028s][info ][safepoint      ] Safepoint "Cleanup", Time since last: 6000374821 ns, Reaching safepoint: 52801 ns, At safepoint: 2900 ns, Total: 55701 ns
[727.028s][info ][safepoint      ] Safepoint "Cleanup", Time since last: 1000109321 ns, Reaching safepoint: 67902 ns, At safepoint: 10500 ns, Total: 78402 ns
[733.029s][info ][safepoint      ] Safepoint "Cleanup", Time since last: 6000449824 ns, Reaching safepoint: 75401 ns, At safepoint: 22701 ns, Total: 98102 ns
[736.029s][info ][safepoint      ] Safepoint "Cleanup", Time since last: 3000206262 ns, Reaching safepoint: 52201 ns, At safepoint: 13300 ns, Total: 65501 ns
[739.029s][info ][safepoint      ] Safepoint "Cleanup", Time since last: 3000225863 ns, Reaching safepoint: 79301 ns, At safepoint: 11201 ns, Total: 90502 ns
[740.600s][info ][safepoint      ] Safepoint "Cleanup", Time since last: 1570702033 ns, Reaching safepoint: 79302 ns, At safepoint: 9100 ns, Total: 88402 ns
[741.600s][info ][safepoint      ] Safepoint "Cleanup", Time since last: 1000108421 ns, Reaching safepoint: 96802 ns, At safepoint: 11400 ns, Total: 108202 ns
[743.601s][info ][safepoint      ] Safepoint "Cleanup", Time since last: 2000166043 ns, Reaching safepoint: 69101 ns, At safepoint: 9700 ns, Total: 78801 ns
[745.472s][info ][safepoint      ] Safepoint "Cleanup", Time since last: 1871745447 ns, Reaching safepoint: 70601 ns, At safepoint: 6100 ns, Total: 76701 ns
[746.473s][info ][safepoint      ] Safepoint "Cleanup", Time since last: 1000119322 ns, Reaching safepoint: 60601 ns, At safepoint: 10600 ns, Total: 71201 ns
[749.473s][info ][safepoint      ] Safepoint "Cleanup", Time since last: 3000256365 ns, Reaching safepoint: 70801 ns, At safepoint: 4000 ns, Total: 74801 ns
[750.473s][info ][safepoint      ] Safepoint "Cleanup", Time since last: 1000110622 ns, Reaching safepoint: 130602 ns, At safepoint: 10301 ns, Total: 140903 ns
[761.474s][info ][safepoint      ] Safepoint "Cleanup", Time since last: 11000729036 ns, Reaching safepoint: 117802 ns, At safepoint: 11701 ns, Total: 129503 ns
[762.474s][info ][safepoint      ] Safepoint "Cleanup", Time since last: 1000112122 ns, Reaching safepoint: 50401 ns, At safepoint: 14400 ns, Total: 64801 ns
[763.474s][info ][safepoint      ] Safepoint "Cleanup", Time since last: 1000113323 ns, Reaching safepoint: 54700 ns, At safepoint: 11101 ns, Total: 65801 ns
[765.118s][info ][gc,start       ] GC(94) Pause Young (Allocation Failure)
[765.129s][debug][gc,phases      ] GC(94) Scavenge 11.226ms
[765.129s][debug][gc,ref         ] GC(94) Skipped phase 1 of Reference Processing: no references
[765.129s][debug][gc,ref         ] GC(94) Skipped phase 3 of Reference Processing: no references
[765.129s][debug][gc,phases      ] GC(94) Reference Processing 0.059ms
[765.130s][debug][gc,phases      ] GC(94) Weak Processing 0.573ms
[765.130s][debug][gc,age         ] GC(94) Desired survivor size 65536000 bytes, new threshold 15 (max threshold 15)
[765.130s][info ][gc,heap        ] GC(94) PSYoungGen: 1999062K(2027008K)->27408K(2033152K) Eden: 1959936K(1959936K)->0K(1968640K) From: 39126K(67072K)->27408K(64512K)
[765.130s][info ][gc,heap        ] GC(94) ParOldGen: 353136K(409600K)->368364K(409600K)
[765.130s][info ][gc,metaspace   ] GC(94) Metaspace: 77564K(78208K)->77564K(78208K) NonClass: 67001K(67328K)->67001K(67328K) Class: 10563K(10880K)->10563K(10880K)
[765.130s][info ][gc             ] GC(94) Pause Young (Allocation Failure) 2297M->386M(2385M) 12.074ms
[765.130s][info ][gc,cpu         ] GC(94) User=0.03s Sys=0.02s Real=0.02s
[765.130s][info ][safepoint      ] Safepoint "ParallelGCFailedAllocation", Time since last: 1642946714 ns, Reaching safepoint: 260804 ns, At safepoint: 12159498 ns, Total: 12420302 ns
[771.130s][info ][safepoint      ] Safepoint "Cleanup", Time since last: 6000354831 ns, Reaching safepoint: 61701 ns, At safepoint: 11201 ns, Total: 72902 ns
[773.130s][info ][safepoint      ] Safepoint "Cleanup", Time since last: 2000154144 ns, Reaching safepoint: 50601 ns, At safepoint: 10200 ns, Total: 60801 ns
[782.131s][info ][safepoint      ] Safepoint "Cleanup", Time since last: 9000571400 ns, Reaching safepoint: 51901 ns, At safepoint: 18200 ns, Total: 70101 ns
[783.131s][info ][safepoint      ] Safepoint "Cleanup", Time since last: 1000114224 ns, Reaching safepoint: 48200 ns, At safepoint: 2700 ns, Total: 50900 ns
[785.131s][info ][safepoint      ] Safepoint "Cleanup", Time since last: 2000174646 ns, Reaching safepoint: 48201 ns, At safepoint: 4700 ns, Total: 52901 ns
[787.132s][info ][safepoint      ] Safepoint "Cleanup", Time since last: 2000153446 ns, Reaching safepoint: 47400 ns, At safepoint: 8000 ns, Total: 55400 ns
[788.132s][info ][safepoint      ] Safepoint "Cleanup", Time since last: 1000102124 ns, Reaching safepoint: 46000 ns, At safepoint: 3900 ns, Total: 49900 ns
[793.132s][info ][safepoint      ] Safepoint "Cleanup", Time since last: 5000352414 ns, Reaching safepoint: 41901 ns, At safepoint: 11000 ns, Total: 52901 ns
[798.133s][info ][safepoint      ] Safepoint "Cleanup", Time since last: 5000365115 ns, Reaching safepoint: 45601 ns, At safepoint: 8400 ns, Total: 54001 ns
[801.133s][info ][safepoint      ] Safepoint "Cleanup", Time since last: 3000215169 ns, Reaching safepoint: 72702 ns, At safepoint: 9400 ns, Total: 82102 ns
[804.133s][info ][safepoint      ] Safepoint "Cleanup", Time since last: 3000226469 ns, Reaching safepoint: 45001 ns, At safepoint: 3100 ns, Total: 48101 ns
[811.134s][info ][safepoint      ] Safepoint "Cleanup", Time since last: 7000471163 ns, Reaching safepoint: 52701 ns, At safepoint: 2800 ns, Total: 55501 ns
[811.968s][info ][gc,start       ] GC(95) Pause Young (Allocation Failure)
[811.977s][debug][gc,phases      ] GC(95) Scavenge 9.193ms
[811.977s][debug][gc,ref         ] GC(95) Skipped phase 1 of Reference Processing: no references
[811.977s][debug][gc,ref         ] GC(95) Skipped phase 3 of Reference Processing: no references
[811.977s][debug][gc,phases      ] GC(95) Reference Processing 0.028ms
[811.977s][debug][gc,phases      ] GC(95) Weak Processing 0.594ms
[811.978s][debug][gc,age         ] GC(95) Desired survivor size 68157440 bytes, new threshold 15 (max threshold 15)
[811.978s][info ][gc,heap        ] GC(95) PSYoungGen: 1996048K(2033152K)->8368K(1977344K) Eden: 1968640K(1968640K)->0K(1968640K) From: 27408K(64512K)->8368K(8704K)
[811.978s][info ][gc,heap        ] GC(95) ParOldGen: 368364K(409600K)->387318K(409600K)
[811.978s][info ][gc,metaspace   ] GC(95) Metaspace: 77594K(78272K)->77594K(78272K) NonClass: 67027K(67392K)->67027K(67392K) Class: 10567K(10880K)->10567K(10880K)
[811.978s][info ][gc             ] GC(95) Pause Young (Allocation Failure) 2308M->386M(2331M) 9.962ms
[811.978s][info ][gc,cpu         ] GC(95) User=0.02s Sys=0.02s Real=0.01s
[811.978s][info ][safepoint      ] Safepoint "ParallelGCFailedAllocation", Time since last: 833843310 ns, Reaching safepoint: 42201 ns, At safepoint: 10057764 ns, Total: 10099965 ns
[827.979s][info ][safepoint      ] Safepoint "Cleanup", Time since last: 16000990578 ns, Reaching safepoint: 49600 ns, At safepoint: 8901 ns, Total: 58501 ns
[828.979s][info ][safepoint      ] Safepoint "Cleanup", Time since last: 1000109024 ns, Reaching safepoint: 48401 ns, At safepoint: 7100 ns, Total: 55501 ns
[841.980s][info ][safepoint      ] Safepoint "Cleanup", Time since last: 13000766312 ns, Reaching safepoint: 74602 ns, At safepoint: 4300 ns, Total: 78902 ns
[851.980s][info ][safepoint      ] Safepoint "Cleanup", Time since last: 10000634444 ns, Reaching safepoint: 47801 ns, At safepoint: 4900 ns, Total: 52701 ns
[862.981s][info ][safepoint      ] Safepoint "Cleanup", Time since last: 11000768573 ns, Reaching safepoint: 80602 ns, At safepoint: 10200 ns, Total: 90802 ns
[866.117s][info ][gc,start       ] GC(96) Pause Young (Allocation Failure)
[866.123s][debug][gc,phases      ] GC(96) Scavenge 5.638ms
[866.123s][debug][gc,ref         ] GC(96) Skipped phase 1 of Reference Processing: no references
[866.123s][debug][gc,ref         ] GC(96) Skipped phase 3 of Reference Processing: no references
[866.123s][debug][gc,phases      ] GC(96) Reference Processing 0.030ms
[866.124s][debug][gc,phases      ] GC(96) Weak Processing 0.679ms
[866.124s][debug][gc,age         ] GC(96) Desired survivor size 69730304 bytes, new threshold 15 (max threshold 15)
[866.124s][info ][gc,heap        ] GC(96) PSYoungGen: 1977008K(1977344K)->7408K(2027520K) Eden: 1968640K(1968640K)->0K(1960960K) From: 8368K(8704K)->7408K(66560K)
[866.124s][info ][gc,heap        ] GC(96) ParOldGen: 387318K(409600K)->387918K(409600K)
[866.124s][info ][gc,metaspace   ] GC(96) Metaspace: 77623K(78272K)->77623K(78272K) NonClass: 67056K(67392K)->67056K(67392K) Class: 10567K(10880K)->10567K(10880K)
[866.124s][info ][gc             ] GC(96) Pause Young (Allocation Failure) 2308M->386M(2380M) 6.508ms
[866.124s][info ][gc,cpu         ] GC(96) User=0.02s Sys=0.00s Real=0.01s
[866.124s][info ][safepoint      ] Safepoint "ParallelGCFailedAllocation", Time since last: 3136161294 ns, Reaching safepoint: 68701 ns, At safepoint: 6630409 ns, Total: 6699110 ns
[883.125s][info ][safepoint      ] Safepoint "Cleanup", Time since last: 17001135529 ns, Reaching safepoint: 56201 ns, At safepoint: 10201 ns, Total: 66402 ns
[908.127s][info ][safepoint      ] Safepoint "Cleanup", Time since last: 25001712947 ns, Reaching safepoint: 82001 ns, At safepoint: 3800 ns, Total: 85801 ns
[918.128s][info ][safepoint      ] Safepoint "Cleanup", Time since last: 10000639463 ns, Reaching safepoint: 62401 ns, At safepoint: 12301 ns, Total: 74702 ns
[919.128s][info ][safepoint      ] Safepoint "Cleanup", Time since last: 1000094526 ns, Reaching safepoint: 48601 ns, At safepoint: 3900 ns, Total: 52501 ns
[926.767s][info ][gc,start       ] GC(97) Pause Young (Allocation Failure)
[926.772s][debug][gc,phases      ] GC(97) Scavenge 4.756ms
[926.772s][debug][gc,ref         ] GC(97) Skipped phase 1 of Reference Processing: no references
[926.772s][debug][gc,ref         ] GC(97) Skipped phase 3 of Reference Processing: no references
[926.772s][debug][gc,phases      ] GC(97) Reference Processing 0.024ms
[926.773s][debug][gc,phases      ] GC(97) Weak Processing 0.607ms
[926.773s][debug][gc,age         ] GC(97) Desired survivor size 70778880 bytes, new threshold 15 (max threshold 15)
[926.773s][info ][gc,heap        ] GC(97) PSYoungGen: 1968368K(2027520K)->7376K(1968640K) Eden: 1960960K(1960960K)->0K(1960960K) From: 7408K(66560K)->7376K(7680K)
[926.773s][info ][gc,heap        ] GC(97) ParOldGen: 387918K(409600K)->387982K(409600K)
[926.773s][info ][gc,metaspace   ] GC(97) Metaspace: 77642K(78272K)->77642K(78272K) NonClass: 67075K(67392K)->67075K(67392K) Class: 10567K(10880K)->10567K(10880K)
[926.773s][info ][gc             ] GC(97) Pause Young (Allocation Failure) 2301M->386M(2322M) 5.525ms
[926.773s][info ][gc,cpu         ] GC(97) User=0.02s Sys=0.00s Real=0.01s
[926.773s][info ][safepoint      ] Safepoint "ParallelGCFailedAllocation", Time since last: 7639266515 ns, Reaching safepoint: 124802 ns, At safepoint: 5630892 ns, Total: 5755694 ns
[949.775s][info ][safepoint      ] Safepoint "Cleanup", Time since last: 23001576321 ns, Reaching safepoint: 49801 ns, At safepoint: 2700 ns, Total: 52501 ns
[953.775s][info ][safepoint      ] Safepoint "Cleanup", Time since last: 4000313210 ns, Reaching safepoint: 48601 ns, At safepoint: 8200 ns, Total: 56801 ns
[955.775s][info ][safepoint      ] Safepoint "Cleanup", Time since last: 2000178455 ns, Reaching safepoint: 61101 ns, At safepoint: 4801 ns, Total: 65902 ns
[962.776s][info ][safepoint      ] Safepoint "Cleanup", Time since last: 7000514993 ns, Reaching safepoint: 61001 ns, At safepoint: 5900 ns, Total: 66901 ns
[964.776s][info ][safepoint      ] Safepoint "Cleanup", Time since last: 2000193856 ns, Reaching safepoint: 52501 ns, At safepoint: 7200 ns, Total: 59701 ns
[972.777s][info ][safepoint      ] Safepoint "Cleanup", Time since last: 8000591123 ns, Reaching safepoint: 62201 ns, At safepoint: 10300 ns, Total: 72501 ns
[975.777s][info ][safepoint      ] Safepoint "Cleanup", Time since last: 3000264184 ns, Reaching safepoint: 58001 ns, At safepoint: 8300 ns, Total: 66301 ns
[977.577s][info ][gc,start       ] GC(98) Pause Young (Allocation Failure)
[977.585s][debug][gc,phases      ] GC(98) Scavenge 8.493ms
[977.586s][debug][gc,ref         ] GC(98) Skipped phase 1 of Reference Processing: no references
[977.586s][debug][gc,ref         ] GC(98) Skipped phase 3 of Reference Processing: no references
[977.586s][debug][gc,phases      ] GC(98) Reference Processing 0.033ms
[977.587s][debug][gc,phases      ] GC(98) Weak Processing 1.232ms
[977.587s][debug][gc,age         ] GC(98) Desired survivor size 70778880 bytes, new threshold 15 (max threshold 15)
[977.587s][info ][gc,heap        ] GC(98) PSYoungGen: 1968336K(1968640K)->7184K(2028032K) Eden: 1960960K(1960960K)->0K(1958912K) From: 7376K(7680K)->7184K(69120K)
[977.587s][info ][gc,heap        ] GC(98) ParOldGen: 387982K(409600K)->388022K(409600K)
[977.587s][info ][gc,metaspace   ] GC(98) Metaspace: 77665K(78336K)->77665K(78336K) NonClass: 67092K(67456K)->67092K(67456K) Class: 10572K(10880K)->10572K(10880K)
[977.587s][info ][gc             ] GC(98) Pause Young (Allocation Failure) 2301M->385M(2380M) 9.913ms
[977.587s][info ][gc,cpu         ] GC(98) User=0.02s Sys=0.00s Real=0.01s
[977.587s][info ][safepoint      ] Safepoint "ParallelGCFailedAllocation", Time since last: 1799806286 ns, Reaching safepoint: 39500 ns, At safepoint: 10009564 ns, Total: 10049064 ns
[978.587s][info ][safepoint      ] Safepoint "Cleanup", Time since last: 1000087428 ns, Reaching safepoint: 48101 ns, At safepoint: 10100 ns, Total: 58201 ns
[979.587s][info ][safepoint      ] Safepoint "Cleanup", Time since last: 1000112729 ns, Reaching safepoint: 324605 ns, At safepoint: 10200 ns, Total: 334805 ns
[982.588s][info ][safepoint      ] Safepoint "Cleanup", Time since last: 3000232785 ns, Reaching safepoint: 49100 ns, At safepoint: 4100 ns, Total: 53200 ns
[983.588s][info ][safepoint      ] Safepoint "Cleanup", Time since last: 1000105729 ns, Reaching safepoint: 116802 ns, At safepoint: 10600 ns, Total: 127402 ns
[997.589s][info ][safepoint      ] Safepoint "Cleanup", Time since last: 14000922695 ns, Reaching safepoint: 55401 ns, At safepoint: 5800 ns, Total: 61201 ns
[1018.590s][info ][safepoint      ] Safepoint "Cleanup", Time since last: 21001401100 ns, Reaching safepoint: 78802 ns, At safepoint: 7200 ns, Total: 86002 ns
[1020.591s][info ][safepoint      ] Safepoint "Cleanup", Time since last: 2000168758 ns, Reaching safepoint: 45501 ns, At safepoint: 7400 ns, Total: 52901 ns
[1022.591s][info ][safepoint      ] Safepoint "Cleanup", Time since last: 2000168058 ns, Reaching safepoint: 44701 ns, At safepoint: 17000 ns, Total: 61701 ns
[1023.591s][info ][safepoint      ] Safepoint "Cleanup", Time since last: 1000107930 ns, Reaching safepoint: 49401 ns, At safepoint: 3400 ns, Total: 52801 ns
[1026.591s][info ][safepoint      ] Safepoint "Cleanup", Time since last: 3000253288 ns, Reaching safepoint: 49200 ns, At safepoint: 7000 ns, Total: 56200 ns
[1027.367s][info ][gc,start       ] GC(99) Pause Young (Allocation Failure)
[1027.372s][debug][gc,phases      ] GC(99) Scavenge 4.524ms
[1027.372s][debug][gc,ref         ] GC(99) Skipped phase 1 of Reference Processing: no references
[1027.372s][debug][gc,ref         ] GC(99) Skipped phase 3 of Reference Processing: no references
[1027.372s][debug][gc,phases      ] GC(99) Reference Processing 0.024ms
[1027.373s][debug][gc,phases      ] GC(99) Weak Processing 0.593ms
[1027.373s][debug][gc,age         ] GC(99) Desired survivor size 70254592 bytes, new threshold 15 (max threshold 15)
[1027.373s][info ][gc,heap        ] GC(99) PSYoungGen: 1966096K(2028032K)->5040K(2028032K) Eden: 1958912K(1958912K)->0K(1958912K) From: 7184K(69120K)->5040K(69120K)
[1027.373s][info ][gc,heap        ] GC(99) ParOldGen: 388022K(409600K)->388054K(409600K)
[1027.373s][info ][gc,metaspace   ] GC(99) Metaspace: 77670K(78336K)->77670K(78336K) NonClass: 67098K(67456K)->67098K(67456K) Class: 10572K(10880K)->10572K(10880K)
[1027.373s][info ][gc             ] GC(99) Pause Young (Allocation Failure) 2298M->383M(2380M) 5.285ms
[1027.373s][info ][gc,cpu         ] GC(99) User=0.02s Sys=0.00s Real=0.01s
[1027.373s][info ][safepoint      ] Safepoint "ParallelGCFailedAllocation", Time since last: 775892869 ns, Reaching safepoint: 102002 ns, At safepoint: 5385988 ns, Total: 5487990 ns
[1046.374s][info ][safepoint      ] Safepoint "Cleanup", Time since last: 19001321155 ns, Reaching safepoint: 78402 ns, At safepoint: 10600 ns, Total: 89002 ns
[1048.374s][info ][safepoint      ] Safepoint "Cleanup", Time since last: 2000166559 ns, Reaching safepoint: 34001 ns, At safepoint: 2800 ns, Total: 36801 ns
[1050.375s][info ][safepoint      ] Safepoint "Cleanup", Time since last: 2000185560 ns, Reaching safepoint: 48500 ns, At safepoint: 9701 ns, Total: 58201 ns
[1057.375s][info ][safepoint      ] Safepoint "Cleanup", Time since last: 7000520107 ns, Reaching safepoint: 49301 ns, At safepoint: 11700 ns, Total: 61001 ns
[1063.376s][info ][safepoint      ] Safepoint "Cleanup", Time since last: 6000453779 ns, Reaching safepoint: 59701 ns, At safepoint: 7400 ns, Total: 67101 ns
[1072.429s][info ][gc,start       ] GC(100) Pause Young (Allocation Failure)
[1072.434s][debug][gc,phases      ] GC(100) Scavenge 4.854ms
[1072.434s][debug][gc,ref         ] GC(100) Skipped phase 1 of Reference Processing: no references
[1072.434s][debug][gc,ref         ] GC(100) Skipped phase 3 of Reference Processing: no references
[1072.434s][debug][gc,phases      ] GC(100) Reference Processing 0.022ms
[1072.435s][debug][gc,phases      ] GC(100) Weak Processing 0.564ms
[1072.435s][debug][gc,age         ] GC(100) Desired survivor size 68681728 bytes, new threshold 15 (max threshold 15)
[1072.435s][info ][gc,heap        ] GC(100) PSYoungGen: 1963952K(2028032K)->8608K(2030080K) Eden: 1958912K(1958912K)->0K(1961472K) From: 5040K(69120K)->8608K(68608K)
[1072.435s][info ][gc,heap        ] GC(100) ParOldGen: 388054K(409600K)->388142K(409600K)
[1072.435s][info ][gc,metaspace   ] GC(100) Metaspace: 77671K(78336K)->77671K(78336K) NonClass: 67099K(67456K)->67099K(67456K) Class: 10572K(10880K)->10572K(10880K)
[1072.435s][info ][gc             ] GC(100) Pause Young (Allocation Failure) 2296M->387M(2382M) 5.572ms
[1072.435s][info ][gc,cpu         ] GC(100) User=0.02s Sys=0.00s Real=0.00s
[1072.435s][info ][safepoint      ] Safepoint "ParallelGCFailedAllocation", Time since last: 9053345830 ns, Reaching safepoint: 112702 ns, At safepoint: 5655392 ns, Total: 5768094 ns
[1077.435s][info ][safepoint      ] Safepoint "Cleanup", Time since last: 5000339950 ns, Reaching safepoint: 75501 ns, At safepoint: 9400 ns, Total: 84901 ns
[1099.437s][info ][safepoint      ] Safepoint "Cleanup", Time since last: 22001364163 ns, Reaching safepoint: 44701 ns, At safepoint: 7400 ns, Total: 52101 ns
[1100.437s][info ][safepoint      ] Safepoint "Cleanup", Time since last: 1000100631 ns, Reaching safepoint: 52601 ns, At safepoint: 2800 ns, Total: 55401 ns
[1104.437s][info ][safepoint      ] Safepoint "Cleanup", Time since last: 4000265522 ns, Reaching safepoint: 36601 ns, At safepoint: 2800 ns, Total: 39401 ns
[1110.968s][info ][gc,start       ] GC(101) Pause Young (Allocation Failure)
[1110.973s][debug][gc,phases      ] GC(101) Scavenge 4.672ms
[1110.973s][debug][gc,ref         ] GC(101) Skipped phase 1 of Reference Processing: no references
[1110.973s][debug][gc,ref         ] GC(101) Skipped phase 3 of Reference Processing: no references
[1110.973s][debug][gc,phases      ] GC(101) Reference Processing 0.023ms
[1110.973s][debug][gc,phases      ] GC(101) Weak Processing 0.550ms
[1110.973s][debug][gc,age         ] GC(101) Desired survivor size 67108864 bytes, new threshold 15 (max threshold 15)
[1110.973s][info ][gc,heap        ] GC(101) PSYoungGen: 1970080K(2030080K)->7232K(2028544K) Eden: 1961472K(1961472K)->0K(1961472K) From: 8608K(68608K)->7232K(67072K)
[1110.973s][info ][gc,heap        ] GC(101) ParOldGen: 388142K(409600K)->388854K(409600K)
[1110.973s][info ][gc,metaspace   ] GC(101) Metaspace: 77673K(78336K)->77673K(78336K) NonClass: 67100K(67456K)->67100K(67456K) Class: 10572K(10880K)->10572K(10880K)
[1110.973s][info ][gc             ] GC(101) Pause Young (Allocation Failure) 2302M->386M(2381M) 5.373ms
[1110.973s][info ][gc,cpu         ] GC(101) User=0.01s Sys=0.00s Real=0.01s
[1110.973s][info ][safepoint      ] Safepoint "ParallelGCFailedAllocation", Time since last: 6530662442 ns, Reaching safepoint: 66501 ns, At safepoint: 5462989 ns, Total: 5529490 ns
[1120.974s][info ][safepoint      ] Safepoint "Cleanup", Time since last: 10000722808 ns, Reaching safepoint: 59301 ns, At safepoint: 11700 ns, Total: 71001 ns
[1136.975s][info ][safepoint      ] Safepoint "Cleanup", Time since last: 16001157897 ns, Reaching safepoint: 71801 ns, At safepoint: 6200 ns, Total: 78001 ns
[1151.207s][info ][gc,start       ] GC(102) Pause Young (Allocation Failure)
[1151.212s][debug][gc,phases      ] GC(102) Scavenge 4.854ms
[1151.212s][debug][gc,ref         ] GC(102) Skipped phase 1 of Reference Processing: no references
[1151.212s][debug][gc,ref         ] GC(102) Skipped phase 3 of Reference Processing: no references
[1151.212s][debug][gc,phases      ] GC(102) Reference Processing 0.023ms
[1151.213s][debug][gc,phases      ] GC(102) Weak Processing 0.533ms
[1151.213s][debug][gc,age         ] GC(102) Desired survivor size 66060288 bytes, new threshold 15 (max threshold 15)
[1151.213s][info ][gc,heap        ] GC(102) PSYoungGen: 1968704K(2028544K)->4640K(2032640K) Eden: 1961472K(1961472K)->0K(1967104K) From: 7232K(67072K)->4640K(65536K)
[1151.213s][info ][gc,heap        ] GC(102) ParOldGen: 388854K(409600K)->390216K(409600K)
[1151.213s][info ][gc,metaspace   ] GC(102) Metaspace: 77681K(78336K)->77681K(78336K) NonClass: 67109K(67456K)->67109K(67456K) Class: 10572K(10880K)->10572K(10880K)
[1151.213s][info ][gc             ] GC(102) Pause Young (Allocation Failure) 2302M->385M(2385M) 5.554ms
[1151.213s][info ][gc,cpu         ] GC(102) User=0.01s Sys=0.00s Real=0.01s
[1151.213s][info ][safepoint      ] Safepoint "ParallelGCFailedAllocation", Time since last: 14231746506 ns, Reaching safepoint: 119502 ns, At safepoint: 5642392 ns, Total: 5761894 ns
[1152.213s][info ][safepoint      ] Safepoint "Cleanup", Time since last: 1000076131 ns, Reaching safepoint: 41401 ns, At safepoint: 2500 ns, Total: 43901 ns
[1153.213s][info ][safepoint      ] Safepoint "Cleanup", Time since last: 1000063931 ns, Reaching safepoint: 41101 ns, At safepoint: 2400 ns, Total: 43501 ns
[1160.214s][info ][safepoint      ] Safepoint "Cleanup", Time since last: 7000469020 ns, Reaching safepoint: 43200 ns, At safepoint: 2800 ns, Total: 46000 ns
[1163.214s][info ][safepoint      ] Safepoint "Cleanup", Time since last: 3000227395 ns, Reaching safepoint: 53301 ns, At safepoint: 7900 ns, Total: 61201 ns
[1168.214s][info ][safepoint      ] Safepoint "Cleanup", Time since last: 5000368859 ns, Reaching safepoint: 62901 ns, At safepoint: 8200 ns, Total: 71101 ns
[1172.215s][info ][safepoint      ] Safepoint "Cleanup", Time since last: 4000276926 ns, Reaching safepoint: 75202 ns, At safepoint: 4500 ns, Total: 79702 ns
[1175.215s][info ][safepoint      ] Safepoint "Cleanup", Time since last: 3000189895 ns, Reaching safepoint: 50400 ns, At safepoint: 7900 ns, Total: 58300 ns
[1188.216s][info ][safepoint      ] Safepoint "Cleanup", Time since last: 13000865114 ns, Reaching safepoint: 57201 ns, At safepoint: 10700 ns, Total: 67901 ns
[1189.216s][info ][safepoint      ] Safepoint "Cleanup", Time since last: 1000111732 ns, Reaching safepoint: 30801 ns, At safepoint: 2500 ns, Total: 33301 ns
[1192.271s][info ][gc,start       ] GC(103) Pause Young (Allocation Failure)
[1192.276s][debug][gc,phases      ] GC(103) Scavenge 4.755ms
[1192.276s][debug][gc,ref         ] GC(103) Skipped phase 1 of Reference Processing: no references
[1192.276s][debug][gc,ref         ] GC(103) Skipped phase 3 of Reference Processing: no references
[1192.276s][debug][gc,phases      ] GC(103) Reference Processing 0.029ms
[1192.277s][debug][gc,phases      ] GC(103) Weak Processing 0.683ms
[1192.277s][debug][gc,age         ] GC(103) Desired survivor size 63963136 bytes, new threshold 15 (max threshold 15)
[1192.277s][info ][gc,heap        ] GC(103) PSYoungGen: 1971744K(2032640K)->4608K(2031616K) Eden: 1967104K(1967104K)->0K(1967104K) From: 4640K(65536K)->4608K(64512K)
[1192.277s][info ][gc,heap        ] GC(103) ParOldGen: 390216K(409600K)->390256K(409600K)
[1192.277s][info ][gc,metaspace   ] GC(103) Metaspace: 77689K(78336K)->77689K(78336K) NonClass: 67116K(67456K)->67116K(67456K) Class: 10572K(10880K)->10572K(10880K)
[1192.277s][info ][gc             ] GC(103) Pause Young (Allocation Failure) 2306M->385M(2384M) 5.630ms
[1192.277s][info ][gc,cpu         ] GC(103) User=0.01s Sys=0.00s Real=0.00s
[1192.277s][info ][safepoint      ] Safepoint "ParallelGCFailedAllocation", Time since last: 3055176494 ns, Reaching safepoint: 120502 ns, At safepoint: 5736793 ns, Total: 5857295 ns
[1196.277s][info ][safepoint      ] Safepoint "Cleanup", Time since last: 4000299329 ns, Reaching safepoint: 48800 ns, At safepoint: 3301 ns, Total: 52101 ns
[1198.278s][info ][safepoint      ] Safepoint "Cleanup", Time since last: 2000179364 ns, Reaching safepoint: 49501 ns, At safepoint: 2200 ns, Total: 51701 ns
[1199.278s][info ][safepoint      ] Safepoint "Cleanup", Time since last: 1000104733 ns, Reaching safepoint: 38800 ns, At safepoint: 2401 ns, Total: 41201 ns
[1200.278s][info ][safepoint      ] Safepoint "Cleanup", Time since last: 1000114732 ns, Reaching safepoint: 140703 ns, At safepoint: 19000 ns, Total: 159703 ns
[1205.278s][info ][safepoint      ] Safepoint "Cleanup", Time since last: 5000315160 ns, Reaching safepoint: 48901 ns, At safepoint: 5000 ns, Total: 53901 ns
[1218.279s][info ][safepoint      ] Safepoint "Cleanup", Time since last: 13000820618 ns, Reaching safepoint: 54901 ns, At safepoint: 15001 ns, Total: 69902 ns
[1225.280s][info ][safepoint      ] Safepoint "Cleanup", Time since last: 7000468926 ns, Reaching safepoint: 46301 ns, At safepoint: 6800 ns, Total: 53101 ns
[1231.117s][info ][gc,start       ] GC(104) Pause Young (Allocation Failure)
[1231.121s][debug][gc,phases      ] GC(104) Scavenge 4.035ms
[1231.122s][debug][gc,ref         ] GC(104) Skipped phase 1 of Reference Processing: no references
[1231.122s][debug][gc,ref         ] GC(104) Skipped phase 3 of Reference Processing: no references
[1231.122s][debug][gc,phases      ] GC(104) Reference Processing 0.028ms
[1231.122s][debug][gc,phases      ] GC(104) Weak Processing 0.650ms
[1231.122s][debug][gc,age         ] GC(104) Desired survivor size 61865984 bytes, new threshold 15 (max threshold 15)
[1231.122s][info ][gc,heap        ] GC(104) PSYoungGen: 1971712K(2031616K)->4928K(2036736K) Eden: 1967104K(1967104K)->0K(1974272K) From: 4608K(64512K)->4928K(62464K)
[1231.122s][info ][gc,heap        ] GC(104) ParOldGen: 390256K(409600K)->390288K(409600K)
[1231.122s][info ][gc,metaspace   ] GC(104) Metaspace: 77694K(78336K)->77694K(78336K) NonClass: 67122K(67456K)->67122K(67456K) Class: 10572K(10880K)->10572K(10880K)
[1231.122s][info ][gc             ] GC(104) Pause Young (Allocation Failure) 2306M->385M(2389M) 4.895ms
[1231.122s][info ][gc,cpu         ] GC(104) User=0.01s Sys=0.00s Real=0.01s
[1231.122s][info ][safepoint      ] Safepoint "ParallelGCFailedAllocation", Time since last: 5837349332 ns, Reaching safepoint: 138802 ns, At safepoint: 4990282 ns, Total: 5129084 ns
[1232.123s][info ][safepoint      ] Safepoint "Cleanup", Time since last: 1000095633 ns, Reaching safepoint: 121702 ns, At safepoint: 9800 ns, Total: 131502 ns
[1233.123s][info ][safepoint      ] Safepoint "Cleanup", Time since last: 1000126634 ns, Reaching safepoint: 133302 ns, At safepoint: 12300 ns, Total: 145602 ns
[1234.123s][info ][safepoint      ] Safepoint "Cleanup", Time since last: 1000120433 ns, Reaching safepoint: 130003 ns, At safepoint: 12600 ns, Total: 142603 ns
[1254.125s][info ][safepoint      ] Safepoint "Cleanup", Time since last: 20001424055 ns, Reaching safepoint: 49601 ns, At safepoint: 3100 ns, Total: 52701 ns
[1263.125s][info ][safepoint      ] Safepoint "Cleanup", Time since last: 9000664497 ns, Reaching safepoint: 65001 ns, At safepoint: 7700 ns, Total: 72701 ns
[1272.126s][info ][safepoint      ] Safepoint "Cleanup", Time since last: 9000541096 ns, Reaching safepoint: 49001 ns, At safepoint: 12900 ns, Total: 61901 ns
[1272.317s][info ][gc,start       ] GC(105) Pause Young (Allocation Failure)
[1272.321s][debug][gc,phases      ] GC(105) Scavenge 3.959ms
[1272.321s][debug][gc,ref         ] GC(105) Skipped phase 1 of Reference Processing: no references
[1272.321s][debug][gc,ref         ] GC(105) Skipped phase 3 of Reference Processing: no references
[1272.321s][debug][gc,phases      ] GC(105) Reference Processing 0.023ms
[1272.322s][debug][gc,phases      ] GC(105) Weak Processing 0.528ms
[1272.322s][debug][gc,age         ] GC(105) Desired survivor size 59768832 bytes, new threshold 15 (max threshold 15)
[1272.322s][info ][gc,heap        ] GC(105) PSYoungGen: 1979200K(2036736K)->4768K(2034688K) Eden: 1974272K(1974272K)->0K(1974272K) From: 4928K(62464K)->4768K(60416K)
[1272.322s][info ][gc,heap        ] GC(105) ParOldGen: 390288K(409600K)->390328K(409600K)
[1272.322s][info ][gc,metaspace   ] GC(105) Metaspace: 77696K(78336K)->77696K(78336K) NonClass: 67124K(67456K)->67124K(67456K) Class: 10572K(10880K)->10572K(10880K)
[1272.322s][info ][gc             ] GC(105) Pause Young (Allocation Failure) 2313M->385M(2387M) 4.636ms
[1272.322s][info ][gc,cpu         ] GC(105) User=0.02s Sys=0.00s Real=0.01s
[1272.322s][info ][safepoint      ] Safepoint "ParallelGCFailedAllocation", Time since last: 191274224 ns, Reaching safepoint: 118902 ns, At safepoint: 4723177 ns, Total: 4842079 ns
[1276.322s][info ][safepoint      ] Safepoint "Cleanup", Time since last: 4000236832 ns, Reaching safepoint: 97002 ns, At safepoint: 8000 ns, Total: 105002 ns
[1277.323s][info ][safepoint      ] Safepoint "Cleanup", Time since last: 1000106934 ns, Reaching safepoint: 49501 ns, At safepoint: 3100 ns, Total: 52601 ns
[1294.324s][info ][safepoint      ] Safepoint "Cleanup", Time since last: 17001253367 ns, Reaching safepoint: 80301 ns, At safepoint: 2900 ns, Total: 83201 ns
[1316.515s][info ][gc,start       ] GC(106) Pause Young (Allocation Failure)
[1316.520s][debug][gc,phases      ] GC(106) Scavenge 4.506ms
[1316.520s][debug][gc,ref         ] GC(106) Skipped phase 1 of Reference Processing: no references
[1316.520s][debug][gc,ref         ] GC(106) Skipped phase 3 of Reference Processing: no references
[1316.520s][debug][gc,phases      ] GC(106) Reference Processing 0.023ms
[1316.520s][debug][gc,phases      ] GC(106) Weak Processing 0.516ms
[1316.520s][debug][gc,age         ] GC(106) Desired survivor size 56623104 bytes, new threshold 15 (max threshold 15)
[1316.520s][info ][gc,heap        ] GC(106) PSYoungGen: 1979040K(2034688K)->9216K(2041856K) Eden: 1974272K(1974272K)->0K(1983488K) From: 4768K(60416K)->9216K(58368K)
[1316.520s][info ][gc,heap        ] GC(106) ParOldGen: 390328K(409600K)->390360K(409600K)
[1316.520s][info ][gc,metaspace   ] GC(106) Metaspace: 77698K(78336K)->77698K(78336K) NonClass: 67126K(67456K)->67126K(67456K) Class: 10572K(10880K)->10572K(10880K)
[1316.520s][info ][gc             ] GC(106) Pause Young (Allocation Failure) 2313M->390M(2394M) 5.203ms
[1316.520s][info ][gc,cpu         ] GC(106) User=0.01s Sys=0.00s Real=0.00s
[1316.520s][info ][safepoint      ] Safepoint "ParallelGCFailedAllocation", Time since last: 22191223936 ns, Reaching safepoint: 35200 ns, At safepoint: 5282587 ns, Total: 5317787 ns
[1364.568s][info ][gc,start       ] GC(107) Pause Young (Allocation Failure)
[1364.572s][debug][gc,phases      ] GC(107) Scavenge 4.636ms
[1364.572s][debug][gc,ref         ] GC(107) Skipped phase 1 of Reference Processing: no references
[1364.573s][debug][gc,ref         ] GC(107) Skipped phase 3 of Reference Processing: no references
[1364.573s][debug][gc,phases      ] GC(107) Reference Processing 0.025ms
[1364.573s][debug][gc,phases      ] GC(107) Weak Processing 0.591ms
[1364.573s][debug][gc,age         ] GC(107) Desired survivor size 53477376 bytes, new threshold 15 (max threshold 15)
[1364.573s][info ][gc,heap        ] GC(107) PSYoungGen: 1992704K(2041856K)->9280K(2038784K) Eden: 1983488K(1983488K)->0K(1983488K) From: 9216K(58368K)->9280K(55296K)
[1364.573s][info ][gc,heap        ] GC(107) ParOldGen: 390360K(409600K)->390384K(409600K)
[1364.573s][info ][gc,metaspace   ] GC(107) Metaspace: 77701K(78336K)->77701K(78336K) NonClass: 67129K(67456K)->67129K(67456K) Class: 10572K(10880K)->10572K(10880K)
[1364.573s][info ][gc             ] GC(107) Pause Young (Allocation Failure) 2327M->390M(2391M) 5.395ms
[1364.573s][info ][gc,cpu         ] GC(107) User=0.01s Sys=0.00s Real=0.01s
[1364.573s][info ][safepoint      ] Safepoint "ParallelGCFailedAllocation", Time since last: 48047254846 ns, Reaching safepoint: 69901 ns, At safepoint: 5488190 ns, Total: 5558091 ns
[1393.576s][info ][safepoint      ] Safepoint "Cleanup", Time since last: 29002150099 ns, Reaching safepoint: 138902 ns, At safepoint: 9200 ns, Total: 148102 ns
[1399.576s][info ][safepoint      ] Safepoint "Cleanup", Time since last: 6000541009 ns, Reaching safepoint: 131403 ns, At safepoint: 10900 ns, Total: 142303 ns
[1400.901s][info ][safepoint      ] Safepoint "Cleanup", Time since last: 1324928340 ns, Reaching safepoint: 151903 ns, At safepoint: 5700 ns, Total: 157603 ns
[1401.901s][info ][safepoint      ] Safepoint "Cleanup", Time since last: 1000112635 ns, Reaching safepoint: 50101 ns, At safepoint: 5500 ns, Total: 55601 ns
[1406.902s][info ][safepoint      ] Safepoint "Cleanup", Time since last: 5000384074 ns, Reaching safepoint: 52901 ns, At safepoint: 6600 ns, Total: 59501 ns
[1407.375s][info ][gc,start       ] GC(108) Pause Young (Allocation Failure)
[1407.381s][debug][gc,phases      ] GC(108) Scavenge 6.598ms
[1407.381s][debug][gc,ref         ] GC(108) Skipped phase 1 of Reference Processing: no references
[1407.381s][debug][gc,ref         ] GC(108) Skipped phase 3 of Reference Processing: no references
[1407.381s][debug][gc,phases      ] GC(108) Reference Processing 0.025ms
[1407.382s][debug][gc,phases      ] GC(108) Weak Processing 0.536ms
[1407.382s][debug][gc,age         ] GC(108) Desired survivor size 54525952 bytes, new threshold 15 (max threshold 15)
[1407.382s][info ][gc,heap        ] GC(108) PSYoungGen: 1992768K(2038784K)->26768K(2042880K) Eden: 1983488K(1983488K)->0K(1990656K) From: 9280K(55296K)->26768K(52224K)
[1407.382s][info ][gc,heap        ] GC(108) ParOldGen: 390384K(409600K)->390432K(409600K)
[1407.382s][info ][gc,metaspace   ] GC(108) Metaspace: 77733K(78336K)->77733K(78336K) NonClass: 67161K(67456K)->67161K(67456K) Class: 10572K(10880K)->10572K(10880K)
[1407.382s][info ][gc             ] GC(108) Pause Young (Allocation Failure) 2327M->407M(2395M) 7.298ms
[1407.382s][info ][gc,cpu         ] GC(108) User=0.03s Sys=0.00s Real=0.01s
[1407.382s][info ][safepoint      ] Safepoint "ParallelGCFailedAllocation", Time since last: 472485617 ns, Reaching safepoint: 117202 ns, At safepoint: 7397321 ns, Total: 7514523 ns
[1408.382s][info ][safepoint      ] Safepoint "Cleanup", Time since last: 1000108735 ns, Reaching safepoint: 46501 ns, At safepoint: 3100 ns, Total: 49601 ns
[1411.382s][info ][safepoint      ] Safepoint "Cleanup", Time since last: 3000229904 ns, Reaching safepoint: 46801 ns, At safepoint: 8300 ns, Total: 55101 ns
[1413.784s][info ][safepoint      ] Safepoint "Cleanup", Time since last: 2401183120 ns, Reaching safepoint: 37701 ns, At safepoint: 4600 ns, Total: 42301 ns
[1414.785s][info ][safepoint      ] Safepoint "Cleanup", Time since last: 1001502858 ns, Reaching safepoint: 46601 ns, At safepoint: 4200 ns, Total: 50801 ns
[1418.785s][info ][safepoint      ] Safepoint "Cleanup", Time since last: 4000298139 ns, Reaching safepoint: 80002 ns, At safepoint: 6200 ns, Total: 86202 ns
[1419.786s][info ][safepoint      ] Safepoint "Cleanup", Time since last: 1000094635 ns, Reaching safepoint: 45601 ns, At safepoint: 2600 ns, Total: 48201 ns
[1431.786s][info ][safepoint      ] Safepoint "Cleanup", Time since last: 12000759316 ns, Reaching safepoint: 55101 ns, At safepoint: 7900 ns, Total: 63001 ns
[1434.787s][info ][safepoint      ] Safepoint "Cleanup", Time since last: 3000194305 ns, Reaching safepoint: 41601 ns, At safepoint: 2500 ns, Total: 44101 ns
[1445.671s][info ][gc,start       ] GC(109) Pause Young (Allocation Failure)
[1445.677s][debug][gc,phases      ] GC(109) Scavenge 6.695ms
[1445.677s][debug][gc,ref         ] GC(109) Skipped phase 1 of Reference Processing: no references
[1445.677s][debug][gc,phases      ] GC(109) Reference Processing 0.055ms
[1445.678s][debug][gc,phases      ] GC(109) Weak Processing 0.522ms
[1445.678s][debug][gc,age         ] GC(109) Desired survivor size 54525952 bytes, new threshold 15 (max threshold 15)
[1445.678s][info ][gc,heap        ] GC(109) PSYoungGen: 2017424K(2042880K)->26464K(2043904K) Eden: 1990656K(1990656K)->0K(1990656K) From: 26768K(52224K)->26464K(53248K)
[1445.678s][info ][gc,heap        ] GC(109) ParOldGen: 390432K(409600K)->390588K(409600K)
[1445.678s][info ][gc,metaspace   ] GC(109) Metaspace: 77783K(78400K)->77783K(78400K) NonClass: 67204K(67520K)->67204K(67520K) Class: 10578K(10880K)->10578K(10880K)
[1445.678s][info ][gc             ] GC(109) Pause Young (Allocation Failure) 2351M->407M(2396M) 7.422ms
[1445.678s][info ][gc,cpu         ] GC(109) User=0.02s Sys=0.01s Real=0.00s
[1445.678s][info ][safepoint      ] Safepoint "ParallelGCFailedAllocation", Time since last: 10883682172 ns, Reaching safepoint: 141302 ns, At safepoint: 7529023 ns, Total: 7670325 ns
[1463.679s][info ][safepoint      ] Safepoint "Cleanup", Time since last: 18001194031 ns, Reaching safepoint: 46601 ns, At safepoint: 6200 ns, Total: 52801 ns
[1468.680s][info ][safepoint      ] Safepoint "Cleanup", Time since last: 5000318675 ns, Reaching safepoint: 53701 ns, At safepoint: 8400 ns, Total: 62101 ns
[1481.681s][info ][safepoint      ] Safepoint "Cleanup", Time since last: 13000785157 ns, Reaching safepoint: 52401 ns, At safepoint: 7100 ns, Total: 59501 ns
[1483.017s][info ][gc,start       ] GC(110) Pause Young (Allocation Failure)
[1483.024s][debug][gc,phases      ] GC(110) Scavenge 6.679ms
[1483.024s][debug][gc,ref         ] GC(110) Skipped phase 1 of Reference Processing: no references
[1483.024s][debug][gc,ref         ] GC(110) Skipped phase 3 of Reference Processing: no references
[1483.024s][debug][gc,phases      ] GC(110) Reference Processing 0.026ms
[1483.025s][debug][gc,phases      ] GC(110) Weak Processing 0.581ms
[1483.025s][debug][gc,age         ] GC(110) Desired survivor size 54525952 bytes, new threshold 15 (max threshold 15)
[1483.025s][info ][gc,heap        ] GC(110) PSYoungGen: 2017120K(2043904K)->26320K(2043904K) Eden: 1990656K(1990656K)->0K(1990656K) From: 26464K(53248K)->26320K(53248K)
[1483.025s][info ][gc,heap        ] GC(110) ParOldGen: 390588K(409600K)->390668K(409600K)
[1483.025s][info ][gc,metaspace   ] GC(110) Metaspace: 77818K(78464K)->77818K(78464K) NonClass: 67233K(67584K)->67233K(67584K) Class: 10585K(10880K)->10585K(10880K)
[1483.025s][info ][gc             ] GC(110) Pause Young (Allocation Failure) 2351M->407M(2396M) 7.441ms
[1483.025s][info ][gc,cpu         ] GC(110) User=0.03s Sys=0.00s Real=0.01s
[1483.025s][info ][safepoint      ] Safepoint "ParallelGCFailedAllocation", Time since last: 1336762235 ns, Reaching safepoint: 110602 ns, At safepoint: 7550823 ns, Total: 7661425 ns
[1485.025s][info ][safepoint      ] Safepoint "Cleanup", Time since last: 2000175072 ns, Reaching safepoint: 51000 ns, At safepoint: 11801 ns, Total: 62801 ns
[1493.026s][info ][safepoint      ] Safepoint "Cleanup", Time since last: 8000647184 ns, Reaching safepoint: 48101 ns, At safepoint: 3000 ns, Total: 51101 ns
[1501.026s][info ][safepoint      ] Safepoint "Cleanup", Time since last: 8000497083 ns, Reaching safepoint: 50101 ns, At safepoint: 8700 ns, Total: 58801 ns
[1502.027s][info ][safepoint      ] Safepoint "Cleanup", Time since last: 1000120036 ns, Reaching safepoint: 50001 ns, At safepoint: 6000 ns, Total: 56001 ns
[1514.027s][info ][safepoint      ] Safepoint "Cleanup", Time since last: 12000775226 ns, Reaching safepoint: 76901 ns, At safepoint: 10800 ns, Total: 87701 ns
[1515.028s][info ][safepoint      ] Safepoint "Cleanup", Time since last: 1000057536 ns, Reaching safepoint: 44200 ns, At safepoint: 6001 ns, Total: 50201 ns
[1515.871s][info ][gc,start       ] GC(111) Pause Young (Allocation Failure)
[1515.877s][debug][gc,phases      ] GC(111) Scavenge 6.532ms
[1515.877s][debug][gc,ref         ] GC(111) Skipped phase 1 of Reference Processing: no references
[1515.877s][debug][gc,ref         ] GC(111) Skipped phase 3 of Reference Processing: no references
[1515.877s][debug][gc,phases      ] GC(111) Reference Processing 0.028ms
[1515.878s][debug][gc,phases      ] GC(111) Weak Processing 0.555ms
[1515.878s][debug][gc,age         ] GC(111) Desired survivor size 54001664 bytes, new threshold 15 (max threshold 15)
[1515.878s][info ][gc,heap        ] GC(111) PSYoungGen: 2016976K(2043904K)->26352K(2043904K) Eden: 1990656K(1990656K)->0K(1990656K) From: 26320K(53248K)->26352K(53248K)
[1515.878s][info ][gc,heap        ] GC(111) ParOldGen: 390668K(409600K)->390700K(409600K)
[1515.878s][info ][gc,metaspace   ] GC(111) Metaspace: 77828K(78464K)->77828K(78464K) NonClass: 67240K(67584K)->67240K(67584K) Class: 10587K(10880K)->10587K(10880K)
[1515.878s][info ][gc             ] GC(111) Pause Young (Allocation Failure) 2351M->407M(2396M) 7.265ms
[1515.878s][info ][gc,cpu         ] GC(111) User=0.03s Sys=0.00s Real=0.00s
[1515.878s][info ][safepoint      ] Safepoint "ParallelGCFailedAllocation", Time since last: 842955669 ns, Reaching safepoint: 121102 ns, At safepoint: 7361220 ns, Total: 7482322 ns
[1517.878s][info ][safepoint      ] Safepoint "Cleanup", Time since last: 2000150671 ns, Reaching safepoint: 65202 ns, At safepoint: 7700 ns, Total: 72902 ns
[1518.878s][info ][safepoint      ] Safepoint "Cleanup", Time since last: 1000099436 ns, Reaching safepoint: 58201 ns, At safepoint: 5900 ns, Total: 64101 ns
[1519.879s][info ][safepoint      ] Safepoint "Cleanup", Time since last: 1000117436 ns, Reaching safepoint: 57101 ns, At safepoint: 8400 ns, Total: 65501 ns
[1524.879s][info ][safepoint      ] Safepoint "Cleanup", Time since last: 5000323078 ns, Reaching safepoint: 66401 ns, At safepoint: 2800 ns, Total: 69201 ns
[1531.831s][info ][safepoint      ] Safepoint "Cleanup", Time since last: 6951577152 ns, Reaching safepoint: 41200 ns, At safepoint: 9200 ns, Total: 50400 ns
[1532.831s][info ][safepoint      ] Safepoint "Cleanup", Time since last: 1000051636 ns, Reaching safepoint: 80801 ns, At safepoint: 8700 ns, Total: 89501 ns
[1533.831s][info ][safepoint      ] Safepoint "Cleanup", Time since last: 1000097537 ns, Reaching safepoint: 54500 ns, At safepoint: 7201 ns, Total: 61701 ns
[1536.831s][info ][safepoint      ] Safepoint "Cleanup", Time since last: 3000222707 ns, Reaching safepoint: 55001 ns, At safepoint: 7800 ns, Total: 62801 ns
[1537.831s][info ][safepoint      ] Safepoint "Cleanup", Time since last: 1000107437 ns, Reaching safepoint: 75201 ns, At safepoint: 8200 ns, Total: 83401 ns
[1538.832s][info ][safepoint      ] Safepoint "Cleanup", Time since last: 1000101036 ns, Reaching safepoint: 30601 ns, At safepoint: 2900 ns, Total: 33501 ns
[1539.832s][info ][safepoint      ] Safepoint "Cleanup", Time since last: 1000127537 ns, Reaching safepoint: 57001 ns, At safepoint: 10600 ns, Total: 67601 ns
[1540.832s][info ][safepoint      ] Safepoint "Cleanup", Time since last: 1000102836 ns, Reaching safepoint: 52201 ns, At safepoint: 7600 ns, Total: 59801 ns
[1542.832s][info ][safepoint      ] Safepoint "Cleanup", Time since last: 2000159172 ns, Reaching safepoint: 41401 ns, At safepoint: 3200 ns, Total: 44601 ns
[1545.832s][info ][safepoint      ] Safepoint "Cleanup", Time since last: 3000238508 ns, Reaching safepoint: 63701 ns, At safepoint: 10000 ns, Total: 73701 ns
[1547.833s][info ][safepoint      ] Safepoint "Cleanup", Time since last: 2000171572 ns, Reaching safepoint: 60201 ns, At safepoint: 8000 ns, Total: 68201 ns
[1548.833s][info ][safepoint      ] Safepoint "Cleanup", Time since last: 1000102837 ns, Reaching safepoint: 41700 ns, At safepoint: 6901 ns, Total: 48601 ns
[1549.267s][info ][gc,start       ] GC(112) Pause Young (Allocation Failure)
[1549.274s][debug][gc,phases      ] GC(112) Scavenge 6.778ms
[1549.274s][debug][gc,ref         ] GC(112) Skipped phase 1 of Reference Processing: no references
[1549.274s][debug][gc,phases      ] GC(112) Reference Processing 0.088ms
[1549.275s][debug][gc,phases      ] GC(112) Weak Processing 0.592ms
[1549.275s][debug][gc,age         ] GC(112) Desired survivor size 52428800 bytes, new threshold 15 (max threshold 15)
[1549.275s][info ][gc,heap        ] GC(112) PSYoungGen: 2017008K(2043904K)->24240K(2045952K) Eden: 1990656K(1990656K)->0K(1993216K) From: 26352K(53248K)->24240K(52736K)
[1549.275s][info ][gc,heap        ] GC(112) ParOldGen: 390700K(409600K)->390724K(409600K)
[1549.275s][info ][gc,metaspace   ] GC(112) Metaspace: 77946K(78528K)->77946K(78528K) NonClass: 67343K(67648K)->67343K(67648K) Class: 10603K(10880K)->10603K(10880K)
[1549.275s][info ][gc             ] GC(112) Pause Young (Allocation Failure) 2351M->405M(2398M) 7.596ms
[1549.275s][info ][gc,cpu         ] GC(112) User=0.03s Sys=0.00s Real=0.01s
[1549.275s][info ][safepoint      ] Safepoint "ParallelGCFailedAllocation", Time since last: 434370595 ns, Reaching safepoint: 106202 ns, At safepoint: 7676025 ns, Total: 7782227 ns
[1552.275s][info ][safepoint      ] Safepoint "Cleanup", Time since last: 3000225108 ns, Reaching safepoint: 51901 ns, At safepoint: 4100 ns, Total: 56001 ns
[1554.275s][info ][safepoint      ] Safepoint "Cleanup", Time since last: 2000177672 ns, Reaching safepoint: 53501 ns, At safepoint: 6800 ns, Total: 60301 ns
[1560.276s][info ][safepoint      ] Safepoint "Cleanup", Time since last: 6000450917 ns, Reaching safepoint: 58200 ns, At safepoint: 7601 ns, Total: 65801 ns
[1578.277s][info ][safepoint      ] Safepoint "Cleanup", Time since last: 18001244548 ns, Reaching safepoint: 117502 ns, At safepoint: 5800 ns, Total: 123302 ns
[1590.367s][info ][gc,start       ] GC(113) Pause Young (Allocation Failure)
[1590.374s][debug][gc,phases      ] GC(113) Scavenge 6.529ms
[1590.374s][debug][gc,ref         ] GC(113) Skipped phase 1 of Reference Processing: no references
[1590.374s][debug][gc,ref         ] GC(113) Skipped phase 3 of Reference Processing: no references
[1590.374s][debug][gc,phases      ] GC(113) Reference Processing 0.027ms
[1590.375s][debug][gc,phases      ] GC(113) Weak Processing 0.559ms
[1590.375s][debug][gc,age         ] GC(113) Desired survivor size 50855936 bytes, new threshold 15 (max threshold 15)
[1590.375s][info ][gc,heap        ] GC(113) PSYoungGen: 2017456K(2045952K)->23488K(2044416K) Eden: 1993216K(1993216K)->0K(1993216K) From: 24240K(52736K)->23488K(51200K)
[1590.375s][info ][gc,heap        ] GC(113) ParOldGen: 390724K(409600K)->390764K(409600K)
[1590.375s][info ][gc,metaspace   ] GC(113) Metaspace: 77955K(78528K)->77955K(78528K) NonClass: 67352K(67648K)->67352K(67648K) Class: 10603K(10880K)->10603K(10880K)
[1590.375s][info ][gc             ] GC(113) Pause Young (Allocation Failure) 2351M->404M(2396M) 7.251ms
[1590.375s][info ][gc,cpu         ] GC(113) User=0.02s Sys=0.01s Real=0.01s
[1590.375s][info ][safepoint      ] Safepoint "ParallelGCFailedAllocation", Time since last: 12089851188 ns, Reaching safepoint: 107002 ns, At safepoint: 7371920 ns, Total: 7478922 ns
[1591.375s][info ][safepoint      ] Safepoint "Cleanup", Time since last: 1000086636 ns, Reaching safepoint: 54801 ns, At safepoint: 15801 ns, Total: 70602 ns
[1593.375s][info ][safepoint      ] Safepoint "Cleanup", Time since last: 2000188273 ns, Reaching safepoint: 49201 ns, At safepoint: 4500 ns, Total: 53701 ns
[1594.375s][info ][safepoint      ] Safepoint "Cleanup", Time since last: 1000121737 ns, Reaching safepoint: 62701 ns, At safepoint: 10800 ns, Total: 73501 ns
[1595.376s][info ][safepoint      ] Safepoint "Cleanup", Time since last: 1000115037 ns, Reaching safepoint: 204503 ns, At safepoint: 11100 ns, Total: 215603 ns
[1596.376s][info ][safepoint      ] Safepoint "Cleanup", Time since last: 1000110337 ns, Reaching safepoint: 51501 ns, At safepoint: 6000 ns, Total: 57501 ns
[1599.376s][info ][safepoint      ] Safepoint "Cleanup", Time since last: 3000251510 ns, Reaching safepoint: 73201 ns, At safepoint: 9200 ns, Total: 82401 ns
[1600.376s][info ][safepoint      ] Safepoint "Cleanup", Time since last: 1000104537 ns, Reaching safepoint: 48701 ns, At safepoint: 5300 ns, Total: 54001 ns
[1601.376s][info ][safepoint      ] Safepoint "Cleanup", Time since last: 1000122837 ns, Reaching safepoint: 45701 ns, At safepoint: 15700 ns, Total: 61401 ns
[1602.377s][info ][safepoint      ] Safepoint "Cleanup", Time since last: 1000118937 ns, Reaching safepoint: 122702 ns, At safepoint: 7400 ns, Total: 130102 ns
[1603.377s][info ][safepoint      ] Safepoint "Cleanup", Time since last: 1000125637 ns, Reaching safepoint: 68801 ns, At safepoint: 9900 ns, Total: 78701 ns
[1609.377s][info ][safepoint      ] Safepoint "Cleanup", Time since last: 6000465419 ns, Reaching safepoint: 45001 ns, At safepoint: 8600 ns, Total: 53601 ns
[1610.378s][info ][safepoint      ] Safepoint "Cleanup", Time since last: 1000120637 ns, Reaching safepoint: 121402 ns, At safepoint: 31401 ns, Total: 152803 ns
[1611.378s][info ][safepoint      ] Safepoint "Cleanup", Time since last: 1000104036 ns, Reaching safepoint: 47501 ns, At safepoint: 8300 ns, Total: 55801 ns
[1613.378s][info ][safepoint      ] Safepoint "Cleanup", Time since last: 2000181374 ns, Reaching safepoint: 47400 ns, At safepoint: 7601 ns, Total: 55001 ns
[1617.378s][info ][safepoint      ] Safepoint "Cleanup", Time since last: 4000306045 ns, Reaching safepoint: 51401 ns, At safepoint: 5000 ns, Total: 56401 ns
[1618.325s][info ][gc,start       ] GC(114) Pause Young (Allocation Failure)
[1618.335s][debug][gc,phases      ] GC(114) Scavenge 9.375ms
[1618.335s][debug][gc,ref         ] GC(114) Skipped phase 1 of Reference Processing: no references
[1618.335s][debug][gc,phases      ] GC(114) Reference Processing 0.053ms
[1618.335s][debug][gc,phases      ] GC(114) Weak Processing 0.555ms
[1618.335s][debug][gc,age         ] GC(114) Desired survivor size 55574528 bytes, new threshold 15 (max threshold 15)
[1618.335s][info ][gc,heap        ] GC(114) PSYoungGen: 2016704K(2044416K)->40592K(2038272K) Eden: 1993216K(1993216K)->0K(1988608K) From: 23488K(51200K)->40592K(49664K)
[1618.335s][info ][gc,heap        ] GC(114) ParOldGen: 390764K(409600K)->391404K(409600K)
[1618.336s][info ][gc,metaspace   ] GC(114) Metaspace: 77985K(78592K)->77985K(78592K) NonClass: 67382K(67712K)->67382K(67712K) Class: 10603K(10880K)->10603K(10880K)
[1618.336s][info ][gc             ] GC(114) Pause Young (Allocation Failure) 2351M->421M(2390M) 10.135ms
[1618.336s][info ][gc,cpu         ] GC(114) User=0.04s Sys=0.00s Real=0.01s
[1618.336s][info ][safepoint      ] Safepoint "ParallelGCFailedAllocation", Time since last: 946847267 ns, Reaching safepoint: 45101 ns, At safepoint: 10221567 ns, Total: 10266668 ns
[1624.336s][info ][safepoint      ] Safepoint "Cleanup", Time since last: 6000339117 ns, Reaching safepoint: 44001 ns, At safepoint: 11500 ns, Total: 55501 ns
[1629.336s][info ][safepoint      ] Safepoint "Cleanup", Time since last: 5000369782 ns, Reaching safepoint: 50601 ns, At safepoint: 8600 ns, Total: 59201 ns
[1632.337s][info ][safepoint      ] Safepoint "Cleanup", Time since last: 3000248010 ns, Reaching safepoint: 79202 ns, At safepoint: 6000 ns, Total: 85202 ns
[1634.337s][info ][safepoint      ] Safepoint "Cleanup", Time since last: 2000166673 ns, Reaching safepoint: 49901 ns, At safepoint: 2600 ns, Total: 52501 ns
[1638.375s][info ][safepoint      ] Safepoint "Cleanup", Time since last: 4038434869 ns, Reaching safepoint: 43601 ns, At safepoint: 14600 ns, Total: 58201 ns
[1639.376s][info ][safepoint      ] Safepoint "Cleanup", Time since last: 1000107737 ns, Reaching safepoint: 145403 ns, At safepoint: 8900 ns, Total: 154303 ns
[1641.376s][info ][safepoint      ] Safepoint "Cleanup", Time since last: 2000132773 ns, Reaching safepoint: 55901 ns, At safepoint: 11800 ns, Total: 67701 ns
[1645.376s][info ][safepoint      ] Safepoint "Cleanup", Time since last: 4000313647 ns, Reaching safepoint: 143602 ns, At safepoint: 5700 ns, Total: 149302 ns
[1650.775s][info ][safepoint      ] Safepoint "Cleanup", Time since last: 5398309984 ns, Reaching safepoint: 139402 ns, At safepoint: 10700 ns, Total: 150102 ns
[1651.775s][info ][safepoint      ] Safepoint "Cleanup", Time since last: 1000120738 ns, Reaching safepoint: 121102 ns, At safepoint: 8800 ns, Total: 129902 ns
[1653.867s][info ][gc,start       ] GC(115) Pause Young (Allocation Failure)
[1653.875s][debug][gc,phases      ] GC(115) Scavenge 7.662ms
[1653.875s][debug][gc,ref         ] GC(115) Skipped phase 1 of Reference Processing: no references
[1653.875s][debug][gc,ref         ] GC(115) Skipped phase 3 of Reference Processing: no references
[1653.875s][debug][gc,phases      ] GC(115) Reference Processing 0.030ms
[1653.876s][debug][gc,phases      ] GC(115) Weak Processing 0.546ms
[1653.876s][debug][gc,age         ] GC(115) Desired survivor size 59244544 bytes, new threshold 15 (max threshold 15)
[1653.876s][info ][gc,heap        ] GC(115) PSYoungGen: 2029200K(2038272K)->40384K(2029056K) Eden: 1988608K(1988608K)->0K(1988608K) From: 40592K(49664K)->40384K(40448K)
[1653.876s][info ][gc,heap        ] GC(115) ParOldGen: 391404K(409600K)->391624K(409600K)
[1653.876s][info ][gc,metaspace   ] GC(115) Metaspace: 78069K(78656K)->78069K(78656K) NonClass: 67456K(67776K)->67456K(67776K) Class: 10612K(10880K)->10612K(10880K)
[1653.876s][info ][gc             ] GC(115) Pause Young (Allocation Failure) 2363M->421M(2381M) 8.376ms
[1653.876s][info ][gc,cpu         ] GC(115) User=0.03s Sys=0.01s Real=0.01s
[1653.876s][info ][safepoint      ] Safepoint "ParallelGCFailedAllocation", Time since last: 2092181777 ns, Reaching safepoint: 125602 ns, At safepoint: 8475538 ns, Total: 8601140 ns
[1655.672s][info ][safepoint      ] Safepoint "Cleanup", Time since last: 1796416445 ns, Reaching safepoint: 58101 ns, At safepoint: 7400 ns, Total: 65501 ns
[1656.673s][info ][safepoint      ] Safepoint "Cleanup", Time since last: 1000109638 ns, Reaching safepoint: 54201 ns, At safepoint: 8500 ns, Total: 62701 ns
[1657.673s][info ][safepoint      ] Safepoint "Cleanup", Time since last: 1000061236 ns, Reaching safepoint: 167303 ns, At safepoint: 11100 ns, Total: 178403 ns
[1658.673s][info ][safepoint      ] Safepoint "Cleanup", Time since last: 1000111237 ns, Reaching safepoint: 56401 ns, At safepoint: 17401 ns, Total: 73802 ns
[1659.673s][info ][safepoint      ] Safepoint "Cleanup", Time since last: 1000114937 ns, Reaching safepoint: 77601 ns, At safepoint: 7300 ns, Total: 84901 ns
[1660.673s][info ][safepoint      ] Safepoint "Cleanup", Time since last: 1000108238 ns, Reaching safepoint: 51000 ns, At safepoint: 9201 ns, Total: 60201 ns
[1661.674s][info ][safepoint      ] Safepoint "Cleanup", Time since last: 1000118237 ns, Reaching safepoint: 81101 ns, At safepoint: 6500 ns, Total: 87601 ns
[1664.674s][info ][safepoint      ] Safepoint "Cleanup", Time since last: 3000217811 ns, Reaching safepoint: 49600 ns, At safepoint: 6900 ns, Total: 56500 ns
[1666.674s][info ][safepoint      ] Safepoint "Cleanup", Time since last: 2000205675 ns, Reaching safepoint: 140802 ns, At safepoint: 15500 ns, Total: 156302 ns
[1667.674s][info ][safepoint      ] Safepoint "Cleanup", Time since last: 1000115638 ns, Reaching safepoint: 54901 ns, At safepoint: 3300 ns, Total: 58201 ns
[1669.675s][info ][safepoint      ] Safepoint "Cleanup", Time since last: 2000187074 ns, Reaching safepoint: 70401 ns, At safepoint: 16200 ns, Total: 86601 ns
[1670.675s][info ][safepoint      ] Safepoint "Cleanup", Time since last: 1000115738 ns, Reaching safepoint: 52901 ns, At safepoint: 7300 ns, Total: 60201 ns
[1674.675s][info ][safepoint      ] Safepoint "Cleanup", Time since last: 4000336248 ns, Reaching safepoint: 120002 ns, At safepoint: 5600 ns, Total: 125602 ns
[1675.675s][info ][safepoint      ] Safepoint "Cleanup", Time since last: 1000118237 ns, Reaching safepoint: 101302 ns, At safepoint: 8700 ns, Total: 110002 ns
[1677.676s][info ][safepoint      ] Safepoint "Cleanup", Time since last: 2000176174 ns, Reaching safepoint: 63701 ns, At safepoint: 10200 ns, Total: 73901 ns
[1678.676s][info ][safepoint      ] Safepoint "Cleanup", Time since last: 1000110138 ns, Reaching safepoint: 61201 ns, At safepoint: 4000 ns, Total: 65201 ns
[1679.618s][info ][gc,start       ] GC(116) Pause Young (Allocation Failure)
[1679.629s][debug][gc,phases      ] GC(116) Scavenge 11.046ms
[1679.629s][debug][gc,ref         ] GC(116) Skipped phase 1 of Reference Processing: no references
[1679.629s][debug][gc,ref         ] GC(116) Skipped phase 3 of Reference Processing: no references
[1679.629s][debug][gc,phases      ] GC(116) Reference Processing 0.044ms
[1679.629s][debug][gc,phases      ] GC(116) Weak Processing 0.696ms
[1679.629s][debug][gc,age         ] GC(116) Desired survivor size 69206016 bytes, new threshold 14 (max threshold 15)
[1679.629s][info ][gc,heap        ] GC(116) PSYoungGen: 2028992K(2029056K)->57824K(2019840K) Eden: 1988608K(1988608K)->0K(1961984K) From: 40384K(40448K)->57824K(57856K)
[1679.629s][info ][gc,heap        ] GC(116) ParOldGen: 391624K(409600K)->391892K(409600K)
[1679.629s][info ][gc,metaspace   ] GC(116) Metaspace: 78188K(78848K)->78188K(78848K) NonClass: 67564K(67904K)->67564K(67904K) Class: 10623K(10944K)->10623K(10944K)
[1679.629s][info ][gc             ] GC(116) Pause Young (Allocation Failure) 2363M->439M(2372M) 11.941ms
[1679.629s][info ][gc,cpu         ] GC(116) User=0.04s Sys=0.00s Real=0.02s
[1679.630s][info ][safepoint      ] Safepoint "ParallelGCFailedAllocation", Time since last: 941538480 ns, Reaching safepoint: 50101 ns, At safepoint: 12048297 ns, Total: 12098398 ns
[1680.630s][info ][safepoint      ] Safepoint "Cleanup", Time since last: 1000087937 ns, Reaching safepoint: 46401 ns, At safepoint: 3400 ns, Total: 49801 ns
[1681.630s][info ][safepoint      ] Safepoint "Cleanup", Time since last: 1000110637 ns, Reaching safepoint: 46701 ns, At safepoint: 2500 ns, Total: 49201 ns
[1684.630s][info ][safepoint      ] Safepoint "Cleanup", Time since last: 3000184410 ns, Reaching safepoint: 41901 ns, At safepoint: 10500 ns, Total: 52401 ns
[1686.630s][info ][safepoint      ] Safepoint "Cleanup", Time since last: 2000163374 ns, Reaching safepoint: 45901 ns, At safepoint: 2700 ns, Total: 48601 ns
[1687.630s][info ][safepoint      ] Safepoint "Cleanup", Time since last: 1000106137 ns, Reaching safepoint: 42801 ns, At safepoint: 4100 ns, Total: 46901 ns
[1688.631s][info ][safepoint      ] Safepoint "Cleanup", Time since last: 1000119037 ns, Reaching safepoint: 41101 ns, At safepoint: 2500 ns, Total: 43601 ns
[1689.631s][info ][safepoint      ] Safepoint "Cleanup", Time since last: 1000109138 ns, Reaching safepoint: 52000 ns, At safepoint: 7101 ns, Total: 59101 ns
[1691.631s][info ][safepoint      ] Safepoint "Cleanup", Time since last: 2000162574 ns, Reaching safepoint: 79101 ns, At safepoint: 12400 ns, Total: 91501 ns
[1692.631s][info ][safepoint      ] Safepoint "Cleanup", Time since last: 1000089037 ns, Reaching safepoint: 36101 ns, At safepoint: 2300 ns, Total: 38401 ns
[1694.631s][info ][safepoint      ] Safepoint "Cleanup", Time since last: 2000181174 ns, Reaching safepoint: 57101 ns, At safepoint: 5600 ns, Total: 62701 ns
[1695.632s][info ][safepoint      ] Safepoint "Cleanup", Time since last: 1000113638 ns, Reaching safepoint: 49001 ns, At safepoint: 5500 ns, Total: 54501 ns
[1696.632s][info ][safepoint      ] Safepoint "Cleanup", Time since last: 1000105937 ns, Reaching safepoint: 64501 ns, At safepoint: 8100 ns, Total: 72601 ns
[1698.632s][info ][safepoint      ] Safepoint "Cleanup", Time since last: 2000175575 ns, Reaching safepoint: 55600 ns, At safepoint: 2500 ns, Total: 58100 ns
[1699.632s][info ][safepoint      ] Safepoint "Cleanup", Time since last: 1000103038 ns, Reaching safepoint: 48601 ns, At safepoint: 7400 ns, Total: 56001 ns
[1701.223s][info ][gc,start       ] GC(117) Pause Young (Allocation Failure)
[1701.233s][debug][gc,phases      ] GC(117) Scavenge 9.932ms
[1701.233s][debug][gc,ref         ] GC(117) Skipped phase 1 of Reference Processing: no references
[1701.233s][debug][gc,phases      ] GC(117) Reference Processing 0.049ms
[1701.234s][debug][gc,phases      ] GC(117) Weak Processing 0.540ms
[1701.234s][debug][gc,age         ] GC(117) Desired survivor size 76546048 bytes, new threshold 15 (max threshold 15)
[1701.234s][info ][gc,heap        ] GC(117) PSYoungGen: 2019808K(2019840K)->57984K(2020352K) Eden: 1961984K(1961984K)->0K(1961984K) From: 57824K(57856K)->57984K(58368K)
[1701.234s][info ][gc,heap        ] GC(117) ParOldGen: 391892K(409600K)->391924K(409600K)
[1701.234s][info ][gc,metaspace   ] GC(117) Metaspace: 78205K(78912K)->78205K(78912K) NonClass: 67581K(67968K)->67581K(67968K) Class: 10623K(10944K)->10623K(10944K)
[1701.234s][info ][gc             ] GC(117) Pause Young (Allocation Failure) 2355M->439M(2373M) 10.658ms
[1701.234s][info ][gc,cpu         ] GC(117) User=0.04s Sys=0.01s Real=0.01s
[1701.234s][info ][safepoint      ] Safepoint "ParallelGCFailedAllocation", Time since last: 1590966189 ns, Reaching safepoint: 50901 ns, At safepoint: 10746776 ns, Total: 10797677 ns
[1702.234s][info ][safepoint      ] Safepoint "Cleanup", Time since last: 1000080037 ns, Reaching safepoint: 115102 ns, At safepoint: 11300 ns, Total: 126402 ns
[1708.235s][info ][safepoint      ] Safepoint "Cleanup", Time since last: 6000399721 ns, Reaching safepoint: 59801 ns, At safepoint: 10100 ns, Total: 69901 ns
[1709.235s][info ][safepoint      ] Safepoint "Cleanup", Time since last: 1000114738 ns, Reaching safepoint: 44701 ns, At safepoint: 10400 ns, Total: 55101 ns
[1710.235s][info ][safepoint      ] Safepoint "Cleanup", Time since last: 1000105637 ns, Reaching safepoint: 75801 ns, At safepoint: 7101 ns, Total: 82902 ns
[1717.761s][info ][safepoint      ] Safepoint "Cleanup", Time since last: 7525568936 ns, Reaching safepoint: 67101 ns, At safepoint: 8400 ns, Total: 75501 ns
[1719.761s][info ][safepoint      ] Safepoint "Cleanup", Time since last: 2000164174 ns, Reaching safepoint: 66601 ns, At safepoint: 31301 ns, Total: 97902 ns
[1721.558s][info ][gc,start       ] GC(118) Pause Young (Allocation Failure)
[1721.568s][debug][gc,phases      ] GC(118) Scavenge 10.513ms
[1721.568s][debug][gc,ref         ] GC(118) Skipped phase 1 of Reference Processing: no references
[1721.568s][debug][gc,ref         ] GC(118) Skipped phase 3 of Reference Processing: no references
[1721.568s][debug][gc,phases      ] GC(118) Reference Processing 0.031ms
[1721.569s][debug][gc,phases      ] GC(118) Weak Processing 0.580ms
[1721.569s][debug][gc,age         ] GC(118) Desired survivor size 83886080 bytes, new threshold 15 (max threshold 15)
[1721.569s][info ][gc,heap        ] GC(118) PSYoungGen: 2019968K(2020352K)->60704K(2008064K) Eden: 1961984K(1961984K)->0K(1933312K) From: 57984K(58368K)->60704K(74752K)
[1721.569s][info ][gc,heap        ] GC(118) ParOldGen: 391924K(409600K)->391924K(409600K)
[1721.569s][info ][gc,metaspace   ] GC(118) Metaspace: 78213K(78912K)->78213K(78912K) NonClass: 67589K(67968K)->67589K(67968K) Class: 10623K(10944K)->10623K(10944K)
[1721.569s][info ][gc             ] GC(118) Pause Young (Allocation Failure) 2355M->442M(2361M) 11.270ms
[1721.569s][info ][gc,cpu         ] GC(118) User=0.05s Sys=0.00s Real=0.02s
[1721.569s][info ][safepoint      ] Safepoint "ParallelGCFailedAllocation", Time since last: 1796608749 ns, Reaching safepoint: 29401 ns, At safepoint: 11405886 ns, Total: 11435287 ns
[1733.570s][info ][safepoint      ] Safepoint "Cleanup", Time since last: 12000833244 ns, Reaching safepoint: 117202 ns, At safepoint: 7900 ns, Total: 125102 ns
[1734.570s][info ][safepoint      ] Safepoint "Cleanup", Time since last: 1000103438 ns, Reaching safepoint: 115602 ns, At safepoint: 3800 ns, Total: 119402 ns
[1737.570s][info ][safepoint      ] Safepoint "Cleanup", Time since last: 3000249212 ns, Reaching safepoint: 125502 ns, At safepoint: 10900 ns, Total: 136402 ns
[1739.571s][info ][safepoint      ] Safepoint "Cleanup", Time since last: 2000177975 ns, Reaching safepoint: 116801 ns, At safepoint: 11501 ns, Total: 128302 ns
[1740.571s][info ][safepoint      ] Safepoint "Cleanup", Time since last: 1000114937 ns, Reaching safepoint: 124803 ns, At safepoint: 10600 ns, Total: 135403 ns
[1742.571s][info ][safepoint      ] Safepoint "Cleanup", Time since last: 2000179275 ns, Reaching safepoint: 139202 ns, At safepoint: 56201 ns, Total: 195403 ns
[1742.818s][info ][gc,start       ] GC(119) Pause Young (Allocation Failure)
[1742.829s][debug][gc,phases      ] GC(119) Scavenge 10.829ms
[1742.829s][debug][gc,ref         ] GC(119) Skipped phase 1 of Reference Processing: no references
[1742.829s][debug][gc,ref         ] GC(119) Skipped phase 3 of Reference Processing: no references
[1742.829s][debug][gc,phases      ] GC(119) Reference Processing 0.033ms
[1742.829s][debug][gc,phases      ] GC(119) Weak Processing 0.606ms
[1742.829s][debug][gc,age         ] GC(119) Desired survivor size 89128960 bytes, new threshold 15 (max threshold 15)
[1742.829s][info ][gc,heap        ] GC(119) PSYoungGen: 1994016K(2008064K)->60272K(1993728K) Eden: 1933312K(1933312K)->0K(1933312K) From: 60704K(74752K)->60272K(60416K)
[1742.829s][info ][gc,heap        ] GC(119) ParOldGen: 391924K(409600K)->392140K(409600K)
[1742.829s][info ][gc,metaspace   ] GC(119) Metaspace: 78225K(78912K)->78225K(78912K) NonClass: 67600K(67968K)->67600K(67968K) Class: 10624K(10944K)->10624K(10944K)
[1742.829s][info ][gc             ] GC(119) Pause Young (Allocation Failure) 2330M->441M(2347M) 11.599ms
[1742.829s][info ][gc,cpu         ] GC(119) User=0.04s Sys=0.00s Real=0.02s
[1742.830s][info ][safepoint      ] Safepoint "ParallelGCFailedAllocation", Time since last: 246327724 ns, Reaching safepoint: 125502 ns, At safepoint: 11698291 ns, Total: 11823793 ns
[1743.830s][info ][safepoint      ] Safepoint "Cleanup", Time since last: 1000089637 ns, Reaching safepoint: 44501 ns, At safepoint: 8700 ns, Total: 53201 ns
[1744.830s][info ][safepoint      ] Safepoint "Cleanup", Time since last: 1000107838 ns, Reaching safepoint: 41901 ns, At safepoint: 3100 ns, Total: 45001 ns
[1745.830s][info ][safepoint      ] Safepoint "Cleanup", Time since last: 1000109837 ns, Reaching safepoint: 45901 ns, At safepoint: 2700 ns, Total: 48601 ns
[1747.830s][info ][safepoint      ] Safepoint "Cleanup", Time since last: 2000169275 ns, Reaching safepoint: 48501 ns, At safepoint: 6100 ns, Total: 54601 ns
[1750.830s][info ][safepoint      ] Safepoint "Cleanup", Time since last: 3000224411 ns, Reaching safepoint: 29301 ns, At safepoint: 2900 ns, Total: 32201 ns
[1753.831s][info ][safepoint      ] Safepoint "Cleanup", Time since last: 3000226412 ns, Reaching safepoint: 78401 ns, At safepoint: 8000 ns, Total: 86401 ns
[1754.831s][info ][safepoint      ] Safepoint "Cleanup", Time since last: 1000104138 ns, Reaching safepoint: 43001 ns, At safepoint: 4100 ns, Total: 47101 ns
[1755.831s][info ][safepoint      ] Safepoint "Cleanup", Time since last: 1000107237 ns, Reaching safepoint: 58401 ns, At safepoint: 5900 ns, Total: 64301 ns
[1756.831s][info ][safepoint      ] Safepoint "Cleanup", Time since last: 1000107838 ns, Reaching safepoint: 47201 ns, At safepoint: 2700 ns, Total: 49901 ns
[1757.831s][info ][safepoint      ] Safepoint "Cleanup", Time since last: 1000134938 ns, Reaching safepoint: 57401 ns, At safepoint: 10200 ns, Total: 67601 ns
[1759.832s][info ][safepoint      ] Safepoint "Cleanup", Time since last: 2000175675 ns, Reaching safepoint: 46001 ns, At safepoint: 3600 ns, Total: 49601 ns
[1760.832s][info ][safepoint      ] Safepoint "Cleanup", Time since last: 1000098038 ns, Reaching safepoint: 50201 ns, At safepoint: 3600 ns, Total: 53801 ns
[1764.124s][info ][gc,start       ] GC(120) Pause Young (Allocation Failure)
[1764.135s][debug][gc,phases      ] GC(120) Scavenge 11.753ms
[1764.136s][debug][gc,ref         ] GC(120) Skipped phase 1 of Reference Processing: no references
[1764.136s][debug][gc,ref         ] GC(120) Skipped phase 3 of Reference Processing: no references
[1764.136s][debug][gc,phases      ] GC(120) Reference Processing 0.029ms
[1764.136s][debug][gc,phases      ] GC(120) Weak Processing 0.566ms
[1764.136s][debug][gc,age         ] GC(120) Desired survivor size 95420416 bytes, new threshold 15 (max threshold 15)
[1764.136s][info ][gc,heap        ] GC(120) PSYoungGen: 1993584K(1993728K)->67248K(1997824K) Eden: 1933312K(1933312K)->0K(1910784K) From: 60272K(60416K)->67248K(87040K)
[1764.136s][info ][gc,heap        ] GC(120) ParOldGen: 392140K(409600K)->392172K(409600K)
[1764.136s][info ][gc,metaspace   ] GC(120) Metaspace: 78241K(78912K)->78241K(78912K) NonClass: 67616K(67968K)->67616K(67968K) Class: 10624K(10944K)->10624K(10944K)
[1764.136s][info ][gc             ] GC(120) Pause Young (Allocation Failure) 2329M->448M(2351M) 12.485ms
[1764.136s][info ][gc,cpu         ] GC(120) User=0.05s Sys=0.00s Real=0.01s
[1764.136s][info ][safepoint      ] Safepoint "ParallelGCFailedAllocation", Time since last: 3291672473 ns, Reaching safepoint: 121702 ns, At safepoint: 12583605 ns, Total: 12705307 ns
[1765.136s][info ][safepoint      ] Safepoint "Cleanup", Time since last: 1000073537 ns, Reaching safepoint: 46401 ns, At safepoint: 8100 ns, Total: 54501 ns
[1773.137s][info ][safepoint      ] Safepoint "Cleanup", Time since last: 8000550698 ns, Reaching safepoint: 49101 ns, At safepoint: 6700 ns, Total: 55801 ns
[1779.137s][info ][safepoint      ] Safepoint "Cleanup", Time since last: 6000414524 ns, Reaching safepoint: 56200 ns, At safepoint: 5701 ns, Total: 61901 ns
[1780.138s][info ][safepoint      ] Safepoint "Cleanup", Time since last: 1000101737 ns, Reaching safepoint: 42501 ns, At safepoint: 10900 ns, Total: 53401 ns
[1781.138s][info ][safepoint      ] Safepoint "Cleanup", Time since last: 1000099938 ns, Reaching safepoint: 48501 ns, At safepoint: 2900 ns, Total: 51401 ns
[1786.717s][info ][gc,start       ] GC(121) Pause Young (Allocation Failure)
[1786.731s][debug][gc,phases      ] GC(121) Scavenge 13.185ms
[1786.731s][debug][gc,ref         ] GC(121) Skipped phase 1 of Reference Processing: no references
[1786.731s][debug][gc,ref         ] GC(121) Skipped phase 3 of Reference Processing: no references
[1786.731s][debug][gc,phases      ] GC(121) Reference Processing 0.045ms
[1786.731s][debug][gc,phases      ] GC(121) Weak Processing 0.619ms
[1786.731s][debug][gc,age         ] GC(121) Desired survivor size 98566144 bytes, new threshold 15 (max threshold 15)
[1786.731s][info ][gc,heap        ] GC(121) PSYoungGen: 1978032K(1997824K)->61808K(1972736K) Eden: 1910784K(1910784K)->0K(1910784K) From: 67248K(87040K)->61808K(61952K)
[1786.731s][info ][gc,heap        ] GC(121) ParOldGen: 392172K(409600K)->396244K(409600K)
[1786.731s][info ][gc,metaspace   ] GC(121) Metaspace: 78249K(78912K)->78249K(78912K) NonClass: 67623K(67968K)->67623K(67968K) Class: 10625K(10944K)->10625K(10944K)
[1786.731s][info ][gc             ] GC(121) Pause Young (Allocation Failure) 2314M->447M(2326M) 13.987ms
[1786.731s][info ][gc,cpu         ] GC(121) User=0.05s Sys=0.01s Real=0.02s
[1786.731s][info ][safepoint      ] Safepoint "ParallelGCFailedAllocation", Time since last: 5579579249 ns, Reaching safepoint: 48301 ns, At safepoint: 14083630 ns, Total: 14131931 ns
[1794.732s][info ][safepoint      ] Safepoint "Cleanup", Time since last: 8000428996 ns, Reaching safepoint: 39701 ns, At safepoint: 2600 ns, Total: 42301 ns
[1796.732s][info ][safepoint      ] Safepoint "Cleanup", Time since last: 2000166175 ns, Reaching safepoint: 43801 ns, At safepoint: 2300 ns, Total: 46101 ns
[1800.732s][info ][safepoint      ] Safepoint "Cleanup", Time since last: 4000260249 ns, Reaching safepoint: 54601 ns, At safepoint: 19300 ns, Total: 73901 ns
[1802.733s][info ][safepoint      ] Safepoint "Cleanup", Time since last: 2000162575 ns, Reaching safepoint: 49501 ns, At safepoint: 3000 ns, Total: 52501 ns
[1808.733s][info ][safepoint      ] Safepoint "Cleanup", Time since last: 6000425825 ns, Reaching safepoint: 48001 ns, At safepoint: 3100 ns, Total: 51101 ns
[1809.292s][info ][gc,start       ] GC(122) Pause Young (Allocation Failure)
[1809.303s][debug][gc,phases      ] GC(122) Scavenge 10.750ms
[1809.303s][debug][gc,ref         ] GC(122) Skipped phase 1 of Reference Processing: no references
[1809.303s][debug][gc,ref         ] GC(122) Skipped phase 3 of Reference Processing: no references
[1809.303s][debug][gc,phases      ] GC(122) Reference Processing 0.041ms
[1809.304s][debug][gc,phases      ] GC(122) Weak Processing 0.706ms
[1809.304s][debug][gc,age         ] GC(122) Desired survivor size 100663296 bytes, new threshold 15 (max threshold 15)
[1809.304s][info ][gc,heap        ] GC(122) PSYoungGen: 1972592K(1972736K)->61312K(1996800K) Eden: 1910784K(1910784K)->0K(1900544K) From: 61808K(61952K)->61312K(96256K)
[1809.304s][info ][gc,heap        ] GC(122) ParOldGen: 396244K(409600K)->396260K(409600K)
[1809.304s][info ][gc,metaspace   ] GC(122) Metaspace: 78253K(78912K)->78253K(78912K) NonClass: 67627K(67968K)->67627K(67968K) Class: 10626K(10944K)->10626K(10944K)
[1809.304s][info ][gc             ] GC(122) Pause Young (Allocation Failure) 2313M->446M(2350M) 11.653ms
[1809.304s][info ][gc,cpu         ] GC(122) User=0.04s Sys=0.00s Real=0.01s
[1809.304s][info ][safepoint      ] Safepoint "ParallelGCFailedAllocation", Time since last: 558934731 ns, Reaching safepoint: 30000 ns, At safepoint: 11746692 ns, Total: 11776692 ns
[1811.304s][info ][safepoint      ] Safepoint "Cleanup", Time since last: 2000127175 ns, Reaching safepoint: 50600 ns, At safepoint: 3200 ns, Total: 53800 ns
[1814.304s][info ][safepoint      ] Safepoint "Cleanup", Time since last: 3000202913 ns, Reaching safepoint: 83501 ns, At safepoint: 14900 ns, Total: 98401 ns
[1818.305s][info ][safepoint      ] Safepoint "Cleanup", Time since last: 4000258350 ns, Reaching safepoint: 53401 ns, At safepoint: 9800 ns, Total: 63201 ns
[1820.305s][info ][safepoint      ] Safepoint "Cleanup", Time since last: 2000182575 ns, Reaching safepoint: 54301 ns, At safepoint: 5500 ns, Total: 59801 ns
[1823.305s][info ][safepoint      ] Safepoint "Cleanup", Time since last: 3000248113 ns, Reaching safepoint: 52001 ns, At safepoint: 2700 ns, Total: 54701 ns
[1826.305s][info ][safepoint      ] Safepoint "Cleanup", Time since last: 3000237013 ns, Reaching safepoint: 50701 ns, At safepoint: 7000 ns, Total: 57701 ns
[1827.306s][info ][safepoint      ] Safepoint "Cleanup", Time since last: 1000102638 ns, Reaching safepoint: 56201 ns, At safepoint: 5600 ns, Total: 61801 ns
[1833.568s][info ][gc,start       ] GC(123) Pause Young (Allocation Failure)
[1833.578s][debug][gc,phases      ] GC(123) Scavenge 10.732ms
[1833.578s][debug][gc,ref         ] GC(123) Skipped phase 1 of Reference Processing: no references
[1833.578s][debug][gc,ref         ] GC(123) Skipped phase 3 of Reference Processing: no references
[1833.578s][debug][gc,phases      ] GC(123) Reference Processing 0.033ms
[1833.579s][debug][gc,phases      ] GC(123) Weak Processing 0.561ms
[1833.579s][debug][gc,age         ] GC(123) Desired survivor size 94896128 bytes, new threshold 15 (max threshold 15)
[1833.579s][info ][gc,heap        ] GC(123) PSYoungGen: 1961856K(1996800K)->43104K(1998848K) Eden: 1900544K(1900544K)->0K(1900544K) From: 61312K(96256K)->43104K(98304K)
[1833.579s][info ][gc,heap        ] GC(123) ParOldGen: 396260K(409600K)->413449K(426496K)
[1833.579s][info ][gc,metaspace   ] GC(123) Metaspace: 78259K(78912K)->78259K(78912K) NonClass: 67633K(67968K)->67633K(67968K) Class: 10626K(10944K)->10626K(10944K)
[1833.579s][info ][gc             ] GC(123) Pause Young (Allocation Failure) 2302M->445M(2368M) 11.491ms
[1833.579s][info ][gc,cpu         ] GC(123) User=0.05s Sys=0.00s Real=0.01s
[1833.579s][info ][safepoint      ] Safepoint "ParallelGCFailedAllocation", Time since last: 6261771495 ns, Reaching safepoint: 56701 ns, At safepoint: 11594489 ns, Total: 11651190 ns
[1834.579s][info ][safepoint      ] Safepoint "Cleanup", Time since last: 1000069838 ns, Reaching safepoint: 43600 ns, At safepoint: 3301 ns, Total: 46901 ns
[1836.579s][info ][safepoint      ] Safepoint "Cleanup", Time since last: 2000150975 ns, Reaching safepoint: 44301 ns, At safepoint: 2800 ns, Total: 47101 ns
[1842.580s][info ][safepoint      ] Safepoint "Cleanup", Time since last: 6000412425 ns, Reaching safepoint: 57201 ns, At safepoint: 8400 ns, Total: 65601 ns
[1857.717s][info ][gc,start       ] GC(124) Pause Young (Allocation Failure)
[1857.726s][debug][gc,phases      ] GC(124) Scavenge 8.842ms
[1857.726s][debug][gc,ref         ] GC(124) Skipped phase 1 of Reference Processing: no references
[1857.726s][debug][gc,ref         ] GC(124) Skipped phase 3 of Reference Processing: no references
[1857.726s][debug][gc,phases      ] GC(124) Reference Processing 0.031ms
[1857.727s][debug][gc,phases      ] GC(124) Weak Processing 0.588ms
[1857.727s][debug][gc,age         ] GC(124) Desired survivor size 90177536 bytes, new threshold 15 (max threshold 15)
[1857.727s][info ][gc,heap        ] GC(124) PSYoungGen: 1943648K(1998848K)->43104K(2009088K) Eden: 1900544K(1900544K)->0K(1916416K) From: 43104K(98304K)->43104K(92672K)
[1857.727s][info ][gc,heap        ] GC(124) ParOldGen: 413449K(426496K)->413498K(426496K)
[1857.727s][info ][gc,metaspace   ] GC(124) Metaspace: 78264K(78912K)->78264K(78912K) NonClass: 67637K(67968K)->67637K(67968K) Class: 10626K(10944K)->10626K(10944K)
[1857.727s][info ][gc             ] GC(124) Pause Young (Allocation Failure) 2301M->445M(2378M) 9.597ms
[1857.727s][info ][gc,cpu         ] GC(124) User=0.04s Sys=0.00s Real=0.01s
[1857.727s][info ][safepoint      ] Safepoint "ParallelGCFailedAllocation", Time since last: 15137404591 ns, Reaching safepoint: 125403 ns, At safepoint: 9680758 ns, Total: 9806161 ns
[1877.729s][info ][safepoint      ] Safepoint "Cleanup", Time since last: 20001372353 ns, Reaching safepoint: 80701 ns, At safepoint: 11100 ns, Total: 91801 ns
[1879.729s][info ][safepoint      ] Safepoint "Cleanup", Time since last: 2000144076 ns, Reaching safepoint: 45700 ns, At safepoint: 6001 ns, Total: 51701 ns
[1881.733s][info ][safepoint      ] Safepoint "Cleanup", Time since last: 2004092840 ns, Reaching safepoint: 58401 ns, At safepoint: 7600 ns, Total: 66001 ns
[1883.737s][info ][safepoint      ] Safepoint "Cleanup", Time since last: 2000177076 ns, Reaching safepoint: 4277670 ns, At safepoint: 6900 ns, Total: 4284570 ns
[1887.172s][info ][gc,start       ] GC(125) Pause Young (Allocation Failure)
[1887.180s][debug][gc,phases      ] GC(125) Scavenge 8.564ms
[1887.180s][debug][gc,ref         ] GC(125) Skipped phase 1 of Reference Processing: no references
[1887.180s][debug][gc,phases      ] GC(125) Reference Processing 0.093ms
[1887.181s][debug][gc,phases      ] GC(125) Weak Processing 0.547ms
[1887.181s][debug][gc,age         ] GC(125) Desired survivor size 85458944 bytes, new threshold 15 (max threshold 15)
[1887.181s][info ][gc,heap        ] GC(125) PSYoungGen: 1959520K(2009088K)->43248K(2004480K) Eden: 1916416K(1916416K)->0K(1916416K) From: 43104K(92672K)->43248K(88064K)
[1887.181s][info ][gc,heap        ] GC(125) ParOldGen: 413498K(426496K)->413530K(426496K)
[1887.181s][info ][gc,metaspace   ] GC(125) Metaspace: 78315K(78976K)->78315K(78976K) NonClass: 67688K(68032K)->67688K(68032K) Class: 10627K(10944K)->10627K(10944K)
[1887.181s][info ][gc             ] GC(125) Pause Young (Allocation Failure) 2317M->446M(2374M) 9.349ms
[1887.181s][info ][gc,cpu         ] GC(125) User=0.03s Sys=0.00s Real=0.01s
[1887.181s][info ][safepoint      ] Safepoint "ParallelGCFailedAllocation", Time since last: 3434218603 ns, Reaching safepoint: 31601 ns, At safepoint: 9447254 ns, Total: 9478855 ns
[1893.182s][info ][safepoint      ] Safepoint "Cleanup", Time since last: 6000420327 ns, Reaching safepoint: 52101 ns, At safepoint: 5800 ns, Total: 57901 ns
[1895.182s][info ][safepoint      ] Safepoint "Cleanup", Time since last: 2000125175 ns, Reaching safepoint: 47401 ns, At safepoint: 3400 ns, Total: 50801 ns
[1900.182s][info ][safepoint      ] Safepoint "Cleanup", Time since last: 5000360189 ns, Reaching safepoint: 51301 ns, At safepoint: 6300 ns, Total: 57601 ns
[1909.183s][info ][safepoint      ] Safepoint "Cleanup", Time since last: 9000532639 ns, Reaching safepoint: 90201 ns, At safepoint: 10100 ns, Total: 100301 ns
[1910.183s][info ][safepoint      ] Safepoint "Cleanup", Time since last: 1000093838 ns, Reaching safepoint: 47401 ns, At safepoint: 5500 ns, Total: 52901 ns
[1913.183s][info ][safepoint      ] Safepoint "Cleanup", Time since last: 3000224214 ns, Reaching safepoint: 51101 ns, At safepoint: 6100 ns, Total: 57201 ns
[1918.184s][info ][safepoint      ] Safepoint "Cleanup", Time since last: 5000365090 ns, Reaching safepoint: 45300 ns, At safepoint: 8600 ns, Total: 53900 ns
[1919.018s][info ][gc,start       ] GC(126) Pause Young (Allocation Failure)
[1919.027s][debug][gc,phases      ] GC(126) Scavenge 9.018ms
[1919.027s][debug][gc,ref         ] GC(126) Skipped phase 1 of Reference Processing: no references
[1919.027s][debug][gc,ref         ] GC(126) Skipped phase 3 of Reference Processing: no references
[1919.027s][debug][gc,phases      ] GC(126) Reference Processing 0.030ms
[1919.028s][debug][gc,phases      ] GC(126) Weak Processing 0.567ms
[1919.028s][debug][gc,age         ] GC(126) Desired survivor size 81264640 bytes, new threshold 15 (max threshold 15)
[1919.028s][info ][gc,heap        ] GC(126) PSYoungGen: 1959664K(2004480K)->43008K(2017792K) Eden: 1916416K(1916416K)->0K(1934336K) From: 43248K(88064K)->43008K(83456K)
[1919.028s][info ][gc,heap        ] GC(126) ParOldGen: 413530K(426496K)->413586K(426496K)
[1919.028s][info ][gc,metaspace   ] GC(126) Metaspace: 78326K(78976K)->78326K(78976K) NonClass: 67699K(68032K)->67699K(68032K) Class: 10627K(10944K)->10627K(10944K)
[1919.028s][info ][gc             ] GC(126) Pause Young (Allocation Failure) 2317M->445M(2387M) 9.752ms
[1919.028s][info ][gc,cpu         ] GC(126) User=0.04s Sys=0.00s Real=0.01s
[1919.028s][info ][safepoint      ] Safepoint "ParallelGCFailedAllocation", Time since last: 834524134 ns, Reaching safepoint: 107202 ns, At safepoint: 9839760 ns, Total: 9946962 ns
[1921.028s][info ][safepoint      ] Safepoint "Cleanup", Time since last: 2000158676 ns, Reaching safepoint: 60301 ns, At safepoint: 8101 ns, Total: 68402 ns
[1922.028s][info ][safepoint      ] Safepoint "Cleanup", Time since last: 1000111238 ns, Reaching safepoint: 48101 ns, At safepoint: 3000 ns, Total: 51101 ns
[1925.029s][info ][safepoint      ] Safepoint "Cleanup", Time since last: 3000250314 ns, Reaching safepoint: 60501 ns, At safepoint: 6200 ns, Total: 66701 ns
[1933.030s][info ][safepoint      ] Safepoint "Cleanup", Time since last: 8000609604 ns, Reaching safepoint: 137803 ns, At safepoint: 9600 ns, Total: 147403 ns
[1934.030s][info ][safepoint      ] Safepoint "Cleanup", Time since last: 1000106738 ns, Reaching safepoint: 50501 ns, At safepoint: 12900 ns, Total: 63401 ns
[1952.367s][info ][gc,start       ] GC(127) Pause Young (Allocation Failure)
[1952.376s][debug][gc,phases      ] GC(127) Scavenge 9.085ms
[1952.376s][debug][gc,ref         ] GC(127) Skipped phase 1 of Reference Processing: no references
[1952.376s][debug][gc,ref         ] GC(127) Skipped phase 3 of Reference Processing: no references
[1952.377s][debug][gc,phases      ] GC(127) Reference Processing 0.037ms
[1952.377s][debug][gc,phases      ] GC(127) Weak Processing 0.698ms
[1952.377s][debug][gc,age         ] GC(127) Desired survivor size 78118912 bytes, new threshold 15 (max threshold 15)
[1952.377s][info ][gc,heap        ] GC(127) PSYoungGen: 1977344K(2017792K)->43920K(2013696K) Eden: 1934336K(1934336K)->0K(1934336K) From: 43008K(83456K)->43920K(79360K)
[1952.377s][info ][gc,heap        ] GC(127) ParOldGen: 413586K(426496K)->413674K(426496K)
[1952.377s][info ][gc,metaspace   ] GC(127) Metaspace: 78327K(78976K)->78327K(78976K) NonClass: 67700K(68032K)->67700K(68032K) Class: 10627K(10944K)->10627K(10944K)
[1952.377s][info ][gc             ] GC(127) Pause Young (Allocation Failure) 2334M->446M(2383M) 10.003ms
[1952.377s][info ][gc,cpu         ] GC(127) User=0.03s Sys=0.00s Real=0.01s
[1952.377s][info ][safepoint      ] Safepoint "ParallelGCFailedAllocation", Time since last: 18337444876 ns, Reaching safepoint: 101202 ns, At safepoint: 10093964 ns, Total: 10195166 ns
[1955.378s][info ][safepoint      ] Safepoint "Cleanup", Time since last: 3000162614 ns, Reaching safepoint: 56201 ns, At safepoint: 2700 ns, Total: 58901 ns
[1957.378s][info ][safepoint      ] Safepoint "Cleanup", Time since last: 2000181476 ns, Reaching safepoint: 54401 ns, At safepoint: 7800 ns, Total: 62201 ns
[1958.378s][info ][safepoint      ] Safepoint "Cleanup", Time since last: 1000111839 ns, Reaching safepoint: 43201 ns, At safepoint: 4000 ns, Total: 47201 ns
[1966.379s][info ][safepoint      ] Safepoint "Cleanup", Time since last: 8000617605 ns, Reaching safepoint: 44601 ns, At safepoint: 6100 ns, Total: 50701 ns
[1967.381s][info ][safepoint      ] Safepoint "Cleanup", Time since last: 1002213273 ns, Reaching safepoint: 120802 ns, At safepoint: 14900 ns, Total: 135702 ns
[1977.382s][info ][safepoint      ] Safepoint "Cleanup", Time since last: 10000668380 ns, Reaching safepoint: 98602 ns, At safepoint: 6500 ns, Total: 105102 ns
[1983.382s][info ][safepoint      ] Safepoint "Cleanup", Time since last: 6000384728 ns, Reaching safepoint: 47900 ns, At safepoint: 7401 ns, Total: 55301 ns
[1985.667s][info ][gc,start       ] GC(128) Pause Young (Allocation Failure)
[1985.676s][debug][gc,phases      ] GC(128) Scavenge 8.716ms
[1985.676s][debug][gc,ref         ] GC(128) Skipped phase 1 of Reference Processing: no references
[1985.676s][debug][gc,ref         ] GC(128) Skipped phase 3 of Reference Processing: no references
[1985.676s][debug][gc,phases      ] GC(128) Reference Processing 0.028ms
[1985.677s][debug][gc,phases      ] GC(128) Weak Processing 0.593ms
[1985.677s][debug][gc,age         ] GC(128) Desired survivor size 74973184 bytes, new threshold 15 (max threshold 15)
[1985.677s][info ][gc,heap        ] GC(128) PSYoungGen: 1978256K(2013696K)->43152K(2023936K) Eden: 1934336K(1934336K)->0K(1947648K) From: 43920K(79360K)->43152K(76288K)
[1985.677s][info ][gc,heap        ] GC(128) ParOldGen: 413674K(426496K)->413706K(426496K)
[1985.677s][info ][gc,metaspace   ] GC(128) Metaspace: 78330K(78976K)->78330K(78976K) NonClass: 67703K(68032K)->67703K(68032K) Class: 10627K(10944K)->10627K(10944K)
[1985.677s][info ][gc             ] GC(128) Pause Young (Allocation Failure) 2335M->446M(2393M) 9.488ms
[1985.677s][info ][gc,cpu         ] GC(128) User=0.03s Sys=0.01s Real=0.01s
[1985.677s][info ][safepoint      ] Safepoint "ParallelGCFailedAllocation", Time since last: 2285086531 ns, Reaching safepoint: 112302 ns, At safepoint: 9575256 ns, Total: 9687558 ns
[1987.677s][info ][safepoint      ] Safepoint "Cleanup", Time since last: 2000148177 ns, Reaching safepoint: 39200 ns, At safepoint: 4600 ns, Total: 43800 ns
[1992.678s][info ][safepoint      ] Safepoint "Cleanup", Time since last: 5000332991 ns, Reaching safepoint: 56100 ns, At safepoint: 7901 ns, Total: 64001 ns
[1993.678s][info ][safepoint      ] Safepoint "Cleanup", Time since last: 1000121939 ns, Reaching safepoint: 44500 ns, At safepoint: 2800 ns, Total: 47300 ns
[2000.678s][info ][safepoint      ] Safepoint "Cleanup", Time since last: 7000508368 ns, Reaching safepoint: 81401 ns, At safepoint: 11300 ns, Total: 92701 ns
[2014.679s][info ][safepoint      ] Safepoint "Cleanup", Time since last: 14000947934 ns, Reaching safepoint: 50801 ns, At safepoint: 8500 ns, Total: 59301 ns
[2020.298s][info ][gc,start       ] GC(129) Pause Young (Allocation Failure)
[2020.306s][debug][gc,phases      ] GC(129) Scavenge 8.651ms
[2020.306s][debug][gc,ref         ] GC(129) Skipped phase 1 of Reference Processing: no references
[2020.306s][debug][gc,ref         ] GC(129) Skipped phase 3 of Reference Processing: no references
[2020.306s][debug][gc,phases      ] GC(129) Reference Processing 0.038ms
[2020.307s][debug][gc,phases      ] GC(129) Weak Processing 0.588ms
[2020.307s][debug][gc,age         ] GC(129) Desired survivor size 74448896 bytes, new threshold 15 (max threshold 15)
[2020.307s][info ][gc,heap        ] GC(129) PSYoungGen: 1990800K(2023936K)->26192K(2020864K) Eden: 1947648K(1947648K)->0K(1947648K) From: 43152K(76288K)->26192K(73216K)
[2020.307s][info ][gc,heap        ] GC(129) ParOldGen: 413706K(426496K)->431146K(443392K)
[2020.307s][info ][gc,metaspace   ] GC(129) Metaspace: 78336K(78976K)->78336K(78976K) NonClass: 67709K(68032K)->67709K(68032K) Class: 10627K(10944K)->10627K(10944K)
[2020.307s][info ][gc             ] GC(129) Pause Young (Allocation Failure) 2348M->446M(2406M) 9.434ms
[2020.307s][info ][gc,cpu         ] GC(129) User=0.03s Sys=0.01s Real=0.01s
[2020.307s][debug][gc,phases      ] GC(130) Pre Compact 0.010ms
[2020.307s][info ][gc,start       ] GC(130) Pause Full (Ergonomics)
[2020.307s][info ][gc,phases,start] GC(130) Marking Phase
[2020.428s][debug][gc,phases      ] GC(130) Par Mark 120.560ms
[2020.428s][debug][gc,ref         ] GC(130) Skipped phase 1 of Reference Processing: no references
[2020.428s][debug][gc,ref         ] GC(130) Skipped phase 3 of Reference Processing: no references
[2020.428s][debug][gc,phases      ] GC(130) Reference Processing 0.434ms
[2020.429s][debug][gc,phases      ] GC(130) Weak Processing 0.601ms
[2020.429s][debug][gc,phases      ] GC(130) ClassLoaderData 0.063ms
[2020.429s][debug][gc,phases      ] GC(130) Trigger cleanups 0.000ms
[2020.446s][debug][gc,phases      ] GC(130) Class Unloading 17.259ms
[2020.446s][info ][gc,phases      ] GC(130) Marking Phase 139.023ms
[2020.446s][info ][gc,phases,start] GC(130) Summary Phase
[2020.446s][info ][gc,phases      ] GC(130) Summary Phase 0.010ms
[2020.446s][info ][gc,phases,start] GC(130) Adjust Roots
[2020.465s][info ][gc,phases      ] GC(130) Adjust Roots 19.096ms
[2020.465s][info ][gc,phases,start] GC(130) Compaction Phase
[2020.655s][info ][gc,phases      ] GC(130) Compaction Phase 190.218ms
[2020.655s][info ][gc,phases,start] GC(130) Post Compact
[2020.657s][info ][gc,phases      ] GC(130) Post Compact 1.278ms
[2020.657s][info ][gc,heap        ] GC(130) PSYoungGen: 26192K(2020864K)->1931K(2020864K) Eden: 0K(1947648K)->0K(1947648K) From: 26192K(73216K)->1931K(73216K)
[2020.657s][info ][gc,heap        ] GC(130) ParOldGen: 431146K(443392K)->443265K(529408K)
[2020.657s][info ][gc,metaspace   ] GC(130) Metaspace: 78336K(78976K)->78336K(78976K) NonClass: 67709K(68032K)->67709K(68032K) Class: 10627K(10944K)->10627K(10944K)
[2020.657s][info ][gc             ] GC(130) Pause Full (Ergonomics) 446M->434M(2490M) 349.948ms
[2020.657s][info ][gc,cpu         ] GC(130) User=1.27s Sys=0.00s Real=0.35s
[2020.657s][info ][safepoint      ] Safepoint "ParallelGCFailedAllocation", Time since last: 5618006482 ns, Reaching safepoint: 113201 ns, At safepoint: 359555075 ns, Total: 359668276 ns
[2026.658s][info ][safepoint      ] Safepoint "Cleanup", Time since last: 6000418229 ns, Reaching safepoint: 64701 ns, At safepoint: 30500 ns, Total: 95201 ns
[2042.659s][info ][safepoint      ] Safepoint "Cleanup", Time since last: 16001060911 ns, Reaching safepoint: 70702 ns, At safepoint: 8300 ns, Total: 79002 ns
[2054.571s][info ][gc,start       ] GC(131) Pause Young (Allocation Failure)
[2054.613s][debug][gc,phases      ] GC(131) Scavenge 42.235ms
[2054.613s][debug][gc,ref         ] GC(131) Skipped phase 1 of Reference Processing: no references
[2054.614s][debug][gc,ref         ] GC(131) Skipped phase 3 of Reference Processing: no references
[2054.614s][debug][gc,ref         ] GC(131) Skipped phase 4 of Reference Processing: no references
[2054.614s][debug][gc,phases      ] GC(131) Reference Processing 0.042ms
[2054.614s][debug][gc,phases      ] GC(131) Weak Processing 0.551ms
[2054.614s][debug][gc,age         ] GC(131) Desired survivor size 78118912 bytes, new threshold 15 (max threshold 15)
[2054.614s][info ][gc,heap        ] GC(131) PSYoungGen: 1949579K(2020864K)->2496K(2017280K) Eden: 1947648K(1947648K)->0K(1944576K) From: 1931K(73216K)->2496K(72704K)
[2054.614s][info ][gc,heap        ] GC(131) ParOldGen: 443265K(529408K)->443281K(529408K)
[2054.614s][info ][gc,metaspace   ] GC(131) Metaspace: 78341K(78976K)->78341K(78976K) NonClass: 67713K(68032K)->67713K(68032K) Class: 10627K(10944K)->10627K(10944K)
[2054.614s][info ][gc             ] GC(131) Pause Young (Allocation Failure) 2336M->435M(2487M) 42.987ms
[2054.614s][info ][gc,cpu         ] GC(131) User=0.16s Sys=0.00s Real=0.04s
[2054.614s][info ][safepoint      ] Safepoint "ParallelGCFailedAllocation", Time since last: 11912307113 ns, Reaching safepoint: 120802 ns, At safepoint: 43090704 ns, Total: 43211506 ns
[2057.614s][info ][safepoint      ] Safepoint "Cleanup", Time since last: 3000230515 ns, Reaching safepoint: 48501 ns, At safepoint: 9800 ns, Total: 58301 ns
[2058.615s][info ][safepoint      ] Safepoint "Cleanup", Time since last: 1000100439 ns, Reaching safepoint: 50401 ns, At safepoint: 5500 ns, Total: 55901 ns
[2060.615s][info ][safepoint      ] Safepoint "Cleanup", Time since last: 2000168977 ns, Reaching safepoint: 72001 ns, At safepoint: 5200 ns, Total: 77201 ns
[2073.616s][info ][safepoint      ] Safepoint "Cleanup", Time since last: 13000903198 ns, Reaching safepoint: 58901 ns, At safepoint: 6401 ns, Total: 65302 ns
[2074.616s][info ][safepoint      ] Safepoint "Cleanup", Time since last: 1000114839 ns, Reaching safepoint: 45800 ns, At safepoint: 2700 ns, Total: 48500 ns
[2078.616s][info ][safepoint      ] Safepoint "Cleanup", Time since last: 4000284254 ns, Reaching safepoint: 59201 ns, At safepoint: 5300 ns, Total: 64501 ns
[2085.617s][info ][safepoint      ] Safepoint "Cleanup", Time since last: 7000490469 ns, Reaching safepoint: 112702 ns, At safepoint: 5600 ns, Total: 118302 ns
[2085.971s][info ][safepoint      ] Safepoint "ParallelGCFailedAllocation", Time since last: 353808280 ns, Reaching safepoint: 41501 ns, At safepoint: 18200 ns, Total: 59701 ns
[2085.971s][info ][gc,start       ] GC(132) Pause Young (GCLocker Initiated GC)
[2085.975s][debug][gc,phases      ] GC(132) Scavenge 3.556ms
[2085.975s][debug][gc,ref         ] GC(132) Skipped phase 1 of Reference Processing: no references
[2085.975s][debug][gc,ref         ] GC(132) Skipped phase 3 of Reference Processing: no references
[2085.975s][debug][gc,phases      ] GC(132) Reference Processing 0.050ms
[2085.975s][debug][gc,phases      ] GC(132) Weak Processing 0.693ms
[2085.975s][debug][gc,age         ] GC(132) Desired survivor size 80216064 bytes, new threshold 15 (max threshold 15)
[2085.975s][info ][gc,heap        ] GC(132) PSYoungGen: 1947072K(2017280K)->2752K(1947648K) Eden: 1944576K(1944576K)->0K(1944576K) From: 2496K(72704K)->2752K(3072K)
[2085.975s][info ][gc,heap        ] GC(132) ParOldGen: 443281K(529408K)->443353K(529408K)
[2085.976s][info ][gc,metaspace   ] GC(132) Metaspace: 78349K(78976K)->78349K(78976K) NonClass: 67722K(68032K)->67722K(68032K) Class: 10627K(10944K)->10627K(10944K)
[2085.976s][info ][gc             ] GC(132) Pause Young (GCLocker Initiated GC) 2334M->435M(2419M) 4.432ms
[2085.976s][info ][gc,cpu         ] GC(132) User=0.02s Sys=0.00s Real=0.00s
[2085.976s][info ][safepoint      ] Safepoint "ParallelGCSystemGC", Time since last: 94301 ns, Reaching safepoint: 108102 ns, At safepoint: 4530274 ns, Total: 4638376 ns
[2088.976s][info ][safepoint      ] Safepoint "Cleanup", Time since last: 3000234316 ns, Reaching safepoint: 44800 ns, At safepoint: 5901 ns, Total: 50701 ns
[2096.976s][info ][safepoint      ] Safepoint "Cleanup", Time since last: 8000536306 ns, Reaching safepoint: 73702 ns, At safepoint: 3000 ns, Total: 76702 ns
[2116.916s][info ][gc,start       ] GC(133) Pause Young (Allocation Failure)
[2116.920s][debug][gc,phases      ] GC(133) Scavenge 3.887ms
[2116.920s][debug][gc,ref         ] GC(133) Skipped phase 1 of Reference Processing: no references
[2116.920s][debug][gc,ref         ] GC(133) Skipped phase 3 of Reference Processing: no references
[2116.920s][debug][gc,phases      ] GC(133) Reference Processing 0.033ms
[2116.921s][debug][gc,phases      ] GC(133) Weak Processing 0.567ms
[2116.921s][debug][gc,age         ] GC(133) Desired survivor size 81264640 bytes, new threshold 15 (max threshold 15)
[2116.921s][info ][gc,heap        ] GC(133) PSYoungGen: 1947328K(1947648K)->2816K(2016768K) Eden: 1944576K(1944576K)->0K(1938432K) From: 2752K(3072K)->2816K(78336K)
[2116.921s][info ][gc,heap        ] GC(133) ParOldGen: 443360K(529408K)->443416K(529408K)
[2116.921s][info ][gc,metaspace   ] GC(133) Metaspace: 78352K(78976K)->78352K(78976K) NonClass: 67725K(68032K)->67725K(68032K) Class: 10627K(10944K)->10627K(10944K)
[2116.921s][info ][gc             ] GC(133) Pause Young (Allocation Failure) 2334M->435M(2486M) 4.649ms
[2116.921s][info ][gc,cpu         ] GC(133) User=0.01s Sys=0.00s Real=0.01s
[2116.921s][info ][safepoint      ] Safepoint "ParallelGCFailedAllocation", Time since last: 19939773262 ns, Reaching safepoint: 97901 ns, At safepoint: 4736878 ns, Total: 4834779 ns
[2118.921s][info ][safepoint      ] Safepoint "Cleanup", Time since last: 2000177177 ns, Reaching safepoint: 122302 ns, At safepoint: 11801 ns, Total: 134103 ns
[2134.923s][info ][safepoint      ] Safepoint "Cleanup", Time since last: 16001163216 ns, Reaching safepoint: 150403 ns, At safepoint: 11300 ns, Total: 161703 ns
[2145.215s][info ][gc,start       ] GC(134) Pause Young (Allocation Failure)
[2145.219s][debug][gc,phases      ] GC(134) Scavenge 3.869ms
[2145.219s][debug][gc,ref         ] GC(134) Skipped phase 1 of Reference Processing: no references
[2145.219s][debug][gc,ref         ] GC(134) Skipped phase 3 of Reference Processing: no references
[2145.219s][debug][gc,phases      ] GC(134) Reference Processing 0.023ms
[2145.220s][debug][gc,phases      ] GC(134) Weak Processing 0.543ms
[2145.220s][debug][gc,age         ] GC(134) Desired survivor size 81264640 bytes, new threshold 15 (max threshold 15)
[2145.220s][info ][gc,heap        ] GC(134) PSYoungGen: 1941248K(2016768K)->2272K(2017792K) Eden: 1938432K(1938432K)->0K(1938432K) From: 2816K(78336K)->2272K(79360K)
[2145.220s][info ][gc,heap        ] GC(134) ParOldGen: 443416K(529408K)->444048K(529408K)
[2145.220s][info ][gc,metaspace   ] GC(134) Metaspace: 78358K(78976K)->78358K(78976K) NonClass: 67731K(68032K)->67731K(68032K) Class: 10627K(10944K)->10627K(10944K)
[2145.220s][info ][gc             ] GC(134) Pause Young (Allocation Failure) 2328M->435M(2487M) 4.571ms
[2145.220s][info ][gc,cpu         ] GC(134) User=0.01s Sys=0.00s Real=0.00s
[2145.220s][info ][safepoint      ] Safepoint "ParallelGCFailedAllocation", Time since last: 10292392451 ns, Reaching safepoint: 49600 ns, At safepoint: 4678777 ns, Total: 4728377 ns
[2177.222s][info ][safepoint      ] Safepoint "Cleanup", Time since last: 32002200034 ns, Reaching safepoint: 107401 ns, At safepoint: 12501 ns, Total: 119902 ns
[2177.417s][info ][gc,start       ] GC(135) Pause Young (Allocation Failure)
[2177.421s][debug][gc,phases      ] GC(135) Scavenge 3.576ms
[2177.421s][debug][gc,ref         ] GC(135) Skipped phase 1 of Reference Processing: no references
[2177.421s][debug][gc,ref         ] GC(135) Skipped phase 3 of Reference Processing: no references
[2177.421s][debug][gc,phases      ] GC(135) Reference Processing 0.025ms
[2177.422s][debug][gc,phases      ] GC(135) Weak Processing 0.524ms
[2177.422s][debug][gc,age         ] GC(135) Desired survivor size 80740352 bytes, new threshold 15 (max threshold 15)
[2177.422s][info ][gc,heap        ] GC(135) PSYoungGen: 1940704K(2017792K)->2176K(2018304K) Eden: 1938432K(1938432K)->0K(1938944K) From: 2272K(79360K)->2176K(79360K)
[2177.422s][info ][gc,heap        ] GC(135) ParOldGen: 444048K(529408K)->444080K(529408K)
[2177.422s][info ][gc,metaspace   ] GC(135) Metaspace: 78377K(78976K)->78377K(78976K) NonClass: 67750K(68032K)->67750K(68032K) Class: 10627K(10944K)->10627K(10944K)
[2177.422s][info ][gc             ] GC(135) Pause Young (Allocation Failure) 2328M->435M(2488M) 4.283ms
[2177.422s][info ][gc,cpu         ] GC(135) User=0.02s Sys=0.00s Real=0.01s
[2177.422s][info ][safepoint      ] Safepoint "ParallelGCFailedAllocation", Time since last: 195109087 ns, Reaching safepoint: 102002 ns, At safepoint: 4373471 ns, Total: 4475473 ns
[2178.422s][info ][safepoint      ] Safepoint "Cleanup", Time since last: 1000093339 ns, Reaching safepoint: 124902 ns, At safepoint: 6201 ns, Total: 131103 ns
[2179.422s][info ][safepoint      ] Safepoint "Cleanup", Time since last: 1000119239 ns, Reaching safepoint: 121902 ns, At safepoint: 8900 ns, Total: 130802 ns
[2182.423s][info ][safepoint      ] Safepoint "Cleanup", Time since last: 3000255617 ns, Reaching safepoint: 46400 ns, At safepoint: 2801 ns, Total: 49201 ns
[2184.423s][info ][safepoint      ] Safepoint "Cleanup", Time since last: 2000131777 ns, Reaching safepoint: 70101 ns, At safepoint: 3100 ns, Total: 73201 ns
[2186.423s][info ][safepoint      ] Safepoint "Cleanup", Time since last: 2000179778 ns, Reaching safepoint: 57501 ns, At safepoint: 7800 ns, Total: 65301 ns
[2187.423s][info ][safepoint      ] Safepoint "Cleanup", Time since last: 1000101339 ns, Reaching safepoint: 49901 ns, At safepoint: 3500 ns, Total: 53401 ns
[2188.423s][info ][safepoint      ] Safepoint "Cleanup", Time since last: 1000110239 ns, Reaching safepoint: 54401 ns, At safepoint: 9700 ns, Total: 64101 ns
[2189.423s][info ][safepoint      ] Safepoint "Cleanup", Time since last: 1000119440 ns, Reaching safepoint: 52400 ns, At safepoint: 5001 ns, Total: 57401 ns
[2192.424s][info ][safepoint      ] Safepoint "Cleanup", Time since last: 3000272917 ns, Reaching safepoint: 68301 ns, At safepoint: 14500 ns, Total: 82801 ns
[2193.424s][info ][safepoint      ] Safepoint "Cleanup", Time since last: 1000115039 ns, Reaching safepoint: 55601 ns, At safepoint: 14600 ns, Total: 70201 ns
[2194.799s][info ][safepoint      ] Safepoint "Cleanup", Time since last: 1374915163 ns, Reaching safepoint: 64101 ns, At safepoint: 10600 ns, Total: 74701 ns
[2197.786s][info ][safepoint      ] Safepoint "Cleanup", Time since last: 2986965300 ns, Reaching safepoint: 55701 ns, At safepoint: 12700 ns, Total: 68401 ns
[2199.623s][info ][safepoint      ] Safepoint "Cleanup", Time since last: 1837031513 ns, Reaching safepoint: 159802 ns, At safepoint: 10400 ns, Total: 170202 ns
[2200.623s][info ][safepoint      ] Safepoint "Cleanup", Time since last: 1000110940 ns, Reaching safepoint: 106901 ns, At safepoint: 15401 ns, Total: 122302 ns
[2201.624s][info ][safepoint      ] Safepoint "Cleanup", Time since last: 1000107439 ns, Reaching safepoint: 130102 ns, At safepoint: 21800 ns, Total: 151902 ns
[2203.624s][info ][safepoint      ] Safepoint "Cleanup", Time since last: 2000210079 ns, Reaching safepoint: 131502 ns, At safepoint: 16000 ns, Total: 147502 ns
[2207.625s][info ][safepoint      ] Safepoint "Cleanup", Time since last: 4000340856 ns, Reaching safepoint: 131002 ns, At safepoint: 10800 ns, Total: 141802 ns
[2207.667s][info ][gc,start       ] GC(136) Pause Young (Allocation Failure)
[2207.671s][debug][gc,phases      ] GC(136) Scavenge 3.905ms
[2207.671s][debug][gc,ref         ] GC(136) Skipped phase 1 of Reference Processing: no references
[2207.671s][debug][gc,ref         ] GC(136) Skipped phase 3 of Reference Processing: no references
[2207.671s][debug][gc,phases      ] GC(136) Reference Processing 0.036ms
[2207.672s][debug][gc,phases      ] GC(136) Weak Processing 0.510ms
[2207.672s][debug][gc,age         ] GC(136) Desired survivor size 79691776 bytes, new threshold 15 (max threshold 15)
[2207.672s][info ][gc,heap        ] GC(136) PSYoungGen: 1941120K(2018304K)->1536K(2017792K) Eden: 1938944K(1938944K)->0K(1938944K) From: 2176K(79360K)->1536K(78848K)
[2207.672s][info ][gc,heap        ] GC(136) ParOldGen: 444080K(529408K)->444841K(529408K)
[2207.672s][info ][gc,metaspace   ] GC(136) Metaspace: 78450K(79040K)->78450K(79040K) NonClass: 67807K(68096K)->67807K(68096K) Class: 10642K(10944K)->10642K(10944K)
[2207.672s][info ][gc             ] GC(136) Pause Young (Allocation Failure) 2329M->435M(2487M) 4.591ms
[2207.672s][info ][gc,cpu         ] GC(136) User=0.01s Sys=0.00s Real=0.01s
[2207.672s][info ][safepoint      ] Safepoint "ParallelGCFailedAllocation", Time since last: 42634497 ns, Reaching safepoint: 24700 ns, At safepoint: 4678977 ns, Total: 4703677 ns
[2209.672s][info ][safepoint      ] Safepoint "Cleanup", Time since last: 2000155577 ns, Reaching safepoint: 124002 ns, At safepoint: 10200 ns, Total: 134202 ns
[2212.673s][info ][safepoint      ] Safepoint "Cleanup", Time since last: 3000246217 ns, Reaching safepoint: 119102 ns, At safepoint: 9600 ns, Total: 128702 ns
[2217.673s][info ][safepoint      ] Safepoint "Cleanup", Time since last: 5000368994 ns, Reaching safepoint: 72701 ns, At safepoint: 2600 ns, Total: 75301 ns
[2220.673s][info ][safepoint      ] Safepoint "Cleanup", Time since last: 3000237417 ns, Reaching safepoint: 73601 ns, At safepoint: 24700 ns, Total: 98301 ns
[2231.674s][info ][safepoint      ] Safepoint "Cleanup", Time since last: 11000775426 ns, Reaching safepoint: 47501 ns, At safepoint: 7100 ns, Total: 54601 ns
[2233.674s][info ][safepoint      ] Safepoint "Cleanup", Time since last: 2000172978 ns, Reaching safepoint: 98502 ns, At safepoint: 2800 ns, Total: 101302 ns
[2234.675s][info ][safepoint      ] Safepoint "Cleanup", Time since last: 1000109639 ns, Reaching safepoint: 44101 ns, At safepoint: 8200 ns, Total: 52301 ns
[2235.675s][info ][safepoint      ] Safepoint "Cleanup", Time since last: 1000101839 ns, Reaching safepoint: 48601 ns, At safepoint: 5600 ns, Total: 54201 ns
[2236.620s][info ][gc,start       ] GC(137) Pause Young (Allocation Failure)
[2236.626s][debug][gc,phases      ] GC(137) Scavenge 5.568ms
[2236.626s][debug][gc,ref         ] GC(137) Skipped phase 1 of Reference Processing: no references
[2236.626s][debug][gc,ref         ] GC(137) Skipped phase 3 of Reference Processing: no references
[2236.626s][debug][gc,phases      ] GC(137) Reference Processing 0.025ms
[2236.627s][debug][gc,phases      ] GC(137) Weak Processing 0.565ms
[2236.627s][debug][gc,age         ] GC(137) Desired survivor size 74448896 bytes, new threshold 15 (max threshold 15)
[2236.627s][info ][gc,heap        ] GC(137) PSYoungGen: 1940480K(2017792K)->19240K(2024448K) Eden: 1938944K(1938944K)->0K(1946624K) From: 1536K(78848K)->19240K(77824K)
[2236.627s][info ][gc,heap        ] GC(137) ParOldGen: 444841K(529408K)->444857K(529408K)
[2236.627s][info ][gc,metaspace   ] GC(137) Metaspace: 78475K(79168K)->78475K(79168K) NonClass: 67833K(68224K)->67833K(68224K) Class: 10642K(10944K)->10642K(10944K)
[2236.627s][info ][gc             ] GC(137) Pause Young (Allocation Failure) 2329M->453M(2494M) 6.289ms
[2236.627s][info ][gc,cpu         ] GC(137) User=0.01s Sys=0.01s Real=0.01s
[2236.627s][info ][safepoint      ] Safepoint "ParallelGCFailedAllocation", Time since last: 945492447 ns, Reaching safepoint: 30601 ns, At safepoint: 6368104 ns, Total: 6398705 ns
[2237.627s][info ][safepoint      ] Safepoint "Cleanup", Time since last: 1000089439 ns, Reaching safepoint: 49801 ns, At safepoint: 2900 ns, Total: 52701 ns
[2238.627s][info ][safepoint      ] Safepoint "Cleanup", Time since last: 1000114039 ns, Reaching safepoint: 56801 ns, At safepoint: 8800 ns, Total: 65601 ns
[2245.628s][info ][safepoint      ] Safepoint "Cleanup", Time since last: 7000484972 ns, Reaching safepoint: 72001 ns, At safepoint: 11200 ns, Total: 83201 ns
[2248.628s][info ][safepoint      ] Safepoint "Cleanup", Time since last: 3000229916 ns, Reaching safepoint: 43601 ns, At safepoint: 2800 ns, Total: 46401 ns
[2249.628s][info ][safepoint      ] Safepoint "Cleanup", Time since last: 1000112940 ns, Reaching safepoint: 47500 ns, At safepoint: 6001 ns, Total: 53501 ns
[2251.628s][info ][safepoint      ] Safepoint "Cleanup", Time since last: 2000146177 ns, Reaching safepoint: 43901 ns, At safepoint: 3600 ns, Total: 47501 ns
[2262.629s][info ][safepoint      ] Safepoint "Cleanup", Time since last: 11000670625 ns, Reaching safepoint: 49801 ns, At safepoint: 10200 ns, Total: 60001 ns
[2270.767s][info ][gc,start       ] GC(138) Pause Young (Allocation Failure)
[2270.773s][debug][gc,phases      ] GC(138) Scavenge 5.835ms
[2270.773s][debug][gc,ref         ] GC(138) Skipped phase 1 of Reference Processing: no references
[2270.773s][debug][gc,phases      ] GC(138) Reference Processing 0.048ms
[2270.774s][debug][gc,phases      ] GC(138) Weak Processing 0.530ms
[2270.774s][debug][gc,age         ] GC(138) Desired survivor size 70254592 bytes, new threshold 15 (max threshold 15)
[2270.774s][info ][gc,heap        ] GC(138) PSYoungGen: 1965864K(2024448K)->18800K(2019328K) Eden: 1946624K(1946624K)->0K(1946624K) From: 19240K(77824K)->18800K(72704K)
[2270.774s][info ][gc,heap        ] GC(138) ParOldGen: 444857K(529408K)->444881K(529408K)
[2270.774s][info ][gc,metaspace   ] GC(138) Metaspace: 78476K(79168K)->78476K(79168K) NonClass: 67833K(68224K)->67833K(68224K) Class: 10642K(10944K)->10642K(10944K)
[2270.774s][info ][gc             ] GC(138) Pause Young (Allocation Failure) 2354M->452M(2489M) 6.547ms
[2270.774s][info ][gc,cpu         ] GC(138) User=0.02s Sys=0.00s Real=0.01s
[2270.774s][info ][safepoint      ] Safepoint "ParallelGCFailedAllocation", Time since last: 8138228159 ns, Reaching safepoint: 123302 ns, At safepoint: 6632209 ns, Total: 6755511 ns
[2287.775s][info ][safepoint      ] Safepoint "Cleanup", Time since last: 17001057457 ns, Reaching safepoint: 64802 ns, At safepoint: 5400 ns, Total: 70202 ns
[2290.775s][info ][safepoint      ] Safepoint "Cleanup", Time since last: 3000246717 ns, Reaching safepoint: 62401 ns, At safepoint: 3100 ns, Total: 65501 ns
[2297.776s][info ][safepoint      ] Safepoint "Cleanup", Time since last: 7000523172 ns, Reaching safepoint: 49001 ns, At safepoint: 3100 ns, Total: 52101 ns
[2299.776s][info ][safepoint      ] Safepoint "Cleanup", Time since last: 2000170678 ns, Reaching safepoint: 40201 ns, At safepoint: 7200 ns, Total: 47401 ns
[2305.274s][info ][gc,start       ] GC(139) Pause Young (Allocation Failure)
[2305.280s][debug][gc,phases      ] GC(139) Scavenge 6.099ms
[2305.280s][debug][gc,ref         ] GC(139) Skipped phase 1 of Reference Processing: no references
[2305.280s][debug][gc,ref         ] GC(139) Skipped phase 3 of Reference Processing: no references
[2305.280s][debug][gc,phases      ] GC(139) Reference Processing 0.025ms
[2305.281s][debug][gc,phases      ] GC(139) Weak Processing 0.549ms
[2305.281s][debug][gc,age         ] GC(139) Desired survivor size 66060288 bytes, new threshold 15 (max threshold 15)
[2305.281s][info ][gc,heap        ] GC(139) PSYoungGen: 1965424K(2019328K)->18880K(2032640K) Eden: 1946624K(1946624K)->0K(1964032K) From: 18800K(72704K)->18880K(68608K)
[2305.281s][info ][gc,heap        ] GC(139) ParOldGen: 444881K(529408K)->444913K(529408K)
[2305.281s][info ][gc,metaspace   ] GC(139) Metaspace: 78485K(79168K)->78485K(79168K) NonClass: 67842K(68224K)->67842K(68224K) Class: 10642K(10944K)->10642K(10944K)
[2305.281s][info ][gc             ] GC(139) Pause Young (Allocation Failure) 2353M->452M(2502M) 6.804ms
[2305.281s][info ][gc,cpu         ] GC(139) User=0.02s Sys=0.00s Real=0.00s
[2305.281s][info ][safepoint      ] Safepoint "ParallelGCFailedAllocation", Time since last: 5497609718 ns, Reaching safepoint: 121602 ns, At safepoint: 6888813 ns, Total: 7010415 ns
[2319.282s][info ][safepoint      ] Safepoint "Cleanup", Time since last: 14000844842 ns, Reaching safepoint: 74101 ns, At safepoint: 5800 ns, Total: 79901 ns
[2336.283s][info ][safepoint      ] Safepoint "Cleanup", Time since last: 17001110660 ns, Reaching safepoint: 54601 ns, At safepoint: 8700 ns, Total: 63301 ns
[2341.267s][info ][gc,start       ] GC(140) Pause Young (Allocation Failure)
[2341.273s][debug][gc,phases      ] GC(140) Scavenge 5.747ms
[2341.273s][debug][gc,ref         ] GC(140) Skipped phase 1 of Reference Processing: no references
[2341.273s][debug][gc,ref         ] GC(140) Skipped phase 3 of Reference Processing: no references
[2341.273s][debug][gc,phases      ] GC(140) Reference Processing 0.023ms
[2341.274s][debug][gc,phases      ] GC(140) Weak Processing 0.543ms
[2341.274s][debug][gc,age         ] GC(140) Desired survivor size 62390272 bytes, new threshold 15 (max threshold 15)
[2341.274s][info ][gc,heap        ] GC(140) PSYoungGen: 1982912K(2032640K)->18880K(2028544K) Eden: 1964032K(1964032K)->0K(1964032K) From: 18880K(68608K)->18880K(64512K)
[2341.274s][info ][gc,heap        ] GC(140) ParOldGen: 444913K(529408K)->444945K(529408K)
[2341.274s][info ][gc,metaspace   ] GC(140) Metaspace: 78489K(79168K)->78489K(79168K) NonClass: 67846K(68224K)->67846K(68224K) Class: 10642K(10944K)->10642K(10944K)
[2341.274s][info ][gc             ] GC(140) Pause Young (Allocation Failure) 2370M->452M(2498M) 6.453ms
[2341.274s][info ][gc,cpu         ] GC(140) User=0.02s Sys=0.00s Real=0.01s
[2341.274s][info ][safepoint      ] Safepoint "ParallelGCFailedAllocation", Time since last: 4984385934 ns, Reaching safepoint: 66401 ns, At safepoint: 6536107 ns, Total: 6602508 ns
[2380.772s][info ][gc,start       ] GC(141) Pause Young (Allocation Failure)
[2380.778s][debug][gc,phases      ] GC(141) Scavenge 5.556ms
[2380.778s][debug][gc,ref         ] GC(141) Skipped phase 1 of Reference Processing: no references
[2380.778s][debug][gc,ref         ] GC(141) Skipped phase 3 of Reference Processing: no references
[2380.778s][debug][gc,phases      ] GC(141) Reference Processing 0.023ms
[2380.778s][debug][gc,phases      ] GC(141) Weak Processing 0.502ms
[2380.778s][debug][gc,age         ] GC(141) Desired survivor size 58720256 bytes, new threshold 15 (max threshold 15)
[2380.778s][info ][gc,heap        ] GC(141) PSYoungGen: 1982912K(2028544K)->19056K(2039808K) Eden: 1964032K(1964032K)->0K(1978880K) From: 18880K(64512K)->19056K(60928K)
[2380.778s][info ][gc,heap        ] GC(141) ParOldGen: 444945K(529408K)->444969K(529408K)
[2380.778s][info ][gc,metaspace   ] GC(141) Metaspace: 78489K(79168K)->78489K(79168K) NonClass: 67846K(68224K)->67846K(68224K) Class: 10642K(10944K)->10642K(10944K)
[2380.778s][info ][gc             ] GC(141) Pause Young (Allocation Failure) 2370M->453M(2509M) 6.204ms
[2380.778s][info ][gc,cpu         ] GC(141) User=0.03s Sys=0.00s Real=0.00s
[2380.778s][info ][safepoint      ] Safepoint "ParallelGCFailedAllocation", Time since last: 39498012011 ns, Reaching safepoint: 75601 ns, At safepoint: 6286903 ns, Total: 6362504 ns
[2383.778s][info ][safepoint      ] Safepoint "Cleanup", Time since last: 3000185717 ns, Reaching safepoint: 45700 ns, At safepoint: 3200 ns, Total: 48900 ns
[2417.781s][info ][safepoint      ] Safepoint "Cleanup", Time since last: 34002086122 ns, Reaching safepoint: 72101 ns, At safepoint: 6100 ns, Total: 78201 ns
[2418.781s][info ][safepoint      ] Safepoint "Cleanup", Time since last: 1000086940 ns, Reaching safepoint: 56300 ns, At safepoint: 5801 ns, Total: 62101 ns
[2419.067s][info ][gc,start       ] GC(142) Pause Young (Allocation Failure)
[2419.072s][debug][gc,phases      ] GC(142) Scavenge 5.090ms
[2419.072s][debug][gc,ref         ] GC(142) Skipped phase 1 of Reference Processing: no references
[2419.073s][debug][gc,ref         ] GC(142) Skipped phase 3 of Reference Processing: no references
[2419.073s][debug][gc,phases      ] GC(142) Reference Processing 0.024ms
[2419.073s][debug][gc,phases      ] GC(142) Weak Processing 0.546ms
[2419.073s][debug][gc,age         ] GC(142) Desired survivor size 55574528 bytes, new threshold 15 (max threshold 15)
[2419.073s][info ][gc,heap        ] GC(142) PSYoungGen: 1997936K(2039808K)->19072K(2036224K) Eden: 1978880K(1978880K)->0K(1978880K) From: 19056K(60928K)->19072K(57344K)
[2419.073s][info ][gc,heap        ] GC(142) ParOldGen: 444969K(529408K)->444993K(529408K)
[2419.073s][info ][gc,metaspace   ] GC(142) Metaspace: 78491K(79168K)->78491K(79168K) NonClass: 67848K(68224K)->67848K(68224K) Class: 10642K(10944K)->10642K(10944K)
[2419.073s][info ][gc             ] GC(142) Pause Young (Allocation Failure) 2385M->453M(2505M) 5.805ms
[2419.073s][info ][gc,cpu         ] GC(142) User=0.02s Sys=0.00s Real=0.01s
[2419.073s][info ][safepoint      ] Safepoint "ParallelGCFailedAllocation", Time since last: 286424879 ns, Reaching safepoint: 35401 ns, At safepoint: 5922096 ns, Total: 5957497 ns
[2435.074s][info ][safepoint      ] Safepoint "Cleanup", Time since last: 16001068824 ns, Reaching safepoint: 74902 ns, At safepoint: 6300 ns, Total: 81202 ns
[2452.076s][info ][safepoint      ] Safepoint "Cleanup", Time since last: 17001028461 ns, Reaching safepoint: 125402 ns, At safepoint: 31501 ns, Total: 156903 ns
[2454.167s][info ][gc,start       ] GC(143) Pause Young (Allocation Failure)
[2454.173s][debug][gc,phases      ] GC(143) Scavenge 5.669ms
[2454.173s][debug][gc,ref         ] GC(143) Skipped phase 1 of Reference Processing: no references
[2454.173s][debug][gc,ref         ] GC(143) Skipped phase 3 of Reference Processing: no references
[2454.173s][debug][gc,phases      ] GC(143) Reference Processing 0.025ms
[2454.174s][debug][gc,phases      ] GC(143) Weak Processing 0.562ms
[2454.174s][debug][gc,age         ] GC(143) Desired survivor size 52428800 bytes, new threshold 15 (max threshold 15)
[2454.174s][info ][gc,heap        ] GC(143) PSYoungGen: 1997952K(2036224K)->21328K(2045952K) Eden: 1978880K(1978880K)->0K(1991680K) From: 19072K(57344K)->21328K(54272K)
[2454.174s][info ][gc,heap        ] GC(143) ParOldGen: 444993K(529408K)->445353K(529408K)
[2454.174s][info ][gc,metaspace   ] GC(143) Metaspace: 78498K(79168K)->78498K(79168K) NonClass: 67856K(68224K)->67856K(68224K) Class: 10642K(10944K)->10642K(10944K)
[2454.174s][info ][gc             ] GC(143) Pause Young (Allocation Failure) 2385M->455M(2515M) 6.392ms
[2454.174s][info ][gc,cpu         ] GC(143) User=0.02s Sys=0.00s Real=0.01s
[2454.174s][info ][safepoint      ] Safepoint "ParallelGCFailedAllocation", Time since last: 2091721774 ns, Reaching safepoint: 114402 ns, At safepoint: 6476906 ns, Total: 6591308 ns
[2457.174s][info ][safepoint      ] Safepoint "Cleanup", Time since last: 3000218917 ns, Reaching safepoint: 40001 ns, At safepoint: 3300 ns, Total: 43301 ns
[2470.175s][info ][safepoint      ] Safepoint "Cleanup", Time since last: 13000788906 ns, Reaching safepoint: 83902 ns, At safepoint: 8400 ns, Total: 92302 ns
[2478.176s][info ][safepoint      ] Safepoint "Cleanup", Time since last: 8000556313 ns, Reaching safepoint: 39500 ns, At safepoint: 3100 ns, Total: 42600 ns
[2482.176s][info ][safepoint      ] Safepoint "Cleanup", Time since last: 4000307857 ns, Reaching safepoint: 51301 ns, At safepoint: 8600 ns, Total: 59901 ns
[2483.176s][info ][safepoint      ] Safepoint "Cleanup", Time since last: 1000108140 ns, Reaching safepoint: 47101 ns, At safepoint: 3800 ns, Total: 50901 ns
[2484.176s][info ][safepoint      ] Safepoint "Cleanup", Time since last: 1000119840 ns, Reaching safepoint: 38400 ns, At safepoint: 2601 ns, Total: 41001 ns
[2485.176s][info ][safepoint      ] Safepoint "Cleanup", Time since last: 1000104239 ns, Reaching safepoint: 45701 ns, At safepoint: 5500 ns, Total: 51201 ns
[2485.262s][info ][gc,start       ] GC(144) Pause Young (Allocation Failure)
[2485.267s][debug][gc,phases      ] GC(144) Scavenge 5.447ms
[2485.268s][debug][gc,ref         ] GC(144) Skipped phase 1 of Reference Processing: no references
[2485.268s][debug][gc,ref         ] GC(144) Skipped phase 3 of Reference Processing: no references
[2485.268s][debug][gc,phases      ] GC(144) Reference Processing 0.024ms
[2485.268s][debug][gc,phases      ] GC(144) Weak Processing 0.551ms
[2485.268s][debug][gc,age         ] GC(144) Desired survivor size 49283072 bytes, new threshold 15 (max threshold 15)
[2485.268s][info ][gc,heap        ] GC(144) PSYoungGen: 2013008K(2045952K)->21072K(2042880K) Eden: 1991680K(1991680K)->0K(1991680K) From: 21328K(54272K)->21072K(51200K)
[2485.268s][info ][gc,heap        ] GC(144) ParOldGen: 445353K(529408K)->445385K(529408K)
[2485.268s][info ][gc,metaspace   ] GC(144) Metaspace: 78505K(79168K)->78505K(79168K) NonClass: 67862K(68224K)->67862K(68224K) Class: 10643K(10944K)->10643K(10944K)
[2485.268s][info ][gc             ] GC(144) Pause Young (Allocation Failure) 2400M->455M(2512M) 6.153ms
[2485.268s][info ][gc,cpu         ] GC(144) User=0.02s Sys=0.00s Real=0.00s
[2485.268s][info ][safepoint      ] Safepoint "ParallelGCFailedAllocation", Time since last: 85517597 ns, Reaching safepoint: 36501 ns, At safepoint: 6254002 ns, Total: 6290503 ns
[2506.270s][info ][safepoint      ] Safepoint "Cleanup", Time since last: 21001388621 ns, Reaching safepoint: 114801 ns, At safepoint: 10801 ns, Total: 125602 ns
[2516.271s][info ][safepoint      ] Safepoint "Cleanup", Time since last: 10000652490 ns, Reaching safepoint: 122402 ns, At safepoint: 10101 ns, Total: 132503 ns
[2516.468s][info ][gc,start       ] GC(145) Pause Young (Allocation Failure)
[2516.474s][debug][gc,phases      ] GC(145) Scavenge 6.090ms
[2516.474s][debug][gc,ref         ] GC(145) Skipped phase 1 of Reference Processing: no references
[2516.474s][debug][gc,ref         ] GC(145) Skipped phase 3 of Reference Processing: no references
[2516.474s][debug][gc,phases      ] GC(145) Reference Processing 0.023ms
[2516.475s][debug][gc,phases      ] GC(145) Weak Processing 0.550ms
[2516.475s][debug][gc,age         ] GC(145) Desired survivor size 46661632 bytes, new threshold 15 (max threshold 15)
[2516.475s][info ][gc,heap        ] GC(145) PSYoungGen: 2012752K(2042880K)->20496K(2051584K) Eden: 1991680K(1991680K)->0K(2003456K) From: 21072K(51200K)->20496K(48128K)
[2516.475s][info ][gc,heap        ] GC(145) ParOldGen: 445385K(529408K)->445417K(529408K)
[2516.475s][info ][gc,metaspace   ] GC(145) Metaspace: 78516K(79168K)->78516K(79168K) NonClass: 67873K(68224K)->67873K(68224K) Class: 10643K(10944K)->10643K(10944K)
[2516.475s][info ][gc             ] GC(145) Pause Young (Allocation Failure) 2400M->454M(2520M) 6.801ms
[2516.475s][info ][gc,cpu         ] GC(145) User=0.02s Sys=0.00s Real=0.01s
[2516.475s][info ][safepoint      ] Safepoint "ParallelGCFailedAllocation", Time since last: 197392625 ns, Reaching safepoint: 30000 ns, At safepoint: 6892713 ns, Total: 6922713 ns
[2518.475s][info ][safepoint      ] Safepoint "Cleanup", Time since last: 2000149778 ns, Reaching safepoint: 47901 ns, At safepoint: 2800 ns, Total: 50701 ns
[2519.475s][info ][safepoint      ] Safepoint "Cleanup", Time since last: 1000102740 ns, Reaching safepoint: 54801 ns, At safepoint: 8700 ns, Total: 63501 ns
[2521.475s][info ][safepoint      ] Safepoint "Cleanup", Time since last: 2000187279 ns, Reaching safepoint: 65601 ns, At safepoint: 5600 ns, Total: 71201 ns
[2523.476s][info ][safepoint      ] Safepoint "Cleanup", Time since last: 2000167579 ns, Reaching safepoint: 64401 ns, At safepoint: 7700 ns, Total: 72101 ns
[2547.617s][info ][gc,start       ] GC(146) Pause Young (Allocation Failure)
[2547.623s][debug][gc,phases      ] GC(146) Scavenge 5.923ms
[2547.623s][debug][gc,ref         ] GC(146) Skipped phase 1 of Reference Processing: no references
[2547.623s][debug][gc,ref         ] GC(146) Skipped phase 3 of Reference Processing: no references
[2547.623s][debug][gc,phases      ] GC(146) Reference Processing 0.023ms
[2547.624s][debug][gc,phases      ] GC(146) Weak Processing 0.524ms
[2547.624s][debug][gc,age         ] GC(146) Desired survivor size 44564480 bytes, new threshold 15 (max threshold 15)
[2547.624s][info ][gc,heap        ] GC(146) PSYoungGen: 2023952K(2051584K)->20240K(2049024K) Eden: 2003456K(2003456K)->0K(2003456K) From: 20496K(48128K)->20240K(45568K)
[2547.624s][info ][gc,heap        ] GC(146) ParOldGen: 445417K(529408K)->445489K(529408K)
[2547.624s][info ][gc,metaspace   ] GC(146) Metaspace: 78518K(79168K)->78518K(79168K) NonClass: 67875K(68224K)->67875K(68224K) Class: 10643K(10944K)->10643K(10944K)
[2547.624s][info ][gc             ] GC(146) Pause Young (Allocation Failure) 2411M->454M(2518M) 6.604ms
[2547.624s][info ][gc,cpu         ] GC(146) User=0.03s Sys=0.00s Real=0.01s
[2547.624s][info ][safepoint      ] Safepoint "ParallelGCFailedAllocation", Time since last: 24141421723 ns, Reaching safepoint: 115102 ns, At safepoint: 6688910 ns, Total: 6804012 ns
[2556.625s][info ][safepoint      ] Safepoint "Cleanup", Time since last: 9000819955 ns, Reaching safepoint: 110002 ns, At safepoint: 13300 ns, Total: 123302 ns
[2559.625s][info ][safepoint      ] Safepoint "Cleanup", Time since last: 3000228218 ns, Reaching safepoint: 51301 ns, At safepoint: 11200 ns, Total: 62501 ns
[2561.625s][info ][safepoint      ] Safepoint "Cleanup", Time since last: 2000208780 ns, Reaching safepoint: 121302 ns, At safepoint: 7200 ns, Total: 128502 ns
[2563.626s][info ][safepoint      ] Safepoint "Cleanup", Time since last: 2000177779 ns, Reaching safepoint: 48701 ns, At safepoint: 3000 ns, Total: 51701 ns
[2580.862s][info ][gc,start       ] GC(147) Pause Young (Allocation Failure)
[2580.868s][debug][gc,phases      ] GC(147) Scavenge 5.531ms
[2580.868s][debug][gc,ref         ] GC(147) Skipped phase 1 of Reference Processing: no references
[2580.868s][debug][gc,ref         ] GC(147) Skipped phase 3 of Reference Processing: no references
[2580.868s][debug][gc,phases      ] GC(147) Reference Processing 0.023ms
[2580.868s][debug][gc,phases      ] GC(147) Weak Processing 0.535ms
[2580.868s][debug][gc,age         ] GC(147) Desired survivor size 42467328 bytes, new threshold 15 (max threshold 15)
[2580.868s][info ][gc,heap        ] GC(147) PSYoungGen: 2023696K(2049024K)->20336K(2055680K) Eden: 2003456K(2003456K)->0K(2012160K) From: 20240K(45568K)->20336K(43520K)
[2580.868s][info ][gc,heap        ] GC(147) ParOldGen: 445489K(529408K)->445549K(529408K)
[2580.868s][info ][gc,metaspace   ] GC(147) Metaspace: 78519K(79168K)->78519K(79168K) NonClass: 67876K(68224K)->67876K(68224K) Class: 10643K(10944K)->10643K(10944K)
[2580.868s][info ][gc             ] GC(147) Pause Young (Allocation Failure) 2411M->454M(2524M) 6.232ms
[2580.868s][info ][gc,cpu         ] GC(147) User=0.02s Sys=0.00s Real=0.00s
[2580.869s][info ][safepoint      ] Safepoint "ParallelGCFailedAllocation", Time since last: 17236401910 ns, Reaching safepoint: 91001 ns, At safepoint: 6315503 ns, Total: 6406504 ns
[2596.870s][info ][safepoint      ] Safepoint "Cleanup", Time since last: 16001162373 ns, Reaching safepoint: 140603 ns, At safepoint: 26601 ns, Total: 167204 ns
[2606.871s][info ][safepoint      ] Safepoint "Cleanup", Time since last: 10000677730 ns, Reaching safepoint: 148103 ns, At safepoint: 18500 ns, Total: 166603 ns
[2608.871s][info ][safepoint      ] Safepoint "Cleanup", Time since last: 2000174990 ns, Reaching safepoint: 97502 ns, At safepoint: 18500 ns, Total: 116002 ns
[2618.018s][info ][gc,start       ] GC(148) Pause Young (Allocation Failure)
[2618.024s][debug][gc,phases      ] GC(148) Scavenge 6.673ms
[2618.024s][debug][gc,ref         ] GC(148) Skipped phase 1 of Reference Processing: no references
[2618.024s][debug][gc,ref         ] GC(148) Skipped phase 3 of Reference Processing: no references
[2618.024s][debug][gc,phases      ] GC(148) Reference Processing 0.031ms
[2618.025s][debug][gc,phases      ] GC(148) Weak Processing 0.689ms
[2618.025s][debug][gc,age         ] GC(148) Desired survivor size 40370176 bytes, new threshold 15 (max threshold 15)
[2618.025s][info ][gc,heap        ] GC(148) PSYoungGen: 2032496K(2055680K)->20224K(2053632K) Eden: 2012160K(2012160K)->0K(2012160K) From: 20336K(43520K)->20224K(41472K)
[2618.025s][info ][gc,heap        ] GC(148) ParOldGen: 445549K(529408K)->445645K(529408K)
[2618.025s][info ][gc,metaspace   ] GC(148) Metaspace: 78519K(79168K)->78519K(79168K) NonClass: 67876K(68224K)->67876K(68224K) Class: 10643K(10944K)->10643K(10944K)
[2618.025s][info ][gc             ] GC(148) Pause Young (Allocation Failure) 2419M->454M(2522M) 7.544ms
[2618.025s][info ][gc,cpu         ] GC(148) User=0.02s Sys=0.00s Real=0.01s
[2618.025s][info ][safepoint      ] Safepoint "ParallelGCFailedAllocation", Time since last: 9146490015 ns, Reaching safepoint: 42101 ns, At safepoint: 7637138 ns, Total: 7679239 ns
[2634.026s][info ][safepoint      ] Safepoint "Cleanup", Time since last: 16001092854 ns, Reaching safepoint: 71801 ns, At safepoint: 4801 ns, Total: 76602 ns
[2658.217s][info ][gc,start       ] GC(149) Pause Young (Allocation Failure)
[2658.225s][debug][gc,phases      ] GC(149) Scavenge 7.127ms
[2658.225s][debug][gc,ref         ] GC(149) Skipped phase 1 of Reference Processing: no references
[2658.225s][debug][gc,ref         ] GC(149) Skipped phase 3 of Reference Processing: no references
[2658.225s][debug][gc,phases      ] GC(149) Reference Processing 0.058ms
[2658.225s][debug][gc,phases      ] GC(149) Weak Processing 0.627ms
[2658.225s][debug][gc,age         ] GC(149) Desired survivor size 38273024 bytes, new threshold 15 (max threshold 15)
[2658.225s][info ][gc,heap        ] GC(149) PSYoungGen: 2032384K(2053632K)->20432K(2059776K) Eden: 2012160K(2012160K)->0K(2020352K) From: 20224K(41472K)->20432K(39424K)
[2658.225s][info ][gc,heap        ] GC(149) ParOldGen: 445645K(529408K)->445693K(529408K)
[2658.225s][info ][gc,metaspace   ] GC(149) Metaspace: 78519K(79168K)->78519K(79168K) NonClass: 67876K(68224K)->67876K(68224K) Class: 10643K(10944K)->10643K(10944K)
[2658.225s][info ][gc             ] GC(149) Pause Young (Allocation Failure) 2419M->455M(2528M) 7.951ms
[2658.225s][info ][gc,cpu         ] GC(149) User=0.03s Sys=0.00s Real=0.01s
[2658.225s][info ][safepoint      ] Safepoint "ParallelGCFailedAllocation", Time since last: 24191008833 ns, Reaching safepoint: 116802 ns, At safepoint: 8036444 ns, Total: 8153246 ns
[2665.226s][info ][safepoint      ] Safepoint "Cleanup", Time since last: 7000653890 ns, Reaching safepoint: 84402 ns, At safepoint: 3600 ns, Total: 88002 ns
[2666.226s][info ][safepoint      ] Safepoint "Cleanup", Time since last: 1000105419 ns, Reaching safepoint: 32301 ns, At safepoint: 2800 ns, Total: 35101 ns
[2668.228s][info ][safepoint      ] Safepoint "Cleanup", Time since last: 2001679858 ns, Reaching safepoint: 131903 ns, At safepoint: 5700 ns, Total: 137603 ns
[2699.121s][info ][gc,start       ] GC(150) Pause Young (Allocation Failure)
[2699.128s][debug][gc,phases      ] GC(150) Scavenge 6.842ms
[2699.128s][debug][gc,ref         ] GC(150) Skipped phase 1 of Reference Processing: no references
[2699.128s][debug][gc,ref         ] GC(150) Skipped phase 3 of Reference Processing: no references
[2699.128s][debug][gc,phases      ] GC(150) Reference Processing 0.023ms
[2699.129s][debug][gc,phases      ] GC(150) Weak Processing 0.559ms
[2699.129s][debug][gc,age         ] GC(150) Desired survivor size 36700160 bytes, new threshold 15 (max threshold 15)
[2699.129s][info ][gc,heap        ] GC(150) PSYoungGen: 2040784K(2059776K)->20336K(2057728K) Eden: 2020352K(2020352K)->0K(2020352K) From: 20432K(39424K)->20336K(37376K)
[2699.129s][info ][gc,heap        ] GC(150) ParOldGen: 445693K(529408K)->445725K(529408K)
[2699.129s][info ][gc,metaspace   ] GC(150) Metaspace: 78519K(79168K)->78519K(79168K) NonClass: 67876K(68224K)->67876K(68224K) Class: 10643K(10944K)->10643K(10944K)
[2699.129s][info ][gc             ] GC(150) Pause Young (Allocation Failure) 2428M->455M(2526M) 7.555ms
[2699.129s][info ][gc,cpu         ] GC(150) User=0.03s Sys=0.00s Real=0.01s
[2699.129s][info ][safepoint      ] Safepoint "ParallelGCFailedAllocation", Time since last: 30892946401 ns, Reaching safepoint: 29401 ns, At safepoint: 7690437 ns, Total: 7719838 ns
[2718.130s][info ][safepoint      ] Safepoint "Cleanup", Time since last: 19001304745 ns, Reaching safepoint: 113202 ns, At safepoint: 11100 ns, Total: 124302 ns
[2732.131s][info ][safepoint      ] Safepoint "Cleanup", Time since last: 14000910745 ns, Reaching safepoint: 166603 ns, At safepoint: 8300 ns, Total: 174903 ns
[2734.132s][info ][safepoint      ] Safepoint "Cleanup", Time since last: 2000175878 ns, Reaching safepoint: 50001 ns, At safepoint: 6200 ns, Total: 56201 ns
[2734.280s][info ][gc,start       ] GC(151) Pause Young (Allocation Failure)
[2734.286s][debug][gc,phases      ] GC(151) Scavenge 5.971ms
[2734.286s][debug][gc,ref         ] GC(151) Skipped phase 1 of Reference Processing: no references
[2734.286s][debug][gc,ref         ] GC(151) Skipped phase 3 of Reference Processing: no references
[2734.286s][debug][gc,phases      ] GC(151) Reference Processing 0.024ms
[2734.287s][debug][gc,phases      ] GC(151) Weak Processing 0.549ms
[2734.287s][debug][gc,age         ] GC(151) Desired survivor size 35651584 bytes, new threshold 15 (max threshold 15)
[2734.287s][info ][gc,heap        ] GC(151) PSYoungGen: 2040688K(2057728K)->20336K(2062336K) Eden: 2020352K(2020352K)->0K(2026496K) From: 20336K(37376K)->20336K(35840K)
[2734.287s][info ][gc,heap        ] GC(151) ParOldGen: 445725K(529408K)->445829K(529408K)
[2734.287s][info ][gc,metaspace   ] GC(151) Metaspace: 78522K(79168K)->78522K(79168K) NonClass: 67879K(68224K)->67879K(68224K) Class: 10643K(10944K)->10643K(10944K)
[2734.287s][info ][gc             ] GC(151) Pause Young (Allocation Failure) 2428M->455M(2531M) 6.715ms
[2734.287s][info ][gc,cpu         ] GC(151) User=0.02s Sys=0.00s Real=0.01s
[2734.287s][info ][safepoint      ] Safepoint "ParallelGCFailedAllocation", Time since last: 148228736 ns, Reaching safepoint: 99902 ns, At safepoint: 6799421 ns, Total: 6899323 ns
[2735.287s][info ][safepoint      ] Safepoint "Cleanup", Time since last: 1000081186 ns, Reaching safepoint: 43000 ns, At safepoint: 3601 ns, Total: 46601 ns
[2738.287s][info ][safepoint      ] Safepoint "Cleanup", Time since last: 3000192646 ns, Reaching safepoint: 61601 ns, At safepoint: 4000 ns, Total: 65601 ns
[2764.879s][info ][gc,start       ] GC(152) Pause Young (Allocation Failure)
[2764.886s][debug][gc,phases      ] GC(152) Scavenge 6.214ms
[2764.886s][debug][gc,ref         ] GC(152) Skipped phase 1 of Reference Processing: no references
[2764.886s][debug][gc,ref         ] GC(152) Skipped phase 3 of Reference Processing: no references
[2764.886s][debug][gc,phases      ] GC(152) Reference Processing 0.024ms
[2764.886s][debug][gc,phases      ] GC(152) Weak Processing 0.580ms
[2764.886s][debug][gc,age         ] GC(152) Desired survivor size 37224448 bytes, new threshold 15 (max threshold 15)
[2764.886s][info ][gc,heap        ] GC(152) PSYoungGen: 2046832K(2062336K)->3232K(2030080K) Eden: 2026496K(2026496K)->0K(2026496K) From: 20336K(35840K)->3232K(3584K)
[2764.886s][info ][gc,heap        ] GC(152) ParOldGen: 445829K(529408K)->463169K(529408K)
[2764.886s][info ][gc,metaspace   ] GC(152) Metaspace: 78524K(79168K)->78524K(79168K) NonClass: 67881K(68224K)->67881K(68224K) Class: 10643K(10944K)->10643K(10944K)
[2764.886s][info ][gc             ] GC(152) Pause Young (Allocation Failure) 2434M->455M(2499M) 6.957ms
[2764.886s][info ][gc,cpu         ] GC(152) User=0.02s Sys=0.01s Real=0.01s
[2764.886s][info ][safepoint      ] Safepoint "ParallelGCFailedAllocation", Time since last: 26592121140 ns, Reaching safepoint: 69301 ns, At safepoint: 7039025 ns, Total: 7108326 ns
[2785.888s][info ][safepoint      ] Safepoint "Cleanup", Time since last: 21001364326 ns, Reaching safepoint: 82102 ns, At safepoint: 12300 ns, Total: 94402 ns
[2793.837s][info ][gc,start       ] GC(153) Pause Young (Allocation Failure)
[2793.848s][debug][gc,phases      ] GC(153) Scavenge 10.984ms
[2793.848s][debug][gc,ref         ] GC(153) Skipped phase 1 of Reference Processing: no references
[2793.848s][debug][gc,ref         ] GC(153) Skipped phase 3 of Reference Processing: no references
[2793.848s][debug][gc,phases      ] GC(153) Reference Processing 0.026ms
[2793.849s][debug][gc,phases      ] GC(153) Weak Processing 0.683ms
[2793.849s][debug][gc,age         ] GC(153) Desired survivor size 38273024 bytes, new threshold 15 (max threshold 15)
[2793.849s][info ][gc,heap        ] GC(153) PSYoungGen: 2029728K(2030080K)->2896K(2058752K) Eden: 2026496K(2026496K)->0K(2022400K) From: 3232K(3584K)->2896K(36352K)
[2793.849s][info ][gc,heap        ] GC(153) ParOldGen: 463169K(529408K)->463287K(529408K)
[2793.849s][info ][gc,metaspace   ] GC(153) Metaspace: 78527K(79168K)->78527K(79168K) NonClass: 67884K(68224K)->67884K(68224K) Class: 10643K(10944K)->10643K(10944K)
[2793.849s][info ][gc             ] GC(153) Pause Young (Allocation Failure) 2434M->455M(2527M) 11.825ms
[2793.849s][info ][gc,cpu         ] GC(153) User=0.02s Sys=0.00s Real=0.02s
[2793.849s][info ][safepoint      ] Safepoint "ParallelGCFailedAllocation", Time since last: 7949185827 ns, Reaching safepoint: 44900 ns, At safepoint: 11920511 ns, Total: 11965411 ns
[2804.850s][info ][safepoint      ] Safepoint "Cleanup", Time since last: 11000743144 ns, Reaching safepoint: 47701 ns, At safepoint: 3000 ns, Total: 50701 ns
[2815.851s][info ][safepoint      ] Safepoint "Cleanup", Time since last: 11000692354 ns, Reaching safepoint: 71401 ns, At safepoint: 3000 ns, Total: 74401 ns
[2816.851s][info ][safepoint      ] Safepoint "Cleanup", Time since last: 1000107851 ns, Reaching safepoint: 53801 ns, At safepoint: 2800 ns, Total: 56601 ns
[2817.851s][info ][safepoint      ] Safepoint "Cleanup", Time since last: 1000118850 ns, Reaching safepoint: 62301 ns, At safepoint: 3600 ns, Total: 65901 ns
[2820.851s][info ][safepoint      ] Safepoint "Cleanup", Time since last: 3000187237 ns, Reaching safepoint: 58201 ns, At safepoint: 6400 ns, Total: 64601 ns
[2826.852s][info ][safepoint      ] Safepoint "Cleanup", Time since last: 6000347932 ns, Reaching safepoint: 53701 ns, At safepoint: 6200 ns, Total: 59901 ns
[2832.120s][info ][gc,start       ] GC(154) Pause Young (Allocation Failure)
[2832.125s][debug][gc,phases      ] GC(154) Scavenge 4.551ms
[2832.125s][debug][gc,ref         ] GC(154) Skipped phase 1 of Reference Processing: no references
[2832.125s][debug][gc,ref         ] GC(154) Skipped phase 3 of Reference Processing: no references
[2832.125s][debug][gc,phases      ] GC(154) Reference Processing 0.022ms
[2832.125s][debug][gc,phases      ] GC(154) Weak Processing 0.534ms
[2832.125s][debug][gc,age         ] GC(154) Desired survivor size 37748736 bytes, new threshold 15 (max threshold 15)
[2832.125s][info ][gc,heap        ] GC(154) PSYoungGen: 2025296K(2058752K)->7120K(2059776K) Eden: 2022400K(2022400K)->0K(2022400K) From: 2896K(36352K)->7120K(37376K)
[2832.125s][info ][gc,heap        ] GC(154) ParOldGen: 463287K(529408K)->463335K(529408K)
[2832.125s][info ][gc,metaspace   ] GC(154) Metaspace: 78536K(79168K)->78536K(79168K) NonClass: 67892K(68224K)->67892K(68224K) Class: 10644K(10944K)->10644K(10944K)
[2832.125s][info ][gc             ] GC(154) Pause Young (Allocation Failure) 2430M->459M(2528M) 5.253ms
[2832.125s][info ][gc,cpu         ] GC(154) User=0.02s Sys=0.00s Real=0.01s
[2832.125s][info ][safepoint      ] Safepoint "ParallelGCFailedAllocation", Time since last: 5268356477 ns, Reaching safepoint: 42200 ns, At safepoint: 5335694 ns, Total: 5377894 ns
[2845.126s][info ][safepoint      ] Safepoint "Cleanup", Time since last: 13000861020 ns, Reaching safepoint: 99801 ns, At safepoint: 7701 ns, Total: 107502 ns
[2849.127s][info ][safepoint      ] Safepoint "Cleanup", Time since last: 4000342119 ns, Reaching safepoint: 48801 ns, At safepoint: 7900 ns, Total: 56701 ns
[2850.127s][info ][safepoint      ] Safepoint "Cleanup", Time since last: 1000108801 ns, Reaching safepoint: 52801 ns, At safepoint: 8400 ns, Total: 61201 ns
[2856.127s][info ][safepoint      ] Safepoint "Cleanup", Time since last: 6000450377 ns, Reaching safepoint: 68001 ns, At safepoint: 8000 ns, Total: 76001 ns
[2858.128s][info ][safepoint      ] Safepoint "Cleanup", Time since last: 2000183481 ns, Reaching safepoint: 61401 ns, At safepoint: 11401 ns, Total: 72802 ns
[2859.128s][info ][safepoint      ] Safepoint "Cleanup", Time since last: 1000108388 ns, Reaching safepoint: 46301 ns, At safepoint: 6600 ns, Total: 52901 ns
[2861.128s][info ][safepoint      ] Safepoint "Cleanup", Time since last: 2000183473 ns, Reaching safepoint: 57401 ns, At safepoint: 4400 ns, Total: 61801 ns
[2871.173s][info ][gc,start       ] GC(155) Pause Young (Allocation Failure)
[2871.179s][debug][gc,phases      ] GC(155) Scavenge 5.460ms
[2871.179s][debug][gc,ref         ] GC(155) Skipped phase 1 of Reference Processing: no references
[2871.179s][debug][gc,ref         ] GC(155) Skipped phase 3 of Reference Processing: no references
[2871.179s][debug][gc,phases      ] GC(155) Reference Processing 0.021ms
[2871.179s][debug][gc,phases      ] GC(155) Weak Processing 0.578ms
[2871.179s][debug][gc,age         ] GC(155) Desired survivor size 37748736 bytes, new threshold 15 (max threshold 15)
[2871.179s][info ][gc,heap        ] GC(155) PSYoungGen: 2029520K(2059776K)->7104K(2060288K) Eden: 2022400K(2022400K)->0K(2023424K) From: 7120K(37376K)->7104K(36864K)
[2871.179s][info ][gc,heap        ] GC(155) ParOldGen: 463335K(529408K)->463367K(529408K)
[2871.179s][info ][gc,metaspace   ] GC(155) Metaspace: 78549K(79232K)->78549K(79232K) NonClass: 67905K(68288K)->67905K(68288K) Class: 10644K(10944K)->10644K(10944K)
[2871.179s][info ][gc             ] GC(155) Pause Young (Allocation Failure) 2434M->459M(2529M) 6.197ms
[2871.180s][info ][gc,cpu         ] GC(155) User=0.03s Sys=0.00s Real=0.00s
[2871.180s][info ][safepoint      ] Safepoint "ParallelGCFailedAllocation", Time since last: 10045227459 ns, Reaching safepoint: 43901 ns, At safepoint: 6287110 ns, Total: 6331011 ns
[2872.180s][info ][safepoint      ] Safepoint "Cleanup", Time since last: 1000088871 ns, Reaching safepoint: 46800 ns, At safepoint: 3401 ns, Total: 50201 ns
[2873.180s][info ][safepoint      ] Safepoint "Cleanup", Time since last: 1000112769 ns, Reaching safepoint: 52201 ns, At safepoint: 6900 ns, Total: 59101 ns
[2879.180s][info ][safepoint      ] Safepoint "Cleanup", Time since last: 6000446183 ns, Reaching safepoint: 89702 ns, At safepoint: 6300 ns, Total: 96002 ns
[2909.021s][info ][gc,start       ] GC(156) Pause Young (Allocation Failure)
[2909.026s][debug][gc,phases      ] GC(156) Scavenge 4.440ms
[2909.026s][debug][gc,ref         ] GC(156) Skipped phase 1 of Reference Processing: no references
[2909.026s][debug][gc,ref         ] GC(156) Skipped phase 3 of Reference Processing: no references
[2909.026s][debug][gc,phases      ] GC(156) Reference Processing 0.028ms
[2909.026s][debug][gc,phases      ] GC(156) Weak Processing 0.649ms
[2909.027s][debug][gc,age         ] GC(156) Desired survivor size 36700160 bytes, new threshold 15 (max threshold 15)
[2909.027s][info ][gc,heap        ] GC(156) PSYoungGen: 2030528K(2060288K)->7120K(2060288K) Eden: 2023424K(2023424K)->0K(2023424K) From: 7104K(36864K)->7120K(36864K)
[2909.027s][info ][gc,heap        ] GC(156) ParOldGen: 463367K(529408K)->463391K(529408K)
[2909.027s][info ][gc,metaspace   ] GC(156) Metaspace: 78553K(79232K)->78553K(79232K) NonClass: 67909K(68288K)->67909K(68288K) Class: 10644K(10944K)->10644K(10944K)
[2909.027s][info ][gc             ] GC(156) Pause Young (Allocation Failure) 2435M->459M(2529M) 5.269ms
[2909.027s][info ][gc,cpu         ] GC(156) User=0.01s Sys=0.00s Real=0.00s
[2909.027s][info ][safepoint      ] Safepoint "ParallelGCFailedAllocation", Time since last: 29840694367 ns, Reaching safepoint: 149702 ns, At safepoint: 5381594 ns, Total: 5531296 ns
[2952.378s][info ][gc,start       ] GC(157) Pause Young (Allocation Failure)
[2952.382s][debug][gc,phases      ] GC(157) Scavenge 4.084ms
[2952.382s][debug][gc,ref         ] GC(157) Skipped phase 1 of Reference Processing: no references
[2952.382s][debug][gc,ref         ] GC(157) Skipped phase 3 of Reference Processing: no references
[2952.382s][debug][gc,phases      ] GC(157) Reference Processing 0.021ms
[2952.382s][debug][gc,phases      ] GC(157) Weak Processing 0.522ms
[2952.382s][debug][gc,age         ] GC(157) Desired survivor size 35651584 bytes, new threshold 15 (max threshold 15)
[2952.382s][info ][gc,heap        ] GC(157) PSYoungGen: 2030544K(2060288K)->7296K(2062336K) Eden: 2023424K(2023424K)->0K(2026496K) From: 7120K(36864K)->7296K(35840K)
[2952.382s][info ][gc,heap        ] GC(157) ParOldGen: 463391K(529408K)->463455K(529408K)
[2952.382s][info ][gc,metaspace   ] GC(157) Metaspace: 78554K(79232K)->78554K(79232K) NonClass: 67910K(68288K)->67910K(68288K) Class: 10644K(10944K)->10644K(10944K)
[2952.382s][info ][gc             ] GC(157) Pause Young (Allocation Failure) 2435M->459M(2531M) 4.762ms
[2952.382s][info ][gc,cpu         ] GC(157) User=0.02s Sys=0.00s Real=0.01s
[2952.383s][info ][safepoint      ] Safepoint "ParallelGCFailedAllocation", Time since last: 43350911208 ns, Reaching safepoint: 138203 ns, At safepoint: 4851385 ns, Total: 4989588 ns
[2966.384s][info ][safepoint      ] Safepoint "Cleanup", Time since last: 14000925528 ns, Reaching safepoint: 71801 ns, At safepoint: 17500 ns, Total: 89301 ns
[2974.384s][info ][safepoint      ] Safepoint "Cleanup", Time since last: 8000502272 ns, Reaching safepoint: 30700 ns, At safepoint: 3201 ns, Total: 33901 ns
[2986.968s][info ][gc,start       ] GC(158) Pause Young (Allocation Failure)
[2986.973s][debug][gc,phases      ] GC(158) Scavenge 5.022ms
[2986.973s][debug][gc,ref         ] GC(158) Skipped phase 1 of Reference Processing: no references
[2986.973s][debug][gc,ref         ] GC(158) Skipped phase 3 of Reference Processing: no references
[2986.973s][debug][gc,phases      ] GC(158) Reference Processing 0.023ms
[2986.973s][debug][gc,phases      ] GC(158) Weak Processing 0.586ms
[2986.973s][debug][gc,age         ] GC(158) Desired survivor size 35127296 bytes, new threshold 15 (max threshold 15)
[2986.973s][info ][gc,heap        ] GC(158) PSYoungGen: 2033792K(2062336K)->5776K(2061312K) Eden: 2026496K(2026496K)->0K(2026496K) From: 7296K(35840K)->5776K(34816K)
[2986.973s][info ][gc,heap        ] GC(158) ParOldGen: 463455K(529408K)->465088K(529408K)
[2986.973s][info ][gc,metaspace   ] GC(158) Metaspace: 78556K(79232K)->78556K(79232K) NonClass: 67912K(68288K)->67912K(68288K) Class: 10644K(10944K)->10644K(10944K)
[2986.973s][info ][gc             ] GC(158) Pause Young (Allocation Failure) 2438M->459M(2530M) 5.776ms
[2986.973s][info ][gc,cpu         ] GC(158) User=0.02s Sys=0.00s Real=0.01s
[2986.973s][info ][safepoint      ] Safepoint "ParallelGCFailedAllocation", Time since last: 12583473778 ns, Reaching safepoint: 40000 ns, At safepoint: 5858302 ns, Total: 5898302 ns
[3015.976s][info ][safepoint      ] Safepoint "Cleanup", Time since last: 29001994362 ns, Reaching safepoint: 63301 ns, At safepoint: 9100 ns, Total: 72401 ns
[3016.976s][info ][safepoint      ] Safepoint "Cleanup", Time since last: 1000113097 ns, Reaching safepoint: 59601 ns, At safepoint: 8201 ns, Total: 67802 ns
[3018.886s][info ][gc,start       ] GC(159) Pause Young (Allocation Failure)
[3018.891s][debug][gc,phases      ] GC(159) Scavenge 4.115ms
[3018.891s][debug][gc,ref         ] GC(159) Skipped phase 1 of Reference Processing: no references
[3018.891s][debug][gc,ref         ] GC(159) Skipped phase 3 of Reference Processing: no references
[3018.891s][debug][gc,phases      ] GC(159) Reference Processing 0.023ms
[3018.891s][debug][gc,phases      ] GC(159) Weak Processing 0.518ms
[3018.891s][debug][gc,age         ] GC(159) Desired survivor size 34078720 bytes, new threshold 15 (max threshold 15)
[3018.891s][info ][gc,heap        ] GC(159) PSYoungGen: 2032272K(2061312K)->5792K(2063872K) Eden: 2026496K(2026496K)->0K(2029568K) From: 5776K(34816K)->5792K(34304K)
[3018.891s][info ][gc,heap        ] GC(159) ParOldGen: 465088K(529408K)->465152K(529408K)
[3018.891s][info ][gc,metaspace   ] GC(159) Metaspace: 78558K(79232K)->78558K(79232K) NonClass: 67913K(68288K)->67913K(68288K) Class: 10644K(10944K)->10644K(10944K)
[3018.891s][info ][gc             ] GC(159) Pause Young (Allocation Failure) 2438M->459M(2532M) 4.801ms
[3018.891s][info ][gc,cpu         ] GC(159) User=0.02s Sys=0.00s Real=0.01s
[3018.891s][info ][safepoint      ] Safepoint "ParallelGCFailedAllocation", Time since last: 1910653233 ns, Reaching safepoint: 43001 ns, At safepoint: 4886485 ns, Total: 4929486 ns
[3043.893s][info ][safepoint      ] Safepoint "Cleanup", Time since last: 25001581034 ns, Reaching safepoint: 72101 ns, At safepoint: 5600 ns, Total: 77701 ns
[3058.517s][info ][gc,start       ] GC(160) Pause Young (Allocation Failure)
[3058.522s][debug][gc,phases      ] GC(160) Scavenge 4.629ms
[3058.522s][debug][gc,ref         ] GC(160) Skipped phase 1 of Reference Processing: no references
[3058.522s][debug][gc,ref         ] GC(160) Skipped phase 3 of Reference Processing: no references
[3058.522s][debug][gc,phases      ] GC(160) Reference Processing 0.024ms
[3058.523s][debug][gc,phases      ] GC(160) Weak Processing 0.517ms
[3058.523s][debug][gc,age         ] GC(160) Desired survivor size 33030144 bytes, new threshold 15 (max threshold 15)
[3058.523s][info ][gc,heap        ] GC(160) PSYoungGen: 2035360K(2063872K)->5968K(2062848K) Eden: 2029568K(2029568K)->0K(2029568K) From: 5792K(34304K)->5968K(33280K)
[3058.523s][info ][gc,heap        ] GC(160) ParOldGen: 465152K(529408K)->465200K(529408K)
[3058.523s][info ][gc,metaspace   ] GC(160) Metaspace: 78575K(79232K)->78575K(79232K) NonClass: 67931K(68288K)->67931K(68288K) Class: 10644K(10944K)->10644K(10944K)
[3058.523s][info ][gc             ] GC(160) Pause Young (Allocation Failure) 2441M->460M(2531M) 5.321ms
[3058.523s][info ][gc,cpu         ] GC(160) User=0.01s Sys=0.00s Real=0.01s
[3058.523s][info ][safepoint      ] Safepoint "ParallelGCFailedAllocation", Time since last: 14624277888 ns, Reaching safepoint: 76401 ns, At safepoint: 5416294 ns, Total: 5492695 ns
[3060.523s][info ][safepoint      ] Safepoint "Cleanup", Time since last: 2000163708 ns, Reaching safepoint: 119002 ns, At safepoint: 10700 ns, Total: 129702 ns
[3063.523s][info ][safepoint      ] Safepoint "Cleanup", Time since last: 3000258156 ns, Reaching safepoint: 51901 ns, At safepoint: 4200 ns, Total: 56101 ns
[3067.524s][info ][safepoint      ] Safepoint "Cleanup", Time since last: 4000328593 ns, Reaching safepoint: 59101 ns, At safepoint: 14101 ns, Total: 73202 ns
[3068.524s][info ][safepoint      ] Safepoint "Cleanup", Time since last: 1000273049 ns, Reaching safepoint: 49001 ns, At safepoint: 5600 ns, Total: 54601 ns
[3070.524s][info ][safepoint      ] Safepoint "Cleanup", Time since last: 2000184090 ns, Reaching safepoint: 53201 ns, At safepoint: 6200 ns, Total: 59401 ns
[3074.525s][info ][safepoint      ] Safepoint "Cleanup", Time since last: 4000317267 ns, Reaching safepoint: 58401 ns, At safepoint: 5800 ns, Total: 64201 ns
[3075.525s][info ][safepoint      ] Safepoint "Cleanup", Time since last: 1000118940 ns, Reaching safepoint: 80102 ns, At safepoint: 12700 ns, Total: 92802 ns
[3076.525s][info ][safepoint      ] Safepoint "Cleanup", Time since last: 1000112939 ns, Reaching safepoint: 56601 ns, At safepoint: 7600 ns, Total: 64201 ns
[3080.525s][info ][safepoint      ] Safepoint "Cleanup", Time since last: 4000307845 ns, Reaching safepoint: 39901 ns, At safepoint: 2900 ns, Total: 42801 ns
[3081.526s][info ][safepoint      ] Safepoint "Cleanup", Time since last: 1000112135 ns, Reaching safepoint: 54000 ns, At safepoint: 5901 ns, Total: 59901 ns
[3082.526s][info ][safepoint      ] Safepoint "Cleanup", Time since last: 1000107533 ns, Reaching safepoint: 52801 ns, At safepoint: 4600 ns, Total: 57401 ns
[3088.219s][info ][gc,start       ] GC(161) Pause Young (Allocation Failure)
[3088.224s][debug][gc,phases      ] GC(161) Scavenge 5.046ms
[3088.224s][debug][gc,ref         ] GC(161) Skipped phase 1 of Reference Processing: no references
[3088.224s][debug][gc,ref         ] GC(161) Skipped phase 3 of Reference Processing: no references
[3088.224s][debug][gc,phases      ] GC(161) Reference Processing 0.022ms
[3088.225s][debug][gc,phases      ] GC(161) Weak Processing 0.543ms
[3088.225s][debug][gc,age         ] GC(161) Desired survivor size 31981568 bytes, new threshold 15 (max threshold 15)
[3088.225s][info ][gc,heap        ] GC(161) PSYoungGen: 2035536K(2062848K)->7088K(2065920K) Eden: 2029568K(2029568K)->0K(2033664K) From: 5968K(33280K)->7088K(32256K)
[3088.225s][info ][gc,heap        ] GC(161) ParOldGen: 465200K(529408K)->465240K(529408K)
[3088.225s][info ][gc,metaspace   ] GC(161) Metaspace: 78589K(79232K)->78589K(79232K) NonClass: 67945K(68288K)->67945K(68288K) Class: 10644K(10944K)->10644K(10944K)
[3088.225s][info ][gc             ] GC(161) Pause Young (Allocation Failure) 2442M->461M(2534M) 5.754ms
[3088.225s][info ][gc,cpu         ] GC(161) User=0.02s Sys=0.00s Real=0.01s
[3088.225s][info ][safepoint      ] Safepoint "ParallelGCFailedAllocation", Time since last: 5693092954 ns, Reaching safepoint: 45401 ns, At safepoint: 5840801 ns, Total: 5886202 ns
[3091.225s][info ][safepoint      ] Safepoint "Cleanup", Time since last: 3000237378 ns, Reaching safepoint: 79002 ns, At safepoint: 3100 ns, Total: 82102 ns
[3107.226s][info ][safepoint      ] Safepoint "Cleanup", Time since last: 16001084280 ns, Reaching safepoint: 56001 ns, At safepoint: 8300 ns, Total: 64301 ns
[3116.915s][info ][safepoint      ] Safepoint "Cleanup", Time since last: 9688751965 ns, Reaching safepoint: 70901 ns, At safepoint: 7700 ns, Total: 78601 ns
[3119.417s][info ][gc,start       ] GC(162) Pause Young (Allocation Failure)
[3119.422s][debug][gc,phases      ] GC(162) Scavenge 4.168ms
[3119.422s][debug][gc,ref         ] GC(162) Skipped phase 1 of Reference Processing: no references
[3119.422s][debug][gc,ref         ] GC(162) Skipped phase 3 of Reference Processing: no references
[3119.422s][debug][gc,phases      ] GC(162) Reference Processing 0.022ms
[3119.422s][debug][gc,phases      ] GC(162) Weak Processing 0.593ms
[3119.422s][debug][gc,age         ] GC(162) Desired survivor size 30932992 bytes, new threshold 15 (max threshold 15)
[3119.422s][info ][gc,heap        ] GC(162) PSYoungGen: 2040752K(2065920K)->5744K(2064896K) Eden: 2033664K(2033664K)->0K(2033664K) From: 7088K(32256K)->5744K(31232K)
[3119.422s][info ][gc,heap        ] GC(162) ParOldGen: 465240K(529408K)->465280K(529408K)
[3119.422s][info ][gc,metaspace   ] GC(162) Metaspace: 78604K(79232K)->78604K(79232K) NonClass: 67960K(68288K)->67960K(68288K) Class: 10644K(10944K)->10644K(10944K)
[3119.422s][info ][gc             ] GC(162) Pause Young (Allocation Failure) 2447M->459M(2533M) 4.923ms
[3119.422s][info ][gc,cpu         ] GC(162) User=0.02s Sys=0.00s Real=0.01s
[3119.422s][info ][safepoint      ] Safepoint "ParallelGCFailedAllocation", Time since last: 2502192088 ns, Reaching safepoint: 61101 ns, At safepoint: 5012987 ns, Total: 5074088 ns
[3130.423s][info ][safepoint      ] Safepoint "Cleanup", Time since last: 11000781450 ns, Reaching safepoint: 84702 ns, At safepoint: 4500 ns, Total: 89202 ns
[3139.424s][info ][safepoint      ] Safepoint "Cleanup", Time since last: 9000652584 ns, Reaching safepoint: 61202 ns, At safepoint: 9100 ns, Total: 70302 ns
[3145.424s][info ][safepoint      ] Safepoint "Cleanup", Time since last: 6000467887 ns, Reaching safepoint: 58801 ns, At safepoint: 13500 ns, Total: 72301 ns
[3152.267s][info ][gc,start       ] GC(163) Pause Young (Allocation Failure)
[3152.272s][debug][gc,phases      ] GC(163) Scavenge 4.577ms
[3152.272s][debug][gc,ref         ] GC(163) Skipped phase 1 of Reference Processing: no references
[3152.272s][debug][gc,ref         ] GC(163) Skipped phase 3 of Reference Processing: no references
[3152.272s][debug][gc,phases      ] GC(163) Reference Processing 0.024ms
[3152.273s][debug][gc,phases      ] GC(163) Weak Processing 0.568ms
[3152.273s][debug][gc,age         ] GC(163) Desired survivor size 29884416 bytes, new threshold 15 (max threshold 15)
[3152.273s][info ][gc,heap        ] GC(163) PSYoungGen: 2039408K(2064896K)->5744K(2067968K) Eden: 2033664K(2033664K)->0K(2037760K) From: 5744K(31232K)->5744K(30208K)
[3152.273s][info ][gc,heap        ] GC(163) ParOldGen: 465280K(529408K)->465296K(529408K)
[3152.273s][info ][gc,metaspace   ] GC(163) Metaspace: 78612K(79232K)->78612K(79232K) NonClass: 67966K(68288K)->67966K(68288K) Class: 10645K(10944K)->10645K(10944K)
[3152.273s][info ][gc             ] GC(163) Pause Young (Allocation Failure) 2445M->460M(2536M) 5.292ms
[3152.273s][info ][gc,cpu         ] GC(163) User=0.02s Sys=0.00s Real=0.01s
[3152.273s][info ][safepoint      ] Safepoint "ParallelGCFailedAllocation", Time since last: 6842791907 ns, Reaching safepoint: 128402 ns, At safepoint: 5381093 ns, Total: 5509495 ns
[3161.274s][info ][safepoint      ] Safepoint "Cleanup", Time since last: 9000639726 ns, Reaching safepoint: 128003 ns, At safepoint: 10300 ns, Total: 138303 ns
[3165.274s][info ][safepoint      ] Safepoint "Cleanup", Time since last: 4000330959 ns, Reaching safepoint: 53500 ns, At safepoint: 6401 ns, Total: 59901 ns
[3166.274s][info ][safepoint      ] Safepoint "Cleanup", Time since last: 1000125563 ns, Reaching safepoint: 120702 ns, At safepoint: 6200 ns, Total: 126902 ns
[3167.274s][info ][safepoint      ] Safepoint "Cleanup", Time since last: 1000071962 ns, Reaching safepoint: 44801 ns, At safepoint: 5900 ns, Total: 50701 ns
[3169.275s][info ][safepoint      ] Safepoint "Cleanup", Time since last: 2000189122 ns, Reaching safepoint: 52901 ns, At safepoint: 7600 ns, Total: 60501 ns
[3171.275s][info ][safepoint      ] Safepoint "Cleanup", Time since last: 2000191319 ns, Reaching safepoint: 119702 ns, At safepoint: 8000 ns, Total: 127702 ns
[3173.275s][info ][safepoint      ] Safepoint "Cleanup", Time since last: 2000183116 ns, Reaching safepoint: 55001 ns, At safepoint: 8200 ns, Total: 63201 ns
[3175.275s][info ][safepoint      ] Safepoint "Cleanup", Time since last: 2000197313 ns, Reaching safepoint: 60001 ns, At safepoint: 12901 ns, Total: 72902 ns
[3184.567s][info ][gc,start       ] GC(164) Pause Young (Allocation Failure)
[3184.572s][debug][gc,phases      ] GC(164) Scavenge 4.536ms
[3184.572s][debug][gc,ref         ] GC(164) Skipped phase 1 of Reference Processing: no references
[3184.572s][debug][gc,ref         ] GC(164) Skipped phase 3 of Reference Processing: no references
[3184.572s][debug][gc,phases      ] GC(164) Reference Processing 0.030ms
[3184.573s][debug][gc,phases      ] GC(164) Weak Processing 0.547ms
[3184.573s][debug][gc,age         ] GC(164) Desired survivor size 28835840 bytes, new threshold 15 (max threshold 15)
[3184.573s][info ][gc,heap        ] GC(164) PSYoungGen: 2043504K(2067968K)->5648K(2066944K) Eden: 2037760K(2037760K)->0K(2037760K) From: 5744K(30208K)->5648K(29184K)
[3184.573s][info ][gc,heap        ] GC(164) ParOldGen: 465296K(529408K)->465328K(529408K)
[3184.573s][info ][gc,metaspace   ] GC(164) Metaspace: 78624K(79296K)->78624K(79296K) NonClass: 67978K(68352K)->67978K(68352K) Class: 10645K(10944K)->10645K(10944K)
[3184.573s][info ][gc             ] GC(164) Pause Young (Allocation Failure) 2450M->459M(2535M) 5.237ms
[3184.573s][info ][gc,cpu         ] GC(164) User=0.02s Sys=0.00s Real=0.01s
[3184.573s][info ][safepoint      ] Safepoint "ParallelGCFailedAllocation", Time since last: 9291877490 ns, Reaching safepoint: 166803 ns, At safepoint: 5330992 ns, Total: 5497795 ns
[3218.667s][info ][gc,start       ] GC(165) Pause Young (Allocation Failure)
[3218.672s][debug][gc,phases      ] GC(165) Scavenge 4.373ms
[3218.672s][debug][gc,ref         ] GC(165) Skipped phase 1 of Reference Processing: no references
[3218.672s][debug][gc,ref         ] GC(165) Skipped phase 3 of Reference Processing: no references
[3218.672s][debug][gc,phases      ] GC(165) Reference Processing 0.023ms
[3218.672s][debug][gc,phases      ] GC(165) Weak Processing 0.569ms
[3218.672s][debug][gc,age         ] GC(165) Desired survivor size 27787264 bytes, new threshold 15 (max threshold 15)
[3218.672s][info ][gc,heap        ] GC(165) PSYoungGen: 2043408K(2066944K)->5664K(2070016K) Eden: 2037760K(2037760K)->0K(2041856K) From: 5648K(29184K)->5664K(28160K)
[3218.672s][info ][gc,heap        ] GC(165) ParOldGen: 465328K(529408K)->465352K(529408K)
[3218.672s][info ][gc,metaspace   ] GC(165) Metaspace: 78627K(79296K)->78627K(79296K) NonClass: 67981K(68352K)->67981K(68352K) Class: 10645K(10944K)->10645K(10944K)
[3218.672s][info ][gc             ] GC(165) Pause Young (Allocation Failure) 2449M->459M(2538M) 5.094ms
[3218.672s][info ][gc,cpu         ] GC(165) User=0.02s Sys=0.00s Real=0.01s
[3218.673s][info ][safepoint      ] Safepoint "ParallelGCFailedAllocation", Time since last: 34094485306 ns, Reaching safepoint: 137702 ns, At safepoint: 5180689 ns, Total: 5318391 ns
[3253.367s][info ][gc,start       ] GC(166) Pause Young (Allocation Failure)
[3253.372s][debug][gc,phases      ] GC(166) Scavenge 4.745ms
[3253.372s][debug][gc,ref         ] GC(166) Skipped phase 1 of Reference Processing: no references
[3253.372s][debug][gc,ref         ] GC(166) Skipped phase 3 of Reference Processing: no references
[3253.372s][debug][gc,phases      ] GC(166) Reference Processing 0.035ms
[3253.373s][debug][gc,phases      ] GC(166) Weak Processing 0.535ms
[3253.373s][debug][gc,age         ] GC(166) Desired survivor size 26214400 bytes, new threshold 15 (max threshold 15)
[3253.373s][info ][gc,heap        ] GC(166) PSYoungGen: 2047520K(2070016K)->5552K(2068992K) Eden: 2041856K(2041856K)->0K(2041856K) From: 5664K(28160K)->5552K(27136K)
[3253.373s][info ][gc,heap        ] GC(166) ParOldGen: 465352K(529408K)->465520K(529408K)
[3253.373s][info ][gc,metaspace   ] GC(166) Metaspace: 78627K(79296K)->78627K(79296K) NonClass: 67982K(68352K)->67982K(68352K) Class: 10645K(10944K)->10645K(10944K)
[3253.373s][info ][gc             ] GC(166) Pause Young (Allocation Failure) 2453M->460M(2537M) 5.475ms
[3253.373s][info ][gc,cpu         ] GC(166) User=0.01s Sys=0.00s Real=0.01s
[3253.373s][info ][safepoint      ] Safepoint "ParallelGCFailedAllocation", Time since last: 34694685518 ns, Reaching safepoint: 143003 ns, At safepoint: 5564695 ns, Total: 5707698 ns
[3292.821s][info ][gc,start       ] GC(167) Pause Young (Allocation Failure)
[3292.826s][debug][gc,phases      ] GC(167) Scavenge 4.668ms
[3292.826s][debug][gc,ref         ] GC(167) Skipped phase 1 of Reference Processing: no references
[3292.826s][debug][gc,ref         ] GC(167) Skipped phase 3 of Reference Processing: no references
[3292.826s][debug][gc,ref         ] GC(167) Skipped phase 4 of Reference Processing: no references
[3292.826s][debug][gc,phases      ] GC(167) Reference Processing 0.031ms
[3292.827s][debug][gc,phases      ] GC(167) Weak Processing 0.641ms
[3292.827s][debug][gc,age         ] GC(167) Desired survivor size 25165824 bytes, new threshold 15 (max threshold 15)
[3292.827s][info ][gc,heap        ] GC(167) PSYoungGen: 2047408K(2068992K)->5536K(2072576K) Eden: 2041856K(2041856K)->0K(2046976K) From: 5552K(27136K)->5536K(25600K)
[3292.827s][info ][gc,heap        ] GC(167) ParOldGen: 465520K(529408K)->465560K(529408K)
[3292.827s][info ][gc,metaspace   ] GC(167) Metaspace: 78627K(79296K)->78627K(79296K) NonClass: 67982K(68352K)->67982K(68352K) Class: 10645K(10944K)->10645K(10944K)
[3292.827s][info ][gc             ] GC(167) Pause Young (Allocation Failure) 2454M->460M(2541M) 5.493ms
[3292.827s][info ][gc,cpu         ] GC(167) User=0.02s Sys=0.00s Real=0.00s
[3292.827s][info ][safepoint      ] Safepoint "ParallelGCFailedAllocation", Time since last: 39448267780 ns, Reaching safepoint: 159203 ns, At safepoint: 5609496 ns, Total: 5768699 ns
[3300.828s][info ][safepoint      ] Safepoint "Cleanup", Time since last: 8000558185 ns, Reaching safepoint: 68201 ns, At safepoint: 3800 ns, Total: 72001 ns
[3318.829s][info ][safepoint      ] Safepoint "Cleanup", Time since last: 18001254978 ns, Reaching safepoint: 55601 ns, At safepoint: 6000 ns, Total: 61601 ns
[3335.217s][info ][gc,start       ] GC(168) Pause Young (Allocation Failure)
[3335.222s][debug][gc,phases      ] GC(168) Scavenge 4.342ms
[3335.222s][debug][gc,ref         ] GC(168) Skipped phase 1 of Reference Processing: no references
[3335.222s][debug][gc,ref         ] GC(168) Skipped phase 3 of Reference Processing: no references
[3335.222s][debug][gc,phases      ] GC(168) Reference Processing 0.023ms
[3335.222s][debug][gc,phases      ] GC(168) Weak Processing 0.554ms
[3335.222s][debug][gc,age         ] GC(168) Desired survivor size 24117248 bytes, new threshold 15 (max threshold 15)
[3335.222s][info ][gc,heap        ] GC(168) PSYoungGen: 2052512K(2072576K)->5456K(2071552K) Eden: 2046976K(2046976K)->0K(2046976K) From: 5536K(25600K)->5456K(24576K)
[3335.222s][info ][gc,heap        ] GC(168) ParOldGen: 465560K(529408K)->465640K(529408K)
[3335.222s][info ][gc,metaspace   ] GC(168) Metaspace: 78637K(79296K)->78637K(79296K) NonClass: 67992K(68352K)->67992K(68352K) Class: 10645K(10944K)->10645K(10944K)
[3335.222s][info ][gc             ] GC(168) Pause Young (Allocation Failure) 2459M->460M(2540M) 5.047ms
[3335.222s][info ][gc,cpu         ] GC(168) User=0.02s Sys=0.00s Real=0.01s
[3335.223s][info ][safepoint      ] Safepoint "ParallelGCFailedAllocation", Time since last: 16388330632 ns, Reaching safepoint: 155803 ns, At safepoint: 5148588 ns, Total: 5304391 ns
[3381.067s][info ][gc,start       ] GC(169) Pause Young (Allocation Failure)
[3381.072s][debug][gc,phases      ] GC(169) Scavenge 4.466ms
[3381.072s][debug][gc,ref         ] GC(169) Skipped phase 1 of Reference Processing: no references
[3381.072s][debug][gc,ref         ] GC(169) Skipped phase 3 of Reference Processing: no references
[3381.072s][debug][gc,ref         ] GC(169) Skipped phase 4 of Reference Processing: no references
[3381.072s][debug][gc,phases      ] GC(169) Reference Processing 0.038ms
[3381.073s][debug][gc,phases      ] GC(169) Weak Processing 0.585ms
[3381.073s][debug][gc,age         ] GC(169) Desired survivor size 24117248 bytes, new threshold 15 (max threshold 15)
[3381.073s][info ][gc,heap        ] GC(169) PSYoungGen: 2052432K(2071552K)->1392K(2073600K) Eden: 2046976K(2046976K)->0K(2050048K) From: 5456K(24576K)->1392K(23552K)
[3381.073s][info ][gc,heap        ] GC(169) ParOldGen: 465640K(529408K)->469609K(529408K)
[3381.073s][info ][gc,metaspace   ] GC(169) Metaspace: 78637K(79296K)->78637K(79296K) NonClass: 67992K(68352K)->67992K(68352K) Class: 10645K(10944K)->10645K(10944K)
[3381.073s][info ][gc             ] GC(169) Pause Young (Allocation Failure) 2459M->459M(2542M) 5.225ms
[3381.073s][info ][gc,cpu         ] GC(169) User=0.02s Sys=0.00s Real=0.01s
[3381.073s][info ][safepoint      ] Safepoint "ParallelGCFailedAllocation", Time since last: 45844631960 ns, Reaching safepoint: 115502 ns, At safepoint: 5335291 ns, Total: 5450793 ns
[3425.467s][info ][gc,start       ] GC(170) Pause Young (Allocation Failure)
[3425.470s][debug][gc,phases      ] GC(170) Scavenge 3.087ms
[3425.470s][debug][gc,ref         ] GC(170) Skipped phase 1 of Reference Processing: no references
[3425.470s][debug][gc,ref         ] GC(170) Skipped phase 3 of Reference Processing: no references
[3425.471s][debug][gc,phases      ] GC(170) Reference Processing 0.021ms
[3425.471s][debug][gc,phases      ] GC(170) Weak Processing 0.525ms
[3425.471s][debug][gc,age         ] GC(170) Desired survivor size 23592960 bytes, new threshold 15 (max threshold 15)
[3425.471s][info ][gc,heap        ] GC(170) PSYoungGen: 2051440K(2073600K)->1472K(2073600K) Eden: 2050048K(2050048K)->0K(2050048K) From: 1392K(23552K)->1472K(23552K)
[3425.471s][info ][gc,heap        ] GC(170) ParOldGen: 469609K(529408K)->469665K(529408K)
[3425.471s][info ][gc,metaspace   ] GC(170) Metaspace: 78637K(79296K)->78637K(79296K) NonClass: 67992K(68352K)->67992K(68352K) Class: 10645K(10944K)->10645K(10944K)
[3425.471s][info ][gc             ] GC(170) Pause Young (Allocation Failure) 2461M->460M(2542M) 3.761ms
[3425.471s][info ][gc,cpu         ] GC(170) User=0.01s Sys=0.00s Real=0.01s
[3425.471s][info ][safepoint      ] Safepoint "ParallelGCFailedAllocation", Time since last: 44394519189 ns, Reaching safepoint: 113502 ns, At safepoint: 3870567 ns, Total: 3984069 ns
[3469.621s][info ][gc,start       ] GC(171) Pause Young (Allocation Failure)
[3469.624s][debug][gc,phases      ] GC(171) Scavenge 3.465ms
[3469.624s][debug][gc,ref         ] GC(171) Skipped phase 1 of Reference Processing: no references
[3469.624s][debug][gc,ref         ] GC(171) Skipped phase 3 of Reference Processing: no references
[3469.624s][debug][gc,phases      ] GC(171) Reference Processing 0.022ms
[3469.625s][debug][gc,phases      ] GC(171) Weak Processing 0.549ms
[3469.625s][debug][gc,age         ] GC(171) Desired survivor size 22544384 bytes, new threshold 15 (max threshold 15)
[3469.625s][info ][gc,heap        ] GC(171) PSYoungGen: 2051520K(2073600K)->1264K(2075136K) Eden: 2050048K(2050048K)->0K(2052096K) From: 1472K(23552K)->1264K(23040K)
[3469.625s][info ][gc,heap        ] GC(171) ParOldGen: 469665K(529408K)->469817K(529408K)
[3469.625s][info ][gc,metaspace   ] GC(171) Metaspace: 78637K(79296K)->78637K(79296K) NonClass: 67992K(68352K)->67992K(68352K) Class: 10645K(10944K)->10645K(10944K)
[3469.625s][info ][gc             ] GC(171) Pause Young (Allocation Failure) 2462M->460M(2543M) 4.182ms
[3469.625s][info ][gc,cpu         ] GC(171) User=0.02s Sys=0.00s Real=0.01s
[3469.625s][info ][safepoint      ] Safepoint "ParallelGCFailedAllocation", Time since last: 44149349782 ns, Reaching safepoint: 161003 ns, At safepoint: 4282673 ns, Total: 4443676 ns
[3518.271s][info ][safepoint      ] Safepoint "ParallelGCFailedAllocation", Time since last: 48646340892 ns, Reaching safepoint: 159103 ns, At safepoint: 27200 ns, Total: 186303 ns
[3518.272s][info ][gc,start       ] GC(172) Pause Young (GCLocker Initiated GC)
[3518.275s][debug][gc,phases      ] GC(172) Scavenge 3.429ms
[3518.275s][debug][gc,ref         ] GC(172) Skipped phase 1 of Reference Processing: no references
[3518.275s][debug][gc,ref         ] GC(172) Skipped phase 3 of Reference Processing: no references
[3518.275s][debug][gc,phases      ] GC(172) Reference Processing 0.033ms
[3518.276s][debug][gc,phases      ] GC(172) Weak Processing 0.540ms
[3518.276s][debug][gc,age         ] GC(172) Desired survivor size 22020096 bytes, new threshold 15 (max threshold 15)
[3518.276s][info ][gc,heap        ] GC(172) PSYoungGen: 2053360K(2075136K)->1264K(2074112K) Eden: 2052096K(2052096K)->0K(2052096K) From: 1264K(23040K)->1264K(22016K)
[3518.276s][info ][gc,heap        ] GC(172) ParOldGen: 469817K(529408K)->469841K(529408K)
[3518.276s][info ][gc,metaspace   ] GC(172) Metaspace: 78637K(79296K)->78637K(79296K) NonClass: 67992K(68352K)->67992K(68352K) Class: 10645K(10944K)->10645K(10944K)
[3518.276s][info ][gc             ] GC(172) Pause Young (GCLocker Initiated GC) 2464M->460M(2542M) 4.128ms
[3518.276s][info ][gc,cpu         ] GC(172) User=0.01s Sys=0.00s Real=0.00s
[3518.276s][info ][safepoint      ] Safepoint "ParallelGCSystemGC", Time since last: 68102 ns, Reaching safepoint: 321305 ns, At safepoint: 4200972 ns, Total: 4522277 ns
[3561.321s][info ][gc,start       ] GC(173) Pause Young (Allocation Failure)
[3561.325s][debug][gc,phases      ] GC(173) Scavenge 3.620ms
[3561.325s][debug][gc,ref         ] GC(173) Skipped phase 1 of Reference Processing: no references
[3561.325s][debug][gc,ref         ] GC(173) Skipped phase 3 of Reference Processing: no references
[3561.325s][debug][gc,phases      ] GC(173) Reference Processing 0.029ms
[3561.325s][debug][gc,phases      ] GC(173) Weak Processing 0.670ms
[3561.325s][debug][gc,age         ] GC(173) Desired survivor size 21495808 bytes, new threshold 15 (max threshold 15)
[3561.325s][info ][gc,heap        ] GC(173) PSYoungGen: 2053360K(2074112K)->1232K(2076160K) Eden: 2052096K(2052096K)->0K(2054656K) From: 1264K(22016K)->1232K(21504K)
[3561.325s][info ][gc,heap        ] GC(173) ParOldGen: 469844K(529408K)->469892K(529408K)
[3561.325s][info ][gc,metaspace   ] GC(173) Metaspace: 78641K(79296K)->78641K(79296K) NonClass: 67995K(68352K)->67995K(68352K) Class: 10645K(10944K)->10645K(10944K)
[3561.325s][info ][gc             ] GC(173) Pause Young (Allocation Failure) 2464M->460M(2544M) 4.465ms
[3561.325s][info ][gc,cpu         ] GC(173) User=0.01s Sys=0.01s Real=0.00s
[3561.326s][info ][safepoint      ] Safepoint "ParallelGCFailedAllocation", Time since last: 43044736780 ns, Reaching safepoint: 150703 ns, At safepoint: 4616178 ns, Total: 4766881 ns
[3609.815s][info ][gc,start       ] GC(174) Pause Young (Allocation Failure)
[3609.819s][debug][gc,phases      ] GC(174) Scavenge 3.407ms
[3609.819s][debug][gc,ref         ] GC(174) Skipped phase 1 of Reference Processing: no references
[3609.819s][debug][gc,ref         ] GC(174) Skipped phase 3 of Reference Processing: no references
[3609.819s][debug][gc,phases      ] GC(174) Reference Processing 0.034ms
[3609.819s][debug][gc,phases      ] GC(174) Weak Processing 0.541ms
[3609.819s][debug][gc,age         ] GC(174) Desired survivor size 20447232 bytes, new threshold 15 (max threshold 15)
[3609.819s][info ][gc,heap        ] GC(174) PSYoungGen: 2055888K(2076160K)->1168K(2075648K) Eden: 2054656K(2054656K)->0K(2054656K) From: 1232K(21504K)->1168K(20992K)
[3609.819s][info ][gc,heap        ] GC(174) ParOldGen: 469892K(529408K)->470044K(529408K)
[3609.819s][info ][gc,metaspace   ] GC(174) Metaspace: 78641K(79296K)->78641K(79296K) NonClass: 67995K(68352K)->67995K(68352K) Class: 10645K(10944K)->10645K(10944K)
[3609.819s][info ][gc             ] GC(174) Pause Young (Allocation Failure) 2466M->460M(2544M) 4.092ms
[3609.819s][info ][gc,cpu         ] GC(174) User=0.01s Sys=0.00s Real=0.00s
[3609.819s][info ][safepoint      ] Safepoint "ParallelGCFailedAllocation", Time since last: 48489645760 ns, Reaching safepoint: 78902 ns, At safepoint: 4171271 ns, Total: 4250173 ns
[3618.820s][info ][safepoint      ] Safepoint "Cleanup", Time since last: 9000603683 ns, Reaching safepoint: 118902 ns, At safepoint: 9900 ns, Total: 128802 ns
[3638.822s][info ][safepoint      ] Safepoint "Cleanup", Time since last: 20001447240 ns, Reaching safepoint: 141002 ns, At safepoint: 12400 ns, Total: 153402 ns
[3649.619s][info ][gc,start       ] GC(175) Pause Young (Allocation Failure)
[3649.623s][debug][gc,phases      ] GC(175) Scavenge 3.529ms
[3649.623s][debug][gc,ref         ] GC(175) Skipped phase 1 of Reference Processing: no references
[3649.623s][debug][gc,ref         ] GC(175) Skipped phase 3 of Reference Processing: no references
[3649.623s][debug][gc,phases      ] GC(175) Reference Processing 0.022ms
[3649.623s][debug][gc,phases      ] GC(175) Weak Processing 0.531ms
[3649.623s][debug][gc,age         ] GC(175) Desired survivor size 19922944 bytes, new threshold 15 (max threshold 15)
[3649.623s][info ][gc,heap        ] GC(175) PSYoungGen: 2055824K(2075648K)->1120K(2077696K) Eden: 2054656K(2054656K)->0K(2057728K) From: 1168K(20992K)->1120K(19968K)
[3649.623s][info ][gc,heap        ] GC(175) ParOldGen: 470044K(529408K)->470140K(529408K)
[3649.623s][info ][gc,metaspace   ] GC(175) Metaspace: 78645K(79296K)->78645K(79296K) NonClass: 67999K(68352K)->67999K(68352K) Class: 10645K(10944K)->10645K(10944K)
[3649.623s][info ][gc             ] GC(175) Pause Young (Allocation Failure) 2466M->460M(2546M) 4.207ms
[3649.623s][info ][gc,cpu         ] GC(175) User=0.01s Sys=0.00s Real=0.01s
[3649.623s][info ][safepoint      ] Safepoint "ParallelGCFailedAllocation", Time since last: 10797201180 ns, Reaching safepoint: 66401 ns, At safepoint: 4284373 ns, Total: 4350774 ns
[3685.626s][info ][safepoint      ] Safepoint "Cleanup", Time since last: 36002436248 ns, Reaching safepoint: 122602 ns, At safepoint: 9700 ns, Total: 132302 ns
[3687.668s][info ][gc,start       ] GC(176) Pause Young (Allocation Failure)
[3687.677s][debug][gc,phases      ] GC(176) Scavenge 9.368ms
[3687.677s][debug][gc,ref         ] GC(176) Skipped phase 1 of Reference Processing: no references
[3687.677s][debug][gc,ref         ] GC(176) Skipped phase 3 of Reference Processing: no references
[3687.677s][debug][gc,phases      ] GC(176) Reference Processing 0.026ms
[3687.678s][debug][gc,phases      ] GC(176) Weak Processing 0.672ms
[3687.678s][debug][gc,age         ] GC(176) Desired survivor size 18874368 bytes, new threshold 15 (max threshold 15)
[3687.678s][info ][gc,heap        ] GC(176) PSYoungGen: 2058848K(2077696K)->1168K(2077184K) Eden: 2057728K(2057728K)->0K(2057728K) From: 1120K(19968K)->1168K(19456K)
[3687.678s][info ][gc,heap        ] GC(176) ParOldGen: 470140K(529408K)->470220K(529408K)
[3687.678s][info ][gc,metaspace   ] GC(176) Metaspace: 78647K(79296K)->78647K(79296K) NonClass: 68001K(68352K)->68001K(68352K) Class: 10645K(10944K)->10645K(10944K)
[3687.678s][info ][gc             ] GC(176) Pause Young (Allocation Failure) 2469M->460M(2545M) 10.199ms
[3687.678s][info ][gc,cpu         ] GC(176) User=0.02s Sys=0.00s Real=0.01s
[3687.678s][info ][safepoint      ] Safepoint "ParallelGCFailedAllocation", Time since last: 2041499124 ns, Reaching safepoint: 124202 ns, At safepoint: 10299475 ns, Total: 10423677 ns
[3727.267s][info ][gc,start       ] GC(177) Pause Young (Allocation Failure)
[3727.270s][debug][gc,phases      ] GC(177) Scavenge 2.619ms
[3727.270s][debug][gc,ref         ] GC(177) Skipped phase 1 of Reference Processing: no references
[3727.270s][debug][gc,ref         ] GC(177) Skipped phase 3 of Reference Processing: no references
[3727.270s][debug][gc,phases      ] GC(177) Reference Processing 0.020ms
[3727.271s][debug][gc,phases      ] GC(177) Weak Processing 0.538ms
[3727.271s][debug][gc,age         ] GC(177) Desired survivor size 17825792 bytes, new threshold 15 (max threshold 15)
[3727.271s][info ][gc,heap        ] GC(177) PSYoungGen: 2058896K(2077184K)->960K(2079744K) Eden: 2057728K(2057728K)->0K(2061312K) From: 1168K(19456K)->960K(18432K)
[3727.271s][info ][gc,heap        ] GC(177) ParOldGen: 470220K(529408K)->470388K(529408K)
[3727.271s][info ][gc,metaspace   ] GC(177) Metaspace: 78647K(79296K)->78647K(79296K) NonClass: 68001K(68352K)->68001K(68352K) Class: 10645K(10944K)->10645K(10944K)
[3727.271s][info ][gc             ] GC(177) Pause Young (Allocation Failure) 2469M->460M(2548M) 3.308ms
[3727.271s][info ][gc,cpu         ] GC(177) User=0.01s Sys=0.00s Real=0.01s
[3727.271s][info ][safepoint      ] Safepoint "ParallelGCFailedAllocation", Time since last: 39589385037 ns, Reaching safepoint: 80902 ns, At safepoint: 3392157 ns, Total: 3473059 ns
[3778.117s][info ][gc,start       ] GC(178) Pause Young (Allocation Failure)
[3778.120s][debug][gc,phases      ] GC(178) Scavenge 2.963ms
[3778.121s][debug][gc,ref         ] GC(178) Skipped phase 1 of Reference Processing: no references
[3778.121s][debug][gc,ref         ] GC(178) Skipped phase 2 of Reference Processing: no references
[3778.121s][debug][gc,ref         ] GC(178) Skipped phase 3 of Reference Processing: no references
[3778.121s][debug][gc,ref         ] GC(178) Skipped phase 4 of Reference Processing: no references
[3778.121s][debug][gc,phases      ] GC(178) Reference Processing 0.023ms
[3778.121s][debug][gc,phases      ] GC(178) Weak Processing 0.577ms
[3778.121s][debug][gc,age         ] GC(178) Desired survivor size 17301504 bytes, new threshold 15 (max threshold 15)
[3778.121s][info ][gc,heap        ] GC(178) PSYoungGen: 2062272K(2079744K)->992K(2078720K) Eden: 2061312K(2061312K)->0K(2061312K) From: 960K(18432K)->992K(17408K)
[3778.121s][info ][gc,heap        ] GC(178) ParOldGen: 470388K(529408K)->470428K(529408K)
[3778.121s][info ][gc,metaspace   ] GC(178) Metaspace: 78647K(79296K)->78647K(79296K) NonClass: 68001K(68352K)->68001K(68352K) Class: 10645K(10944K)->10645K(10944K)
[3778.121s][info ][gc             ] GC(178) Pause Young (Allocation Failure) 2473M->460M(2547M) 3.692ms
[3778.121s][info ][gc,cpu         ] GC(178) User=0.01s Sys=0.00s Real=0.01s
[3778.121s][info ][safepoint      ] Safepoint "ParallelGCFailedAllocation", Time since last: 50846651355 ns, Reaching safepoint: 98202 ns, At safepoint: 3804864 ns, Total: 3903066 ns
[3825.417s][info ][gc,start       ] GC(179) Pause Young (Allocation Failure)
[3825.420s][debug][gc,phases      ] GC(179) Scavenge 2.414ms
[3825.420s][debug][gc,ref         ] GC(179) Skipped phase 1 of Reference Processing: no references
[3825.420s][debug][gc,ref         ] GC(179) Skipped phase 3 of Reference Processing: no references
[3825.420s][debug][gc,phases      ] GC(179) Reference Processing 0.021ms
[3825.420s][debug][gc,phases      ] GC(179) Weak Processing 0.611ms
[3825.420s][debug][gc,age         ] GC(179) Desired survivor size 16252928 bytes, new threshold 15 (max threshold 15)
[3825.420s][info ][gc,heap        ] GC(179) PSYoungGen: 2062304K(2078720K)->960K(2081280K) Eden: 2061312K(2061312K)->0K(2064384K) From: 992K(17408K)->960K(16896K)
[3825.420s][info ][gc,heap        ] GC(179) ParOldGen: 470428K(529408K)->470476K(529408K)
[3825.420s][info ][gc,metaspace   ] GC(179) Metaspace: 78647K(79296K)->78647K(79296K) NonClass: 68001K(68352K)->68001K(68352K) Class: 10645K(10944K)->10645K(10944K)
[3825.420s][info ][gc             ] GC(179) Pause Young (Allocation Failure) 2473M->460M(2549M) 3.188ms
[3825.420s][info ][gc,cpu         ] GC(179) User=0.01s Sys=0.00s Real=0.00s
[3825.420s][info ][safepoint      ] Safepoint "ParallelGCFailedAllocation", Time since last: 47295901579 ns, Reaching safepoint: 36501 ns, At safepoint: 3275256 ns, Total: 3311757 ns
[3865.017s][info ][gc,start       ] GC(180) Pause Young (Allocation Failure)
[3865.020s][debug][gc,phases      ] GC(180) Scavenge 2.508ms
[3865.020s][debug][gc,ref         ] GC(180) Skipped phase 1 of Reference Processing: no references
[3865.020s][debug][gc,ref         ] GC(180) Skipped phase 3 of Reference Processing: no references
[3865.020s][debug][gc,phases      ] GC(180) Reference Processing 0.021ms
[3865.020s][debug][gc,phases      ] GC(180) Weak Processing 0.522ms
[3865.020s][debug][gc,age         ] GC(180) Desired survivor size 15204352 bytes, new threshold 15 (max threshold 15)
[3865.020s][info ][gc,heap        ] GC(180) PSYoungGen: 2065344K(2081280K)->928K(2080256K) Eden: 2064384K(2064384K)->0K(2064384K) From: 960K(16896K)->928K(15872K)
[3865.020s][info ][gc,heap        ] GC(180) ParOldGen: 470476K(529408K)->470508K(529408K)
[3865.020s][info ][gc,metaspace   ] GC(180) Metaspace: 78647K(79296K)->78647K(79296K) NonClass: 68002K(68352K)->68002K(68352K) Class: 10645K(10944K)->10645K(10944K)
[3865.021s][info ][gc             ] GC(180) Pause Young (Allocation Failure) 2476M->460M(2548M) 3.178ms
[3865.021s][info ][gc,cpu         ] GC(180) User=0.01s Sys=0.01s Real=0.00s
[3865.021s][info ][safepoint      ] Safepoint "ParallelGCFailedAllocation", Time since last: 39596680078 ns, Reaching safepoint: 166803 ns, At safepoint: 3266455 ns, Total: 3433258 ns
[3904.567s][info ][gc,start       ] GC(181) Pause Young (Allocation Failure)
[3904.570s][debug][gc,phases      ] GC(181) Scavenge 2.635ms
[3904.570s][debug][gc,ref         ] GC(181) Skipped phase 1 of Reference Processing: no references
[3904.570s][debug][gc,ref         ] GC(181) Skipped phase 3 of Reference Processing: no references
[3904.570s][debug][gc,phases      ] GC(181) Reference Processing 0.021ms
[3904.571s][debug][gc,phases      ] GC(181) Weak Processing 0.524ms
[3904.571s][debug][gc,age         ] GC(181) Desired survivor size 14680064 bytes, new threshold 15 (max threshold 15)
[3904.571s][info ][gc,heap        ] GC(181) PSYoungGen: 2065312K(2080256K)->864K(2082816K) Eden: 2064384K(2064384K)->0K(2067968K) From: 928K(15872K)->864K(14848K)
[3904.571s][info ][gc,heap        ] GC(181) ParOldGen: 470508K(529408K)->470564K(529408K)
[3904.571s][info ][gc,metaspace   ] GC(181) Metaspace: 78647K(79296K)->78647K(79296K) NonClass: 68002K(68352K)->68002K(68352K) Class: 10645K(10944K)->10645K(10944K)
[3904.571s][info ][gc             ] GC(181) Pause Young (Allocation Failure) 2476M->460M(2551M) 3.298ms
[3904.571s][info ][gc,cpu         ] GC(181) User=0.01s Sys=0.00s Real=0.01s
[3904.571s][info ][safepoint      ] Safepoint "ParallelGCFailedAllocation", Time since last: 39546646221 ns, Reaching safepoint: 132703 ns, At safepoint: 3385357 ns, Total: 3518060 ns
[3940.671s][info ][gc,start       ] GC(182) Pause Young (Allocation Failure)
[3940.674s][debug][gc,phases      ] GC(182) Scavenge 3.106ms
[3940.674s][debug][gc,ref         ] GC(182) Skipped phase 1 of Reference Processing: no references
[3940.674s][debug][gc,ref         ] GC(182) Skipped phase 3 of Reference Processing: no references
[3940.674s][debug][gc,phases      ] GC(182) Reference Processing 0.028ms
[3940.675s][debug][gc,phases      ] GC(182) Weak Processing 0.654ms
[3940.675s][debug][gc,age         ] GC(182) Desired survivor size 13631488 bytes, new threshold 15 (max threshold 15)
[3940.675s][info ][gc,heap        ] GC(182) PSYoungGen: 2068832K(2082816K)->1024K(2082304K) Eden: 2067968K(2067968K)->0K(2067968K) From: 864K(14848K)->1024K(14336K)
[3940.675s][info ][gc,heap        ] GC(182) ParOldGen: 470564K(529408K)->470612K(529408K)
[3940.675s][info ][gc,metaspace   ] GC(182) Metaspace: 78650K(79296K)->78650K(79296K) NonClass: 68004K(68352K)->68004K(68352K) Class: 10645K(10944K)->10645K(10944K)
[3940.675s][info ][gc             ] GC(182) Pause Young (Allocation Failure) 2479M->460M(2550M) 3.933ms
[3940.675s][info ][gc,cpu         ] GC(182) User=0.02s Sys=0.00s Real=0.00s
[3940.675s][info ][safepoint      ] Safepoint "ParallelGCFailedAllocation", Time since last: 36099922105 ns, Reaching safepoint: 65001 ns, At safepoint: 4051169 ns, Total: 4116170 ns
[3980.867s][info ][gc,start       ] GC(183) Pause Young (Allocation Failure)
[3980.870s][debug][gc,phases      ] GC(183) Scavenge 2.663ms
[3980.870s][debug][gc,ref         ] GC(183) Skipped phase 1 of Reference Processing: no references
[3980.870s][debug][gc,ref         ] GC(183) Skipped phase 3 of Reference Processing: no references
[3980.870s][debug][gc,phases      ] GC(183) Reference Processing 0.021ms
[3980.871s][debug][gc,phases      ] GC(183) Weak Processing 0.564ms
[3980.871s][debug][gc,age         ] GC(183) Desired survivor size 13107200 bytes, new threshold 15 (max threshold 15)
[3980.871s][info ][gc,heap        ] GC(183) PSYoungGen: 2068992K(2082304K)->1056K(2084352K) Eden: 2067968K(2067968K)->0K(2071040K) From: 1024K(14336K)->1056K(13312K)
[3980.871s][info ][gc,heap        ] GC(183) ParOldGen: 470612K(529408K)->470644K(529408K)
[3980.871s][info ][gc,metaspace   ] GC(183) Metaspace: 78651K(79296K)->78651K(79296K) NonClass: 68005K(68352K)->68005K(68352K) Class: 10645K(10944K)->10645K(10944K)
[3980.871s][info ][gc             ] GC(183) Pause Young (Allocation Failure) 2480M->460M(2552M) 3.387ms
[3980.871s][info ][gc,cpu         ] GC(183) User=0.01s Sys=0.00s Real=0.01s
[3980.871s][info ][safepoint      ] Safepoint "ParallelGCFailedAllocation", Time since last: 40192527938 ns, Reaching safepoint: 132203 ns, At safepoint: 3475258 ns, Total: 3607461 ns
[3998.873s][info ][safepoint      ] Safepoint "Cleanup", Time since last: 18001859737 ns, Reaching safepoint: 130302 ns, At safepoint: 9801 ns, Total: 140103 ns
[4003.873s][info ][safepoint      ] Safepoint "Cleanup", Time since last: 5000374421 ns, Reaching safepoint: 54001 ns, At safepoint: 5700 ns, Total: 59701 ns
[4011.874s][info ][safepoint      ] Safepoint "Cleanup", Time since last: 8000569646 ns, Reaching safepoint: 71301 ns, At safepoint: 5000 ns, Total: 76301 ns
[4029.267s][info ][gc,start       ] GC(184) Pause Young (Allocation Failure)
[4029.270s][debug][gc,phases      ] GC(184) Scavenge 2.943ms
[4029.270s][debug][gc,ref         ] GC(184) Skipped phase 1 of Reference Processing: no references
[4029.270s][debug][gc,ref         ] GC(184) Skipped phase 3 of Reference Processing: no references
[4029.270s][debug][gc,phases      ] GC(184) Reference Processing 0.021ms
[4029.271s][debug][gc,phases      ] GC(184) Weak Processing 0.538ms
[4029.271s][debug][gc,age         ] GC(184) Desired survivor size 12058624 bytes, new threshold 15 (max threshold 15)
[4029.271s][info ][gc,heap        ] GC(184) PSYoungGen: 2072096K(2084352K)->1184K(2083840K) Eden: 2071040K(2071040K)->0K(2071040K) From: 1056K(13312K)->1184K(12800K)
[4029.271s][info ][gc,heap        ] GC(184) ParOldGen: 470644K(529408K)->470660K(529408K)
[4029.271s][info ][gc,metaspace   ] GC(184) Metaspace: 78655K(79296K)->78655K(79296K) NonClass: 68009K(68352K)->68009K(68352K) Class: 10646K(10944K)->10646K(10944K)
[4029.271s][info ][gc             ] GC(184) Pause Young (Allocation Failure) 2483M->460M(2552M) 3.634ms
[4029.271s][info ][gc,cpu         ] GC(184) User=0.01s Sys=0.00s Real=0.01s
[4029.271s][info ][safepoint      ] Safepoint "ParallelGCFailedAllocation", Time since last: 17393189543 ns, Reaching safepoint: 101102 ns, At safepoint: 3718463 ns, Total: 3819565 ns
[4099.617s][info ][gc,start       ] GC(185) Pause Young (Allocation Failure)
[4099.620s][debug][gc,phases      ] GC(185) Scavenge 2.779ms
[4099.620s][debug][gc,ref         ] GC(185) Skipped phase 1 of Reference Processing: no references
[4099.620s][debug][gc,ref         ] GC(185) Skipped phase 2 of Reference Processing: no references
[4099.620s][debug][gc,ref         ] GC(185) Skipped phase 3 of Reference Processing: no references
[4099.620s][debug][gc,ref         ] GC(185) Skipped phase 4 of Reference Processing: no references
[4099.620s][debug][gc,phases      ] GC(185) Reference Processing 0.028ms
[4099.621s][debug][gc,phases      ] GC(185) Weak Processing 0.616ms
[4099.621s][debug][gc,age         ] GC(185) Desired survivor size 11534336 bytes, new threshold 15 (max threshold 15)
[4099.621s][info ][gc,heap        ] GC(185) PSYoungGen: 2072224K(2083840K)->1184K(2085888K) Eden: 2071040K(2071040K)->0K(2074112K) From: 1184K(12800K)->1184K(11776K)
[4099.621s][info ][gc,heap        ] GC(185) ParOldGen: 470660K(529408K)->470684K(529408K)
[4099.621s][info ][gc,metaspace   ] GC(185) Metaspace: 78655K(79296K)->78655K(79296K) NonClass: 68009K(68352K)->68009K(68352K) Class: 10646K(10944K)->10646K(10944K)
[4099.621s][info ][gc             ] GC(185) Pause Young (Allocation Failure) 2483M->460M(2554M) 3.589ms
[4099.621s][info ][gc,cpu         ] GC(185) User=0.01s Sys=0.00s Real=0.01s
[4099.621s][info ][safepoint      ] Safepoint "ParallelGCFailedAllocation", Time since last: 70346132246 ns, Reaching safepoint: 116602 ns, At safepoint: 3677963 ns, Total: 3794565 ns
[4134.624s][info ][safepoint      ] Safepoint "Cleanup", Time since last: 35002570001 ns, Reaching safepoint: 80101 ns, At safepoint: 9100 ns, Total: 89201 ns
[4142.624s][info ][safepoint      ] Safepoint "Cleanup", Time since last: 8000523707 ns, Reaching safepoint: 41701 ns, At safepoint: 2600 ns, Total: 44301 ns
[4161.625s][info ][safepoint      ] Safepoint "Cleanup", Time since last: 19001270264 ns, Reaching safepoint: 50401 ns, At safepoint: 2500 ns, Total: 52901 ns
[4165.626s][info ][safepoint      ] Safepoint "Cleanup", Time since last: 4000294693 ns, Reaching safepoint: 63901 ns, At safepoint: 3000 ns, Total: 66901 ns
[4165.670s][info ][gc,start       ] GC(186) Pause Young (Allocation Failure)
[4165.673s][debug][gc,phases      ] GC(186) Scavenge 2.993ms
[4165.673s][debug][gc,ref         ] GC(186) Skipped phase 1 of Reference Processing: no references
[4165.673s][debug][gc,ref         ] GC(186) Skipped phase 3 of Reference Processing: no references
[4165.673s][debug][gc,phases      ] GC(186) Reference Processing 0.026ms
[4165.674s][debug][gc,phases      ] GC(186) Weak Processing 0.629ms
[4165.674s][debug][gc,age         ] GC(186) Desired survivor size 11010048 bytes, new threshold 15 (max threshold 15)
[4165.674s][info ][gc,heap        ] GC(186) PSYoungGen: 2075296K(2085888K)->1120K(2085376K) Eden: 2074112K(2074112K)->0K(2074112K) From: 1184K(11776K)->1120K(11264K)
[4165.674s][info ][gc,heap        ] GC(186) ParOldGen: 470684K(529408K)->470716K(529408K)
[4165.674s][info ][gc,metaspace   ] GC(186) Metaspace: 78656K(79296K)->78656K(79296K) NonClass: 68010K(68352K)->68010K(68352K) Class: 10646K(10944K)->10646K(10944K)
[4165.674s][info ][gc             ] GC(186) Pause Young (Allocation Failure) 2486M->460M(2553M) 3.799ms
[4165.674s][info ][gc,cpu         ] GC(186) User=0.01s Sys=0.00s Real=0.00s
[4165.674s][info ][safepoint      ] Safepoint "ParallelGCFailedAllocation", Time since last: 44209548 ns, Reaching safepoint: 92902 ns, At safepoint: 3906566 ns, Total: 3999468 ns
[4170.674s][info ][safepoint      ] Safepoint "Cleanup", Time since last: 5000373313 ns, Reaching safepoint: 53001 ns, At safepoint: 5600 ns, Total: 58601 ns
[4212.677s][info ][safepoint      ] Safepoint "Cleanup", Time since last: 42002829046 ns, Reaching safepoint: 64601 ns, At safepoint: 6301 ns, Total: 70902 ns
[4220.412s][info ][gc,start       ] GC(187) Pause Young (Allocation Failure)
[4220.415s][debug][gc,phases      ] GC(187) Scavenge 3.171ms
[4220.415s][debug][gc,ref         ] GC(187) Skipped phase 1 of Reference Processing: no references
[4220.415s][debug][gc,ref         ] GC(187) Skipped phase 3 of Reference Processing: no references
[4220.415s][debug][gc,phases      ] GC(187) Reference Processing 0.022ms
[4220.416s][debug][gc,phases      ] GC(187) Weak Processing 0.529ms
[4220.416s][debug][gc,age         ] GC(187) Desired survivor size 9961472 bytes, new threshold 15 (max threshold 15)
[4220.416s][info ][gc,heap        ] GC(187) PSYoungGen: 2075232K(2085376K)->1184K(2087424K) Eden: 2074112K(2074112K)->0K(2076672K) From: 1120K(11264K)->1184K(10752K)
[4220.416s][info ][gc,heap        ] GC(187) ParOldGen: 470716K(529408K)->470732K(529408K)
[4220.416s][info ][gc,metaspace   ] GC(187) Metaspace: 78661K(79296K)->78661K(79296K) NonClass: 68014K(68352K)->68014K(68352K) Class: 10646K(10944K)->10646K(10944K)
[4220.416s][info ][gc             ] GC(187) Pause Young (Allocation Failure) 2486M->460M(2555M) 3.856ms
[4220.416s][info ][gc,cpu         ] GC(187) User=0.01s Sys=0.00s Real=0.00s
[4220.416s][info ][safepoint      ] Safepoint "ParallelGCFailedAllocation", Time since last: 7734683343 ns, Reaching safepoint: 48401 ns, At safepoint: 3959267 ns, Total: 4007668 ns
[4261.419s][info ][safepoint      ] Safepoint "Cleanup", Time since last: 41002599623 ns, Reaching safepoint: 132602 ns, At safepoint: 9500 ns, Total: 142102 ns
[4278.667s][info ][gc,start       ] GC(188) Pause Young (Allocation Failure)
[4278.671s][debug][gc,phases      ] GC(188) Scavenge 3.413ms
[4278.671s][debug][gc,ref         ] GC(188) Skipped phase 1 of Reference Processing: no references
[4278.671s][debug][gc,ref         ] GC(188) Skipped phase 3 of Reference Processing: no references
[4278.671s][debug][gc,phases      ] GC(188) Reference Processing 0.019ms
[4278.671s][debug][gc,phases      ] GC(188) Weak Processing 0.573ms
[4278.671s][debug][gc,age         ] GC(188) Desired survivor size 9437184 bytes, new threshold 15 (max threshold 15)
[4278.671s][info ][gc,heap        ] GC(188) PSYoungGen: 2077856K(2087424K)->1376K(2086400K) Eden: 2076672K(2076672K)->0K(2076672K) From: 1184K(10752K)->1376K(9728K)
[4278.671s][info ][gc,heap        ] GC(188) ParOldGen: 470732K(529408K)->470764K(529408K)
[4278.671s][info ][gc,metaspace   ] GC(188) Metaspace: 78661K(79296K)->78661K(79296K) NonClass: 68014K(68352K)->68014K(68352K) Class: 10646K(10944K)->10646K(10944K)
[4278.671s][info ][gc             ] GC(188) Pause Young (Allocation Failure) 2488M->461M(2554M) 4.149ms
[4278.671s][info ][gc,cpu         ] GC(188) User=0.01s Sys=0.00s Real=0.01s
[4278.671s][info ][safepoint      ] Safepoint "ParallelGCFailedAllocation", Time since last: 17248374795 ns, Reaching safepoint: 27000 ns, At safepoint: 4230572 ns, Total: 4257572 ns
[4299.673s][info ][safepoint      ] Safepoint "Cleanup", Time since last: 21001412028 ns, Reaching safepoint: 91102 ns, At safepoint: 12300 ns, Total: 103402 ns
[4355.167s][info ][gc,start       ] GC(189) Pause Young (Allocation Failure)
[4355.171s][debug][gc,phases      ] GC(189) Scavenge 3.371ms
[4355.171s][debug][gc,ref         ] GC(189) Skipped phase 1 of Reference Processing: no references
[4355.171s][debug][gc,ref         ] GC(189) Skipped phase 3 of Reference Processing: no references
[4355.171s][debug][gc,ref         ] GC(189) Skipped phase 4 of Reference Processing: no references
[4355.171s][debug][gc,phases      ] GC(189) Reference Processing 0.030ms
[4355.171s][debug][gc,phases      ] GC(189) Weak Processing 0.548ms
[4355.171s][debug][gc,age         ] GC(189) Desired survivor size 8912896 bytes, new threshold 15 (max threshold 15)
[4355.171s][info ][gc,heap        ] GC(189) PSYoungGen: 2078048K(2086400K)->1216K(2088448K) Eden: 2076672K(2076672K)->0K(2079232K) From: 1376K(9728K)->1216K(9216K)
[4355.171s][info ][gc,heap        ] GC(189) ParOldGen: 470764K(529408K)->470812K(529408K)
[4355.171s][info ][gc,metaspace   ] GC(189) Metaspace: 78661K(79296K)->78661K(79296K) NonClass: 68015K(68352K)->68015K(68352K) Class: 10646K(10944K)->10646K(10944K)
[4355.171s][info ][gc             ] GC(189) Pause Young (Allocation Failure) 2489M->460M(2556M) 4.078ms
[4355.171s][info ][gc,cpu         ] GC(189) User=0.02s Sys=0.00s Real=0.01s
[4355.171s][info ][safepoint      ] Safepoint "ParallelGCFailedAllocation", Time since last: 55494209319 ns, Reaching safepoint: 109201 ns, At safepoint: 4148771 ns, Total: 4257972 ns
[4443.177s][info ][safepoint      ] Safepoint "Cleanup", Time since last: 88005693208 ns, Reaching safepoint: 84102 ns, At safepoint: 3900 ns, Total: 88002 ns
[4456.467s][info ][gc,start       ] GC(190) Pause Young (Allocation Failure)
[4456.470s][debug][gc,phases      ] GC(190) Scavenge 2.937ms
[4456.470s][debug][gc,ref         ] GC(190) Skipped phase 1 of Reference Processing: no references
[4456.470s][debug][gc,ref         ] GC(190) Skipped phase 3 of Reference Processing: no references
[4456.470s][debug][gc,phases      ] GC(190) Reference Processing 0.022ms
[4456.471s][debug][gc,phases      ] GC(190) Weak Processing 0.521ms
[4456.471s][debug][gc,age         ] GC(190) Desired survivor size 8388608 bytes, new threshold 15 (max threshold 15)
[4456.471s][info ][gc,heap        ] GC(190) PSYoungGen: 2080448K(2088448K)->1312K(2087936K) Eden: 2079232K(2079232K)->0K(2079232K) From: 1216K(9216K)->1312K(8704K)
[4456.471s][info ][gc,heap        ] GC(190) ParOldGen: 470812K(529408K)->470844K(529408K)
[4456.471s][info ][gc,metaspace   ] GC(190) Metaspace: 78662K(79296K)->78662K(79296K) NonClass: 68015K(68352K)->68015K(68352K) Class: 10646K(10944K)->10646K(10944K)
[4456.471s][info ][gc             ] GC(190) Pause Young (Allocation Failure) 2491M->461M(2556M) 3.618ms
[4456.471s][info ][gc,cpu         ] GC(190) User=0.01s Sys=0.00s Real=0.01s
[4456.471s][info ][safepoint      ] Safepoint "ParallelGCFailedAllocation", Time since last: 13289842070 ns, Reaching safepoint: 105602 ns, At safepoint: 3712863 ns, Total: 3818465 ns
[4464.471s][info ][safepoint      ] Safepoint "Cleanup", Time since last: 8000560087 ns, Reaching safepoint: 52301 ns, At safepoint: 2800 ns, Total: 55101 ns
[4481.473s][info ][safepoint      ] Safepoint "Cleanup", Time since last: 17001209660 ns, Reaching safepoint: 77202 ns, At safepoint: 11000 ns, Total: 88202 ns
[4542.477s][info ][safepoint      ] Safepoint "Cleanup", Time since last: 61004222019 ns, Reaching safepoint: 44401 ns, At safepoint: 7000 ns, Total: 51401 ns
[4551.480s][info ][safepoint      ] Safepoint "Cleanup", Time since last: 9000670043 ns, Reaching safepoint: 2174436 ns, At safepoint: 10900 ns, Total: 2185336 ns
[4554.095s][info ][gc,start       ] GC(191) Pause Young (Allocation Failure)
[4554.098s][debug][gc,phases      ] GC(191) Scavenge 3.835ms
[4554.099s][debug][gc,ref         ] GC(191) Skipped phase 1 of Reference Processing: no references
[4554.099s][debug][gc,ref         ] GC(191) Skipped phase 3 of Reference Processing: no references
[4554.099s][debug][gc,phases      ] GC(191) Reference Processing 0.028ms
[4554.099s][debug][gc,phases      ] GC(191) Weak Processing 0.632ms
[4554.099s][debug][gc,age         ] GC(191) Desired survivor size 7864320 bytes, new threshold 15 (max threshold 15)
[4554.099s][info ][gc,heap        ] GC(191) PSYoungGen: 2080544K(2087936K)->1632K(2089472K) Eden: 2079232K(2079232K)->0K(2081280K) From: 1312K(8704K)->1632K(8192K)
[4554.099s][info ][gc,heap        ] GC(191) ParOldGen: 470844K(529408K)->470876K(529408K)
[4554.099s][info ][gc,metaspace   ] GC(191) Metaspace: 78664K(79296K)->78664K(79296K) NonClass: 68017K(68352K)->68017K(68352K) Class: 10646K(10944K)->10646K(10944K)
[4554.099s][info ][gc             ] GC(191) Pause Young (Allocation Failure) 2491M->461M(2557M) 4.620ms
[4554.099s][info ][gc,cpu         ] GC(191) User=0.02s Sys=0.00s Real=0.00s
[4554.099s][info ][safepoint      ] Safepoint "ParallelGCFailedAllocation", Time since last: 2614621167 ns, Reaching safepoint: 45101 ns, At safepoint: 4704379 ns, Total: 4749480 ns
[4581.101s][info ][safepoint      ] Safepoint "Cleanup", Time since last: 27001742469 ns, Reaching safepoint: 63101 ns, At safepoint: 8700 ns, Total: 71801 ns
[4583.101s][info ][safepoint      ] Safepoint "Cleanup", Time since last: 2000159671 ns, Reaching safepoint: 49801 ns, At safepoint: 9800 ns, Total: 59601 ns
[4590.102s][info ][safepoint      ] Safepoint "Cleanup", Time since last: 7000538304 ns, Reaching safepoint: 75001 ns, At safepoint: 10600 ns, Total: 85601 ns
[4819.118s][info ][safepoint      ] Safepoint "Cleanup", Time since last: 229015654457 ns, Reaching safepoint: 62701 ns, At safepoint: 7400 ns, Total: 70101 ns
[4846.120s][info ][safepoint      ] Safepoint "Cleanup", Time since last: 27001918214 ns, Reaching safepoint: 84402 ns, At safepoint: 7900 ns, Total: 92302 ns
[4937.732s][info ][gc,heap,exit   ] Heap
[4937.732s][info ][gc,heap,exit   ]  PSYoungGen      total 2089472K, used 1498446K [0x0000000780000000, 0x0000000800000000, 0x0000000800000000)
[4937.732s][info ][gc,heap,exit   ]   eden space 2081280K, 71% used [0x0000000780000000,0x00000007db5bb9e8,0x00000007ff080000)
[4937.732s][info ][gc,heap,exit   ]   from space 8192K, 19% used [0x00000007ff800000,0x00000007ff998068,0x0000000800000000)
[4937.732s][info ][gc,heap,exit   ]   to   space 7680K, 0% used [0x00000007ff080000,0x00000007ff080000,0x00000007ff800000)
[4937.732s][info ][gc,heap,exit   ]  ParOldGen       total 529408K, used 470876K [0x0000000740000000, 0x0000000760500000, 0x0000000780000000)
[4937.732s][info ][gc,heap,exit   ]   object space 529408K, 88% used [0x0000000740000000,0x000000075cbd7278,0x0000000760500000)
[4937.732s][info ][gc,heap,exit   ]  Metaspace       used 78700K, committed 79296K, reserved 1122304K
[4937.732s][info ][gc,heap,exit   ]   class space    used 10650K, committed 10944K, reserved 1048576K
